Microchip MPLAB XC8 Compiler V2.05 ()

Linker command line:

-W-3 --edf=C:\Program Files (x86)\Microchip\xc8\v2.05\pic\dat\en_msgs.txt \
  -cs -h+dist/default/production\buttons.X.production.sym \
  --cmf=dist/default/production\buttons.X.production.cmf -z -Q16F18345 \
  -oC:\Users\ALEXAN~1\AppData\Local\Temp\serc.2 --defsym=__MPLAB_BUILD=1 \
  -Mdist/default/production/buttons.X.production.map -E1 -ver=XC8 \
  --acfsm=1493 -ASTACK=02090h-023EFh -pstack=STACK -ACODE=00h-07FFhx4 \
  -ASTRCODE=00h-01FFFh -ASTRING=00h-0FFhx32 -ACONST=00h-0FFhx32 \
  -AENTRY=00h-0FFhx32 -ACOMMON=070h-07Fh -ABANK0=020h-06Fh \
  -ABANK1=0A0h-0EFh -ABANK2=0120h-016Fh -ABANK3=01A0h-01EFh \
  -ABANK4=0220h-026Fh -ABANK5=02A0h-02EFh -ABANK6=0320h-036Fh \
  -ABANK7=03A0h-03EFh -ABANK8=0420h-046Fh -ABANK9=04A0h-04EFh \
  -ABANK10=0520h-056Fh -ABANK11=05A0h-05EFh -ABANK12=0620h-064Fh \
  -ABIGRAM=02000h-023EFh \
  -ARAM=020h-06Fh,0A0h-0EFh,0120h-016Fh,01A0h-01EFh,0220h-026Fh,02A0h-02EFh,0320h-036Fh,03A0h-03EFh,0420h-046Fh,04A0h-04EFh,0520h-056Fh,05A0h-05EFh,0620h-064Fh \
  -AABS1=020h-07Fh,0A0h-0EFh,0120h-016Fh,01A0h-01EFh,0220h-026Fh,02A0h-02EFh,0320h-036Fh,03A0h-03EFh,0420h-046Fh,04A0h-04EFh,0520h-056Fh,05A0h-05EFh,0620h-064Fh \
  -ASFR0=00h-01Fh -ASFR1=080h-09Fh -ASFR2=0100h-011Fh -ASFR3=0180h-019Fh \
  -ASFR4=0200h-021Fh -ASFR5=0280h-029Fh -ASFR6=0300h-031Fh \
  -ASFR7=0380h-039Fh -ASFR8=0400h-041Fh -ASFR9=0480h-049Fh \
  -ASFR10=0500h-051Fh -ASFR11=0580h-059Fh -ASFR12=0600h-061Fh \
  -ASFR13=0680h-06EFh -ASFR14=0700h-076Fh -ASFR15=0780h-07EFh \
  -ASFR16=0800h-086Fh -ASFR17=0880h-08EFh -ASFR18=0900h-096Fh \
  -ASFR19=0980h-09EFh -ASFR20=0A00h-0A6Fh -ASFR21=0A80h-0AEFh \
  -ASFR22=0B00h-0B6Fh -ASFR23=0B80h-0BEFh -ASFR24=0C00h-0C6Fh \
  -ASFR25=0C80h-0CEFh -ASFR26=0D00h-0D6Fh -ASFR27=0D80h-0DEFh \
  -ASFR28=0E00h-0E6Fh -ASFR29=0E80h-0EEFh -ASFR30=0F00h-0F6Fh \
  -ASFR31=0F80h-0FEFh -preset_vec=00h,intentry,init,end_init -ppowerup=CODE \
  -pcinit=CODE -pfunctab=ENTRY -ACONFIG=08007h-0800Ah -pconfig=CONFIG \
  -DCONFIG=2 -AIDLOC=08000h-08003h -pidloc=IDLOC -DIDLOC=2 \
  -AEEDATA=00h-0FFh/0F000h -peeprom_data=EEDATA -DEEDATA=2 -DCODE=2 \
  -DSTRCODE=2 -DSTRING=2 -DCONST=2 -DENTRY=2 -k \
  C:\Users\ALEXAN~1\AppData\Local\Temp\serc.o \
  dist/default/production\buttons.X.production.o 

Object code version is 3.11

Machine type is 16F18345



                Name                               Link     Load   Length Selector   Space Scale
C:\Users\ALEXAN~1\AppData\Local\Temp\serc.o
                end_init                              2        2        2        0       0
                reset_vec                             0        0        2        0       0
                config                             8007     8007        4    1000E       0
dist/default/production\buttons.X.production.o
                cinit                               7EF      7EF       11      FDE       0
                text24                              17C      17C       18      2F8       0
                text23                              11E      11E        C      23C       0
                text22                              12A      12A       12      254       0
                text21                              14E      14E       17      29C       0
                text20                              238      238       40      470       0
                text19                              4BB      4BB       F3      976       0
                text18                              3DF      3DF       DC      7BE       0
                text17                              165      165       17      2CA       0
                text16                               EC       EC        1      1D8       0
                text15                              278      278       45      4F0       0
                text14                              1B7      1B7       25      36E       0
                text13                              2BD      2BD       50      57A       0
                text12                              6A4      6A4      14B      D48       0
                text11                              30D      30D       D2      61A       0
                text10                              209      209       2F      412       0
                text9                               194      194       23      328       0
                text8                               5AE      5AE       F6      B5C       0
                text7                               106      106        8      20C       0
                text6                               10E      10E        8      21C       0
                text5                               1DC      1DC       2D      3B8       0
                text4                               116      116        8      22C       0
                text3                                F8       F8        7      1F0       0
                text2                                EE       EE        4      1DC       0
                text1                               13C      13C       12      278       0
                maintext                             FF       FF        7      1FE       0
                cstackBANK0                          20       20       4C       20       1
                cstackCOMMON                         70       70        E       70       1
                cstackBANK1                          C8       C8       17       A0       1
                clrtext                              F2       F2        6      1E4       0
                bssBANK1                             A0       A0       28       A0       1
                dataBANK0                            6F       6F        1       20       1
                bssBANK0                             6C       6C        3       20       1
                stringtext5                         834      834        3     1000       0
                stringtext4                         829      829        B     1000       0
                stringtext3                         81D      81D        C     1000       0
                stringtext2                         810      810        D     1000       0
                stringtext1                         800      800       10     1000       0
                nvBANK1                              DF       DF        1       A0       1
                idataBANK0                           ED       ED        1      1DA       0

TOTAL           Name                               Link     Load   Length     Space
        CLASS   STACK          

        CLASS   CODE           
                end_init                              2        2        2         0
                cinit                               7EF      7EF       11         0
                reset_vec                             0        0        2         0
                text24                              17C      17C       18         0
                text23                              11E      11E        C         0
                text22                              12A      12A       12         0
                text21                              14E      14E       17         0
                text20                              238      238       40         0
                text19                              4BB      4BB       F3         0
                text18                              3DF      3DF       DC         0
                text17                              165      165       17         0
                text16                               EC       EC        1         0
                text15                              278      278       45         0
                text14                              1B7      1B7       25         0
                text13                              2BD      2BD       50         0
                text12                              6A4      6A4      14B         0
                text11                              30D      30D       D2         0
                text10                              209      209       2F         0
                text9                               194      194       23         0
                text8                               5AE      5AE       F6         0
                text7                               106      106        8         0
                text6                               10E      10E        8         0
                text5                               1DC      1DC       2D         0
                text4                               116      116        8         0
                text3                                F8       F8        7         0
                text2                                EE       EE        4         0
                text1                               13C      13C       12         0
                maintext                             FF       FF        7         0
                clrtext                              F2       F2        6         0
                idataBANK0                           ED       ED        1         0

        CLASS   STRCODE        
                stringtext5                         834      834        3         0
                stringtext4                         829      829        B         0
                stringtext3                         81D      81D        C         0
                stringtext2                         810      810        D         0
                stringtext1                         800      800       10         0

        CLASS   STRING         

        CLASS   CONST          

        CLASS   ENTRY          

        CLASS   COMMON         
                cstackCOMMON                         70       70        E         1

        CLASS   BANK0          
                cstackBANK0                          20       20       4C         1
                dataBANK0                            6F       6F        1         1
                bssBANK0                             6C       6C        3         1

        CLASS   BANK1          
                cstackBANK1                          C8       C8       17         1
                bssBANK1                             A0       A0       28         1
                nvBANK1                              DF       DF        1         1

        CLASS   BANK2          

        CLASS   BANK3          

        CLASS   BANK4          

        CLASS   BANK5          

        CLASS   BANK6          

        CLASS   BANK7          

        CLASS   BANK8          

        CLASS   BANK9          

        CLASS   BANK10         

        CLASS   BANK11         

        CLASS   BANK12         

        CLASS   BIGRAM         

        CLASS   RAM            

        CLASS   ABS1           
                abs_s1                               7E       7E        2         1

        CLASS   SFR0           

        CLASS   SFR1           

        CLASS   SFR2           

        CLASS   SFR3           

        CLASS   SFR4           

        CLASS   SFR5           

        CLASS   SFR6           

        CLASS   SFR7           

        CLASS   SFR8           

        CLASS   SFR9           

        CLASS   SFR10          

        CLASS   SFR11          

        CLASS   SFR12          

        CLASS   SFR13          

        CLASS   SFR14          

        CLASS   SFR15          

        CLASS   SFR16          

        CLASS   SFR17          

        CLASS   SFR18          

        CLASS   SFR19          

        CLASS   SFR20          

        CLASS   SFR21          

        CLASS   SFR22          

        CLASS   SFR23          

        CLASS   SFR24          

        CLASS   SFR25          

        CLASS   SFR26          

        CLASS   SFR27          

        CLASS   SFR28          

        CLASS   SFR29          

        CLASS   SFR30          

        CLASS   SFR31          

        CLASS   CONFIG         
                config                             8007     8007        4         0

        CLASS   IDLOC          

        CLASS   EEDATA         

        CLASS   BANK31         

        CLASS   BANK30         

        CLASS   BANK29         

        CLASS   BANK28         

        CLASS   BANK27         

        CLASS   BANK26         

        CLASS   BANK25         

        CLASS   BANK24         

        CLASS   BANK23         

        CLASS   BANK22         

        CLASS   BANK21         

        CLASS   BANK20         

        CLASS   BANK19         

        CLASS   BANK18         

        CLASS   BANK17         

        CLASS   BANK16         

        CLASS   BANK15         

        CLASS   BANK14         

        CLASS   BANK13         



SEGMENTS        Name                           Load    Length   Top    Selector   Space  Class     Delta

                reset_vec                      000000  000004  000004         0       0  CODE        2
                cstackBANK0                    000020  000050  000070        20       1  BANK0       1
                cstackCOMMON                   000070  00000E  00007E        70       1  COMMON      1
                bssBANK1                       0000A0  000040  0000E0        A0       1  BANK1       1
                text16                         0000EC  000001  0000ED       1D8       0  CODE        2
                idataBANK0                     0000ED  000001  0000EE       1DA       0  CODE        2
                text2                          0000EE  000004  0000F2       1DC       0  CODE        2
                clrtext                        0000F2  000006  0000F8       1E4       0  CODE        2
                text3                          0000F8  000007  0000FF       1F0       0  CODE        2
                maintext                       0000FF  000007  000106       1FE       0  CODE        2
                text7                          000106  000008  00010E       20C       0  CODE        2
                text6                          00010E  000008  000116       21C       0  CODE        2
                text4                          000116  000008  00011E       22C       0  CODE        2
                text23                         00011E  00000C  00012A       23C       0  CODE        2
                text22                         00012A  000012  00013C       254       0  CODE        2
                text1                          00013C  000012  00014E       278       0  CODE        2
                text21                         00014E  000017  000165       29C       0  CODE        2
                text17                         000165  000017  00017C       2CA       0  CODE        2
                text24                         00017C  000018  000194       2F8       0  CODE        2
                text9                          000194  000023  0001B7       328       0  CODE        2
                text14                         0001B7  000025  0001DC       36E       0  CODE        2
                text5                          0001DC  00002D  000209       3B8       0  CODE        2
                text10                         000209  00002F  000238       412       0  CODE        2
                text20                         000238  000040  000278       470       0  CODE        2
                text15                         000278  000045  0002BD       4F0       0  CODE        2
                text13                         0002BD  000050  00030D       57A       0  CODE        2
                text11                         00030D  0000D2  0003DF       61A       0  CODE        2
                text18                         0003DF  0000DC  0004BB       7BE       0  CODE        2
                text19                         0004BB  0000F3  0005AE       976       0  CODE        2
                text8                          0005AE  0000F6  0006A4       B5C       0  CODE        2
                text12                         0006A4  00014B  0007EF       D48       0  CODE        2
                cinit                          0007EF  000011  000800       FDE       0  CODE        2
                stringtext1                    000800  000037  000837      1000       0  STRCODE     2
                config                         008007  000004  00800B     1000E       0  CONFIG      2


UNUSED ADDRESS RANGES

        Name                Unused          Largest block    Delta
        BANK1            000E0-000EF              10           1
        BANK10           00520-0056F              50           1
        BANK11           005A0-005EF              50           1
        BANK12           00620-0064F              30           1
        BANK2            00120-0016F              50           1
        BANK3            001A0-001EF              50           1
        BANK4            00220-0026F              50           1
        BANK5            002A0-002EF              50           1
        BANK6            00320-0036F              50           1
        BANK7            003A0-003EF              50           1
        BANK8            00420-0046F              50           1
        BANK9            004A0-004EF              50           1
        BIGRAM           02000-023EF             3F0           1
        CODE             00004-000EB              E8           2
                         00837-01FFF             800
        CONST            00004-000EB              E8           2
                         00837-01FFF             100
        EEDATA           0F000-0F0FF             100           2
        ENTRY            00004-000EB              E8           2
                         00837-01FFF             100
        IDLOC            08000-08003               4           2
        RAM              000E0-000EF              10           1
                         00120-0016F              50
                         001A0-001EF              50
                         00220-0026F              50
                         002A0-002EF              50
                         00320-0036F              50
                         003A0-003EF              50
                         00420-0046F              50
                         004A0-004EF              50
                         00520-0056F              50
                         005A0-005EF              50
                         00620-0064F              30
        SFR0             00000-0001F              20           1
        SFR1             00080-0009F              20           1
        SFR10            00500-0051F              20           1
        SFR11            00580-0059F              20           1
        SFR12            00600-0061F              20           1
        SFR13            00680-006EF              70           1
        SFR14            00700-0076F              70           1
        SFR15            00780-007EF              70           1
        SFR16            00800-0086F              70           1
        SFR17            00880-008EF              70           1
        SFR18            00900-0096F              70           1
        SFR19            00980-009EF              70           1
        SFR2             00100-0011F              20           1
        SFR20            00A00-00A6F              70           1
        SFR21            00A80-00AEF              70           1
        SFR22            00B00-00B6F              70           1
        SFR23            00B80-00BEF              70           1
        SFR24            00C00-00C6F              70           1
        SFR25            00C80-00CEF              70           1
        SFR26            00D00-00D6F              70           1
        SFR27            00D80-00DEF              70           1
        SFR28            00E00-00E6F              70           1
        SFR29            00E80-00EEF              70           1
        SFR3             00180-0019F              20           1
        SFR30            00F00-00F6F              70           1
        SFR31            00F80-00FEF              70           1
        SFR4             00200-0021F              20           1
        SFR5             00280-0029F              20           1
        SFR6             00300-0031F              20           1
        SFR7             00380-0039F              20           1
        SFR8             00400-0041F              20           1
        SFR9             00480-0049F              20           1
        STACK            02090-023EF             360           1
        STRCODE          00004-000EB              E8           2
                         00837-01FFF            17C9
        STRING           00004-000EB              E8           2
                         00837-01FFF             100

                                  Symbol Table

?_ADC_GetConversion              cstackCOMMON 00070
?___aodiv                        cstackBANK0  00020
?___aomod                        cstackBANK0  00020
?_abs                            cstackCOMMON 00073
?_dtoa                           cstackBANK0  00030
?_pad                            cstackBANK0  00024
?_sprintf                        cstackBANK0  00066
?_strlen                         cstackCOMMON 00070
?_vfpfcnvrt                      cstackBANK0  0004E
?_vfprintf                       cstackBANK0  0005E
ADC_GetConversion@channel        cstackCOMMON 00073
Display_Name@i                   cstackCOMMON 0007A
Display_Name@length              cstackCOMMON 00078
Display_Name@string1             cstackCOMMON 00075
Get_ADC@string1                  cstackBANK1  000D1
Get_ADC@val                      cstackBANK1  000DD
SPI1_Exchange8bit@data           cstackCOMMON 00070
SPI_Write@incoming               cstackCOMMON 00072
_ADACT                           (abs)        0009F
_ADCON0                          (abs)        0009D
_ADCON0bits                      (abs)        0009D
_ADCON1                          (abs)        0009E
_ADC_GetConversion               text24       0017C
_ADC_Initialize                  text7        00106
_ADRESH                          (abs)        0009C
_ADRESL                          (abs)        0009B
_ANSELA                          (abs)        0018C
_ANSELB                          (abs)        0018D
_ANSELC                          (abs)        0018E
_Display_Name                    text20       00238
_Get_ADC                         text8        005AE
_LATA                            (abs)        0010C
_LATAbits                        (abs)        0010C
_LATB                            (abs)        0010D
_LATC                            (abs)        0010E
_LATCbits                        (abs)        0010E
_ODCONA                          (abs)        0028C
_ODCONB                          (abs)        0028D
_ODCONC                          (abs)        0028E
_OSCCON1                         (abs)        00919
_OSCCON3                         (abs)        0091B
_OSCEN                           (abs)        0091D
_OSCFRQ                          (abs)        0091F
_OSCILLATOR_Initialize           text6        0010E
_OSCTUNE                         (abs)        0091E
_PIN_MANAGER_Initialize          text5        001DC
_PMD0                            (abs)        00911
_PMD1                            (abs)        00912
_PMD2                            (abs)        00913
_PMD3                            (abs)        00914
_PMD4                            (abs)        00915
_PMD5                            (abs)        00916
_PMD_Initialize                  text4        00116
_PORTCbits                       (abs)        0000E
_RB6PPS                          (abs)        00E9E
_RC2PPS                          (abs)        00EA2
_SLRCONA                         (abs)        0030C
_SLRCONB                         (abs)        0030D
_SLRCONC                         (abs)        0030E
_SPI1_Exchange8bit               text23       0011E
_SPI1_Initialize                 text3        000F8
_SPI_Write                       text22       0012A
_SSP1ADD                         (abs)        00212
_SSP1BUF                         (abs)        00211
_SSP1CLKPPS                      (abs)        00E20
_SSP1CON1                        (abs)        00215
_SSP1CON1bits                    (abs)        00215
_SSP1DATPPS                      (abs)        00E21
_SSP1STAT                        (abs)        00214
_SSP1STATbits                    (abs)        00214
_SYSTEM_Initialize               text1        0013C
_TRISA                           (abs)        0008C
_TRISB                           (abs)        0008D
_TRISC                           (abs)        0008E
_WDTCON                          (abs)        00097
_WDT_Initialize                  text2        000EE
_WPUA                            (abs)        0020C
_WPUB                            (abs)        0020D
_WPUC                            (abs)        0020E
__CFG_BOREN$ON                   (abs)        00000
__CFG_BORV$LOW                   (abs)        00000
__CFG_CLKOUTEN$OFF               (abs)        00000
__CFG_CP$OFF                     (abs)        00000
__CFG_CPD$OFF                    (abs)        00000
__CFG_CSWEN$ON                   (abs)        00000
__CFG_DEBUG$OFF                  (abs)        00000
__CFG_FCMEN$ON                   (abs)        00000
__CFG_FEXTOSC$OFF                (abs)        00000
__CFG_LPBOREN$OFF                (abs)        00000
__CFG_LVP$ON                     (abs)        00000
__CFG_MCLRE$ON                   (abs)        00000
__CFG_PPS1WAY$ON                 (abs)        00000
__CFG_PWRTE$OFF                  (abs)        00000
__CFG_RSTOSC$HFINT1              (abs)        00000
__CFG_STVREN$ON                  (abs)        00000
__CFG_WDTE$SWDTEN                (abs)        00000
__CFG_WRT$OFF                    (abs)        00000
__Habs1                          abs1         00000
__Hbank0                         bank0        00000
__Hbank1                         bank1        00000
__Hbank10                        bank10       00000
__Hbank11                        bank11       00000
__Hbank12                        bank12       00000
__Hbank13                        bank13       00000
__Hbank14                        bank14       00000
__Hbank15                        bank15       00000
__Hbank16                        bank16       00000
__Hbank17                        bank17       00000
__Hbank18                        bank18       00000
__Hbank19                        bank19       00000
__Hbank2                         bank2        00000
__Hbank20                        bank20       00000
__Hbank21                        bank21       00000
__Hbank22                        bank22       00000
__Hbank23                        bank23       00000
__Hbank24                        bank24       00000
__Hbank25                        bank25       00000
__Hbank26                        bank26       00000
__Hbank27                        bank27       00000
__Hbank28                        bank28       00000
__Hbank29                        bank29       00000
__Hbank3                         bank3        00000
__Hbank30                        bank30       00000
__Hbank31                        bank31       00000
__Hbank4                         bank4        00000
__Hbank5                         bank5        00000
__Hbank6                         bank6        00000
__Hbank7                         bank7        00000
__Hbank8                         bank8        00000
__Hbank9                         bank9        00000
__Hbigram                        bigram       00000
__HbssBANK0                      bssBANK0     00000
__HbssBANK1                      bssBANK1     00000
__Hcinit                         cinit        00800
__Hclrtext                       clrtext      00000
__Hcode                          code         00000
__Hcommon                        common       00000
__Hconfig                        config       0800B
__HcstackBANK0                   cstackBANK0  00000
__HcstackBANK1                   cstackBANK1  00000
__HcstackCOMMON                  cstackCOMMON 00000
__HdataBANK0                     dataBANK0    00000
__Heeprom_data                   eeprom_data  00000
__Hend_init                      end_init     00004
__Hfunctab                       functab      00000
__HidataBANK0                    idataBANK0   00000
__Hidloc                         idloc        00000
__Hinit                          init         00002
__Hintentry                      intentry     00002
__Hmaintext                      maintext     00000
__HnvBANK1                       nvBANK1      00000
__Hpowerup                       powerup      00000
__Hram                           ram          00000
__Hreset_vec                     reset_vec    00002
__Hsfr0                          sfr0         00000
__Hsfr1                          sfr1         00000
__Hsfr10                         sfr10        00000
__Hsfr11                         sfr11        00000
__Hsfr12                         sfr12        00000
__Hsfr13                         sfr13        00000
__Hsfr14                         sfr14        00000
__Hsfr15                         sfr15        00000
__Hsfr16                         sfr16        00000
__Hsfr17                         sfr17        00000
__Hsfr18                         sfr18        00000
__Hsfr19                         sfr19        00000
__Hsfr2                          sfr2         00000
__Hsfr20                         sfr20        00000
__Hsfr21                         sfr21        00000
__Hsfr22                         sfr22        00000
__Hsfr23                         sfr23        00000
__Hsfr24                         sfr24        00000
__Hsfr25                         sfr25        00000
__Hsfr26                         sfr26        00000
__Hsfr27                         sfr27        00000
__Hsfr28                         sfr28        00000
__Hsfr29                         sfr29        00000
__Hsfr3                          sfr3         00000
__Hsfr30                         sfr30        00000
__Hsfr31                         sfr31        00000
__Hsfr4                          sfr4         00000
__Hsfr5                          sfr5         00000
__Hsfr6                          sfr6         00000
__Hsfr7                          sfr7         00000
__Hsfr8                          sfr8         00000
__Hsfr9                          sfr9         00000
__Hspace_0                       (abs)        0800B
__Hspace_1                       (abs)        000E0
__Hspace_2                       (abs)        00000
__Hspace_3                       (abs)        00000
__Hstack                         stack        00000
__Hstrings                       strings      00000
__Hstringtext1                   stringtext1  00000
__Hstringtext2                   stringtext2  00000
__Hstringtext3                   stringtext3  00000
__Hstringtext4                   stringtext4  00000
__Hstringtext5                   stringtext5  00000
__Hstringtext6                   stringtext6  00000
__Htext                          text         00000
__Labs1                          abs1         00000
__Lbank0                         bank0        00000
__Lbank1                         bank1        00000
__Lbank10                        bank10       00000
__Lbank11                        bank11       00000
__Lbank12                        bank12       00000
__Lbank13                        bank13       00000
__Lbank14                        bank14       00000
__Lbank15                        bank15       00000
__Lbank16                        bank16       00000
__Lbank17                        bank17       00000
__Lbank18                        bank18       00000
__Lbank19                        bank19       00000
__Lbank2                         bank2        00000
__Lbank20                        bank20       00000
__Lbank21                        bank21       00000
__Lbank22                        bank22       00000
__Lbank23                        bank23       00000
__Lbank24                        bank24       00000
__Lbank25                        bank25       00000
__Lbank26                        bank26       00000
__Lbank27                        bank27       00000
__Lbank28                        bank28       00000
__Lbank29                        bank29       00000
__Lbank3                         bank3        00000
__Lbank30                        bank30       00000
__Lbank31                        bank31       00000
__Lbank4                         bank4        00000
__Lbank5                         bank5        00000
__Lbank6                         bank6        00000
__Lbank7                         bank7        00000
__Lbank8                         bank8        00000
__Lbank9                         bank9        00000
__Lbigram                        bigram       00000
__LbssBANK0                      bssBANK0     00000
__LbssBANK1                      bssBANK1     00000
__Lcinit                         cinit        007EF
__Lclrtext                       clrtext      00000
__Lcode                          code         00000
__Lcommon                        common       00000
__Lconfig                        config       08007
__LcstackBANK0                   cstackBANK0  00000
__LcstackBANK1                   cstackBANK1  00000
__LcstackCOMMON                  cstackCOMMON 00000
__LdataBANK0                     dataBANK0    00000
__Leeprom_data                   eeprom_data  00000
__Lend_init                      end_init     00002
__Lfunctab                       functab      00000
__LidataBANK0                    idataBANK0   00000
__Lidloc                         idloc        00000
__Linit                          init         00002
__Lintentry                      intentry     00002
__Lmaintext                      maintext     00000
__LnvBANK1                       nvBANK1      00000
__Lpowerup                       powerup      00000
__Lram                           ram          00000
__Lreset_vec                     reset_vec    00000
__Lsfr0                          sfr0         00000
__Lsfr1                          sfr1         00000
__Lsfr10                         sfr10        00000
__Lsfr11                         sfr11        00000
__Lsfr12                         sfr12        00000
__Lsfr13                         sfr13        00000
__Lsfr14                         sfr14        00000
__Lsfr15                         sfr15        00000
__Lsfr16                         sfr16        00000
__Lsfr17                         sfr17        00000
__Lsfr18                         sfr18        00000
__Lsfr19                         sfr19        00000
__Lsfr2                          sfr2         00000
__Lsfr20                         sfr20        00000
__Lsfr21                         sfr21        00000
__Lsfr22                         sfr22        00000
__Lsfr23                         sfr23        00000
__Lsfr24                         sfr24        00000
__Lsfr25                         sfr25        00000
__Lsfr26                         sfr26        00000
__Lsfr27                         sfr27        00000
__Lsfr28                         sfr28        00000
__Lsfr29                         sfr29        00000
__Lsfr3                          sfr3         00000
__Lsfr30                         sfr30        00000
__Lsfr31                         sfr31        00000
__Lsfr4                          sfr4         00000
__Lsfr5                          sfr5         00000
__Lsfr6                          sfr6         00000
__Lsfr7                          sfr7         00000
__Lsfr8                          sfr8         00000
__Lsfr9                          sfr9         00000
__Lspace_0                       (abs)        00000
__Lspace_1                       (abs)        00000
__Lspace_2                       (abs)        00000
__Lspace_3                       (abs)        00000
__Lstack                         stack        00000
__Lstrings                       strings      00000
__Lstringtext1                   stringtext1  00000
__Lstringtext2                   stringtext2  00000
__Lstringtext3                   stringtext3  00000
__Lstringtext4                   stringtext4  00000
__Lstringtext5                   stringtext5  00000
__Lstringtext6                   stringtext6  00000
__Ltext                          text         00000
__S0                             (abs)        0800B
__S1                             (abs)        000E0
__S2                             (abs)        00000
__S3                             (abs)        00000
___aodiv                         text19       004BB
___aodiv@counter                 cstackCOMMON 00071
___aodiv@dividend                cstackBANK0  00028
___aodiv@divisor                 cstackBANK0  00020
___aodiv@quotient                cstackCOMMON 00073
___aodiv@sign                    cstackCOMMON 00072
___aomod                         text18       003DF
___aomod@counter                 cstackCOMMON 00071
___aomod@dividend                cstackBANK0  00028
___aomod@divisor                 cstackBANK0  00020
___aomod@sign                    cstackCOMMON 00072
___int_sp                        stack        00000
___latbits                       (abs)        00002
___sp                            stack        00000
___stackhi                       (abs)        023EF
___stacklo                       (abs)        02090
__end_of_ADC_GetConversion       text24       00194
__end_of_ADC_Initialize          text7        0010E
__end_of_Display_Name            text20       00278
__end_of_Get_ADC                 text8        006A4
__end_of_OSCILLATOR_Initialize   text6        00116
__end_of_PIN_MANAGER_Initialize  text5        00209
__end_of_PMD_Initialize          text4        0011E
__end_of_SPI1_Exchange8bit       text23       0012A
__end_of_SPI1_Initialize         text3        000FF
__end_of_SPI_Write               text22       0013C
__end_of_SYSTEM_Initialize       text1        0014E
__end_of_WDT_Initialize          text2        000F2
__end_of___aodiv                 text19       005AE
__end_of___aomod                 text18       004BB
__end_of__initialization         cinit        007FD
__end_of_abs                     text17       0017C
__end_of_dtoa                    text12       007EF
__end_of_fputc                   text15       002BD
__end_of_fputs                   text14       001DC
__end_of_main                    maintext     00106
__end_of_pad                     text13       0030D
__end_of_putch                   text16       000ED
__end_of_sprintf                 text9        001B7
__end_of_strlen                  text21       00165
__end_of_vfpfcnvrt               text11       003DF
__end_of_vfprintf                text10       00238
__initialization                 cinit        007EF
__pbssBANK0                      bssBANK0     0006C
__pbssBANK1                      bssBANK1     000A0
__pcstackBANK0                   cstackBANK0  00020
__pcstackBANK1                   cstackBANK1  000C8
__pcstackCOMMON                  cstackCOMMON 00070
__pdataBANK0                     dataBANK0    0006F
__pidataBANK0                    idataBANK0   000ED
__pmaintext                      maintext     000FF
__pnvBANK1                       nvBANK1      000DF
__pstringtext1                   stringtext1  00800
__pstringtext2                   stringtext2  00810
__pstringtext3                   stringtext3  0081D
__pstringtext4                   stringtext4  00829
__pstringtext5                   stringtext5  00834
__pstringtext6                   stringtext6  00000
__ptext1                         text1        0013C
__ptext10                        text10       00209
__ptext11                        text11       0030D
__ptext12                        text12       006A4
__ptext13                        text13       002BD
__ptext14                        text14       001B7
__ptext15                        text15       00278
__ptext16                        text16       000EC
__ptext17                        text17       00165
__ptext18                        text18       003DF
__ptext19                        text19       004BB
__ptext2                         text2        000EE
__ptext20                        text20       00238
__ptext21                        text21       0014E
__ptext22                        text22       0012A
__ptext23                        text23       0011E
__ptext24                        text24       0017C
__ptext3                         text3        000F8
__ptext4                         text4        00116
__ptext5                         text5        001DC
__ptext6                         text6        0010E
__ptext7                         text7        00106
__ptext8                         text8        005AE
__ptext9                         text9        00194
__size_of_ADC_GetConversion      (abs)        00000
__size_of_ADC_Initialize         (abs)        00000
__size_of_Display_Name           (abs)        00000
__size_of_Get_ADC                (abs)        00000
__size_of_OSCILLATOR_Initialize  (abs)        00000
__size_of_PIN_MANAGER_Initialize (abs)        00000
__size_of_PMD_Initialize         (abs)        00000
__size_of_SPI1_Exchange8bit      (abs)        00000
__size_of_SPI1_Initialize        (abs)        00000
__size_of_SPI_Write              (abs)        00000
__size_of_SYSTEM_Initialize      (abs)        00000
__size_of_WDT_Initialize         (abs)        00000
__size_of___aodiv                (abs)        00000
__size_of___aomod                (abs)        00000
__size_of_abs                    (abs)        00000
__size_of_dtoa                   (abs)        00000
__size_of_fputc                  (abs)        00000
__size_of_fputs                  (abs)        00000
__size_of_main                   (abs)        00000
__size_of_pad                    (abs)        00000
__size_of_putch                  (abs)        00000
__size_of_sprintf                (abs)        00000
__size_of_strlen                 (abs)        00000
__size_of_vfpfcnvrt              (abs)        00000
__size_of_vfprintf               (abs)        00000
_abs                             text17       00165
_adcResult                       nvBANK1      000DF
_button                          bssBANK0     0006E
_dbuf                            bssBANK1     000A8
_dtoa                            text12       006A4
_dtoa$595                        cstackBANK0  0003B
_flags                           bssBANK0     0006C
_fputc                           text15       00278
_fputs                           text14       001B7
_main                            maintext     000FF
_name                            dataBANK0    0006F
_nout                            bssBANK1     000A0
_pad                             text13       002BD
_prec                            bssBANK1     000A4
_printed                         bssBANK1     000A6
_putch                           text16       000EC
_sprintf                         text9        00194
_strlen                          text21       0014E
_switch1                         bssBANK1     000A7
_vfpfcnvrt                       text11       0030D
_vfprintf                        text10       00209
_width                           bssBANK1     000A2
abs@a                            cstackCOMMON 00073
btemp                            (abs)        0007E
clear_ram0                       clrtext      000F2
dtoa@d                           cstackBANK0  00030
dtoa@fp                          cstackBANK0  0003D
dtoa@i                           cstackBANK0  0004C
dtoa@n                           cstackBANK0  00044
dtoa@p                           cstackBANK0  0003E
dtoa@s                           cstackBANK0  00042
dtoa@w                           cstackBANK0  00040
end_of_initialization            cinit        007FD
fputc@c                          cstackCOMMON 00070
fputc@fp                         cstackCOMMON 00072
fputs@c                          cstackBANK0  00020
fputs@fp                         cstackCOMMON 00078
fputs@i                          cstackBANK0  00021
fputs@s                          cstackBANK0  00023
intlevel0                        functab      00000
intlevel1                        functab      00000
intlevel2                        functab      00000
intlevel3                        functab      00000
intlevel4                        functab      00000
intlevel5                        functab      00000
pad@buf                          cstackBANK0  00024
pad@fp                           cstackBANK0  0002B
pad@i                            cstackBANK0  00027
pad@p                            cstackBANK0  00025
pad@w                            cstackBANK0  00029
reset_vec                        reset_vec    00000
sprintf@ap                       cstackBANK1  000CA
sprintf@f                        cstackBANK1  000CC
sprintf@fmt                      cstackBANK0  00066
sprintf@s                        cstackBANK1  000CB
start                            init         00002
start_initialization             cinit        007EF
strlen@a                         cstackCOMMON 00073
strlen@s                         cstackCOMMON 00070
vfpfcnvrt@ap                     cstackBANK0  0004F
vfpfcnvrt@fmt                    cstackBANK0  0004E
vfpfcnvrt@fp                     cstackBANK0  0005D
vfpfcnvrt@ll                     cstackBANK0  00055
vfprintf@ap                      cstackBANK0  00060
vfprintf@cfmt                    cstackBANK0  00064
vfprintf@fmt                     cstackBANK0  0005E
vfprintf@fp                      cstackBANK0  00063
wtemp0                           (abs)        0007E


FUNCTION INFORMATION:

 *************** function _main *****************
 Defined at:
		line 73 in file "main.c"
 Parameters:    Size  Location     Type
		None
 Auto vars:     Size  Location     Type
		None
 Return value:  Size  Location     Type
                  1    wreg      void 
 Registers used:
		wreg, fsr0l, fsr0h, fsr1l, fsr1h, status,2, status,0, pclath, cstack
 Tracked objects:
		On entry : 
		On exit  : 
		Unchanged: 
 Data sizes:     COMMON   BANK0   BANK1   BANK2   BANK3   BANK4   BANK5   BANK6   BANK7   BANK8   BANK9  BANK10  BANK11  BANK12
      Params:         0       0       0       0       0       0       0       0       0       0       0       0       0       0
      Locals:         0       0       0       0       0       0       0       0       0       0       0       0       0       0
      Temps:          0       0       0       0       0       0       0       0       0       0       0       0       0       0
      Totals:         0       0       0       0       0       0       0       0       0       0       0       0       0       0
Total ram usage:        0 bytes
 Hardware stack levels required when called:    9
 This function calls:
		_Get_ADC
		_SYSTEM_Initialize
 This function is called by:
		Startup code after reset
 This function uses a non-reentrant model


 *************** function _SYSTEM_Initialize *****************
 Defined at:
		line 50 in file "mcc_generated_files/mcc.c"
 Parameters:    Size  Location     Type
		None
 Auto vars:     Size  Location     Type
		None
 Return value:  Size  Location     Type
                  1    wreg      void 
 Registers used:
		wreg, status,2, status,0, pclath, cstack
 Tracked objects:
		On entry : 
		On exit  : 
		Unchanged: 
 Data sizes:     COMMON   BANK0   BANK1   BANK2   BANK3   BANK4   BANK5   BANK6   BANK7   BANK8   BANK9  BANK10  BANK11  BANK12
      Params:         0       0       0       0       0       0       0       0       0       0       0       0       0       0
      Locals:         0       0       0       0       0       0       0       0       0       0       0       0       0       0
      Temps:          0       0       0       0       0       0       0       0       0       0       0       0       0       0
      Totals:         0       0       0       0       0       0       0       0       0       0       0       0       0       0
Total ram usage:        0 bytes
 Hardware stack levels used:    1
 Hardware stack levels required when called:    1
 This function calls:
		_ADC_Initialize
		_OSCILLATOR_Initialize
		_PIN_MANAGER_Initialize
		_PMD_Initialize
		_SPI1_Initialize
		_WDT_Initialize
 This function is called by:
		_main
 This function uses a non-reentrant model


 *************** function _WDT_Initialize *****************
 Defined at:
		line 75 in file "mcc_generated_files/mcc.c"
 Parameters:    Size  Location     Type
		None
 Auto vars:     Size  Location     Type
		None
 Return value:  Size  Location     Type
                  1    wreg      void 
 Registers used:
		wreg
 Tracked objects:
		On entry : 
		On exit  : 
		Unchanged: 
 Data sizes:     COMMON   BANK0   BANK1   BANK2   BANK3   BANK4   BANK5   BANK6   BANK7   BANK8   BANK9  BANK10  BANK11  BANK12
      Params:         0       0       0       0       0       0       0       0       0       0       0       0       0       0
      Locals:         0       0       0       0       0       0       0       0       0       0       0       0       0       0
      Temps:          0       0       0       0       0       0       0       0       0       0       0       0       0       0
      Totals:         0       0       0       0       0       0       0       0       0       0       0       0       0       0
Total ram usage:        0 bytes
 Hardware stack levels used:    1
 This function calls:
		Nothing
 This function is called by:
		_SYSTEM_Initialize
 This function uses a non-reentrant model


 *************** function _SPI1_Initialize *****************
 Defined at:
		line 65 in file "mcc_generated_files/spi1.c"
 Parameters:    Size  Location     Type
		None
 Auto vars:     Size  Location     Type
		None
 Return value:  Size  Location     Type
                  1    wreg      void 
 Registers used:
		wreg, status,2
 Tracked objects:
		On entry : 
		On exit  : 
		Unchanged: 
 Data sizes:     COMMON   BANK0   BANK1   BANK2   BANK3   BANK4   BANK5   BANK6   BANK7   BANK8   BANK9  BANK10  BANK11  BANK12
      Params:         0       0       0       0       0       0       0       0       0       0       0       0       0       0
      Locals:         0       0       0       0       0       0       0       0       0       0       0       0       0       0
      Temps:          0       0       0       0       0       0       0       0       0       0       0       0       0       0
      Totals:         0       0       0       0       0       0       0       0       0       0       0       0       0       0
Total ram usage:        0 bytes
 Hardware stack levels used:    1
 This function calls:
		Nothing
 This function is called by:
		_SYSTEM_Initialize
 This function uses a non-reentrant model


 *************** function _PMD_Initialize *****************
 Defined at:
		line 81 in file "mcc_generated_files/mcc.c"
 Parameters:    Size  Location     Type
		None
 Auto vars:     Size  Location     Type
		None
 Return value:  Size  Location     Type
                  1    wreg      void 
 Registers used:
		status,2
 Tracked objects:
		On entry : 
		On exit  : 
		Unchanged: 
 Data sizes:     COMMON   BANK0   BANK1   BANK2   BANK3   BANK4   BANK5   BANK6   BANK7   BANK8   BANK9  BANK10  BANK11  BANK12
      Params:         0       0       0       0       0       0       0       0       0       0       0       0       0       0
      Locals:         0       0       0       0       0       0       0       0       0       0       0       0       0       0
      Temps:          0       0       0       0       0       0       0       0       0       0       0       0       0       0
      Totals:         0       0       0       0       0       0       0       0       0       0       0       0       0       0
Total ram usage:        0 bytes
 Hardware stack levels used:    1
 This function calls:
		Nothing
 This function is called by:
		_SYSTEM_Initialize
 This function uses a non-reentrant model


 *************** function _PIN_MANAGER_Initialize *****************
 Defined at:
		line 55 in file "mcc_generated_files/pin_manager.c"
 Parameters:    Size  Location     Type
		None
 Auto vars:     Size  Location     Type
		None
 Return value:  Size  Location     Type
                  1    wreg      void 
 Registers used:
		wreg, status,2
 Tracked objects:
		On entry : 
		On exit  : 
		Unchanged: 
 Data sizes:     COMMON   BANK0   BANK1   BANK2   BANK3   BANK4   BANK5   BANK6   BANK7   BANK8   BANK9  BANK10  BANK11  BANK12
      Params:         0       0       0       0       0       0       0       0       0       0       0       0       0       0
      Locals:         0       0       0       0       0       0       0       0       0       0       0       0       0       0
      Temps:          0       0       0       0       0       0       0       0       0       0       0       0       0       0
      Totals:         0       0       0       0       0       0       0       0       0       0       0       0       0       0
Total ram usage:        0 bytes
 Hardware stack levels used:    1
 This function calls:
		Nothing
 This function is called by:
		_SYSTEM_Initialize
 This function uses a non-reentrant model


 *************** function _OSCILLATOR_Initialize *****************
 Defined at:
		line 61 in file "mcc_generated_files/mcc.c"
 Parameters:    Size  Location     Type
		None
 Auto vars:     Size  Location     Type
		None
 Return value:  Size  Location     Type
                  1    wreg      void 
 Registers used:
		wreg, status,2
 Tracked objects:
		On entry : 
		On exit  : 
		Unchanged: 
 Data sizes:     COMMON   BANK0   BANK1   BANK2   BANK3   BANK4   BANK5   BANK6   BANK7   BANK8   BANK9  BANK10  BANK11  BANK12
      Params:         0       0       0       0       0       0       0       0       0       0       0       0       0       0
      Locals:         0       0       0       0       0       0       0       0       0       0       0       0       0       0
      Temps:          0       0       0       0       0       0       0       0       0       0       0       0       0       0
      Totals:         0       0       0       0       0       0       0       0       0       0       0       0       0       0
Total ram usage:        0 bytes
 Hardware stack levels used:    1
 This function calls:
		Nothing
 This function is called by:
		_SYSTEM_Initialize
 This function uses a non-reentrant model


 *************** function _ADC_Initialize *****************
 Defined at:
		line 65 in file "mcc_generated_files/adc.c"
 Parameters:    Size  Location     Type
		None
 Auto vars:     Size  Location     Type
		None
 Return value:  Size  Location     Type
                  1    wreg      void 
 Registers used:
		wreg, status,2
 Tracked objects:
		On entry : 
		On exit  : 
		Unchanged: 
 Data sizes:     COMMON   BANK0   BANK1   BANK2   BANK3   BANK4   BANK5   BANK6   BANK7   BANK8   BANK9  BANK10  BANK11  BANK12
      Params:         0       0       0       0       0       0       0       0       0       0       0       0       0       0
      Locals:         0       0       0       0       0       0       0       0       0       0       0       0       0       0
      Temps:          0       0       0       0       0       0       0       0       0       0       0       0       0       0
      Totals:         0       0       0       0       0       0       0       0       0       0       0       0       0       0
Total ram usage:        0 bytes
 Hardware stack levels used:    1
 This function calls:
		Nothing
 This function is called by:
		_SYSTEM_Initialize
 This function uses a non-reentrant model


 *************** function _Get_ADC *****************
 Defined at:
		line 162 in file "main.c"
 Parameters:    Size  Location     Type
		None
 Auto vars:     Size  Location     Type
  string1        12    9[BANK1 ] unsigned char [12]
  val             2   21[BANK1 ] int 
 Return value:  Size  Location     Type
                  1    wreg      void 
 Registers used:
		wreg, fsr0l, fsr0h, fsr1l, fsr1h, status,2, status,0, pclath, cstack
 Tracked objects:
		On entry : 
		On exit  : 
		Unchanged: 
 Data sizes:     COMMON   BANK0   BANK1   BANK2   BANK3   BANK4   BANK5   BANK6   BANK7   BANK8   BANK9  BANK10  BANK11  BANK12
      Params:         0       0       0       0       0       0       0       0       0       0       0       0       0       0
      Locals:         0       0      14       0       0       0       0       0       0       0       0       0       0       0
      Temps:          0       2       0       0       0       0       0       0       0       0       0       0       0       0
      Totals:         0       2      14       0       0       0       0       0       0       0       0       0       0       0
Total ram usage:       16 bytes
 Hardware stack levels used:    1
 Hardware stack levels required when called:    8
 This function calls:
		_ADC_GetConversion
		_Display_Name
		_sprintf
 This function is called by:
		_main
 This function uses a non-reentrant model


 *************** function _sprintf *****************
 Defined at:
		line 9 in file "C:\Program Files (x86)\Microchip\xc8\v2.05\pic\sources\c99\common\nf_sprintf.c"
 Parameters:    Size  Location     Type
  s               1    wreg     PTR unsigned char 
		 -> Get_ADC@string1(12), checkButton1@string1(12), 
  fmt             2   70[BANK0 ] PTR const unsigned char 
		 -> STR_6(3), STR_1(3), 
 Auto vars:     Size  Location     Type
  s               1    3[BANK1 ] PTR unsigned char 
		 -> Get_ADC@string1(12), checkButton1@string1(12), 
  f               5    4[BANK1 ] struct _IO_FILE
  ret             2    0        int 
  ap              1    2[BANK1 ] PTR void [1]
		 -> ?_sprintf(2), 
 Return value:  Size  Location     Type
                  2   70[BANK0 ] int 
 Registers used:
		wreg, fsr0l, fsr0h, fsr1l, fsr1h, status,2, status,0, pclath, cstack
 Tracked objects:
		On entry : 
		On exit  : 
		Unchanged: 
 Data sizes:     COMMON   BANK0   BANK1   BANK2   BANK3   BANK4   BANK5   BANK6   BANK7   BANK8   BANK9  BANK10  BANK11  BANK12
      Params:         0       4       0       0       0       0       0       0       0       0       0       0       0       0
      Locals:         0       0       9       0       0       0       0       0       0       0       0       0       0       0
      Temps:          1       0       0       0       0       0       0       0       0       0       0       0       0       0
      Totals:         1       4       9       0       0       0       0       0       0       0       0       0       0       0
Total ram usage:       14 bytes
 Hardware stack levels used:    1
 Hardware stack levels required when called:    7
 This function calls:
		_vfprintf
 This function is called by:
		_Get_ADC
		_checkButton1
 This function uses a non-reentrant model


 *************** function _vfprintf *****************
 Defined at:
		line 1368 in file "C:\Program Files (x86)\Microchip\xc8\v2.05\pic\sources\c99\common\doprnt.c"
 Parameters:    Size  Location     Type
  fp              1    wreg     PTR struct _IO_FILE
		 -> sprintf@f(5), 
  fmt             2   62[BANK0 ] PTR const unsigned char 
		 -> STR_6(3), STR_1(3), 
  ap              1   64[BANK0 ] PTR PTR void 
		 -> sprintf@ap(1), 
 Auto vars:     Size  Location     Type
  fp              1   67[BANK0 ] PTR struct _IO_FILE
		 -> sprintf@f(5), 
  cfmt            2   68[BANK0 ] PTR unsigned char 
		 -> STR_6(3), STR_1(3), 
 Return value:  Size  Location     Type
                  2   62[BANK0 ] int 
 Registers used:
		wreg, fsr0l, fsr0h, fsr1l, fsr1h, status,2, status,0, pclath, cstack
 Tracked objects:
		On entry : 
		On exit  : 
		Unchanged: 
 Data sizes:     COMMON   BANK0   BANK1   BANK2   BANK3   BANK4   BANK5   BANK6   BANK7   BANK8   BANK9  BANK10  BANK11  BANK12
      Params:         0       3       0       0       0       0       0       0       0       0       0       0       0       0
      Locals:         0       3       0       0       0       0       0       0       0       0       0       0       0       0
      Temps:          0       2       0       0       0       0       0       0       0       0       0       0       0       0
      Totals:         0       8       0       0       0       0       0       0       0       0       0       0       0       0
Total ram usage:        8 bytes
 Hardware stack levels used:    1
 Hardware stack levels required when called:    6
 This function calls:
		_vfpfcnvrt
 This function is called by:
		_sprintf
 This function uses a non-reentrant model


 *************** function _vfpfcnvrt *****************
 Defined at:
		line 670 in file "C:\Program Files (x86)\Microchip\xc8\v2.05\pic\sources\c99\common\doprnt.c"
 Parameters:    Size  Location     Type
  fp              1    wreg     PTR struct _IO_FILE
		 -> sprintf@f(5), 
  fmt             1   46[BANK0 ] PTR PTR unsigned char 
		 -> vfprintf@cfmt(2), 
  ap              1   47[BANK0 ] PTR PTR void 
		 -> sprintf@ap(1), 
 Auto vars:     Size  Location     Type
  fp              1   61[BANK0 ] PTR struct _IO_FILE
		 -> sprintf@f(5), 
  ll              8   53[BANK0 ] long long 
  llu             8    0        unsigned long long 
  f               4    0        unsigned long long 
  ct              3    0        unsigned char [3]
  vp              2    0        PTR void 
  i               2    0        int 
  done            2    0        int 
  cp              2    0        PTR unsigned char 
  c               1    0        unsigned char 
 Return value:  Size  Location     Type
                  2   46[BANK0 ] int 
 Registers used:
		wreg, fsr0l, fsr0h, fsr1l, fsr1h, status,2, status,0, pclath, cstack
 Tracked objects:
		On entry : 
		On exit  : 
		Unchanged: 
 Data sizes:     COMMON   BANK0   BANK1   BANK2   BANK3   BANK4   BANK5   BANK6   BANK7   BANK8   BANK9  BANK10  BANK11  BANK12
      Params:         0       2       0       0       0       0       0       0       0       0       0       0       0       0
      Locals:         0       9       0       0       0       0       0       0       0       0       0       0       0       0
      Temps:          0       5       0       0       0       0       0       0       0       0       0       0       0       0
      Totals:         0      16       0       0       0       0       0       0       0       0       0       0       0       0
Total ram usage:       16 bytes
 Hardware stack levels used:    1
 Hardware stack levels required when called:    5
 This function calls:
		_dtoa
		_fputc
 This function is called by:
		_vfprintf
 This function uses a non-reentrant model


 *************** function _dtoa *****************
 Defined at:
		line 274 in file "C:\Program Files (x86)\Microchip\xc8\v2.05\pic\sources\c99\common\doprnt.c"
 Parameters:    Size  Location     Type
  fp              1    wreg     PTR struct _IO_FILE
		 -> sprintf@f(5), 
  d               8   16[BANK0 ] long long 
 Auto vars:     Size  Location     Type
  fp              1   29[BANK0 ] PTR struct _IO_FILE
		 -> sprintf@f(5), 
  n               8   36[BANK0 ] long long 
  i               2   44[BANK0 ] int 
  s               2   34[BANK0 ] int 
  w               2   32[BANK0 ] int 
  p               2   30[BANK0 ] int 
 Return value:  Size  Location     Type
                  2   16[BANK0 ] int 
 Registers used:
		wreg, fsr0l, fsr0h, fsr1l, fsr1h, status,2, status,0, pclath, cstack
 Tracked objects:
		On entry : 
		On exit  : 
		Unchanged: 
 Data sizes:     COMMON   BANK0   BANK1   BANK2   BANK3   BANK4   BANK5   BANK6   BANK7   BANK8   BANK9  BANK10  BANK11  BANK12
      Params:         0       8       0       0       0       0       0       0       0       0       0       0       0       0
      Locals:         0      19       0       0       0       0       0       0       0       0       0       0       0       0
      Temps:          0       3       0       0       0       0       0       0       0       0       0       0       0       0
      Totals:         0      30       0       0       0       0       0       0       0       0       0       0       0       0
Total ram usage:       30 bytes
 Hardware stack levels used:    1
 Hardware stack levels required when called:    4
 This function calls:
		___aodiv
		___aomod
		_abs
		_pad
 This function is called by:
		_vfpfcnvrt
 This function uses a non-reentrant model


 *************** function _pad *****************
 Defined at:
		line 72 in file "C:\Program Files (x86)\Microchip\xc8\v2.05\pic\sources\c99\common\doprnt.c"
 Parameters:    Size  Location     Type
  fp              1    wreg     PTR struct _IO_FILE
		 -> sprintf@f(5), 
  buf             1    4[BANK0 ] PTR unsigned char 
		 -> dbuf(32), 
  p               2    5[BANK0 ] int 
 Auto vars:     Size  Location     Type
  fp              1   11[BANK0 ] PTR struct _IO_FILE
		 -> sprintf@f(5), 
  w               2    9[BANK0 ] int 
  i               2    7[BANK0 ] int 
 Return value:  Size  Location     Type
                  2    4[BANK0 ] int 
 Registers used:
		wreg, fsr0l, fsr0h, fsr1l, fsr1h, status,2, status,0, pclath, cstack
 Tracked objects:
		On entry : 
		On exit  : 
		Unchanged: 
 Data sizes:     COMMON   BANK0   BANK1   BANK2   BANK3   BANK4   BANK5   BANK6   BANK7   BANK8   BANK9  BANK10  BANK11  BANK12
      Params:         0       3       0       0       0       0       0       0       0       0       0       0       0       0
      Locals:         0       5       0       0       0       0       0       0       0       0       0       0       0       0
      Temps:          1       0       0       0       0       0       0       0       0       0       0       0       0       0
      Totals:         1       8       0       0       0       0       0       0       0       0       0       0       0       0
Total ram usage:        9 bytes
 Hardware stack levels used:    1
 Hardware stack levels required when called:    3
 This function calls:
		_fputc
		_fputs
		_strlen
 This function is called by:
		_dtoa
 This function uses a non-reentrant model


 *************** function _fputs *****************
 Defined at:
		line 8 in file "C:\Program Files (x86)\Microchip\xc8\v2.05\pic\sources\c99\common\nf_fputs.c"
 Parameters:    Size  Location     Type
  s               1    wreg     PTR const unsigned char 
		 -> dbuf(32), 
  fp              1    8[COMMON] PTR struct _IO_FILE
		 -> sprintf@f(5), 
 Auto vars:     Size  Location     Type
  s               1    3[BANK0 ] PTR const unsigned char 
		 -> dbuf(32), 
  i               2    1[BANK0 ] int 
  c               1    0[BANK0 ] unsigned char 
 Return value:  Size  Location     Type
                  2    8[COMMON] int 
 Registers used:
		wreg, fsr0l, fsr0h, fsr1l, fsr1h, status,2, status,0, pclath, cstack
 Tracked objects:
		On entry : 
		On exit  : 
		Unchanged: 
 Data sizes:     COMMON   BANK0   BANK1   BANK2   BANK3   BANK4   BANK5   BANK6   BANK7   BANK8   BANK9  BANK10  BANK11  BANK12
      Params:         1       0       0       0       0       0       0       0       0       0       0       0       0       0
      Locals:         0       4       0       0       0       0       0       0       0       0       0       0       0       0
      Temps:          3       0       0       0       0       0       0       0       0       0       0       0       0       0
      Totals:         4       4       0       0       0       0       0       0       0       0       0       0       0       0
Total ram usage:        8 bytes
 Hardware stack levels used:    1
 Hardware stack levels required when called:    2
 This function calls:
		_fputc
 This function is called by:
		_pad
 This function uses a non-reentrant model


 *************** function _fputc *****************
 Defined at:
		line 8 in file "C:\Program Files (x86)\Microchip\xc8\v2.05\pic\sources\c99\common\nf_fputc.c"
 Parameters:    Size  Location     Type
  c               2    0[COMMON] int 
  fp              1    2[COMMON] PTR struct _IO_FILE
		 -> sprintf@f(5), 
 Auto vars:     Size  Location     Type
		None
 Return value:  Size  Location     Type
                  2    0[COMMON] int 
 Registers used:
		wreg, fsr0l, fsr0h, fsr1l, fsr1h, status,2, status,0, pclath, cstack
 Tracked objects:
		On entry : 
		On exit  : 
		Unchanged: 
 Data sizes:     COMMON   BANK0   BANK1   BANK2   BANK3   BANK4   BANK5   BANK6   BANK7   BANK8   BANK9  BANK10  BANK11  BANK12
      Params:         3       0       0       0       0       0       0       0       0       0       0       0       0       0
      Locals:         0       0       0       0       0       0       0       0       0       0       0       0       0       0
      Temps:          5       0       0       0       0       0       0       0       0       0       0       0       0       0
      Totals:         8       0       0       0       0       0       0       0       0       0       0       0       0       0
Total ram usage:        8 bytes
 Hardware stack levels used:    1
 Hardware stack levels required when called:    1
 This function calls:
		_putch
 This function is called by:
		_pad
		_vfpfcnvrt
		_fputs
 This function uses a non-reentrant model


 *************** function _putch *****************
 Defined at:
		line 7 in file "C:\Program Files (x86)\Microchip\xc8\v2.05\pic\sources\c99\common\putch.c"
 Parameters:    Size  Location     Type
  c               1    wreg     unsigned char 
 Auto vars:     Size  Location     Type
  c               1    0[COMMON] unsigned char 
 Return value:  Size  Location     Type
                  1    wreg      void 
 Registers used:
		wreg
 Tracked objects:
		On entry : 
		On exit  : 
		Unchanged: 
 Data sizes:     COMMON   BANK0   BANK1   BANK2   BANK3   BANK4   BANK5   BANK6   BANK7   BANK8   BANK9  BANK10  BANK11  BANK12
      Params:         0       0       0       0       0       0       0       0       0       0       0       0       0       0
      Locals:         0       0       0       0       0       0       0       0       0       0       0       0       0       0
      Temps:          0       0       0       0       0       0       0       0       0       0       0       0       0       0
      Totals:         0       0       0       0       0       0       0       0       0       0       0       0       0       0
Total ram usage:        0 bytes
 Hardware stack levels used:    1
 This function calls:
		Nothing
 This function is called by:
		_fputc
 This function uses a non-reentrant model


 *************** function _abs *****************
 Defined at:
		line 1 in file "C:\Program Files (x86)\Microchip\xc8\v2.05\pic\sources\c99\common\abs.c"
 Parameters:    Size  Location     Type
  a               2    3[COMMON] int 
 Auto vars:     Size  Location     Type
		None
 Return value:  Size  Location     Type
                  2    3[COMMON] int 
 Registers used:
		wreg, status,2, status,0
 Tracked objects:
		On entry : 
		On exit  : 
		Unchanged: 
 Data sizes:     COMMON   BANK0   BANK1   BANK2   BANK3   BANK4   BANK5   BANK6   BANK7   BANK8   BANK9  BANK10  BANK11  BANK12
      Params:         2       0       0       0       0       0       0       0       0       0       0       0       0       0
      Locals:         0       0       0       0       0       0       0       0       0       0       0       0       0       0
      Temps:          2       0       0       0       0       0       0       0       0       0       0       0       0       0
      Totals:         4       0       0       0       0       0       0       0       0       0       0       0       0       0
Total ram usage:        4 bytes
 Hardware stack levels used:    1
 This function calls:
		Nothing
 This function is called by:
		_dtoa
 This function uses a non-reentrant model


 *************** function ___aomod *****************
 Defined at:
		line 7 in file "C:\Program Files (x86)\Microchip\xc8\v2.05\pic\sources\c99\common\aomod.c"
 Parameters:    Size  Location     Type
  divisor         8    0[BANK0 ] long long 
  dividend        8    8[BANK0 ] long long 
 Auto vars:     Size  Location     Type
  sign            1    2[COMMON] unsigned char 
  counter         1    1[COMMON] unsigned char 
 Return value:  Size  Location     Type
                  8    0[BANK0 ] long long 
 Registers used:
		wreg, fsr1l, fsr1h, status,2, status,0
 Tracked objects:
		On entry : 
		On exit  : 
		Unchanged: 
 Data sizes:     COMMON   BANK0   BANK1   BANK2   BANK3   BANK4   BANK5   BANK6   BANK7   BANK8   BANK9  BANK10  BANK11  BANK12
      Params:         0      16       0       0       0       0       0       0       0       0       0       0       0       0
      Locals:         2       0       0       0       0       0       0       0       0       0       0       0       0       0
      Temps:          1       0       0       0       0       0       0       0       0       0       0       0       0       0
      Totals:         3      16       0       0       0       0       0       0       0       0       0       0       0       0
Total ram usage:       19 bytes
 Hardware stack levels used:    1
 This function calls:
		Nothing
 This function is called by:
		_dtoa
 This function uses a non-reentrant model


 *************** function ___aodiv *****************
 Defined at:
		line 7 in file "C:\Program Files (x86)\Microchip\xc8\v2.05\pic\sources\c99\common\aodiv.c"
 Parameters:    Size  Location     Type
  divisor         8    0[BANK0 ] long long 
  dividend        8    8[BANK0 ] long long 
 Auto vars:     Size  Location     Type
  quotient        8    3[COMMON] long long 
  sign            1    2[COMMON] unsigned char 
  counter         1    1[COMMON] unsigned char 
 Return value:  Size  Location     Type
                  8    0[BANK0 ] long long 
 Registers used:
		wreg, fsr1l, fsr1h, status,2, status,0
 Tracked objects:
		On entry : 
		On exit  : 
		Unchanged: 
 Data sizes:     COMMON   BANK0   BANK1   BANK2   BANK3   BANK4   BANK5   BANK6   BANK7   BANK8   BANK9  BANK10  BANK11  BANK12
      Params:         0      16       0       0       0       0       0       0       0       0       0       0       0       0
      Locals:        10       0       0       0       0       0       0       0       0       0       0       0       0       0
      Temps:          1       0       0       0       0       0       0       0       0       0       0       0       0       0
      Totals:        11      16       0       0       0       0       0       0       0       0       0       0       0       0
Total ram usage:       27 bytes
 Hardware stack levels used:    1
 This function calls:
		Nothing
 This function is called by:
		_dtoa
 This function uses a non-reentrant model


 *************** function _Display_Name *****************
 Defined at:
		line 108 in file "main.c"
 Parameters:    Size  Location     Type
  string1         2    5[COMMON] PTR unsigned char 
		 -> Get_ADC@string1(12), STR_5(11), STR_4(16), STR_3(13), 
		 -> STR_2(12), checkButton1@string1(12), 
 Auto vars:     Size  Location     Type
  i               2   10[COMMON] int 
  length          2    8[COMMON] int 
 Return value:  Size  Location     Type
                  1    wreg      void 
 Registers used:
		wreg, fsr0l, fsr0h, status,2, status,0, pclath, cstack
 Tracked objects:
		On entry : 
		On exit  : 
		Unchanged: 
 Data sizes:     COMMON   BANK0   BANK1   BANK2   BANK3   BANK4   BANK5   BANK6   BANK7   BANK8   BANK9  BANK10  BANK11  BANK12
      Params:         2       0       0       0       0       0       0       0       0       0       0       0       0       0
      Locals:         4       0       0       0       0       0       0       0       0       0       0       0       0       0
      Temps:          1       0       0       0       0       0       0       0       0       0       0       0       0       0
      Totals:         7       0       0       0       0       0       0       0       0       0       0       0       0       0
Total ram usage:        7 bytes
 Hardware stack levels used:    1
 Hardware stack levels required when called:    2
 This function calls:
		_SPI_Write
		_strlen
 This function is called by:
		_Get_ADC
		_checkButton1
		_Send_Names
 This function uses a non-reentrant model


 *************** function _strlen *****************
 Defined at:
		line 12 in file "C:\Program Files (x86)\Microchip\xc8\v2.05\pic\sources\c99\common\strlen.c"
 Parameters:    Size  Location     Type
  s               2    0[COMMON] PTR const unsigned char 
		 -> dbuf(32), Get_ADC@string1(12), STR_5(11), STR_4(16), 
		 -> STR_3(13), STR_2(12), checkButton1@string1(12), 
 Auto vars:     Size  Location     Type
  a               2    3[COMMON] PTR const unsigned char 
		 -> dbuf(32), Get_ADC@string1(12), STR_5(11), STR_4(16), 
		 -> STR_3(13), STR_2(12), checkButton1@string1(12), 
 Return value:  Size  Location     Type
                  2    0[COMMON] unsigned int 
 Registers used:
		wreg, fsr0l, fsr0h, status,2, status,0
 Tracked objects:
		On entry : 
		On exit  : 
		Unchanged: 
 Data sizes:     COMMON   BANK0   BANK1   BANK2   BANK3   BANK4   BANK5   BANK6   BANK7   BANK8   BANK9  BANK10  BANK11  BANK12
      Params:         2       0       0       0       0       0       0       0       0       0       0       0       0       0
      Locals:         2       0       0       0       0       0       0       0       0       0       0       0       0       0
      Temps:          1       0       0       0       0       0       0       0       0       0       0       0       0       0
      Totals:         5       0       0       0       0       0       0       0       0       0       0       0       0       0
Total ram usage:        5 bytes
 Hardware stack levels used:    1
 This function calls:
		Nothing
 This function is called by:
		_Display_Name
		_pad
 This function uses a non-reentrant model


 *************** function _SPI_Write *****************
 Defined at:
		line 99 in file "main.c"
 Parameters:    Size  Location     Type
  incoming        1    wreg     unsigned char 
 Auto vars:     Size  Location     Type
  incoming        1    2[COMMON] unsigned char 
 Return value:  Size  Location     Type
                  1    wreg      void 
 Registers used:
		wreg, status,2, status,0, pclath, cstack
 Tracked objects:
		On entry : 
		On exit  : 
		Unchanged: 
 Data sizes:     COMMON   BANK0   BANK1   BANK2   BANK3   BANK4   BANK5   BANK6   BANK7   BANK8   BANK9  BANK10  BANK11  BANK12
      Params:         0       0       0       0       0       0       0       0       0       0       0       0       0       0
      Locals:         1       0       0       0       0       0       0       0       0       0       0       0       0       0
      Temps:          1       0       0       0       0       0       0       0       0       0       0       0       0       0
      Totals:         2       0       0       0       0       0       0       0       0       0       0       0       0       0
Total ram usage:        2 bytes
 Hardware stack levels used:    1
 Hardware stack levels required when called:    1
 This function calls:
		_SPI1_Exchange8bit
 This function is called by:
		_Display_Name
 This function uses a non-reentrant model


 *************** function _SPI1_Exchange8bit *****************
 Defined at:
		line 79 in file "mcc_generated_files/spi1.c"
 Parameters:    Size  Location     Type
  data            1    wreg     unsigned char 
 Auto vars:     Size  Location     Type
  data            1    0[COMMON] unsigned char 
 Return value:  Size  Location     Type
                  1    wreg      unsigned char 
 Registers used:
		wreg
 Tracked objects:
		On entry : 
		On exit  : 
		Unchanged: 
 Data sizes:     COMMON   BANK0   BANK1   BANK2   BANK3   BANK4   BANK5   BANK6   BANK7   BANK8   BANK9  BANK10  BANK11  BANK12
      Params:         0       0       0       0       0       0       0       0       0       0       0       0       0       0
      Locals:         1       0       0       0       0       0       0       0       0       0       0       0       0       0
      Temps:          0       0       0       0       0       0       0       0       0       0       0       0       0       0
      Totals:         1       0       0       0       0       0       0       0       0       0       0       0       0       0
Total ram usage:        1 bytes
 Hardware stack levels used:    1
 This function calls:
		Nothing
 This function is called by:
		_SPI_Write
		_SPI1_Exchange8bitBuffer
 This function uses a non-reentrant model


 *************** function _ADC_GetConversion *****************
 Defined at:
		line 113 in file "mcc_generated_files/adc.c"
 Parameters:    Size  Location     Type
  channel         1    wreg     enum E6648
 Auto vars:     Size  Location     Type
  channel         1    3[COMMON] enum E6648
 Return value:  Size  Location     Type
                  2    0[COMMON] unsigned short 
 Registers used:
		wreg, status,2, status,0
 Tracked objects:
		On entry : 
		On exit  : 
		Unchanged: 
 Data sizes:     COMMON   BANK0   BANK1   BANK2   BANK3   BANK4   BANK5   BANK6   BANK7   BANK8   BANK9  BANK10  BANK11  BANK12
      Params:         2       0       0       0       0       0       0       0       0       0       0       0       0       0
      Locals:         1       0       0       0       0       0       0       0       0       0       0       0       0       0
      Temps:          1       0       0       0       0       0       0       0       0       0       0       0       0       0
      Totals:         4       0       0       0       0       0       0       0       0       0       0       0       0       0
Total ram usage:        4 bytes
 Hardware stack levels used:    1
 This function calls:
		Nothing
 This function is called by:
		_Get_ADC
		_checkButton1
 This function uses a non-reentrant model



MODULE INFORMATION

Module		Function		Class		Link	Load	Size
C:\Program Files (x86)\Microchip\xc8\v2.05\pic\sources\c99\common\putch.c
		_putch         		CODE           	00EC	0000	2

C:\Program Files (x86)\Microchip\xc8\v2.05\pic\sources\c99\common\putch.c estimated size: 2

C:\Program Files (x86)\Microchip\xc8\v2.05\pic\sources\c99\common\nf_fputc.c
		_fputc         		CODE           	0278	0000	70

C:\Program Files (x86)\Microchip\xc8\v2.05\pic\sources\c99\common\nf_fputc.c estimated size: 70

mcc_generated_files/pin_manager.c
		_PIN_MANAGER_Initialize		CODE           	01DC	0000	46

mcc_generated_files/pin_manager.c estimated size: 46

C:\Program Files (x86)\Microchip\xc8\v2.05\pic\sources\c99\common\aodiv.c
		___aodiv       		CODE           	04BB	0000	244

C:\Program Files (x86)\Microchip\xc8\v2.05\pic\sources\c99\common\aodiv.c estimated size: 244

mcc_generated_files/spi1.c
		_SPI1_Initialize		CODE           	00F8	0000	8
		_SPI1_Exchange8bit		CODE           	011E	0000	13

mcc_generated_files/spi1.c estimated size: 21

C:\Program Files (x86)\Microchip\xc8\v2.05\pic\sources\c99\common\strlen.c
		_strlen        		CODE           	014E	0000	24

C:\Program Files (x86)\Microchip\xc8\v2.05\pic\sources\c99\common\strlen.c estimated size: 24

mcc_generated_files/adc.c
		_ADC_Initialize		CODE           	0106	0000	9
		_ADC_GetConversion		CODE           	017C	0000	25

mcc_generated_files/adc.c estimated size: 34

C:\Program Files (x86)\Microchip\xc8\v2.05\pic\sources\c99\common\doprnt.c
		_vfpfcnvrt     		CODE           	030D	0000	211
		_pad           		CODE           	02BD	0000	81
		_dtoa          		CODE           	06A4	0000	332
		_vfprintf      		CODE           	0209	0000	48

C:\Program Files (x86)\Microchip\xc8\v2.05\pic\sources\c99\common\doprnt.c estimated size: 672

shared
		__initialization		CODE           	07EF	0000	15

shared estimated size: 15

mcc_generated_files/mcc.c
		_WDT_Initialize		CODE           	00EE	0000	5
		_PMD_Initialize		CODE           	0116	0000	9
		_OSCILLATOR_Initialize		CODE           	010E	0000	9
		_SYSTEM_Initialize		CODE           	013C	0000	19

mcc_generated_files/mcc.c estimated size: 42

C:\Program Files (x86)\Microchip\xc8\v2.05\pic\sources\c99\common\nf_sprintf.c
		_sprintf       		CODE           	0194	0000	36

C:\Program Files (x86)\Microchip\xc8\v2.05\pic\sources\c99\common\nf_sprintf.c estimated size: 36

C:\Program Files (x86)\Microchip\xc8\v2.05\pic\sources\c99\common\abs.c
		_abs           		CODE           	0165	0000	24

C:\Program Files (x86)\Microchip\xc8\v2.05\pic\sources\c99\common\abs.c estimated size: 24

C:\Program Files (x86)\Microchip\xc8\v2.05\pic\sources\c99\common\nf_fputs.c
		_fputs         		CODE           	01B7	0000	38

C:\Program Files (x86)\Microchip\xc8\v2.05\pic\sources\c99\common\nf_fputs.c estimated size: 38

main.c
		_main          		CODE           	00FF	0000	8
		_SPI_Write     		CODE           	012A	0000	19
		_Get_ADC       		CODE           	05AE	0000	247
		_Display_Name  		CODE           	0238	0000	65

main.c estimated size: 339

C:\Program Files (x86)\Microchip\xc8\v2.05\pic\sources\c99\common\aomod.c
		___aomod       		CODE           	03DF	0000	221

C:\Program Files (x86)\Microchip\xc8\v2.05\pic\sources\c99\common\aomod.c estimated size: 221

