Microchip MPLAB XC8 Compiler V2.05 ()

Linker command line:

-W-3 --edf=C:\Program Files (x86)\Microchip\xc8\v2.05\pic\dat\en_msgs.txt \
  -cs -h+dist/default/production\SPI2.X.production.sym \
  --cmf=dist/default/production\SPI2.X.production.cmf -z -Q16F18345 \
  -oC:\Users\ALEXAN~1\AppData\Local\Temp\sfm4.2 --defsym=__MPLAB_BUILD=1 \
  -Mdist/default/production/SPI2.X.production.map -E1 -ver=XC8 --acfsm=1493 \
  -ASTACK=02013h-023EFh -pstack=STACK -ACODE=00h-07FFhx4 \
  -ASTRCODE=00h-01FFFh -ASTRING=00h-0FFhx32 -ACONST=00h-0FFhx32 \
  -AENTRY=00h-0FFhx32 -ACOMMON=070h-07Fh -ABANK0=020h-06Fh \
  -ABANK1=0A0h-0EFh -ABANK2=0120h-016Fh -ABANK3=01A0h-01EFh \
  -ABANK4=0220h-026Fh -ABANK5=02A0h-02EFh -ABANK6=0320h-036Fh \
  -ABANK7=03A0h-03EFh -ABANK8=0420h-046Fh -ABANK9=04A0h-04EFh \
  -ABANK10=0520h-056Fh -ABANK11=05A0h-05EFh -ABANK12=0620h-064Fh \
  -ABIGRAM=02000h-023EFh \
  -ARAM=020h-06Fh,0A0h-0EFh,0120h-016Fh,01A0h-01EFh,0220h-026Fh,02A0h-02EFh,0320h-036Fh,03A0h-03EFh,0420h-046Fh,04A0h-04EFh,0520h-056Fh,05A0h-05EFh,0620h-064Fh \
  -AABS1=020h-07Fh,0A0h-0EFh,0120h-016Fh,01A0h-01EFh,0220h-026Fh,02A0h-02EFh,0320h-036Fh,03A0h-03EFh,0420h-046Fh,04A0h-04EFh,0520h-056Fh,05A0h-05EFh,0620h-064Fh \
  -ASFR0=00h-01Fh -ASFR1=080h-09Fh -ASFR2=0100h-011Fh -ASFR3=0180h-019Fh \
  -ASFR4=0200h-021Fh -ASFR5=0280h-029Fh -ASFR6=0300h-031Fh \
  -ASFR7=0380h-039Fh -ASFR8=0400h-041Fh -ASFR9=0480h-049Fh \
  -ASFR10=0500h-051Fh -ASFR11=0580h-059Fh -ASFR12=0600h-061Fh \
  -ASFR13=0680h-06EFh -ASFR14=0700h-076Fh -ASFR15=0780h-07EFh \
  -ASFR16=0800h-086Fh -ASFR17=0880h-08EFh -ASFR18=0900h-096Fh \
  -ASFR19=0980h-09EFh -ASFR20=0A00h-0A6Fh -ASFR21=0A80h-0AEFh \
  -ASFR22=0B00h-0B6Fh -ASFR23=0B80h-0BEFh -ASFR24=0C00h-0C6Fh \
  -ASFR25=0C80h-0CEFh -ASFR26=0D00h-0D6Fh -ASFR27=0D80h-0DEFh \
  -ASFR28=0E00h-0E6Fh -ASFR29=0E80h-0EEFh -ASFR30=0F00h-0F6Fh \
  -ASFR31=0F80h-0FEFh -preset_vec=00h,intentry,init,end_init -ppowerup=CODE \
  -pcinit=CODE -pfunctab=ENTRY -ACONFIG=08007h-0800Ah -pconfig=CONFIG \
  -DCONFIG=2 -AIDLOC=08000h-08003h -pidloc=IDLOC -DIDLOC=2 \
  -AEEDATA=00h-0FFh/0F000h -peeprom_data=EEDATA -DEEDATA=2 -DCODE=2 \
  -DSTRCODE=2 -DSTRING=2 -DCONST=2 -DENTRY=2 -k \
  C:\Users\ALEXAN~1\AppData\Local\Temp\sfm4.o \
  dist/default/production\SPI2.X.production.o 

Object code version is 3.11

Machine type is 16F18345



                Name                               Link     Load   Length Selector   Space Scale
C:\Users\ALEXAN~1\AppData\Local\Temp\sfm4.o
                end_init                              2        2        2        0       0
                reset_vec                             0        0        2        0       0
                config                             8007     8007        4    1000E       0
dist/default/production\SPI2.X.production.o
                cinit                               7E6      7E6       1A      FCC       0
                text18                              6DC      6DC       18      DB8       0
                text17                              6CB      6CB       11      D96       0
                text16                              66D      66D        3      CDA       0
                text15                              673      673        4      CE6       0
                text14                              670      670        3      CE0       0
                text13                              70C      70C       2E      E18       0
                text12                              6BF      6BF        C      D7E       0
                text11                              796      796       50      F2C       0
                text10                              67B      67B        6      CF6       0
                text9                               73A      73A       2E      E74       0
                text8                               695      695        8      D2A       0
                text7                               69D      69D        8      D3A       0
                text6                               768      768       2E      ED0       0
                text5                               6A5      6A5        8      D4A       0
                text4                               6B5      6B5        A      D6A       0
                text3                               6AD      6AD        8      D5A       0
                text2                               677      677        4      CEE       0
                text1                               6F4      6F4       18      DE8       0
                maintext                            687      687        7      D0E       0
                cstackCOMMON                         70       70        E       70       1
                inittext                            681      681        6      D02       0
                dataBANK0                            2C       2C        7       20       1
                bssBANK0                             20       20        C       20       1
                stringtext2                         8FF      8FF       E8     1000       0
                stringtext1                         800      800       FF     1000       0
                idataBANK0                          68E      68E        7      D1C       0

TOTAL           Name                               Link     Load   Length     Space
        CLASS   STACK          

        CLASS   CODE           
                end_init                              2        2        2         0
                cinit                               7E6      7E6       1A         0
                reset_vec                             0        0        2         0
                text18                              6DC      6DC       18         0
                text17                              6CB      6CB       11         0
                text16                              66D      66D        3         0
                text15                              673      673        4         0
                text14                              670      670        3         0
                text13                              70C      70C       2E         0
                text12                              6BF      6BF        C         0
                text11                              796      796       50         0
                text10                              67B      67B        6         0
                text9                               73A      73A       2E         0
                text8                               695      695        8         0
                text7                               69D      69D        8         0
                text6                               768      768       2E         0
                text5                               6A5      6A5        8         0
                text4                               6B5      6B5        A         0
                text3                               6AD      6AD        8         0
                text2                               677      677        4         0
                text1                               6F4      6F4       18         0
                maintext                            687      687        7         0
                inittext                            681      681        6         0
                idataBANK0                          68E      68E        7         0

        CLASS   STRCODE        
                stringtext2                         8FF      8FF       E8         0
                stringtext1                         800      800       FF         0

        CLASS   STRING         

        CLASS   CONST          

        CLASS   ENTRY          

        CLASS   COMMON         
                cstackCOMMON                         70       70        E         1

        CLASS   BANK0          
                dataBANK0                            2C       2C        7         1
                bssBANK0                             20       20        C         1

        CLASS   BANK1          

        CLASS   BANK2          

        CLASS   BANK3          

        CLASS   BANK4          

        CLASS   BANK5          

        CLASS   BANK6          

        CLASS   BANK7          

        CLASS   BANK8          

        CLASS   BANK9          

        CLASS   BANK10         

        CLASS   BANK11         

        CLASS   BANK12         

        CLASS   BIGRAM         

        CLASS   RAM            

        CLASS   ABS1           
                abs_s1                               7E       7E        2         1

        CLASS   SFR0           

        CLASS   SFR1           

        CLASS   SFR2           

        CLASS   SFR3           

        CLASS   SFR4           

        CLASS   SFR5           

        CLASS   SFR6           

        CLASS   SFR7           

        CLASS   SFR8           

        CLASS   SFR9           

        CLASS   SFR10          

        CLASS   SFR11          

        CLASS   SFR12          

        CLASS   SFR13          

        CLASS   SFR14          

        CLASS   SFR15          

        CLASS   SFR16          

        CLASS   SFR17          

        CLASS   SFR18          

        CLASS   SFR19          

        CLASS   SFR20          

        CLASS   SFR21          

        CLASS   SFR22          

        CLASS   SFR23          

        CLASS   SFR24          

        CLASS   SFR25          

        CLASS   SFR26          

        CLASS   SFR27          

        CLASS   SFR28          

        CLASS   SFR29          

        CLASS   SFR30          

        CLASS   SFR31          

        CLASS   CONFIG         
                config                             8007     8007        4         0

        CLASS   IDLOC          

        CLASS   EEDATA         

        CLASS   BANK31         

        CLASS   BANK30         

        CLASS   BANK29         

        CLASS   BANK28         

        CLASS   BANK27         

        CLASS   BANK26         

        CLASS   BANK25         

        CLASS   BANK24         

        CLASS   BANK23         

        CLASS   BANK22         

        CLASS   BANK21         

        CLASS   BANK20         

        CLASS   BANK19         

        CLASS   BANK18         

        CLASS   BANK17         

        CLASS   BANK16         

        CLASS   BANK15         

        CLASS   BANK14         

        CLASS   BANK13         



SEGMENTS        Name                           Load    Length   Top    Selector   Space  Class     Delta

                reset_vec                      000000  000004  000004         0       0  CODE        2
                bssBANK0                       000020  000013  000033        20       1  BANK0       1
                cstackCOMMON                   000070  00000E  00007E        70       1  COMMON      1
                text16                         00066D  000003  000670       CDA       0  CODE        2
                text14                         000670  000003  000673       CE0       0  CODE        2
                text15                         000673  000004  000677       CE6       0  CODE        2
                text2                          000677  000004  00067B       CEE       0  CODE        2
                text10                         00067B  000006  000681       CF6       0  CODE        2
                inittext                       000681  000006  000687       D02       0  CODE        2
                maintext                       000687  000007  00068E       D0E       0  CODE        2
                idataBANK0                     00068E  000007  000695       D1C       0  CODE        2
                text8                          000695  000008  00069D       D2A       0  CODE        2
                text7                          00069D  000008  0006A5       D3A       0  CODE        2
                text5                          0006A5  000008  0006AD       D4A       0  CODE        2
                text3                          0006AD  000008  0006B5       D5A       0  CODE        2
                text4                          0006B5  00000A  0006BF       D6A       0  CODE        2
                text12                         0006BF  00000C  0006CB       D7E       0  CODE        2
                text17                         0006CB  000011  0006DC       D96       0  CODE        2
                text18                         0006DC  000018  0006F4       DB8       0  CODE        2
                text1                          0006F4  000018  00070C       DE8       0  CODE        2
                text13                         00070C  00002E  00073A       E18       0  CODE        2
                text9                          00073A  00002E  000768       E74       0  CODE        2
                text6                          000768  00002E  000796       ED0       0  CODE        2
                text11                         000796  000050  0007E6       F2C       0  CODE        2
                cinit                          0007E6  00001A  000800       FCC       0  CODE        2
                stringtext1                    000800  0001E7  0009E7      1000       0  STRCODE     2
                config                         008007  000004  00800B     1000E       0  CONFIG      2


UNUSED ADDRESS RANGES

        Name                Unused          Largest block    Delta
        BANK0            00033-0006F              3D           1
        BANK1            000A0-000EF              50           1
        BANK10           00520-0056F              50           1
        BANK11           005A0-005EF              50           1
        BANK12           00620-0064F              30           1
        BANK2            00120-0016F              50           1
        BANK3            001A0-001EF              50           1
        BANK4            00220-0026F              50           1
        BANK5            002A0-002EF              50           1
        BANK6            00320-0036F              50           1
        BANK7            003A0-003EF              50           1
        BANK8            00420-0046F              50           1
        BANK9            004A0-004EF              50           1
        BIGRAM           02000-023EF             3F0           1
        CODE             00004-0066C             669           2
                         009E7-01FFF             800
        CONST            00004-0066C             100           2
                         009E7-01FFF             100
        EEDATA           0F000-0F0FF             100           2
        ENTRY            00004-0066C             100           2
                         009E7-01FFF             100
        IDLOC            08000-08003               4           2
        RAM              00033-0006F              3D           1
                         000A0-000EF              50
                         00120-0016F              50
                         001A0-001EF              50
                         00220-0026F              50
                         002A0-002EF              50
                         00320-0036F              50
                         003A0-003EF              50
                         00420-0046F              50
                         004A0-004EF              50
                         00520-0056F              50
                         005A0-005EF              50
                         00620-0064F              30
        SFR0             00000-0001F              20           1
        SFR1             00080-0009F              20           1
        SFR10            00500-0051F              20           1
        SFR11            00580-0059F              20           1
        SFR12            00600-0061F              20           1
        SFR13            00680-006EF              70           1
        SFR14            00700-0076F              70           1
        SFR15            00780-007EF              70           1
        SFR16            00800-0086F              70           1
        SFR17            00880-008EF              70           1
        SFR18            00900-0096F              70           1
        SFR19            00980-009EF              70           1
        SFR2             00100-0011F              20           1
        SFR20            00A00-00A6F              70           1
        SFR21            00A80-00AEF              70           1
        SFR22            00B00-00B6F              70           1
        SFR23            00B80-00BEF              70           1
        SFR24            00C00-00C6F              70           1
        SFR25            00C80-00CEF              70           1
        SFR26            00D00-00D6F              70           1
        SFR27            00D80-00DEF              70           1
        SFR28            00E00-00E6F              70           1
        SFR29            00E80-00EEF              70           1
        SFR3             00180-0019F              20           1
        SFR30            00F00-00F6F              70           1
        SFR31            00F80-00FEF              70           1
        SFR4             00200-0021F              20           1
        SFR5             00280-0029F              20           1
        SFR6             00300-0031F              20           1
        SFR7             00380-0039F              20           1
        SFR8             00400-0041F              20           1
        SFR9             00480-0049F              20           1
        STACK            02013-023EF             3DD           1
        STRCODE          00004-0066C             669           2
                         009E7-01FFF            1619
        STRING           00004-0066C             100           2
                         009E7-01FFF             100

                                  Symbol Table

?_ADC_GetConversion                  cstackCOMMON 00070
ADC_GetConversion@channel            cstackCOMMON 00073
PWM1_LoadDutyValue@dutyValue         cstackCOMMON 00070
SPI1_Exchange8bit@data               cstackCOMMON 00070
SPI1_Exchange8bitBuffer@bufLen       cstackCOMMON 00071
SPI1_Exchange8bitBuffer@bytesWritten cstackCOMMON 00077
SPI1_Exchange8bitBuffer@dataIn       cstackCOMMON 00076
SPI1_Exchange8bitBuffer@dataOut      cstackCOMMON 00072
SPI@F6926                            dataBANK0    0002C
SPI@myWriteBuffer                    cstackCOMMON 0007B
SPI@total                            cstackCOMMON 0007D
_ADACT                               (abs)        0009F
_ADCON0                              (abs)        0009D
_ADCON0bits                          (abs)        0009D
_ADCON1                              (abs)        0009E
_ADC_GetConversion                   text18       006DC
_ADC_Initialize                      text8        00695
_ADRESH                              (abs)        0009C
_ADRESL                              (abs)        0009B
_ANSELA                              (abs)        0018C
_ANSELB                              (abs)        0018D
_ANSELC                              (abs)        0018E
_CCP1CON                             (abs)        00293
_CCP1CONbits                         (abs)        00293
_CCPR1H                              (abs)        00292
_CCPR1L                              (abs)        00291
_CCPTMRSbits                         (abs)        0029F
_Font                                stringtext1  00800
_Font2                               stringtext2  008FF
_LATA                                (abs)        0010C
_LATAbits                            (abs)        0010C
_LATB                                (abs)        0010D
_LATBbits                            (abs)        0010D
_LATC                                (abs)        0010E
_LATCbits                            (abs)        0010E
_ODCONA                              (abs)        0028C
_ODCONB                              (abs)        0028D
_ODCONC                              (abs)        0028E
_OSCCON1                             (abs)        00919
_OSCCON3                             (abs)        0091B
_OSCEN                               (abs)        0091D
_OSCFRQ                              (abs)        0091F
_OSCILLATOR_Initialize               text7        0069D
_OSCTUNE                             (abs)        0091E
_PIN_MANAGER_Initialize              text6        00768
_PIR1bits                            (abs)        00011
_PMD0                                (abs)        00911
_PMD1                                (abs)        00912
_PMD2                                (abs)        00913
_PMD3                                (abs)        00914
_PMD4                                (abs)        00915
_PMD5                                (abs)        00916
_PMD_Initialize                      text5        006A5
_PR2                                 (abs)        0001E
_PWM                                 text13       0070C
_PWM1_Initialize                     text4        006B5
_PWM1_LoadDutyValue                  text17       006CB
_PWM_Output_D7_Disable               text16       0066D
_PWM_Output_D7_Enable                text15       00673
_RB7PPS                              (abs)        00E9F
_RC0PPS                              (abs)        00EA0
_RC5PPS                              (abs)        00EA5
_SLRCONA                             (abs)        0030C
_SLRCONB                             (abs)        0030D
_SLRCONC                             (abs)        0030E
_SPI                                 text9        0073A
_SPI1_Exchange8bit                   text12       006BF
_SPI1_Exchange8bitBuffer             text11       00796
_SPI1_Initialize                     text10       0067B
_SSP1ADD                             (abs)        00212
_SSP1BUF                             (abs)        00211
_SSP1CLKPPS                          (abs)        00E20
_SSP1CON1                            (abs)        00215
_SSP1CON1bits                        (abs)        00215
_SSP1DATPPS                          (abs)        00E21
_SSP1STAT                            (abs)        00214
_SSP1STATbits                        (abs)        00214
_SYSTEM_Initialize                   text1        006F4
_T2CON                               (abs)        0001F
_T2CONbits                           (abs)        0001F
_TMR2                                (abs)        0001D
_TMR2_Initialize                     text3        006AD
_TMR2_StartTimer                     text14       00670
_TRISA                               (abs)        0008C
_TRISB                               (abs)        0008D
_TRISC                               (abs)        0008E
_WDTCON                              (abs)        00097
_WDT_Initialize                      text2        00677
_WPUA                                (abs)        0020C
_WPUB                                (abs)        0020D
_WPUC                                (abs)        0020E
__CFG_BOREN$ON                       (abs)        00000
__CFG_BORV$LOW                       (abs)        00000
__CFG_CLKOUTEN$OFF                   (abs)        00000
__CFG_CP$OFF                         (abs)        00000
__CFG_CPD$OFF                        (abs)        00000
__CFG_CSWEN$ON                       (abs)        00000
__CFG_DEBUG$OFF                      (abs)        00000
__CFG_FCMEN$ON                       (abs)        00000
__CFG_FEXTOSC$OFF                    (abs)        00000
__CFG_LPBOREN$OFF                    (abs)        00000
__CFG_LVP$ON                         (abs)        00000
__CFG_MCLRE$ON                       (abs)        00000
__CFG_PPS1WAY$ON                     (abs)        00000
__CFG_PWRTE$OFF                      (abs)        00000
__CFG_RSTOSC$HFINT1                  (abs)        00000
__CFG_STVREN$ON                      (abs)        00000
__CFG_WDTE$SWDTEN                    (abs)        00000
__CFG_WRT$OFF                        (abs)        00000
__Habs1                              abs1         00000
__Hbank0                             bank0        00000
__Hbank1                             bank1        00000
__Hbank10                            bank10       00000
__Hbank11                            bank11       00000
__Hbank12                            bank12       00000
__Hbank13                            bank13       00000
__Hbank14                            bank14       00000
__Hbank15                            bank15       00000
__Hbank16                            bank16       00000
__Hbank17                            bank17       00000
__Hbank18                            bank18       00000
__Hbank19                            bank19       00000
__Hbank2                             bank2        00000
__Hbank20                            bank20       00000
__Hbank21                            bank21       00000
__Hbank22                            bank22       00000
__Hbank23                            bank23       00000
__Hbank24                            bank24       00000
__Hbank25                            bank25       00000
__Hbank26                            bank26       00000
__Hbank27                            bank27       00000
__Hbank28                            bank28       00000
__Hbank29                            bank29       00000
__Hbank3                             bank3        00000
__Hbank30                            bank30       00000
__Hbank31                            bank31       00000
__Hbank4                             bank4        00000
__Hbank5                             bank5        00000
__Hbank6                             bank6        00000
__Hbank7                             bank7        00000
__Hbank8                             bank8        00000
__Hbank9                             bank9        00000
__Hbigram                            bigram       00000
__HbssBANK0                          bssBANK0     00000
__Hcinit                             cinit        00800
__Hclrtext                           clrtext      00000
__Hcode                              code         00000
__Hcommon                            common       00000
__Hconfig                            config       0800B
__HcstackCOMMON                      cstackCOMMON 00000
__HdataBANK0                         dataBANK0    00000
__Heeprom_data                       eeprom_data  00000
__Hend_init                          end_init     00004
__Hfunctab                           functab      00000
__HidataBANK0                        idataBANK0   00000
__Hidloc                             idloc        00000
__Hinit                              init         00002
__Hinittext                          inittext     00000
__Hintentry                          intentry     00002
__Hmaintext                          maintext     00000
__Hpowerup                           powerup      00000
__Hram                               ram          00000
__Hreset_vec                         reset_vec    00002
__Hsfr0                              sfr0         00000
__Hsfr1                              sfr1         00000
__Hsfr10                             sfr10        00000
__Hsfr11                             sfr11        00000
__Hsfr12                             sfr12        00000
__Hsfr13                             sfr13        00000
__Hsfr14                             sfr14        00000
__Hsfr15                             sfr15        00000
__Hsfr16                             sfr16        00000
__Hsfr17                             sfr17        00000
__Hsfr18                             sfr18        00000
__Hsfr19                             sfr19        00000
__Hsfr2                              sfr2         00000
__Hsfr20                             sfr20        00000
__Hsfr21                             sfr21        00000
__Hsfr22                             sfr22        00000
__Hsfr23                             sfr23        00000
__Hsfr24                             sfr24        00000
__Hsfr25                             sfr25        00000
__Hsfr26                             sfr26        00000
__Hsfr27                             sfr27        00000
__Hsfr28                             sfr28        00000
__Hsfr29                             sfr29        00000
__Hsfr3                              sfr3         00000
__Hsfr30                             sfr30        00000
__Hsfr31                             sfr31        00000
__Hsfr4                              sfr4         00000
__Hsfr5                              sfr5         00000
__Hsfr6                              sfr6         00000
__Hsfr7                              sfr7         00000
__Hsfr8                              sfr8         00000
__Hsfr9                              sfr9         00000
__Hspace_0                           (abs)        0800B
__Hspace_1                           (abs)        0007E
__Hspace_2                           (abs)        00000
__Hspace_3                           (abs)        00000
__Hstack                             stack        00000
__Hstrings                           strings      00000
__Hstringtext1                       stringtext1  00000
__Hstringtext2                       stringtext2  00000
__Hstringtext3                       stringtext3  00000
__Htext                              text         00000
__Labs1                              abs1         00000
__Lbank0                             bank0        00000
__Lbank1                             bank1        00000
__Lbank10                            bank10       00000
__Lbank11                            bank11       00000
__Lbank12                            bank12       00000
__Lbank13                            bank13       00000
__Lbank14                            bank14       00000
__Lbank15                            bank15       00000
__Lbank16                            bank16       00000
__Lbank17                            bank17       00000
__Lbank18                            bank18       00000
__Lbank19                            bank19       00000
__Lbank2                             bank2        00000
__Lbank20                            bank20       00000
__Lbank21                            bank21       00000
__Lbank22                            bank22       00000
__Lbank23                            bank23       00000
__Lbank24                            bank24       00000
__Lbank25                            bank25       00000
__Lbank26                            bank26       00000
__Lbank27                            bank27       00000
__Lbank28                            bank28       00000
__Lbank29                            bank29       00000
__Lbank3                             bank3        00000
__Lbank30                            bank30       00000
__Lbank31                            bank31       00000
__Lbank4                             bank4        00000
__Lbank5                             bank5        00000
__Lbank6                             bank6        00000
__Lbank7                             bank7        00000
__Lbank8                             bank8        00000
__Lbank9                             bank9        00000
__Lbigram                            bigram       00000
__LbssBANK0                          bssBANK0     00000
__Lcinit                             cinit        007E6
__Lclrtext                           clrtext      00000
__Lcode                              code         00000
__Lcommon                            common       00000
__Lconfig                            config       08007
__LcstackCOMMON                      cstackCOMMON 00000
__LdataBANK0                         dataBANK0    00000
__Leeprom_data                       eeprom_data  00000
__Lend_init                          end_init     00002
__Lfunctab                           functab      00000
__LidataBANK0                        idataBANK0   00000
__Lidloc                             idloc        00000
__Linit                              init         00002
__Linittext                          inittext     00000
__Lintentry                          intentry     00002
__Lmaintext                          maintext     00000
__Lpowerup                           powerup      00000
__Lram                               ram          00000
__Lreset_vec                         reset_vec    00000
__Lsfr0                              sfr0         00000
__Lsfr1                              sfr1         00000
__Lsfr10                             sfr10        00000
__Lsfr11                             sfr11        00000
__Lsfr12                             sfr12        00000
__Lsfr13                             sfr13        00000
__Lsfr14                             sfr14        00000
__Lsfr15                             sfr15        00000
__Lsfr16                             sfr16        00000
__Lsfr17                             sfr17        00000
__Lsfr18                             sfr18        00000
__Lsfr19                             sfr19        00000
__Lsfr2                              sfr2         00000
__Lsfr20                             sfr20        00000
__Lsfr21                             sfr21        00000
__Lsfr22                             sfr22        00000
__Lsfr23                             sfr23        00000
__Lsfr24                             sfr24        00000
__Lsfr25                             sfr25        00000
__Lsfr26                             sfr26        00000
__Lsfr27                             sfr27        00000
__Lsfr28                             sfr28        00000
__Lsfr29                             sfr29        00000
__Lsfr3                              sfr3         00000
__Lsfr30                             sfr30        00000
__Lsfr31                             sfr31        00000
__Lsfr4                              sfr4         00000
__Lsfr5                              sfr5         00000
__Lsfr6                              sfr6         00000
__Lsfr7                              sfr7         00000
__Lsfr8                              sfr8         00000
__Lsfr9                              sfr9         00000
__Lspace_0                           (abs)        00000
__Lspace_1                           (abs)        00000
__Lspace_2                           (abs)        00000
__Lspace_3                           (abs)        00000
__Lstack                             stack        00000
__Lstrings                           strings      00000
__Lstringtext1                       stringtext1  00000
__Lstringtext2                       stringtext2  00000
__Lstringtext3                       stringtext3  00000
__Ltext                              text         00000
__S0                                 (abs)        0800B
__S1                                 (abs)        0007E
__S2                                 (abs)        00000
__S3                                 (abs)        00000
___int_sp                            stack        00000
___latbits                           (abs)        00002
___sp                                stack        00000
___stackhi                           (abs)        023EF
___stacklo                           (abs)        02013
__end_of_ADC_GetConversion           text18       006F4
__end_of_ADC_Initialize              text8        0069D
__end_of_Font                        stringtext1  008FF
__end_of_Font2                       stringtext2  009DB
__end_of_OSCILLATOR_Initialize       text7        006A5
__end_of_PIN_MANAGER_Initialize      text6        00796
__end_of_PMD_Initialize              text5        006AD
__end_of_PWM                         text13       0073A
__end_of_PWM1_Initialize             text4        006BF
__end_of_PWM1_LoadDutyValue          text17       006DC
__end_of_PWM_Output_D7_Disable       text16       00670
__end_of_PWM_Output_D7_Enable        text15       00677
__end_of_SPI                         text9        00768
__end_of_SPI1_Exchange8bit           text12       006CB
__end_of_SPI1_Exchange8bitBuffer     text11       007E6
__end_of_SPI1_Initialize             text10       00681
__end_of_SYSTEM_Initialize           text1        0070C
__end_of_TMR2_Initialize             text3        006B5
__end_of_TMR2_StartTimer             text14       00673
__end_of_WDT_Initialize              text2        0067B
__end_of__initialization             cinit        007FD
__end_of_main                        maintext     0068E
__initialization                     cinit        007E6
__pbssBANK0                          bssBANK0     00020
__pcstackCOMMON                      cstackCOMMON 00070
__pdataBANK0                         dataBANK0    0002C
__pidataBANK0                        idataBANK0   0068E
__pmaintext                          maintext     00687
__pstringtext1                       stringtext1  00800
__pstringtext2                       stringtext2  008FF
__pstringtext3                       stringtext3  00000
__ptext1                             text1        006F4
__ptext10                            text10       0067B
__ptext11                            text11       00796
__ptext12                            text12       006BF
__ptext13                            text13       0070C
__ptext14                            text14       00670
__ptext15                            text15       00673
__ptext16                            text16       0066D
__ptext17                            text17       006CB
__ptext18                            text18       006DC
__ptext2                             text2        00677
__ptext3                             text3        006AD
__ptext4                             text4        006B5
__ptext5                             text5        006A5
__ptext6                             text6        00768
__ptext7                             text7        0069D
__ptext8                             text8        00695
__ptext9                             text9        0073A
__size_of_ADC_GetConversion          (abs)        00000
__size_of_ADC_Initialize             (abs)        00000
__size_of_OSCILLATOR_Initialize      (abs)        00000
__size_of_PIN_MANAGER_Initialize     (abs)        00000
__size_of_PMD_Initialize             (abs)        00000
__size_of_PWM                        (abs)        00000
__size_of_PWM1_Initialize            (abs)        00000
__size_of_PWM1_LoadDutyValue         (abs)        00000
__size_of_PWM_Output_D7_Disable      (abs)        00000
__size_of_PWM_Output_D7_Enable       (abs)        00000
__size_of_SPI                        (abs)        00000
__size_of_SPI1_Exchange8bit          (abs)        00000
__size_of_SPI1_Exchange8bitBuffer    (abs)        00000
__size_of_SPI1_Initialize            (abs)        00000
__size_of_SYSTEM_Initialize          (abs)        00000
__size_of_TMR2_Initialize            (abs)        00000
__size_of_TMR2_StartTimer            (abs)        00000
__size_of_WDT_Initialize             (abs)        00000
__size_of_main                       (abs)        00000
_adcResult2                          bssBANK0     00020
_main                                maintext     00687
_pause                               bssBANK0     00022
_state                               bssBANK0     00023
_wrap                                dataBANK0    00030
btemp                                (abs)        0007E
end_of_initialization                cinit        007FD
init_ram                             inittext     00681
intlevel0                            functab      00000
intlevel1                            functab      00000
intlevel2                            functab      00000
intlevel3                            functab      00000
intlevel4                            functab      00000
intlevel5                            functab      00000
reset_vec                            reset_vec    00000
start                                init         00002
start_initialization                 cinit        007E6
wtemp0                               (abs)        0007E


FUNCTION INFORMATION:

 *************** function _main *****************
 Defined at:
		line 250 in file "main.c"
 Parameters:    Size  Location     Type
		None
 Auto vars:     Size  Location     Type
		None
 Return value:  Size  Location     Type
                  1    wreg      void 
 Registers used:
		wreg, fsr1l, fsr1h, status,2, status,0, pclath, cstack
 Tracked objects:
		On entry : 
		On exit  : 
		Unchanged: 
 Data sizes:     COMMON   BANK0   BANK1   BANK2   BANK3   BANK4   BANK5   BANK6   BANK7   BANK8   BANK9  BANK10  BANK11  BANK12
      Params:         0       0       0       0       0       0       0       0       0       0       0       0       0       0
      Locals:         0       0       0       0       0       0       0       0       0       0       0       0       0       0
      Temps:          0       0       0       0       0       0       0       0       0       0       0       0       0       0
      Totals:         0       0       0       0       0       0       0       0       0       0       0       0       0       0
Total ram usage:        0 bytes
 Hardware stack levels required when called:    3
 This function calls:
		_SPI
		_SYSTEM_Initialize
 This function is called by:
		Startup code after reset
 This function uses a non-reentrant model


 *************** function _SYSTEM_Initialize *****************
 Defined at:
		line 50 in file "mcc_generated_files/mcc.c"
 Parameters:    Size  Location     Type
		None
 Auto vars:     Size  Location     Type
		None
 Return value:  Size  Location     Type
                  1    wreg      void 
 Registers used:
		wreg, status,2, status,0, pclath, cstack
 Tracked objects:
		On entry : 
		On exit  : 
		Unchanged: 
 Data sizes:     COMMON   BANK0   BANK1   BANK2   BANK3   BANK4   BANK5   BANK6   BANK7   BANK8   BANK9  BANK10  BANK11  BANK12
      Params:         0       0       0       0       0       0       0       0       0       0       0       0       0       0
      Locals:         0       0       0       0       0       0       0       0       0       0       0       0       0       0
      Temps:          0       0       0       0       0       0       0       0       0       0       0       0       0       0
      Totals:         0       0       0       0       0       0       0       0       0       0       0       0       0       0
Total ram usage:        0 bytes
 Hardware stack levels used:    1
 Hardware stack levels required when called:    1
 This function calls:
		_ADC_Initialize
		_OSCILLATOR_Initialize
		_PIN_MANAGER_Initialize
		_PMD_Initialize
		_PWM1_Initialize
		_SPI1_Initialize
		_TMR2_Initialize
		_WDT_Initialize
 This function is called by:
		_main
 This function uses a non-reentrant model


 *************** function _WDT_Initialize *****************
 Defined at:
		line 77 in file "mcc_generated_files/mcc.c"
 Parameters:    Size  Location     Type
		None
 Auto vars:     Size  Location     Type
		None
 Return value:  Size  Location     Type
                  1    wreg      void 
 Registers used:
		wreg
 Tracked objects:
		On entry : 
		On exit  : 
		Unchanged: 
 Data sizes:     COMMON   BANK0   BANK1   BANK2   BANK3   BANK4   BANK5   BANK6   BANK7   BANK8   BANK9  BANK10  BANK11  BANK12
      Params:         0       0       0       0       0       0       0       0       0       0       0       0       0       0
      Locals:         0       0       0       0       0       0       0       0       0       0       0       0       0       0
      Temps:          0       0       0       0       0       0       0       0       0       0       0       0       0       0
      Totals:         0       0       0       0       0       0       0       0       0       0       0       0       0       0
Total ram usage:        0 bytes
 Hardware stack levels used:    1
 This function calls:
		Nothing
 This function is called by:
		_SYSTEM_Initialize
 This function uses a non-reentrant model


 *************** function _TMR2_Initialize *****************
 Defined at:
		line 62 in file "mcc_generated_files/tmr2.c"
 Parameters:    Size  Location     Type
		None
 Auto vars:     Size  Location     Type
		None
 Return value:  Size  Location     Type
                  1    wreg      void 
 Registers used:
		wreg, status,2
 Tracked objects:
		On entry : 
		On exit  : 
		Unchanged: 
 Data sizes:     COMMON   BANK0   BANK1   BANK2   BANK3   BANK4   BANK5   BANK6   BANK7   BANK8   BANK9  BANK10  BANK11  BANK12
      Params:         0       0       0       0       0       0       0       0       0       0       0       0       0       0
      Locals:         0       0       0       0       0       0       0       0       0       0       0       0       0       0
      Temps:          0       0       0       0       0       0       0       0       0       0       0       0       0       0
      Totals:         0       0       0       0       0       0       0       0       0       0       0       0       0       0
Total ram usage:        0 bytes
 Hardware stack levels used:    1
 This function calls:
		Nothing
 This function is called by:
		_SYSTEM_Initialize
 This function uses a non-reentrant model


 *************** function _PWM1_Initialize *****************
 Defined at:
		line 64 in file "mcc_generated_files/pwm1.c"
 Parameters:    Size  Location     Type
		None
 Auto vars:     Size  Location     Type
		None
 Return value:  Size  Location     Type
                  1    wreg      void 
 Registers used:
		wreg, status,2, status,0
 Tracked objects:
		On entry : 
		On exit  : 
		Unchanged: 
 Data sizes:     COMMON   BANK0   BANK1   BANK2   BANK3   BANK4   BANK5   BANK6   BANK7   BANK8   BANK9  BANK10  BANK11  BANK12
      Params:         0       0       0       0       0       0       0       0       0       0       0       0       0       0
      Locals:         0       0       0       0       0       0       0       0       0       0       0       0       0       0
      Temps:          0       0       0       0       0       0       0       0       0       0       0       0       0       0
      Totals:         0       0       0       0       0       0       0       0       0       0       0       0       0       0
Total ram usage:        0 bytes
 Hardware stack levels used:    1
 This function calls:
		Nothing
 This function is called by:
		_SYSTEM_Initialize
 This function uses a non-reentrant model


 *************** function _PMD_Initialize *****************
 Defined at:
		line 83 in file "mcc_generated_files/mcc.c"
 Parameters:    Size  Location     Type
		None
 Auto vars:     Size  Location     Type
		None
 Return value:  Size  Location     Type
                  1    wreg      void 
 Registers used:
		status,2
 Tracked objects:
		On entry : 
		On exit  : 
		Unchanged: 
 Data sizes:     COMMON   BANK0   BANK1   BANK2   BANK3   BANK4   BANK5   BANK6   BANK7   BANK8   BANK9  BANK10  BANK11  BANK12
      Params:         0       0       0       0       0       0       0       0       0       0       0       0       0       0
      Locals:         0       0       0       0       0       0       0       0       0       0       0       0       0       0
      Temps:          0       0       0       0       0       0       0       0       0       0       0       0       0       0
      Totals:         0       0       0       0       0       0       0       0       0       0       0       0       0       0
Total ram usage:        0 bytes
 Hardware stack levels used:    1
 This function calls:
		Nothing
 This function is called by:
		_SYSTEM_Initialize
 This function uses a non-reentrant model


 *************** function _PIN_MANAGER_Initialize *****************
 Defined at:
		line 55 in file "mcc_generated_files/pin_manager.c"
 Parameters:    Size  Location     Type
		None
 Auto vars:     Size  Location     Type
		None
 Return value:  Size  Location     Type
                  1    wreg      void 
 Registers used:
		wreg, status,2
 Tracked objects:
		On entry : 
		On exit  : 
		Unchanged: 
 Data sizes:     COMMON   BANK0   BANK1   BANK2   BANK3   BANK4   BANK5   BANK6   BANK7   BANK8   BANK9  BANK10  BANK11  BANK12
      Params:         0       0       0       0       0       0       0       0       0       0       0       0       0       0
      Locals:         0       0       0       0       0       0       0       0       0       0       0       0       0       0
      Temps:          0       0       0       0       0       0       0       0       0       0       0       0       0       0
      Totals:         0       0       0       0       0       0       0       0       0       0       0       0       0       0
Total ram usage:        0 bytes
 Hardware stack levels used:    1
 This function calls:
		Nothing
 This function is called by:
		_SYSTEM_Initialize
 This function uses a non-reentrant model


 *************** function _OSCILLATOR_Initialize *****************
 Defined at:
		line 63 in file "mcc_generated_files/mcc.c"
 Parameters:    Size  Location     Type
		None
 Auto vars:     Size  Location     Type
		None
 Return value:  Size  Location     Type
                  1    wreg      void 
 Registers used:
		wreg, status,2
 Tracked objects:
		On entry : 
		On exit  : 
		Unchanged: 
 Data sizes:     COMMON   BANK0   BANK1   BANK2   BANK3   BANK4   BANK5   BANK6   BANK7   BANK8   BANK9  BANK10  BANK11  BANK12
      Params:         0       0       0       0       0       0       0       0       0       0       0       0       0       0
      Locals:         0       0       0       0       0       0       0       0       0       0       0       0       0       0
      Temps:          0       0       0       0       0       0       0       0       0       0       0       0       0       0
      Totals:         0       0       0       0       0       0       0       0       0       0       0       0       0       0
Total ram usage:        0 bytes
 Hardware stack levels used:    1
 This function calls:
		Nothing
 This function is called by:
		_SYSTEM_Initialize
 This function uses a non-reentrant model


 *************** function _ADC_Initialize *****************
 Defined at:
		line 65 in file "mcc_generated_files/adc.c"
 Parameters:    Size  Location     Type
		None
 Auto vars:     Size  Location     Type
		None
 Return value:  Size  Location     Type
                  1    wreg      void 
 Registers used:
		wreg, status,2
 Tracked objects:
		On entry : 
		On exit  : 
		Unchanged: 
 Data sizes:     COMMON   BANK0   BANK1   BANK2   BANK3   BANK4   BANK5   BANK6   BANK7   BANK8   BANK9  BANK10  BANK11  BANK12
      Params:         0       0       0       0       0       0       0       0       0       0       0       0       0       0
      Locals:         0       0       0       0       0       0       0       0       0       0       0       0       0       0
      Temps:          0       0       0       0       0       0       0       0       0       0       0       0       0       0
      Totals:         0       0       0       0       0       0       0       0       0       0       0       0       0       0
Total ram usage:        0 bytes
 Hardware stack levels used:    1
 This function calls:
		Nothing
 This function is called by:
		_SYSTEM_Initialize
 This function uses a non-reentrant model


 *************** function _SPI *****************
 Defined at:
		line 279 in file "main.c"
 Parameters:    Size  Location     Type
		None
 Auto vars:     Size  Location     Type
  myWriteBuffe    2   11[COMMON] unsigned char [2]
  total           1   13[COMMON] unsigned char 
 Return value:  Size  Location     Type
                  1    wreg      void 
 Registers used:
		wreg, fsr1l, fsr1h, status,2, status,0, pclath, cstack
 Tracked objects:
		On entry : 
		On exit  : 
		Unchanged: 
 Data sizes:     COMMON   BANK0   BANK1   BANK2   BANK3   BANK4   BANK5   BANK6   BANK7   BANK8   BANK9  BANK10  BANK11  BANK12
      Params:         0       0       0       0       0       0       0       0       0       0       0       0       0       0
      Locals:         3       0       0       0       0       0       0       0       0       0       0       0       0       0
      Temps:          3       0       0       0       0       0       0       0       0       0       0       0       0       0
      Totals:         6       0       0       0       0       0       0       0       0       0       0       0       0       0
Total ram usage:        6 bytes
 Hardware stack levels used:    1
 Hardware stack levels required when called:    2
 This function calls:
		_PWM
		_SPI1_Exchange8bitBuffer
		_SPI1_Initialize
 This function is called by:
		_main
 This function uses a non-reentrant model


 *************** function _SPI1_Initialize *****************
 Defined at:
		line 65 in file "mcc_generated_files/spi1.c"
 Parameters:    Size  Location     Type
		None
 Auto vars:     Size  Location     Type
		None
 Return value:  Size  Location     Type
                  1    wreg      void 
 Registers used:
		wreg, status,2
 Tracked objects:
		On entry : 
		On exit  : 
		Unchanged: 
 Data sizes:     COMMON   BANK0   BANK1   BANK2   BANK3   BANK4   BANK5   BANK6   BANK7   BANK8   BANK9  BANK10  BANK11  BANK12
      Params:         0       0       0       0       0       0       0       0       0       0       0       0       0       0
      Locals:         0       0       0       0       0       0       0       0       0       0       0       0       0       0
      Temps:          0       0       0       0       0       0       0       0       0       0       0       0       0       0
      Totals:         0       0       0       0       0       0       0       0       0       0       0       0       0       0
Total ram usage:        0 bytes
 Hardware stack levels used:    1
 This function calls:
		Nothing
 This function is called by:
		_SYSTEM_Initialize
		_SPI
 This function uses a non-reentrant model


 *************** function _SPI1_Exchange8bitBuffer *****************
 Defined at:
		line 94 in file "mcc_generated_files/spi1.c"
 Parameters:    Size  Location     Type
  dataIn          1    wreg     PTR unsigned char 
		 -> SPI@myWriteBuffer(2), 
  bufLen          1    1[COMMON] unsigned char 
  dataOut         1    2[COMMON] PTR unsigned char 
		 -> SPI@myWriteBuffer(2), 
 Auto vars:     Size  Location     Type
  dataIn          1    6[COMMON] PTR unsigned char 
		 -> SPI@myWriteBuffer(2), 
  bytesWritten    1    7[COMMON] unsigned char 
 Return value:  Size  Location     Type
                  1    wreg      unsigned char 
 Registers used:
		wreg, fsr1l, fsr1h, status,2, status,0, pclath, cstack
 Tracked objects:
		On entry : 
		On exit  : 
		Unchanged: 
 Data sizes:     COMMON   BANK0   BANK1   BANK2   BANK3   BANK4   BANK5   BANK6   BANK7   BANK8   BANK9  BANK10  BANK11  BANK12
      Params:         2       0       0       0       0       0       0       0       0       0       0       0       0       0
      Locals:         2       0       0       0       0       0       0       0       0       0       0       0       0       0
      Temps:          3       0       0       0       0       0       0       0       0       0       0       0       0       0
      Totals:         7       0       0       0       0       0       0       0       0       0       0       0       0       0
Total ram usage:        7 bytes
 Hardware stack levels used:    1
 Hardware stack levels required when called:    1
 This function calls:
		_SPI1_Exchange8bit
 This function is called by:
		_SPI
 This function uses a non-reentrant model


 *************** function _SPI1_Exchange8bit *****************
 Defined at:
		line 79 in file "mcc_generated_files/spi1.c"
 Parameters:    Size  Location     Type
  data            1    wreg     unsigned char 
 Auto vars:     Size  Location     Type
  data            1    0[COMMON] unsigned char 
 Return value:  Size  Location     Type
                  1    wreg      unsigned char 
 Registers used:
		wreg
 Tracked objects:
		On entry : 
		On exit  : 
		Unchanged: 
 Data sizes:     COMMON   BANK0   BANK1   BANK2   BANK3   BANK4   BANK5   BANK6   BANK7   BANK8   BANK9  BANK10  BANK11  BANK12
      Params:         0       0       0       0       0       0       0       0       0       0       0       0       0       0
      Locals:         1       0       0       0       0       0       0       0       0       0       0       0       0       0
      Temps:          0       0       0       0       0       0       0       0       0       0       0       0       0       0
      Totals:         1       0       0       0       0       0       0       0       0       0       0       0       0       0
Total ram usage:        1 bytes
 Hardware stack levels used:    1
 This function calls:
		Nothing
 This function is called by:
		_SPI1_Exchange8bitBuffer
 This function uses a non-reentrant model


 *************** function _PWM *****************
 Defined at:
		line 301 in file "main.c"
 Parameters:    Size  Location     Type
		None
 Auto vars:     Size  Location     Type
		None
 Return value:  Size  Location     Type
                  1    wreg      void 
 Registers used:
		wreg, status,2, status,0, pclath, cstack
 Tracked objects:
		On entry : 
		On exit  : 
		Unchanged: 
 Data sizes:     COMMON   BANK0   BANK1   BANK2   BANK3   BANK4   BANK5   BANK6   BANK7   BANK8   BANK9  BANK10  BANK11  BANK12
      Params:         0       0       0       0       0       0       0       0       0       0       0       0       0       0
      Locals:         0       0       0       0       0       0       0       0       0       0       0       0       0       0
      Temps:          2       0       0       0       0       0       0       0       0       0       0       0       0       0
      Totals:         2       0       0       0       0       0       0       0       0       0       0       0       0       0
Total ram usage:        2 bytes
 Hardware stack levels used:    1
 Hardware stack levels required when called:    1
 This function calls:
		_ADC_GetConversion
		_PWM1_LoadDutyValue
		_PWM_Output_D7_Disable
		_PWM_Output_D7_Enable
		_TMR2_StartTimer
 This function is called by:
		_SPI
 This function uses a non-reentrant model


 *************** function _TMR2_StartTimer *****************
 Defined at:
		line 79 in file "mcc_generated_files/tmr2.c"
 Parameters:    Size  Location     Type
		None
 Auto vars:     Size  Location     Type
		None
 Return value:  Size  Location     Type
                  1    wreg      void 
 Registers used:
		None
 Tracked objects:
		On entry : 
		On exit  : 
		Unchanged: 
 Data sizes:     COMMON   BANK0   BANK1   BANK2   BANK3   BANK4   BANK5   BANK6   BANK7   BANK8   BANK9  BANK10  BANK11  BANK12
      Params:         0       0       0       0       0       0       0       0       0       0       0       0       0       0
      Locals:         0       0       0       0       0       0       0       0       0       0       0       0       0       0
      Temps:          0       0       0       0       0       0       0       0       0       0       0       0       0       0
      Totals:         0       0       0       0       0       0       0       0       0       0       0       0       0       0
Total ram usage:        0 bytes
 Hardware stack levels used:    1
 This function calls:
		Nothing
 This function is called by:
		_PWM
 This function uses a non-reentrant model


 *************** function _PWM_Output_D7_Enable *****************
 Defined at:
		line 327 in file "main.c"
 Parameters:    Size  Location     Type
		None
 Auto vars:     Size  Location     Type
		None
 Return value:  Size  Location     Type
                  1    wreg      void 
 Registers used:
		wreg
 Tracked objects:
		On entry : 
		On exit  : 
		Unchanged: 
 Data sizes:     COMMON   BANK0   BANK1   BANK2   BANK3   BANK4   BANK5   BANK6   BANK7   BANK8   BANK9  BANK10  BANK11  BANK12
      Params:         0       0       0       0       0       0       0       0       0       0       0       0       0       0
      Locals:         0       0       0       0       0       0       0       0       0       0       0       0       0       0
      Temps:          0       0       0       0       0       0       0       0       0       0       0       0       0       0
      Totals:         0       0       0       0       0       0       0       0       0       0       0       0       0       0
Total ram usage:        0 bytes
 Hardware stack levels used:    1
 This function calls:
		Nothing
 This function is called by:
		_PWM
 This function uses a non-reentrant model


 *************** function _PWM_Output_D7_Disable *****************
 Defined at:
		line 331 in file "main.c"
 Parameters:    Size  Location     Type
		None
 Auto vars:     Size  Location     Type
		None
 Return value:  Size  Location     Type
                  1    wreg      void 
 Registers used:
		status,2
 Tracked objects:
		On entry : 
		On exit  : 
		Unchanged: 
 Data sizes:     COMMON   BANK0   BANK1   BANK2   BANK3   BANK4   BANK5   BANK6   BANK7   BANK8   BANK9  BANK10  BANK11  BANK12
      Params:         0       0       0       0       0       0       0       0       0       0       0       0       0       0
      Locals:         0       0       0       0       0       0       0       0       0       0       0       0       0       0
      Temps:          0       0       0       0       0       0       0       0       0       0       0       0       0       0
      Totals:         0       0       0       0       0       0       0       0       0       0       0       0       0       0
Total ram usage:        0 bytes
 Hardware stack levels used:    1
 This function calls:
		Nothing
 This function is called by:
		_PWM
 This function uses a non-reentrant model


 *************** function _PWM1_LoadDutyValue *****************
 Defined at:
		line 82 in file "mcc_generated_files/pwm1.c"
 Parameters:    Size  Location     Type
  dutyValue       2    0[COMMON] unsigned short 
 Auto vars:     Size  Location     Type
		None
 Return value:  Size  Location     Type
                  1    wreg      void 
 Registers used:
		wreg, status,2
 Tracked objects:
		On entry : 
		On exit  : 
		Unchanged: 
 Data sizes:     COMMON   BANK0   BANK1   BANK2   BANK3   BANK4   BANK5   BANK6   BANK7   BANK8   BANK9  BANK10  BANK11  BANK12
      Params:         2       0       0       0       0       0       0       0       0       0       0       0       0       0
      Locals:         0       0       0       0       0       0       0       0       0       0       0       0       0       0
      Temps:          0       0       0       0       0       0       0       0       0       0       0       0       0       0
      Totals:         2       0       0       0       0       0       0       0       0       0       0       0       0       0
Total ram usage:        2 bytes
 Hardware stack levels used:    1
 This function calls:
		Nothing
 This function is called by:
		_PWM
 This function uses a non-reentrant model


 *************** function _ADC_GetConversion *****************
 Defined at:
		line 113 in file "mcc_generated_files/adc.c"
 Parameters:    Size  Location     Type
  channel         1    wreg     enum E6648
 Auto vars:     Size  Location     Type
  channel         1    3[COMMON] enum E6648
 Return value:  Size  Location     Type
                  2    0[COMMON] unsigned short 
 Registers used:
		wreg, status,2, status,0
 Tracked objects:
		On entry : 
		On exit  : 
		Unchanged: 
 Data sizes:     COMMON   BANK0   BANK1   BANK2   BANK3   BANK4   BANK5   BANK6   BANK7   BANK8   BANK9  BANK10  BANK11  BANK12
      Params:         2       0       0       0       0       0       0       0       0       0       0       0       0       0
      Locals:         1       0       0       0       0       0       0       0       0       0       0       0       0       0
      Temps:          1       0       0       0       0       0       0       0       0       0       0       0       0       0
      Totals:         4       0       0       0       0       0       0       0       0       0       0       0       0       0
Total ram usage:        4 bytes
 Hardware stack levels used:    1
 This function calls:
		Nothing
 This function is called by:
		_PWM
 This function uses a non-reentrant model



MODULE INFORMATION

Module		Function		Class		Link	Load	Size
mcc_generated_files/tmr2.c
		_TMR2_Initialize		CODE           	06AD	0000	9
		_TMR2_StartTimer		CODE           	0670	0000	4

mcc_generated_files/tmr2.c estimated size: 13

mcc_generated_files/pin_manager.c
		_PIN_MANAGER_Initialize		CODE           	0768	0000	47

mcc_generated_files/pin_manager.c estimated size: 47

mcc_generated_files/spi1.c
		_SPI1_Initialize		CODE           	067B	0000	7
		_SPI1_Exchange8bitBuffer		CODE           	0796	0000	81
		_SPI1_Exchange8bit		CODE           	06BF	0000	13

mcc_generated_files/spi1.c estimated size: 101

mcc_generated_files/adc.c
		_ADC_Initialize		CODE           	0695	0000	9
		_ADC_GetConversion		CODE           	06DC	0000	25

mcc_generated_files/adc.c estimated size: 34

shared
		__initialization		CODE           	07E6	0000	24
		_Font2         		STRCODE        	08FF	0000	221
		_Font          		STRCODE        	0800	0000	256

shared estimated size: 501

mcc_generated_files/mcc.c
		_WDT_Initialize		CODE           	0677	0000	5
		_PMD_Initialize		CODE           	06A5	0000	9
		_OSCILLATOR_Initialize		CODE           	069D	0000	9
		_SYSTEM_Initialize		CODE           	06F4	0000	25

mcc_generated_files/mcc.c estimated size: 48

mcc_generated_files/pwm1.c
		_PWM1_Initialize		CODE           	06B5	0000	11
		_PWM1_LoadDutyValue		CODE           	06CB	0000	18

mcc_generated_files/pwm1.c estimated size: 29

main.c
		_PWM_Output_D7_Disable		CODE           	066D	0000	4
		_PWM           		CODE           	070C	0000	47
		_main          		CODE           	0687	0000	8
		_PWM_Output_D7_Enable		CODE           	0673	0000	5
		_SPI           		CODE           	073A	0000	47

main.c estimated size: 111

