Microchip MPLAB XC8 Compiler V2.05 ()

Linker command line:

-W-3 --edf=C:\Program Files (x86)\Microchip\xc8\v2.05\pic\dat\en_msgs.txt \
  -cs -h+dist/default/production\I2Gesture.X.production.sym \
  --cmf=dist/default/production\I2Gesture.X.production.cmf -z -Q16F18345 \
  -oC:\Users\NOELLE~1\AppData\Local\Temp\sg7k.2 --defsym=__MPLAB_BUILD=1 \
  -Mdist/default/production/I2Gesture.X.production.map -E1 -ver=XC8 \
  --acfsm=1493 -ASTACK=02184h-023EFh -pstack=STACK -ACODE=00h-07FFhx4 \
  -ASTRCODE=00h-01FFFh -ASTRING=00h-0FFhx32 -ACONST=00h-0FFhx32 \
  -AENTRY=00h-0FFhx32 -ACOMMON=070h-07Fh -ABANK0=020h-06Fh \
  -ABANK1=0A0h-0EFh -ABANK2=0120h-016Fh -ABANK3=01A0h-01EFh \
  -ABANK4=0220h-026Fh -ABANK5=02A0h-02EFh -ABANK6=0320h-036Fh \
  -ABANK7=03A0h-03EFh -ABANK8=0420h-046Fh -ABANK9=04A0h-04EFh \
  -ABANK10=0520h-056Fh -ABANK11=05A0h-05EFh -ABANK12=0620h-064Fh \
  -ABIGRAM=02000h-023EFh \
  -ARAM=020h-06Fh,0A0h-0EFh,0120h-016Fh,01A0h-01EFh,0220h-026Fh,02A0h-02EFh,0320h-036Fh,03A0h-03EFh,0420h-046Fh,04A0h-04EFh,0520h-056Fh,05A0h-05EFh,0620h-064Fh \
  -AABS1=020h-07Fh,0A0h-0EFh,0120h-016Fh,01A0h-01EFh,0220h-026Fh,02A0h-02EFh,0320h-036Fh,03A0h-03EFh,0420h-046Fh,04A0h-04EFh,0520h-056Fh,05A0h-05EFh,0620h-064Fh \
  -ASFR0=00h-01Fh -ASFR1=080h-09Fh -ASFR2=0100h-011Fh -ASFR3=0180h-019Fh \
  -ASFR4=0200h-021Fh -ASFR5=0280h-029Fh -ASFR6=0300h-031Fh \
  -ASFR7=0380h-039Fh -ASFR8=0400h-041Fh -ASFR9=0480h-049Fh \
  -ASFR10=0500h-051Fh -ASFR11=0580h-059Fh -ASFR12=0600h-061Fh \
  -ASFR13=0680h-06EFh -ASFR14=0700h-076Fh -ASFR15=0780h-07EFh \
  -ASFR16=0800h-086Fh -ASFR17=0880h-08EFh -ASFR18=0900h-096Fh \
  -ASFR19=0980h-09EFh -ASFR20=0A00h-0A6Fh -ASFR21=0A80h-0AEFh \
  -ASFR22=0B00h-0B6Fh -ASFR23=0B80h-0BEFh -ASFR24=0C00h-0C6Fh \
  -ASFR25=0C80h-0CEFh -ASFR26=0D00h-0D6Fh -ASFR27=0D80h-0DEFh \
  -ASFR28=0E00h-0E6Fh -ASFR29=0E80h-0EEFh -ASFR30=0F00h-0F6Fh \
  -ASFR31=0F80h-0FEFh -preset_vec=00h,intentry=04h,init,end_init \
  -ppowerup=CODE -pcinit=CODE -pfunctab=ENTRY -ACONFIG=08007h-0800Ah \
  -pconfig=CONFIG -DCONFIG=2 -AIDLOC=08000h-08003h -pidloc=IDLOC -DIDLOC=2 \
  -AEEDATA=00h-0FFh/0F000h -peeprom_data=EEDATA -DEEDATA=2 -DCODE=2 \
  -DSTRCODE=2 -DSTRING=2 -DCONST=2 -DENTRY=2 -k \
  C:\Users\NOELLE~1\AppData\Local\Temp\sg7k.o \
  dist/default/production\I2Gesture.X.production.o 

Object code version is 3.11

Machine type is 16F18345



                Name                               Link     Load   Length Selector   Space Scale
C:\Users\NOELLE~1\AppData\Local\Temp\sg7k.o
                end_init                             47       47        2        8       0
                reset_vec                             0        0        2        0       0
                config                             8007     8007        4    1000E       0
dist/default/production\I2Gesture.X.production.o
                cinit                                49       49       40        8       0
                intentry                              4        4       43        8       0
                text113                             89E      89E       17     113C       0
                text112                            16B1     16B1        3     2D62       0
                text111                            16AE     16AE        1     2D5C       0
                text110                            16E7     16E7        4     2DCE       0
                text109                             C01      C01       34     1802       0
                text108                             952      952       1E     12A4       0
                text107                            16AF     16AF        1     2D5E       0
                text106                            17F3     17F3        D     2FE6       0
                text105                            1721     1721        6     2E42       0
                text104                            16EB     16EB        4     2DD6       0
                text103                            16B4     16B4        3     2D68       0
                text102                            16B7     16B7        3     2D6E       0
                text101                             800      800        2     1000       0
                text100                               2        2        2        0       0
                text99                             16BA     16BA        3     2D74       0
                text98                             16B0     16B0        1     2D60       0
                text97                             16EF     16EF        4     2DDE       0
                text96                             16BD     16BD        3     2D7A       0
                text95                             1717     1717        5     2E2E       0
                text94                             175B     175B        8     2EB6       0
                text93                             16C0     16C0        3     2D80       0
                text92                              B3A      B3A       31     1674       0
                text91                             173F     173F        7     2E7E       0
                text90                             171C     171C        5     2E38       0
                text89                             16F3     16F3        4     2DE6       0
                text88                             16F7     16F7        4     2DEE       0
                text87                             16FB     16FB        4     2DF6       0
                text86                             16FF     16FF        4     2DFE       0
                text85                             1763     1763        8     2EC6       0
                text84                             1746     1746        7     2E8C       0
                text83                             1727     1727        6     2E4E       0
                text82                             1703     1703        4     2E06       0
                text81                             1707     1707        4     2E0E       0
                text80                             170B     170B        4     2E16       0
                text79                              AE4      AE4       2B     15C8       0
                text78                              DD4      DD4       4F     1BA8       0
                text77                              CFD      CFD       46     19FA       0
                text76                             16C3     16C3        3     2D86       0
                text75                              9D0      9D0       26     13A0       0
                text74                             16C6     16C6        3     2D8C       0
                text73                             16C9     16C9        3     2D92       0
                text71                              810      810        F     1020       0
                text70                              7EA      7EA       15        8       0
                text69                              82E      82E       11     105C       0
                text68                              970      970       1E     12E0       0
                text67                              8CC      8CC       18     1198       0
                text66                              C35      C35       41     186A       0
                text65                              6FA      6FA       F0        8       0
                text64                              81F      81F        F     103E       0
                text63                             176B     176B        8     2ED6       0
                text62                             1793     1793        9     2F26       0
                text61                             179C     179C        9     2F38       0
                text60                             17A5     17A5        9     2F4A       0
                text59                             17AE     17AE        9     2F5C       0
                text58                             17B7     17B7        9     2F6E       0
                text57                              C76      C76       43     18EC       0
                text56                             1773     1773        8     2EE6       0
                text55                             17C0     17C0        9     2F80       0
                text54                              CB9      CB9       44     1972       0
                text53                             177B     177B        8     2EF6       0
                text52                             17E7     17E7        C     2FCE       0
                text51                             174D     174D        7     2E9A       0
                text50                             1783     1783        8     2F06       0
                text49                             170F     170F        4     2E1E       0
                text48                              8E4      8E4       1B     11C8       0
                text47                              EC4      EC4       58     1D88       0
                text46                             16CC     16CC        3     2D98       0
                text45                             16CF     16CF        3     2D9E       0
                text44                             16D2     16D2        3     2DA4       0
                text43                             1754     1754        7     2EA8       0
                text42                             16D5     16D5        3     2DAA       0
                text41                             17DC     17DC        B     2FB8       0
                text40                             1713     1713        4     2E26       0
                text39                             16D8     16D8        3     2DB0       0
                text38                             16DB     16DB        3     2DB6       0
                text37                             16DE     16DE        3     2DBC       0
                text36                             16E1     16E1        3     2DC2       0
                text35                             16E4     16E4        3     2DC8       0
                text34                             172D     172D        6     2E5A       0
                text33                              91A      91A       1C     1234       0
                text32                              9AC      9AC       24     1358       0
                text31                             17C9     17C9        9     2F92       0
                text30                              8FF      8FF       1B     11FE       0
                text29                              E23      E23       4F     1C46       0
                text28                              802      802        E     1004       0
                text27                              8B5      8B5       17     116A       0
                text26                              B0F      B0F       2B     161E       0
                text25                              9F6      9F6       27     13EC       0
                text24                              B6B      B6B       32     16D6       0
                text23                              F1C      F1C       64     1E38       0
                text22                              360      360      191        8       0
                text21                              83F      83F       13     107E       0
                text20                              E72      E72       52     1CE4       0
                text19                              936      936       1C     126C       0
                text18                               89       89      2D7        8       0
                text17                              D8A      D8A       4A     1B14       0
                text16                              607      607       F3        8       0
                text15                              F80      F80       80     1F00       0
                text14                             17D2     17D2        A     2FA4       0
                text13                              98E      98E       1E     131C       0
                text12                              852      852       13     10A4       0
                text11                              865      865       13     10CA       0
                text10                              B9D      B9D       32     173A       0
                text9                               BCF      BCF       32     179E       0
                text8                               A1D      A1D       27     143A       0
                text7                               A92      A92       29     1524       0
                text6                               A44      A44       27     1488       0
                text5                               A6B      A6B       27     14D6       0
                text4                               878      878       13     10F0       0
                text3                               88B      88B       13     1116       0
                text2                               ABB      ABB       29     1576       0
                text1                               4F1      4F1      116        8       0
                maintext                            D43      D43       47     1A86       0
                cstackBANK0                          20       20       3C       20       1
                cstackCOMMON                         76       76        6       70       1
                cstackBANK1                          A0       A0       40       A0       1
                cstackBANK2                         120      120       40      120       1
                clrtext                            1733     1733        6     2E66       0
                inittext                           1739     1739        6     2E72       0
                bssBANK4                            220      220       44      220       1
                bssBANK3                            1A0      1A0       35      1A0       1
                dataBANK2                           160      160        8      120       1
                bssBANK2                            168      168        6      120       1
                bssBANK1                             E0       E0        C       A0       1
                dataBANK0                            6F       6F        1       20       1
                bssBANK0                             5C       5C       12       20       1
                bssCOMMON                            70       70        6       70       1
                stringtext5                        180C     180C        B     3000       0
                stringtext4                        1800     1800        C     3000       0
                stringtext3                        1030     1030        D     2000       0
                stringtext2                        1020     1020       10     2000       0
                nvBANK3                             1D5      1D5        6      1A0       1
                nvBANK2                             16E      16E        2      120       1
                nvBANK1                              EC       EC        4       A0       1
                nvBANK0                              6E       6E        1       20       1
                stringtext1                        1000     1000       20     2000       0
                idataBANK2                         178B     178B        8     2F16       0
                idataBANK0                          7FF      7FF        1        8       0

TOTAL           Name                               Link     Load   Length     Space
        CLASS   STACK          

        CLASS   CODE           
                end_init                             47       47        2         0
                cinit                                49       49       40         0
                intentry                              4        4       43         0
                reset_vec                             0        0        2         0
                text113                             89E      89E       17         0
                text112                            16B1     16B1        3         0
                text111                            16AE     16AE        1         0
                text110                            16E7     16E7        4         0
                text109                             C01      C01       34         0
                text108                             952      952       1E         0
                text107                            16AF     16AF        1         0
                text106                            17F3     17F3        D         0
                text105                            1721     1721        6         0
                text104                            16EB     16EB        4         0
                text103                            16B4     16B4        3         0
                text102                            16B7     16B7        3         0
                text101                             800      800        2         0
                text100                               2        2        2         0
                text99                             16BA     16BA        3         0
                text98                             16B0     16B0        1         0
                text97                             16EF     16EF        4         0
                text96                             16BD     16BD        3         0
                text95                             1717     1717        5         0
                text94                             175B     175B        8         0
                text93                             16C0     16C0        3         0
                text92                              B3A      B3A       31         0
                text91                             173F     173F        7         0
                text90                             171C     171C        5         0
                text89                             16F3     16F3        4         0
                text88                             16F7     16F7        4         0
                text87                             16FB     16FB        4         0
                text86                             16FF     16FF        4         0
                text85                             1763     1763        8         0
                text84                             1746     1746        7         0
                text83                             1727     1727        6         0
                text82                             1703     1703        4         0
                text81                             1707     1707        4         0
                text80                             170B     170B        4         0
                text79                              AE4      AE4       2B         0
                text78                              DD4      DD4       4F         0
                text77                              CFD      CFD       46         0
                text76                             16C3     16C3        3         0
                text75                              9D0      9D0       26         0
                text74                             16C6     16C6        3         0
                text73                             16C9     16C9        3         0
                text71                              810      810        F         0
                text70                              7EA      7EA       15         0
                text69                              82E      82E       11         0
                text68                              970      970       1E         0
                text67                              8CC      8CC       18         0
                text66                              C35      C35       41         0
                text65                              6FA      6FA       F0         0
                text64                              81F      81F        F         0
                text63                             176B     176B        8         0
                text62                             1793     1793        9         0
                text61                             179C     179C        9         0
                text60                             17A5     17A5        9         0
                text59                             17AE     17AE        9         0
                text58                             17B7     17B7        9         0
                text57                              C76      C76       43         0
                text56                             1773     1773        8         0
                text55                             17C0     17C0        9         0
                text54                              CB9      CB9       44         0
                text53                             177B     177B        8         0
                text52                             17E7     17E7        C         0
                text51                             174D     174D        7         0
                text50                             1783     1783        8         0
                text49                             170F     170F        4         0
                text48                              8E4      8E4       1B         0
                text47                              EC4      EC4       58         0
                text46                             16CC     16CC        3         0
                text45                             16CF     16CF        3         0
                text44                             16D2     16D2        3         0
                text43                             1754     1754        7         0
                text42                             16D5     16D5        3         0
                text41                             17DC     17DC        B         0
                text40                             1713     1713        4         0
                text39                             16D8     16D8        3         0
                text38                             16DB     16DB        3         0
                text37                             16DE     16DE        3         0
                text36                             16E1     16E1        3         0
                text35                             16E4     16E4        3         0
                text34                             172D     172D        6         0
                text33                              91A      91A       1C         0
                text32                              9AC      9AC       24         0
                text31                             17C9     17C9        9         0
                text30                              8FF      8FF       1B         0
                text29                              E23      E23       4F         0
                text28                              802      802        E         0
                text27                              8B5      8B5       17         0
                text26                              B0F      B0F       2B         0
                text25                              9F6      9F6       27         0
                text24                              B6B      B6B       32         0
                text23                              F1C      F1C       64         0
                text22                              360      360      191         0
                text21                              83F      83F       13         0
                text20                              E72      E72       52         0
                text19                              936      936       1C         0
                text18                               89       89      2D7         0
                text17                              D8A      D8A       4A         0
                text16                              607      607       F3         0
                text15                              F80      F80       80         0
                text14                             17D2     17D2        A         0
                text13                              98E      98E       1E         0
                text12                              852      852       13         0
                text11                              865      865       13         0
                text10                              B9D      B9D       32         0
                text9                               BCF      BCF       32         0
                text8                               A1D      A1D       27         0
                text7                               A92      A92       29         0
                text6                               A44      A44       27         0
                text5                               A6B      A6B       27         0
                text4                               878      878       13         0
                text3                               88B      88B       13         0
                text2                               ABB      ABB       29         0
                text1                               4F1      4F1      116         0
                maintext                            D43      D43       47         0
                clrtext                            1733     1733        6         0
                inittext                           1739     1739        6         0
                idataBANK2                         178B     178B        8         0
                idataBANK0                          7FF      7FF        1         0

        CLASS   STRCODE        
                stringtext5                        180C     180C        B         0
                stringtext4                        1800     1800        C         0
                stringtext3                        1030     1030        D         0
                stringtext2                        1020     1020       10         0
                stringtext1                        1000     1000       20         0

        CLASS   STRING         

        CLASS   CONST          

        CLASS   ENTRY          

        CLASS   COMMON         
                cstackCOMMON                         76       76        6         1
                bssCOMMON                            70       70        6         1

        CLASS   BANK0          
                cstackBANK0                          20       20       3C         1
                dataBANK0                            6F       6F        1         1
                bssBANK0                             5C       5C       12         1
                nvBANK0                              6E       6E        1         1

        CLASS   BANK1          
                cstackBANK1                          A0       A0       40         1
                bssBANK1                             E0       E0        C         1
                nvBANK1                              EC       EC        4         1

        CLASS   BANK2          
                cstackBANK2                         120      120       40         1
                dataBANK2                           160      160        8         1
                bssBANK2                            168      168        6         1
                nvBANK2                             16E      16E        2         1

        CLASS   BANK3          
                bssBANK3                            1A0      1A0       35         1
                nvBANK3                             1D5      1D5        6         1

        CLASS   BANK4          
                bssBANK4                            220      220       44         1

        CLASS   BANK5          

        CLASS   BANK6          

        CLASS   BANK7          

        CLASS   BANK8          

        CLASS   BANK9          

        CLASS   BANK10         

        CLASS   BANK11         

        CLASS   BANK12         

        CLASS   BIGRAM         

        CLASS   RAM            

        CLASS   ABS1           
                abs_s1                               7E       7E        2         1

        CLASS   SFR0           

        CLASS   SFR1           

        CLASS   SFR2           

        CLASS   SFR3           

        CLASS   SFR4           

        CLASS   SFR5           

        CLASS   SFR6           

        CLASS   SFR7           

        CLASS   SFR8           

        CLASS   SFR9           

        CLASS   SFR10          

        CLASS   SFR11          

        CLASS   SFR12          

        CLASS   SFR13          

        CLASS   SFR14          

        CLASS   SFR15          

        CLASS   SFR16          

        CLASS   SFR17          

        CLASS   SFR18          

        CLASS   SFR19          

        CLASS   SFR20          

        CLASS   SFR21          

        CLASS   SFR22          

        CLASS   SFR23          

        CLASS   SFR24          

        CLASS   SFR25          

        CLASS   SFR26          

        CLASS   SFR27          

        CLASS   SFR28          

        CLASS   SFR29          

        CLASS   SFR30          

        CLASS   SFR31          

        CLASS   CONFIG         
                config                             8007     8007        4         0

        CLASS   IDLOC          

        CLASS   EEDATA         

        CLASS   BANK31         

        CLASS   BANK30         

        CLASS   BANK29         

        CLASS   BANK28         

        CLASS   BANK27         

        CLASS   BANK26         

        CLASS   BANK25         

        CLASS   BANK24         

        CLASS   BANK23         

        CLASS   BANK22         

        CLASS   BANK21         

        CLASS   BANK20         

        CLASS   BANK19         

        CLASS   BANK18         

        CLASS   BANK17         

        CLASS   BANK16         

        CLASS   BANK15         

        CLASS   BANK14         

        CLASS   BANK13         



SEGMENTS        Name                           Load    Length   Top    Selector   Space  Class     Delta

                reset_vec                      000000  000004  000004         0       0  CODE        2
                intentry                       000004  0007FC  000800         8       0  CODE        2
                cstackBANK0                    000020  000050  000070        20       1  BANK0       1
                bssCOMMON                      000070  00000C  00007C        70       1  COMMON      1
                cstackBANK1                    0000A0  000050  0000F0        A0       1  BANK1       1
                cstackBANK2                    000120  000050  000170       120       1  BANK2       1
                bssBANK3                       0001A0  00003B  0001DB       1A0       1  BANK3       1
                bssBANK4                       000220  000044  000264       220       1  BANK4       1
                text101                        000800  000002  000802      1000       0  CODE        2
                text28                         000802  00000E  000810      1004       0  CODE        2
                text71                         000810  00000F  00081F      1020       0  CODE        2
                text64                         00081F  00000F  00082E      103E       0  CODE        2
                text69                         00082E  000011  00083F      105C       0  CODE        2
                text21                         00083F  000013  000852      107E       0  CODE        2
                text12                         000852  000013  000865      10A4       0  CODE        2
                text11                         000865  000013  000878      10CA       0  CODE        2
                text4                          000878  000013  00088B      10F0       0  CODE        2
                text3                          00088B  000013  00089E      1116       0  CODE        2
                text113                        00089E  000017  0008B5      113C       0  CODE        2
                text27                         0008B5  000017  0008CC      116A       0  CODE        2
                text67                         0008CC  000018  0008E4      1198       0  CODE        2
                text48                         0008E4  00001B  0008FF      11C8       0  CODE        2
                text30                         0008FF  00001B  00091A      11FE       0  CODE        2
                text33                         00091A  00001C  000936      1234       0  CODE        2
                text19                         000936  00001C  000952      126C       0  CODE        2
                text108                        000952  00001E  000970      12A4       0  CODE        2
                text68                         000970  00001E  00098E      12E0       0  CODE        2
                text13                         00098E  00001E  0009AC      131C       0  CODE        2
                text32                         0009AC  000024  0009D0      1358       0  CODE        2
                text75                         0009D0  000026  0009F6      13A0       0  CODE        2
                text25                         0009F6  000027  000A1D      13EC       0  CODE        2
                text8                          000A1D  000027  000A44      143A       0  CODE        2
                text6                          000A44  000027  000A6B      1488       0  CODE        2
                text5                          000A6B  000027  000A92      14D6       0  CODE        2
                text7                          000A92  000029  000ABB      1524       0  CODE        2
                text2                          000ABB  000029  000AE4      1576       0  CODE        2
                text79                         000AE4  00002B  000B0F      15C8       0  CODE        2
                text26                         000B0F  00002B  000B3A      161E       0  CODE        2
                text92                         000B3A  000031  000B6B      1674       0  CODE        2
                text24                         000B6B  000032  000B9D      16D6       0  CODE        2
                text10                         000B9D  000032  000BCF      173A       0  CODE        2
                text9                          000BCF  000032  000C01      179E       0  CODE        2
                text109                        000C01  000034  000C35      1802       0  CODE        2
                text66                         000C35  000041  000C76      186A       0  CODE        2
                text57                         000C76  000043  000CB9      18EC       0  CODE        2
                text54                         000CB9  000044  000CFD      1972       0  CODE        2
                text77                         000CFD  000046  000D43      19FA       0  CODE        2
                maintext                       000D43  000047  000D8A      1A86       0  CODE        2
                text17                         000D8A  00004A  000DD4      1B14       0  CODE        2
                text78                         000DD4  00004F  000E23      1BA8       0  CODE        2
                text29                         000E23  00004F  000E72      1C46       0  CODE        2
                text20                         000E72  000052  000EC4      1CE4       0  CODE        2
                text47                         000EC4  000058  000F1C      1D88       0  CODE        2
                text23                         000F1C  000064  000F80      1E38       0  CODE        2
                text15                         000F80  000080  001000      1F00       0  CODE        2
                stringtext1                    001000  00003D  00103D      2000       0  STRCODE     2
                text111                        0016AE  000001  0016AF      2D5C       0  CODE        2
                text107                        0016AF  000001  0016B0      2D5E       0  CODE        2
                text98                         0016B0  000001  0016B1      2D60       0  CODE        2
                text112                        0016B1  000003  0016B4      2D62       0  CODE        2
                text103                        0016B4  000003  0016B7      2D68       0  CODE        2
                text102                        0016B7  000003  0016BA      2D6E       0  CODE        2
                text99                         0016BA  000003  0016BD      2D74       0  CODE        2
                text96                         0016BD  000003  0016C0      2D7A       0  CODE        2
                text93                         0016C0  000003  0016C3      2D80       0  CODE        2
                text76                         0016C3  000003  0016C6      2D86       0  CODE        2
                text74                         0016C6  000003  0016C9      2D8C       0  CODE        2
                text73                         0016C9  000003  0016CC      2D92       0  CODE        2
                text46                         0016CC  000003  0016CF      2D98       0  CODE        2
                text45                         0016CF  000003  0016D2      2D9E       0  CODE        2
                text44                         0016D2  000003  0016D5      2DA4       0  CODE        2
                text42                         0016D5  000003  0016D8      2DAA       0  CODE        2
                text39                         0016D8  000003  0016DB      2DB0       0  CODE        2
                text38                         0016DB  000003  0016DE      2DB6       0  CODE        2
                text37                         0016DE  000003  0016E1      2DBC       0  CODE        2
                text36                         0016E1  000003  0016E4      2DC2       0  CODE        2
                text35                         0016E4  000003  0016E7      2DC8       0  CODE        2
                text110                        0016E7  000004  0016EB      2DCE       0  CODE        2
                text104                        0016EB  000004  0016EF      2DD6       0  CODE        2
                text97                         0016EF  000004  0016F3      2DDE       0  CODE        2
                text89                         0016F3  000004  0016F7      2DE6       0  CODE        2
                text88                         0016F7  000004  0016FB      2DEE       0  CODE        2
                text87                         0016FB  000004  0016FF      2DF6       0  CODE        2
                text86                         0016FF  000004  001703      2DFE       0  CODE        2
                text82                         001703  000004  001707      2E06       0  CODE        2
                text81                         001707  000004  00170B      2E0E       0  CODE        2
                text80                         00170B  000004  00170F      2E16       0  CODE        2
                text49                         00170F  000004  001713      2E1E       0  CODE        2
                text40                         001713  000004  001717      2E26       0  CODE        2
                text95                         001717  000005  00171C      2E2E       0  CODE        2
                text90                         00171C  000005  001721      2E38       0  CODE        2
                text105                        001721  000006  001727      2E42       0  CODE        2
                text83                         001727  000006  00172D      2E4E       0  CODE        2
                text34                         00172D  000006  001733      2E5A       0  CODE        2
                clrtext                        001733  000006  001739      2E66       0  CODE        2
                inittext                       001739  000006  00173F      2E72       0  CODE        2
                text91                         00173F  000007  001746      2E7E       0  CODE        2
                text84                         001746  000007  00174D      2E8C       0  CODE        2
                text51                         00174D  000007  001754      2E9A       0  CODE        2
                text43                         001754  000007  00175B      2EA8       0  CODE        2
                text94                         00175B  000008  001763      2EB6       0  CODE        2
                text85                         001763  000008  00176B      2EC6       0  CODE        2
                text63                         00176B  000008  001773      2ED6       0  CODE        2
                text56                         001773  000008  00177B      2EE6       0  CODE        2
                text53                         00177B  000008  001783      2EF6       0  CODE        2
                text50                         001783  000008  00178B      2F06       0  CODE        2
                idataBANK2                     00178B  000008  001793      2F16       0  CODE        2
                text62                         001793  000009  00179C      2F26       0  CODE        2
                text61                         00179C  000009  0017A5      2F38       0  CODE        2
                text60                         0017A5  000009  0017AE      2F4A       0  CODE        2
                text59                         0017AE  000009  0017B7      2F5C       0  CODE        2
                text58                         0017B7  000009  0017C0      2F6E       0  CODE        2
                text55                         0017C0  000009  0017C9      2F80       0  CODE        2
                text31                         0017C9  000009  0017D2      2F92       0  CODE        2
                text14                         0017D2  00000A  0017DC      2FA4       0  CODE        2
                text41                         0017DC  00000B  0017E7      2FB8       0  CODE        2
                text52                         0017E7  00000C  0017F3      2FCE       0  CODE        2
                text106                        0017F3  00000D  001800      2FE6       0  CODE        2
                stringtext4                    001800  000017  001817      3000       0  STRCODE     2
                config                         008007  000004  00800B     1000E       0  CONFIG      2


UNUSED ADDRESS RANGES

        Name                Unused          Largest block    Delta
        BANK10           00520-0056F              50           1
        BANK11           005A0-005EF              50           1
        BANK12           00620-0064F              30           1
        BANK3            001DB-001EF              15           1
        BANK4            00264-0026F               C           1
        BANK5            002A0-002EF              50           1
        BANK6            00320-0036F              50           1
        BANK7            003A0-003EF              50           1
        BANK8            00420-0046F              50           1
        BANK9            004A0-004EF              50           1
        BIGRAM           02000-023EF             3F0           1
        CODE             0103D-016AD             671           2
                         01817-01FFF             7E9
        COMMON           0007C-0007D               2           1
        CONST            0103D-016AD             100           2
                         01817-01FFF             100
        EEDATA           0F000-0F0FF             100           2
        ENTRY            0103D-016AD             100           2
                         01817-01FFF             100
        IDLOC            08000-08003               4           2
        RAM              001DB-001EF              15           1
                         00264-0026F               C
                         002A0-002EF              50
                         00320-0036F              50
                         003A0-003EF              50
                         00420-0046F              50
                         004A0-004EF              50
                         00520-0056F              50
                         005A0-005EF              50
                         00620-0064F              30
        SFR0             00000-0001F              20           1
        SFR1             00080-0009F              20           1
        SFR10            00500-0051F              20           1
        SFR11            00580-0059F              20           1
        SFR12            00600-0061F              20           1
        SFR13            00680-006EF              70           1
        SFR14            00700-0076F              70           1
        SFR15            00780-007EF              70           1
        SFR16            00800-0086F              70           1
        SFR17            00880-008EF              70           1
        SFR18            00900-0096F              70           1
        SFR19            00980-009EF              70           1
        SFR2             00100-0011F              20           1
        SFR20            00A00-00A6F              70           1
        SFR21            00A80-00AEF              70           1
        SFR22            00B00-00B6F              70           1
        SFR23            00B80-00BEF              70           1
        SFR24            00C00-00C6F              70           1
        SFR25            00C80-00CEF              70           1
        SFR26            00D00-00D6F              70           1
        SFR27            00D80-00DEF              70           1
        SFR28            00E00-00E6F              70           1
        SFR29            00E80-00EEF              70           1
        SFR3             00180-0019F              20           1
        SFR30            00F00-00F6F              70           1
        SFR31            00F80-00FEF              70           1
        SFR4             00200-0021F              20           1
        SFR5             00280-0029F              20           1
        SFR6             00300-0031F              20           1
        SFR7             00380-0039F              20           1
        SFR8             00400-0041F              20           1
        SFR9             00480-0049F              20           1
        STACK            02184-023EF             26C           1
        STRCODE          0103D-016AD             671           2
                         01817-01FFF             7E9
        STRING           0103D-016AD             100           2
                         01817-01FFF             100

                                  Symbol Table

?_ADC_GetConversion                            cstackBANK0  00020
?___awdiv                                      cstackBANK0  00026
?___wmul                                       cstackBANK0  00020
?_readGesture                                  cstackBANK0  0004F
?_strlen                                       cstackBANK0  00020
?_wireReadDataBlock                            cstackBANK0  00026
?_wireWriteDataByte                            cstackBANK0  00026
ADC_GetConversion@channel                      cstackBANK0  00023
Display_Name@i                                 cstackBANK0  0002A
Display_Name@length                            cstackBANK0  00028
Display_Name@string1                           cstackBANK0  00025
EUSART_SetErrorHandler@interruptHandler        cstackBANK0  00020
EUSART_SetFramingErrorHandler@interruptHandler cstackBANK0  00020
EUSART_SetOverrunErrorHandler@interruptHandler cstackBANK0  00020
EUSART_SetRxInterruptHandler@interruptHandler  cstackBANK0  00020
EUSART_SetTxInterruptHandler@interruptHandler  cstackBANK0  00020
Get_ADC@val                                    cstackBANK0  0002F
I2C_Write_Byte@Byte                            cstackBANK0  00023
I2C_Write_Byte@count                           cstackBANK0  00024
IOCAF4_SetInterruptHandler@InterruptHandler    cstackBANK0  00020
SPI2_Exchange8bit@data                         cstackBANK0  00020
SPI_Write@incoming                             cstackBANK0  00022
UART_Byte@bits                                 cstackBANK0  0002E
UART_Byte@i                                    cstackBANK0  00032
UART_Byte@tempBright                           cstackBANK0  0002C
UART_Byte@tempName                             cstackBANK0  0002A
UART_Byte@tempOn                               cstackBANK0  00026
UART_Byte@tempProx                             cstackBANK0  00028
_ADACT                                         (abs)        0009F
_ADCON0                                        (abs)        0009D
_ADCON0bits                                    (abs)        0009D
_ADCON1                                        (abs)        0009E
_ADC_GetConversion                             text68       00970
_ADC_Initialize                                text63       0176B
_ADRESH                                        (abs)        0009C
_ADRESL                                        (abs)        0009B
_ANSELA                                        (abs)        0018C
_ANSELB                                        (abs)        0018D
_ANSELC                                        (abs)        0018E
_BAUD1CON                                      (abs)        0019F
_CCP1CON                                       (abs)        00293
_CCP1CONbits                                   (abs)        00293
_CCPR1H                                        (abs)        00292
_CCPR1L                                        (abs)        00291
_CCPTMRSbits                                   (abs)        0029F
_Display_Clear                                 text69       0082E
_Display_Name                                  text66       00C35
_EUSART_DefaultErrorHandler                    text112      016B1
_EUSART_DefaultFramingErrorHandler             text111      016AE
_EUSART_DefaultOverrunErrorHandler             text110      016E7
_EUSART_ErrorHandler                           nvBANK3      001D5
_EUSART_FramingErrorHandler                    nvBANK3      001D9
_EUSART_Initialize                             text57       00C76
_EUSART_OverrunErrorHandler                    nvBANK3      001D7
_EUSART_Receive_ISR                            text109      00C01
_EUSART_RxDataHandler                          text113      0089E
_EUSART_RxDefaultInterruptHandler              nvBANK2      0016E
_EUSART_SetErrorHandler                        text62       01793
_EUSART_SetFramingErrorHandler                 text61       0179C
_EUSART_SetOverrunErrorHandler                 text60       017A5
_EUSART_SetRxInterruptHandler                  text59       017AE
_EUSART_SetTxInterruptHandler                  text58       017B7
_EUSART_Transmit_ISR                           text108      00952
_EUSART_TxDefaultInterruptHandler              nvBANK1      000EE
_Get_ADC                                       text65       006FA
_I2C_ReStart                                   text45       016CF
_I2C_Read_Byte                                 text41       017DC
_I2C_Send_NACK                                 text39       016D8
_I2C_Start                                     text37       016DE
_I2C_Stop                                      text35       016E4
_I2C_Write_Byte                                text33       0091A
_INTCONbits                                    (abs)        0000B
_INTERRUPT_InterruptManager                    intentry     00004
_IOCAF4_DefaultInterruptHandler                text107      016AF
_IOCAF4_ISR                                    text106      017F3
_IOCAF4_InterruptHandler                       nvBANK1      000EC
_IOCAF4_SetInterruptHandler                    text55       017C0
_IOCAFbits                                     (abs)        00393
_IOCANbits                                     (abs)        00392
_IOCAPbits                                     (abs)        00391
_LATA                                          (abs)        0010C
_LATB                                          (abs)        0010D
_LATC                                          (abs)        0010E
_LATCbits                                      (abs)        0010E
_ODCONA                                        (abs)        0028C
_ODCONB                                        (abs)        0028D
_ODCONC                                        (abs)        0028E
_OSCCON1                                       (abs)        00919
_OSCCON3                                       (abs)        0091B
_OSCEN                                         (abs)        0091D
_OSCFRQ                                        (abs)        0091F
_OSCILLATOR_Initialize                         text56       01773
_OSCTUNE                                       (abs)        0091E
_PIE0bits                                      (abs)        00090
_PIE1bits                                      (abs)        00091
_PIN_MANAGER_IOC                               text105      01721
_PIN_MANAGER_Initialize                        text54       00CB9
_PIR0bits                                      (abs)        00010
_PIR1bits                                      (abs)        00011
_PIR_Sensor                                    text64       0081F
_PMD0                                          (abs)        00911
_PMD1                                          (abs)        00912
_PMD2                                          (abs)        00913
_PMD3                                          (abs)        00914
_PMD4                                          (abs)        00915
_PMD5                                          (abs)        00916
_PMD_Initialize                                text53       0177B
_PORTCbits                                     (abs)        0000E
_PR2                                           (abs)        0001E
_PWM1_Initialize                               text52       017E7
_RA4PPS                                        (abs)        00E94
_RB6PPS                                        (abs)        00E9E
_RB7PPS                                        (abs)        00E9F
_RC1REG                                        (abs)        00199
_RC1STA                                        (abs)        0019D
_RC1STAbits                                    (abs)        0019D
_RC2PPS                                        (abs)        00EA2
_RC5PPS                                        (abs)        00EA5
_RC6PPS                                        (abs)        00EA6
_SLRCONA                                       (abs)        0030C
_SLRCONB                                       (abs)        0030D
_SLRCONC                                       (abs)        0030E
_SP1BRGH                                       (abs)        0019C
_SP1BRGL                                       (abs)        0019B
_SPI2_Exchange8bit                             text71       00810
_SPI2_Initialize                               text51       0174D
_SPI_Write                                     text70       007EA
_SSP1ADD                                       (abs)        00212
_SSP1BUF                                       (abs)        00211
_SSP1CLKPPS                                    (abs)        00E20
_SSP1CON1                                      (abs)        00215
_SSP1CON1bits                                  (abs)        00215
_SSP1CON2                                      (abs)        00216
_SSP1CON2bits                                  (abs)        00216
_SSP1DATPPS                                    (abs)        00E21
_SSP1MSK                                       (abs)        00213
_SSP1STAT                                      (abs)        00214
_SSP1STATbits                                  (abs)        00214
_SSP2ADD                                       (abs)        0021A
_SSP2BUF                                       (abs)        00219
_SSP2CLKPPS                                    (abs)        00E1D
_SSP2CON1                                      (abs)        0021D
_SSP2CON1bits                                  (abs)        0021D
_SSP2DATPPS                                    (abs)        00E1E
_SSP2STAT                                      (abs)        0021C
_SSP2STATbits                                  (abs)        0021C
_SYSTEM_Initialize                             text48       008E4
_T2CON                                         (abs)        0001F
_T2CONbits                                     (abs)        0001F
_TMR2                                          (abs)        0001D
_TMR2_Initialize                               text50       01783
_TRISA                                         (abs)        0008C
_TRISB                                         (abs)        0008D
_TRISC                                         (abs)        0008E
_TX1REG                                        (abs)        0019A
_TX1STA                                        (abs)        0019E
_TX1STAbits                                    (abs)        0019E
_TXREG1                                        (abs)        0019A
_TXSTA1bits                                    (abs)        0019E
_UART_Byte                                     text47       00EC4
_WDTCON                                        (abs)        00097
_WDT_Initialize                                text49       0170F
_WPUA                                          (abs)        0020C
_WPUB                                          (abs)        0020D
_WPUC                                          (abs)        0020E
__CFG_BOREN$ON                                 (abs)        00000
__CFG_BORV$LOW                                 (abs)        00000
__CFG_CLKOUTEN$OFF                             (abs)        00000
__CFG_CP$OFF                                   (abs)        00000
__CFG_CPD$OFF                                  (abs)        00000
__CFG_CSWEN$ON                                 (abs)        00000
__CFG_DEBUG$OFF                                (abs)        00000
__CFG_FCMEN$ON                                 (abs)        00000
__CFG_FEXTOSC$OFF                              (abs)        00000
__CFG_LPBOREN$OFF                              (abs)        00000
__CFG_LVP$ON                                   (abs)        00000
__CFG_MCLRE$ON                                 (abs)        00000
__CFG_PPS1WAY$ON                               (abs)        00000
__CFG_PWRTE$OFF                                (abs)        00000
__CFG_RSTOSC$HFINT1                            (abs)        00000
__CFG_STVREN$ON                                (abs)        00000
__CFG_WDTE$SWDTEN                              (abs)        00000
__CFG_WRT$OFF                                  (abs)        00000
__Habs1                                        abs1         00000
__Hbank0                                       bank0        00000
__Hbank1                                       bank1        00000
__Hbank10                                      bank10       00000
__Hbank11                                      bank11       00000
__Hbank12                                      bank12       00000
__Hbank13                                      bank13       00000
__Hbank14                                      bank14       00000
__Hbank15                                      bank15       00000
__Hbank16                                      bank16       00000
__Hbank17                                      bank17       00000
__Hbank18                                      bank18       00000
__Hbank19                                      bank19       00000
__Hbank2                                       bank2        00000
__Hbank20                                      bank20       00000
__Hbank21                                      bank21       00000
__Hbank22                                      bank22       00000
__Hbank23                                      bank23       00000
__Hbank24                                      bank24       00000
__Hbank25                                      bank25       00000
__Hbank26                                      bank26       00000
__Hbank27                                      bank27       00000
__Hbank28                                      bank28       00000
__Hbank29                                      bank29       00000
__Hbank3                                       bank3        00000
__Hbank30                                      bank30       00000
__Hbank31                                      bank31       00000
__Hbank4                                       bank4        00000
__Hbank5                                       bank5        00000
__Hbank6                                       bank6        00000
__Hbank7                                       bank7        00000
__Hbank8                                       bank8        00000
__Hbank9                                       bank9        00000
__Hbigram                                      bigram       00000
__HbssBANK0                                    bssBANK0     00000
__HbssBANK1                                    bssBANK1     00000
__HbssBANK2                                    bssBANK2     00000
__HbssBANK3                                    bssBANK3     00000
__HbssBANK4                                    bssBANK4     00000
__HbssCOMMON                                   bssCOMMON    00000
__Hcinit                                       cinit        00089
__Hclrtext                                     clrtext      00000
__Hcode                                        code         00000
__Hcommon                                      common       00000
__Hconfig                                      config       0800B
__HcstackBANK0                                 cstackBANK0  00000
__HcstackBANK1                                 cstackBANK1  00000
__HcstackBANK2                                 cstackBANK2  00000
__HcstackCOMMON                                cstackCOMMON 00000
__HdataBANK0                                   dataBANK0    00000
__HdataBANK2                                   dataBANK2    00000
__Heeprom_data                                 eeprom_data  00000
__Hend_init                                    end_init     00049
__Hfunctab                                     functab      00000
__HidataBANK0                                  idataBANK0   00000
__HidataBANK2                                  idataBANK2   00000
__Hidloc                                       idloc        00000
__Hinit                                        init         00047
__Hinittext                                    inittext     00000
__Hintentry                                    intentry     00047
__Hmaintext                                    maintext     00000
__HnvBANK0                                     nvBANK0      00000
__HnvBANK1                                     nvBANK1      00000
__HnvBANK2                                     nvBANK2      00000
__HnvBANK3                                     nvBANK3      00000
__Hpowerup                                     powerup      00000
__Hram                                         ram          00000
__Hreset_vec                                   reset_vec    00002
__Hsfr0                                        sfr0         00000
__Hsfr1                                        sfr1         00000
__Hsfr10                                       sfr10        00000
__Hsfr11                                       sfr11        00000
__Hsfr12                                       sfr12        00000
__Hsfr13                                       sfr13        00000
__Hsfr14                                       sfr14        00000
__Hsfr15                                       sfr15        00000
__Hsfr16                                       sfr16        00000
__Hsfr17                                       sfr17        00000
__Hsfr18                                       sfr18        00000
__Hsfr19                                       sfr19        00000
__Hsfr2                                        sfr2         00000
__Hsfr20                                       sfr20        00000
__Hsfr21                                       sfr21        00000
__Hsfr22                                       sfr22        00000
__Hsfr23                                       sfr23        00000
__Hsfr24                                       sfr24        00000
__Hsfr25                                       sfr25        00000
__Hsfr26                                       sfr26        00000
__Hsfr27                                       sfr27        00000
__Hsfr28                                       sfr28        00000
__Hsfr29                                       sfr29        00000
__Hsfr3                                        sfr3         00000
__Hsfr30                                       sfr30        00000
__Hsfr31                                       sfr31        00000
__Hsfr4                                        sfr4         00000
__Hsfr5                                        sfr5         00000
__Hsfr6                                        sfr6         00000
__Hsfr7                                        sfr7         00000
__Hsfr8                                        sfr8         00000
__Hsfr9                                        sfr9         00000
__Hspace_0                                     (abs)        0800B
__Hspace_1                                     (abs)        00264
__Hspace_2                                     (abs)        00000
__Hspace_3                                     (abs)        00000
__Hstack                                       stack        00000
__Hstrings                                     strings      00000
__Hstringtext1                                 stringtext1  00000
__Hstringtext2                                 stringtext2  00000
__Hstringtext3                                 stringtext3  00000
__Hstringtext4                                 stringtext4  00000
__Hstringtext5                                 stringtext5  00000
__Hstringtext6                                 stringtext6  00000
__Htext                                        text         00000
__Labs1                                        abs1         00000
__Lbank0                                       bank0        00000
__Lbank1                                       bank1        00000
__Lbank10                                      bank10       00000
__Lbank11                                      bank11       00000
__Lbank12                                      bank12       00000
__Lbank13                                      bank13       00000
__Lbank14                                      bank14       00000
__Lbank15                                      bank15       00000
__Lbank16                                      bank16       00000
__Lbank17                                      bank17       00000
__Lbank18                                      bank18       00000
__Lbank19                                      bank19       00000
__Lbank2                                       bank2        00000
__Lbank20                                      bank20       00000
__Lbank21                                      bank21       00000
__Lbank22                                      bank22       00000
__Lbank23                                      bank23       00000
__Lbank24                                      bank24       00000
__Lbank25                                      bank25       00000
__Lbank26                                      bank26       00000
__Lbank27                                      bank27       00000
__Lbank28                                      bank28       00000
__Lbank29                                      bank29       00000
__Lbank3                                       bank3        00000
__Lbank30                                      bank30       00000
__Lbank31                                      bank31       00000
__Lbank4                                       bank4        00000
__Lbank5                                       bank5        00000
__Lbank6                                       bank6        00000
__Lbank7                                       bank7        00000
__Lbank8                                       bank8        00000
__Lbank9                                       bank9        00000
__Lbigram                                      bigram       00000
__LbssBANK0                                    bssBANK0     00000
__LbssBANK1                                    bssBANK1     00000
__LbssBANK2                                    bssBANK2     00000
__LbssBANK3                                    bssBANK3     00000
__LbssBANK4                                    bssBANK4     00000
__LbssCOMMON                                   bssCOMMON    00000
__Lcinit                                       cinit        00049
__Lclrtext                                     clrtext      00000
__Lcode                                        code         00000
__Lcommon                                      common       00000
__Lconfig                                      config       08007
__LcstackBANK0                                 cstackBANK0  00000
__LcstackBANK1                                 cstackBANK1  00000
__LcstackBANK2                                 cstackBANK2  00000
__LcstackCOMMON                                cstackCOMMON 00000
__LdataBANK0                                   dataBANK0    00000
__LdataBANK2                                   dataBANK2    00000
__Leeprom_data                                 eeprom_data  00000
__Lend_init                                    end_init     00047
__Lfunctab                                     functab      00000
__LidataBANK0                                  idataBANK0   00000
__LidataBANK2                                  idataBANK2   00000
__Lidloc                                       idloc        00000
__Linit                                        init         00047
__Linittext                                    inittext     00000
__Lintentry                                    intentry     00004
__Lmaintext                                    maintext     00000
__LnvBANK0                                     nvBANK0      00000
__LnvBANK1                                     nvBANK1      00000
__LnvBANK2                                     nvBANK2      00000
__LnvBANK3                                     nvBANK3      00000
__Lpowerup                                     powerup      00000
__Lram                                         ram          00000
__Lreset_vec                                   reset_vec    00000
__Lsfr0                                        sfr0         00000
__Lsfr1                                        sfr1         00000
__Lsfr10                                       sfr10        00000
__Lsfr11                                       sfr11        00000
__Lsfr12                                       sfr12        00000
__Lsfr13                                       sfr13        00000
__Lsfr14                                       sfr14        00000
__Lsfr15                                       sfr15        00000
__Lsfr16                                       sfr16        00000
__Lsfr17                                       sfr17        00000
__Lsfr18                                       sfr18        00000
__Lsfr19                                       sfr19        00000
__Lsfr2                                        sfr2         00000
__Lsfr20                                       sfr20        00000
__Lsfr21                                       sfr21        00000
__Lsfr22                                       sfr22        00000
__Lsfr23                                       sfr23        00000
__Lsfr24                                       sfr24        00000
__Lsfr25                                       sfr25        00000
__Lsfr26                                       sfr26        00000
__Lsfr27                                       sfr27        00000
__Lsfr28                                       sfr28        00000
__Lsfr29                                       sfr29        00000
__Lsfr3                                        sfr3         00000
__Lsfr30                                       sfr30        00000
__Lsfr31                                       sfr31        00000
__Lsfr4                                        sfr4         00000
__Lsfr5                                        sfr5         00000
__Lsfr6                                        sfr6         00000
__Lsfr7                                        sfr7         00000
__Lsfr8                                        sfr8         00000
__Lsfr9                                        sfr9         00000
__Lspace_0                                     (abs)        00000
__Lspace_1                                     (abs)        00000
__Lspace_2                                     (abs)        00000
__Lspace_3                                     (abs)        00000
__Lstack                                       stack        00000
__Lstrings                                     strings      00000
__Lstringtext1                                 stringtext1  00000
__Lstringtext2                                 stringtext2  00000
__Lstringtext3                                 stringtext3  00000
__Lstringtext4                                 stringtext4  00000
__Lstringtext5                                 stringtext5  00000
__Lstringtext6                                 stringtext6  00000
__Ltext                                        text         00000
__S0                                           (abs)        0800B
__S1                                           (abs)        00264
__S2                                           (abs)        00000
__S3                                           (abs)        00000
___awdiv                                       text20       00E72
___awdiv@counter                               cstackBANK0  0002B
___awdiv@dividend                              cstackBANK0  00028
___awdiv@divisor                               cstackBANK0  00026
___awdiv@quotient                              cstackBANK0  0002D
___awdiv@sign                                  cstackBANK0  0002C
___int_sp                                      stack        00000
___latbits                                     (abs)        00002
___sp                                          stack        00000
___stackhi                                     (abs)        023EF
___stacklo                                     (abs)        02184
___wmul                                        text19       00936
___wmul@multiplicand                           cstackBANK0  00022
___wmul@multiplier                             cstackBANK0  00020
___wmul@product                                cstackBANK0  00024
__end_of_ADC_GetConversion                     text68       0098E
__end_of_ADC_Initialize                        text63       01773
__end_of_Display_Clear                         text69       0083F
__end_of_Display_Name                          text66       00C76
__end_of_EUSART_DefaultErrorHandler            text112      016B4
__end_of_EUSART_DefaultFramingErrorHandler     text111      016AF
__end_of_EUSART_DefaultOverrunErrorHandler     text110      016EB
__end_of_EUSART_Initialize                     text57       00CB9
__end_of_EUSART_Receive_ISR                    text109      00C35
__end_of_EUSART_RxDataHandler                  text113      008B5
__end_of_EUSART_SetErrorHandler                text62       0179C
__end_of_EUSART_SetFramingErrorHandler         text61       017A5
__end_of_EUSART_SetOverrunErrorHandler         text60       017AE
__end_of_EUSART_SetRxInterruptHandler          text59       017B7
__end_of_EUSART_SetTxInterruptHandler          text58       017C0
__end_of_EUSART_Transmit_ISR                   text108      00970
__end_of_Get_ADC                               text65       007EA
__end_of_I2C_ReStart                           text45       016D2
__end_of_I2C_Read_Byte                         text41       017E7
__end_of_I2C_Send_NACK                         text39       016DB
__end_of_I2C_Start                             text37       016E1
__end_of_I2C_Stop                              text35       016E7
__end_of_I2C_Write_Byte                        text33       00936
__end_of_INTERRUPT_InterruptManager            intentry     00047
__end_of_IOCAF4_DefaultInterruptHandler        text107      016B0
__end_of_IOCAF4_ISR                            text106      01800
__end_of_IOCAF4_SetInterruptHandler            text55       017C9
__end_of_OSCILLATOR_Initialize                 text56       0177B
__end_of_PIN_MANAGER_IOC                       text105      01727
__end_of_PIN_MANAGER_Initialize                text54       00CFD
__end_of_PIR_Sensor                            text64       0082E
__end_of_PMD_Initialize                        text53       01783
__end_of_PWM1_Initialize                       text52       017F3
__end_of_SPI2_Exchange8bit                     text71       0081F
__end_of_SPI2_Initialize                       text51       01754
__end_of_SPI_Write                             text70       007FF
__end_of_SYSTEM_Initialize                     text48       008FF
__end_of_TMR2_Initialize                       text50       0178B
__end_of_UART_Byte                             text47       00F1C
__end_of_WDT_Initialize                        text49       01713
__end_of___awdiv                               text20       00EC4
__end_of___wmul                                text19       00952
__end_of__initialization                       cinit        00085
__end_of_decodeGesture                         text22       004F1
__end_of_do_I2C_DO_ACK                         text82       01707
__end_of_do_I2C_DO_ADDRESS_NACK                text79       00B0F
__end_of_do_I2C_DO_NACK_RESTART                text80       0170F
__end_of_do_I2C_DO_NACK_STOP                   text81       0170B
__end_of_do_I2C_IDLE                           text90       01721
__end_of_do_I2C_RCEN                           text83       0172D
__end_of_do_I2C_RESET                          text91       01746
__end_of_do_I2C_RX                             text77       00D43
[...]
		Nothing
 This function is called by:
		_do_I2C_DO_ACK
		_do_I2C_RX
		_I2C_Send_ACK
 This function uses a non-reentrant model


 *************** function _PIN_MANAGER_IOC *****************
 Defined at:
		line 132 in file "mcc_generated_files/pin_manager.c"
 Parameters:    Size  Location     Type
		None
 Auto vars:     Size  Location     Type
		None
 Return value:  Size  Location     Type
                  1    wreg      void 
 Registers used:
		wreg, status,2, status,0, pclath, cstack
 Tracked objects:
		On entry : 
		On exit  : 
		Unchanged: 
 Data sizes:     COMMON   BANK0   BANK1   BANK2   BANK3   BANK4   BANK5   BANK6   BANK7   BANK8   BANK9  BANK10  BANK11  BANK12
      Params:         0       0       0       0       0       0       0       0       0       0       0       0       0       0
      Locals:         0       0       0       0       0       0       0       0       0       0       0       0       0       0
      Temps:          0       0       0       0       0       0       0       0       0       0       0       0       0       0
      Totals:         0       0       0       0       0       0       0       0       0       0       0       0       0       0
Total ram usage:        0 bytes
 Hardware stack levels used:    1
 Hardware stack levels required when called:    2
 This function calls:
		_IOCAF4_ISR
 This function is called by:
		_INTERRUPT_InterruptManager
 This function uses a non-reentrant model


 *************** function _IOCAF4_ISR *****************
 Defined at:
		line 144 in file "mcc_generated_files/pin_manager.c"
 Parameters:    Size  Location     Type
		None
 Auto vars:     Size  Location     Type
		None
 Return value:  Size  Location     Type
                  1    wreg      void 
 Registers used:
		wreg, status,2, status,0, pclath, cstack
 Tracked objects:
		On entry : 
		On exit  : 
		Unchanged: 
 Data sizes:     COMMON   BANK0   BANK1   BANK2   BANK3   BANK4   BANK5   BANK6   BANK7   BANK8   BANK9  BANK10  BANK11  BANK12
      Params:         0       0       0       0       0       0       0       0       0       0       0       0       0       0
      Locals:         0       0       0       0       0       0       0       0       0       0       0       0       0       0
      Temps:          0       0       0       0       0       0       0       0       0       0       0       0       0       0
      Totals:         0       0       0       0       0       0       0       0       0       0       0       0       0       0
Total ram usage:        0 bytes
 Hardware stack levels used:    1
 Hardware stack levels required when called:    1
 This function calls:
		Absolute function
		_IOCAF4_DefaultInterruptHandler
 This function is called by:
		_PIN_MANAGER_IOC
 This function uses a non-reentrant model


 *************** function _IOCAF4_DefaultInterruptHandler *****************
 Defined at:
		line 166 in file "mcc_generated_files/pin_manager.c"
 Parameters:    Size  Location     Type
		None
 Auto vars:     Size  Location     Type
		None
 Return value:  Size  Location     Type
                  1    wreg      void 
 Registers used:
		None
 Tracked objects:
		On entry : 
		On exit  : 
		Unchanged: 
 Data sizes:     COMMON   BANK0   BANK1   BANK2   BANK3   BANK4   BANK5   BANK6   BANK7   BANK8   BANK9  BANK10  BANK11  BANK12
      Params:         0       0       0       0       0       0       0       0       0       0       0       0       0       0
      Locals:         0       0       0       0       0       0       0       0       0       0       0       0       0       0
      Temps:          0       0       0       0       0       0       0       0       0       0       0       0       0       0
      Totals:         0       0       0       0       0       0       0       0       0       0       0       0       0       0
Total ram usage:        0 bytes
 Hardware stack levels used:    1
 This function calls:
		Nothing
 This function is called by:
		_PIN_MANAGER_Initialize
		_IOCAF4_ISR
 This function uses a non-reentrant model


 *************** function _EUSART_Transmit_ISR *****************
 Defined at:
		line 205 in file "mcc_generated_files/eusart.c"
 Parameters:    Size  Location     Type
		None
 Auto vars:     Size  Location     Type
		None
 Return value:  Size  Location     Type
                  1    wreg      void 
 Registers used:
		wreg, fsr1l, fsr1h, status,2, status,0
 Tracked objects:
		On entry : 
		On exit  : 
		Unchanged: 
 Data sizes:     COMMON   BANK0   BANK1   BANK2   BANK3   BANK4   BANK5   BANK6   BANK7   BANK8   BANK9  BANK10  BANK11  BANK12
      Params:         0       0       0       0       0       0       0       0       0       0       0       0       0       0
      Locals:         0       0       0       0       0       0       0       0       0       0       0       0       0       0
      Temps:          1       0       0       0       0       0       0       0       0       0       0       0       0       0
      Totals:         1       0       0       0       0       0       0       0       0       0       0       0       0       0
Total ram usage:        1 bytes
 Hardware stack levels used:    1
 This function calls:
		Nothing
 This function is called by:
		_EUSART_Initialize
		_INTERRUPT_InterruptManager
 This function uses a non-reentrant model


 *************** function _EUSART_Receive_ISR *****************
 Defined at:
		line 224 in file "mcc_generated_files/eusart.c"
 Parameters:    Size  Location     Type
		None
 Auto vars:     Size  Location     Type
		None
 Return value:  Size  Location     Type
                  1    wreg      void 
 Registers used:
		wreg, fsr1l, fsr1h, status,2, status,0, pclath, cstack
 Tracked objects:
		On entry : 
		On exit  : 
		Unchanged: 
 Data sizes:     COMMON   BANK0   BANK1   BANK2   BANK3   BANK4   BANK5   BANK6   BANK7   BANK8   BANK9  BANK10  BANK11  BANK12
      Params:         0       0       0       0       0       0       0       0       0       0       0       0       0       0
      Locals:         0       0       0       0       0       0       0       0       0       0       0       0       0       0
      Temps:          0       0       0       0       0       0       0       0       0       0       0       0       0       0
      Totals:         0       0       0       0       0       0       0       0       0       0       0       0       0       0
Total ram usage:        0 bytes
 Hardware stack levels used:    1
 Hardware stack levels required when called:    2
 This function calls:
		Absolute function
		_EUSART_DefaultErrorHandler
		_EUSART_DefaultFramingErrorHandler
		_EUSART_DefaultOverrunErrorHandler
		_EUSART_RxDataHandler
 This function is called by:
		_EUSART_Initialize
		_INTERRUPT_InterruptManager
 This function uses a non-reentrant model


 *************** function _EUSART_DefaultOverrunErrorHandler *****************
 Defined at:
		line 260 in file "mcc_generated_files/eusart.c"
 Parameters:    Size  Location     Type
		None
 Auto vars:     Size  Location     Type
		None
 Return value:  Size  Location     Type
                  1    wreg      void 
 Registers used:
		None
 Tracked objects:
		On entry : 
		On exit  : 
		Unchanged: 
 Data sizes:     COMMON   BANK0   BANK1   BANK2   BANK3   BANK4   BANK5   BANK6   BANK7   BANK8   BANK9  BANK10  BANK11  BANK12
      Params:         0       0       0       0       0       0       0       0       0       0       0       0       0       0
      Locals:         0       0       0       0       0       0       0       0       0       0       0       0       0       0
      Temps:          0       0       0       0       0       0       0       0       0       0       0       0       0       0
      Totals:         0       0       0       0       0       0       0       0       0       0       0       0       0       0
Total ram usage:        0 bytes
 Hardware stack levels used:    1
 This function calls:
		Nothing
 This function is called by:
		_EUSART_Initialize
		_EUSART_Receive_ISR
 This function uses a non-reentrant model


 *************** function _EUSART_DefaultFramingErrorHandler *****************
 Defined at:
		line 258 in file "mcc_generated_files/eusart.c"
 Parameters:    Size  Location     Type
		None
 Auto vars:     Size  Location     Type
		None
 Return value:  Size  Location     Type
                  1    wreg      void 
 Registers used:
		None
 Tracked objects:
		On entry : 
		On exit  : 
		Unchanged: 
 Data sizes:     COMMON   BANK0   BANK1   BANK2   BANK3   BANK4   BANK5   BANK6   BANK7   BANK8   BANK9  BANK10  BANK11  BANK12
      Params:         0       0       0       0       0       0       0       0       0       0       0       0       0       0
      Locals:         0       0       0       0       0       0       0       0       0       0       0       0       0       0
      Temps:          0       0       0       0       0       0       0       0       0       0       0       0       0       0
      Totals:         0       0       0       0       0       0       0       0       0       0       0       0       0       0
Total ram usage:        0 bytes
 Hardware stack levels used:    1
 This function calls:
		Nothing
 This function is called by:
		_EUSART_Initialize
		_EUSART_Receive_ISR
 This function uses a non-reentrant model


 *************** function _EUSART_DefaultErrorHandler *****************
 Defined at:
		line 268 in file "mcc_generated_files/eusart.c"
 Parameters:    Size  Location     Type
		None
 Auto vars:     Size  Location     Type
		None
 Return value:  Size  Location     Type
                  1    wreg      void 
 Registers used:
		wreg, fsr1l, fsr1h, status,2, status,0, pclath, cstack
 Tracked objects:
		On entry : 
		On exit  : 
		Unchanged: 
 Data sizes:     COMMON   BANK0   BANK1   BANK2   BANK3   BANK4   BANK5   BANK6   BANK7   BANK8   BANK9  BANK10  BANK11  BANK12
      Params:         0       0       0       0       0       0       0       0       0       0       0       0       0       0
      Locals:         0       0       0       0       0       0       0       0       0       0       0       0       0       0
      Temps:          0       0       0       0       0       0       0       0       0       0       0       0       0       0
      Totals:         0       0       0       0       0       0       0       0       0       0       0       0       0       0
Total ram usage:        0 bytes
 Hardware stack levels used:    1
 Hardware stack levels required when called:    1
 This function calls:
		_EUSART_RxDataHandler
 This function is called by:
		_EUSART_Initialize
		_EUSART_Receive_ISR
 This function uses a non-reentrant model


 *************** function _EUSART_RxDataHandler *****************
 Defined at:
		line 248 in file "mcc_generated_files/eusart.c"
 Parameters:    Size  Location     Type
		None
 Auto vars:     Size  Location     Type
		None
 Return value:  Size  Location     Type
                  1    wreg      void 
 Registers used:
		wreg, fsr1l, fsr1h, status,2, status,0
 Tracked objects:
		On entry : 
		On exit  : 
		Unchanged: 
 Data sizes:     COMMON   BANK0   BANK1   BANK2   BANK3   BANK4   BANK5   BANK6   BANK7   BANK8   BANK9  BANK10  BANK11  BANK12
      Params:         0       0       0       0       0       0       0       0       0       0       0       0       0       0
      Locals:         0       0       0       0       0       0       0       0       0       0       0       0       0       0
      Temps:          1       0       0       0       0       0       0       0       0       0       0       0       0       0
      Totals:         1       0       0       0       0       0       0       0       0       0       0       0       0       0
Total ram usage:        1 bytes
 Hardware stack levels used:    1
 This function calls:
		Nothing
 This function is called by:
		_EUSART_Receive_ISR
		_EUSART_DefaultErrorHandler
 This function uses a non-reentrant model



MODULE INFORMATION

Module		Function		Class		Link	Load	Size
mcc_generated_files/tmr2.c
		_TMR2_Initialize		CODE           	1783	0000	9

mcc_generated_files/tmr2.c estimated size: 9

mcc_generated_files/interrupt_manager.c
		_INTERRUPT_InterruptManager		CODE           	0004	0000	68

mcc_generated_files/interrupt_manager.c estimated size: 68

i2c.c
		_I2C_Stop      		CODE           	16E4	0000	4
		_I2C_Write_Byte		CODE           	091A	0000	29
		_I2C_Read_Byte 		CODE           	17DC	0000	12
		_I2C_Send_NACK 		CODE           	16D8	0000	4
		_I2C_Start     		CODE           	16DE	0000	4
		_I2C_ReStart   		CODE           	16CF	0000	4

i2c.c estimated size: 57

mcc_generated_files/pin_manager.c
		_PIN_MANAGER_Initialize		CODE           	0CB9	0000	69
		_IOCAF4_DefaultInterruptHandler		CODE           	16AF	0000	2
		_IOCAF4_ISR    		CODE           	17F3	0000	14
		_PIN_MANAGER_IOC		CODE           	1721	0000	7
		_IOCAF4_SetInterruptHandler		CODE           	17C0	0000	10

mcc_generated_files/pin_manager.c estimated size: 102

C:\Program Files (x86)\Microchip\xc8\v2.05\pic\sources\c99\common\strlen.c
		_strlen        		CODE           	08CC	0000	25

C:\Program Files (x86)\Microchip\xc8\v2.05\pic\sources\c99\common\strlen.c estimated size: 25

mcc_generated_files/adc.c
		_ADC_Initialize		CODE           	176B	0000	9
		_ADC_GetConversion		CODE           	0970	0000	31

mcc_generated_files/adc.c estimated size: 40

C:\Program Files (x86)\Microchip\xc8\v2.05\pic\sources\c99\common\awdiv.c
		___awdiv       		CODE           	0E72	0000	83

C:\Program Files (x86)\Microchip\xc8\v2.05\pic\sources\c99\common\awdiv.c estimated size: 83

shared
		i1_i2c1_driver_sendNACK		CODE           	16EF	0000	5
		__initialization		CODE           	0049	0000	61
		i1_i2c1_driver_restart		CODE           	16B4	0000	4
		i1_i2c1_driver_stop		CODE           	16B7	0000	4
		i1_i2c1_driver_startRX		CODE           	16BA	0000	4
		_fsmStateTable 		STRCODE        	1000	0000	33
		i1_i2c1_driver_getRXData		CODE           	16BD	0000	4
		i1_i2c1_driver_TXData		CODE           	1717	0000	6

shared estimated size: 121

mcc_generated_files/mcc.c
		_WDT_Initialize		CODE           	170F	0000	5
		_PMD_Initialize		CODE           	177B	0000	9
		_OSCILLATOR_Initialize		CODE           	1773	0000	9
		_SYSTEM_Initialize		CODE           	08E4	0000	28

mcc_generated_files/mcc.c estimated size: 51

C:\Program Files (x86)\Microchip\xc8\v2.05\pic\sources\c99\common\Umul16.c
		___wmul        		CODE           	0936	0000	29

C:\Program Files (x86)\Microchip\xc8\v2.05\pic\sources\c99\common\Umul16.c estimated size: 29

mcc_generated_files/drivers/i2c_master.c
		_returnStop    		CODE           	0800	0000	3
		_i2c_busCollisionISR		CODE           	16C9	0000	4
		_i2c_ISR       		CODE           	09D0	0000	39
		_do_I2C_TX_EMPTY		CODE           	0B3A	0000	50
		_returnReset   		CODE           	0002	0000	3
		_do_I2C_SEND_RESTART_WRITE		CODE           	16F7	0000	5
		_do_I2C_DO_NACK_RESTART		CODE           	170B	0000	5
		_do_I2C_SEND_RESTART_READ		CODE           	16F3	0000	5
		_do_I2C_SEND_ADR_WRITE		CODE           	1746	0000	8
		_do_I2C_SEND_STOP		CODE           	16FF	0000	5
		_do_I2C_SEND_ADR_READ		CODE           	1763	0000	9
		_do_I2C_DO_NACK_STOP		CODE           	1707	0000	5
		_do_I2C_SEND_RESTART		CODE           	16FB	0000	5
		_do_I2C_RX     		CODE           	0CFD	0000	71
		_do_I2C_TX     		CODE           	0DD4	0000	80
		_do_I2C_IDLE   		CODE           	171C	0000	6
		_do_I2C_RCEN   		CODE           	1727	0000	7
		_do_I2C_DO_ADDRESS_NACK		CODE           	0AE4	0000	44
		_do_I2C_RESET  		CODE           	173F	0000	8
		_do_I2C_DO_ACK 		CODE           	1703	0000	5

mcc_generated_files/drivers/i2c_master.c estimated size: 367

mcc_generated_files/pwm1.c
		_PWM1_Initialize		CODE           	17E7	0000	13

mcc_generated_files/pwm1.c estimated size: 13

mcc_generated_files/i2c1_driver.c
		_i2c1_driver_isBufferFull		CODE           	1754	0000	8
		_i2c1_driver_open		CODE           	17D2	0000	11
		_i2c1_driver_isNACK		CODE           	175B	0000	9
		_i2c1_driver_stop		CODE           	16E1	0000	4
		_i2c1_driver_getRXData		CODE           	16D2	0000	4
		_i2c1_driver_TXData		CODE           	172D	0000	7
		_i2c1_driver_start		CODE           	16DB	0000	4
		_i2c1_driver_sendACK		CODE           	16EB	0000	5
		_mssp1_setIRQ  		CODE           	16C0	0000	4
		_i2c1_driver_sendNACK		CODE           	1713	0000	5
		_i2c1_driver_restart		CODE           	16CC	0000	4
		_i2c1_driver_resetBus		CODE           	16B0	0000	2
		_i2c1_driver_clearBusCollision		CODE           	16C6	0000	4
		_mssp1_clearIRQ		CODE           	16C3	0000	4
		_i2c1_driver_startRX		CODE           	16D5	0000	4

mcc_generated_files/i2c1_driver.c estimated size: 79

mcc_generated_files/spi2.c
		_SPI2_Exchange8bit		CODE           	0810	0000	16
		_SPI2_Initialize		CODE           	174D	0000	8

mcc_generated_files/spi2.c estimated size: 24

mcc_generated_files/eusart.c
		_EUSART_SetRxInterruptHandler		CODE           	17AE	0000	10
		_EUSART_SetTxInterruptHandler		CODE           	17B7	0000	10
		_EUSART_DefaultOverrunErrorHandler		CODE           	16E7	0000	5
		_EUSART_DefaultErrorHandler		CODE           	16B1	0000	4
		_EUSART_Transmit_ISR		CODE           	0952	0000	31
		_EUSART_Initialize		CODE           	0C76	0000	68
		_EUSART_SetFramingErrorHandler		CODE           	179C	0000	10
		_EUSART_SetErrorHandler		CODE           	1793	0000	10
		_EUSART_SetOverrunErrorHandler		CODE           	17A5	0000	10
		_EUSART_Receive_ISR		CODE           	0C01	0000	53
		_EUSART_RxDataHandler		CODE           	089E	0000	24
		_EUSART_DefaultFramingErrorHandler		CODE           	16AE	0000	2

mcc_generated_files/eusart.c estimated size: 237

APDS9960.c
		_wireReadDataBlock		CODE           	0D8A	0000	75
		_setGestureEnterThresh		CODE           	0852	0000	20
		_setProxIntHighThresh		CODE           	0878	0000	20
		_decodeGesture 		CODE           	0360	0000	402
		_setMode       		CODE           	0E23	0000	80
		_setLEDDrive   		CODE           	0A92	0000	42
		_setGestureIntEnable		CODE           	0B0F	0000	44
		_setLightIntHighThreshold		CODE           	0A44	0000	40
		_resetGestureParameters		CODE           	08B5	0000	24
		_readGesture   		CODE           	0607	0000	244
		_processGestureData		CODE           	0089	0000	728
		_setLightIntLowThreshold		CODE           	0A6B	0000	40
		_enablePower   		CODE           	0802	0000	15
		_setGestureMode		CODE           	09F6	0000	40
		_setGestureGain		CODE           	0B9D	0000	51
		_setGestureExitThresh		CODE           	0865	0000	20
		_setLEDBoost   		CODE           	0B6B	0000	51
		_setGestureWaitTime		CODE           	0A1D	0000	40
		_setAmbientLightGain		CODE           	098E	0000	31
		_initialize    		CODE           	04F1	0000	279
		_setGestureLEDDrive		CODE           	0BCF	0000	51
		_setProximityGain		CODE           	0ABB	0000	42
		_wireWriteDataByte		CODE           	08FF	0000	28
		_setProxIntLowThresh		CODE           	088B	0000	20
		_wireReadDataByte		CODE           	09AC	0000	37
		_enableGestureSensor		CODE           	0F1C	0000	101
		_getMode       		CODE           	17C9	0000	10
		_isGestureAvailable		CODE           	083F	0000	20

APDS9960.c estimated size: 2595

main.c
		_main          		CODE           	0D43	0000	72
		_SPI_Write     		CODE           	07EA	0000	22
		_UART_Byte     		CODE           	0EC4	0000	89
		_Get_ADC       		CODE           	06FA	0000	241
		_Display_Name  		CODE           	0C35	0000	66
		_PIR_Sensor    		CODE           	081F	0000	16
		_handleGesture 		CODE           	0F80	0000	129
		_Display_Clear 		CODE           	082E	0000	18

main.c estimated size: 653

