Microchip MPLAB XC8 Compiler V2.05 ()

Linker command line:

-W-3 --edf=C:\Program Files (x86)\Microchip\xc8\v2.05\pic\dat\en_msgs.txt \
  -cs -h+dist/default/production\I2Gesture.X.production.sym \
  --cmf=dist/default/production\I2Gesture.X.production.cmf -z -Q16F18345 \
  -oC:\Users\Jeff\AppData\Local\Temp\s64.2 --defsym=__MPLAB_BUILD=1 \
  -Mdist/default/production/I2Gesture.X.production.map -E1 -ver=XC8 \
  --acfsm=1493 -ASTACK=02184h-023EFh -pstack=STACK -ACODE=00h-07FFhx4 \
  -ASTRCODE=00h-01FFFh -ASTRING=00h-0FFhx32 -ACONST=00h-0FFhx32 \
  -AENTRY=00h-0FFhx32 -ACOMMON=070h-07Fh -ABANK0=020h-06Fh \
  -ABANK1=0A0h-0EFh -ABANK2=0120h-016Fh -ABANK3=01A0h-01EFh \
  -ABANK4=0220h-026Fh -ABANK5=02A0h-02EFh -ABANK6=0320h-036Fh \
  -ABANK7=03A0h-03EFh -ABANK8=0420h-046Fh -ABANK9=04A0h-04EFh \
  -ABANK10=0520h-056Fh -ABANK11=05A0h-05EFh -ABANK12=0620h-064Fh \
  -ABIGRAM=02000h-023EFh \
  -ARAM=020h-06Fh,0A0h-0EFh,0120h-016Fh,01A0h-01EFh,0220h-026Fh,02A0h-02EFh,0320h-036Fh,03A0h-03EFh,0420h-046Fh,04A0h-04EFh,0520h-056Fh,05A0h-05EFh,0620h-064Fh \
  -AABS1=020h-07Fh,0A0h-0EFh,0120h-016Fh,01A0h-01EFh,0220h-026Fh,02A0h-02EFh,0320h-036Fh,03A0h-03EFh,0420h-046Fh,04A0h-04EFh,0520h-056Fh,05A0h-05EFh,0620h-064Fh \
  -ASFR0=00h-01Fh -ASFR1=080h-09Fh -ASFR2=0100h-011Fh -ASFR3=0180h-019Fh \
  -ASFR4=0200h-021Fh -ASFR5=0280h-029Fh -ASFR6=0300h-031Fh \
  -ASFR7=0380h-039Fh -ASFR8=0400h-041Fh -ASFR9=0480h-049Fh \
  -ASFR10=0500h-051Fh -ASFR11=0580h-059Fh -ASFR12=0600h-061Fh \
  -ASFR13=0680h-06EFh -ASFR14=0700h-076Fh -ASFR15=0780h-07EFh \
  -ASFR16=0800h-086Fh -ASFR17=0880h-08EFh -ASFR18=0900h-096Fh \
  -ASFR19=0980h-09EFh -ASFR20=0A00h-0A6Fh -ASFR21=0A80h-0AEFh \
  -ASFR22=0B00h-0B6Fh -ASFR23=0B80h-0BEFh -ASFR24=0C00h-0C6Fh \
  -ASFR25=0C80h-0CEFh -ASFR26=0D00h-0D6Fh -ASFR27=0D80h-0DEFh \
  -ASFR28=0E00h-0E6Fh -ASFR29=0E80h-0EEFh -ASFR30=0F00h-0F6Fh \
  -ASFR31=0F80h-0FEFh -preset_vec=00h,intentry=04h,init,end_init \
  -ppowerup=CODE -pcinit=CODE -pfunctab=ENTRY -ACONFIG=08007h-0800Ah \
  -pconfig=CONFIG -DCONFIG=2 -AIDLOC=08000h-08003h -pidloc=IDLOC -DIDLOC=2 \
  -AEEDATA=00h-0FFh/0F000h -peeprom_data=EEDATA -DEEDATA=2 -DCODE=2 \
  -DSTRCODE=2 -DSTRING=2 -DCONST=2 -DENTRY=2 -k \
  C:\Users\Jeff\AppData\Local\Temp\s64.o \
  dist/default/production\I2Gesture.X.production.o 

Object code version is 3.11

Machine type is 16F18345



                Name                               Link     Load   Length Selector   Space Scale
C:\Users\Jeff\AppData\Local\Temp\s64.o
                end_init                             2B       2B        2        8       0
                reset_vec                             0        0        2        0       0
                config                             8007     8007        4    1000E       0
dist/default/production\I2Gesture.X.production.o
                cinit                                2D       2D       20        8       0
                intentry                              4        4       27        8       0
                text90                              A73      A73        1     14E6       0
                text89                              AAA      AAA        4     1554       0
                text88                              B68      B68        D     16D0       0
                text87                              AE4      AE4        6     15C8       0
                text86                              AAE      AAE        4     155C       0
                text85                              A77      A77        3     14EE       0
                text84                              A7A      A7A        3     14F4       0
                text83                              A75      A75        2     14EA       0
                text82                                2        2        2        0       0
                text81                              A7D      A7D        3     14FA       0
                text80                              A74      A74        1     14E8       0
                text79                              AB2      AB2        4     1564       0
                text78                              A80      A80        3     1500       0
                text77                              ADA      ADA        5     15B4       0
                text76                              B1D      B1D        8     163A       0
                text75                              A83      A83        3     1506       0
                text74                              DF6      DF6       31     1BEC       0
                text73                              B08      B08        7     1610       0
                text72                              ADF      ADF        5     15BE       0
                text71                              AB6      AB6        4     156C       0
                text70                              ABA      ABA        4     1574       0
                text69                              ABE      ABE        4     157C       0
                text68                              AC2      AC2        4     1584       0
                text67                              B25      B25        8     164A       0
                text66                              B0F      B0F        7     161E       0
                text65                              AEA      AEA        6     15D4       0
                text64                              AC6      AC6        4     158C       0
                text63                              ACA      ACA        4     1594       0
                text62                              ACE      ACE        4     159C       0
                text61                              DA0      DA0       2B     1B40       0
                text60                              7B1      7B1       4F        8       0
                text59                              F70      F70       46     1EE0       0
                text58                              A86      A86        3     150C       0
                text57                              C8C      C8C       26     1918       0
                text56                              A89      A89        3     1512       0
                text55                              A8C      A8C        3     1518       0
                text53                              B35      B35        9     166A       0
                text52                              AF0      AF0        6     15E0       0
                text51                              EF1      EF1       3B     1DE2       0
                text50                              B2D      B2D        8     165A       0
                text49                              AD2      AD2        4     15A4       0
                text48                              B5C      B5C        C     16B8       0
                text47                              A8F      A8F        3     151E       0
                text46                              A92      A92        3     1524       0
                text45                              A95      A95        3     152A       0
                text44                              B16      B16        7     162C       0
                text43                              A98      A98        3     1530       0
                text42                              B51      B51        B     16A2       0
                text41                              AD6      AD6        4     15AC       0
                text40                              A9B      A9B        3     1536       0
                text39                              A9E      A9E        3     153C       0
                text38                              AA1      AA1        3     1542       0
                text37                              AA4      AA4        3     1548       0
                text36                              AA7      AA7        3     154E       0
                text35                              AF6      AF6        6     15EC       0
                text34                              C12      C12       1C     1824       0
                text33                              C68      C68       24     18D0       0
                text32                              B3E      B3E        9     167C       0
                text31                              BF7      BF7       1B     17EE       0
                text30                              762      762       4F        8       0
                text29                              B75      B75        E     16EA       0
                text28                              BE2      BE2       15     17C4       0
                text27                              DCB      DCB       2B     1B96       0
                text26                              CB2      CB2       27     1964       0
                text25                              E27      E27       32     1C4E       0
                text24                              6AC      6AC       64        8       0
                text23                              AFC      AFC        6     15F8       0
                text22                              318      318      18E        8       0
                text21                              B83      B83       13     1706       0
                text20                              710      710       52        8       0
                text19                              C2E      C2E       1C     185C       0
                text18                               4D       4D      2CB        8       0
                text17                              FB6      FB6       4A     1F6C       0
                text16                              5BC      5BC       F0        8       0
                text15                              F2C      F2C       44     1E58       0
                text14                              B47      B47        A     168E       0
                text13                              C4A      C4A       1E     1894       0
                text12                              B96      B96       13     172C       0
                text11                              BA9      BA9       13     1752       0
                text10                              E59      E59       32     1CB2       0
                text9                               E8B      E8B       32     1D16       0
                text8                               CD9      CD9       27     19B2       0
                text7                               D4E      D4E       29     1A9C       0
                text6                               D00      D00       27     1A00       0
                text5                               D27      D27       27     1A4E       0
                text4                               BBC      BBC       13     1778       0
                text3                               BCF      BCF       13     179E       0
                text2                               D77      D77       29     1AEE       0
                text1                               4A6      4A6      116        8       0
                maintext                            EBD      EBD       34     1D7A       0
                cstackBANK0                          20       20       3D       20       1
                cstackCOMMON                         70       70        6       70       1
                cstackBANK1                          A0       A0       40       A0       1
                cstackBANK2                         120      120       40      120       1
                clrtext                             B02      B02        6     1604       0
                bssBANK4                            220      220       44      220       1
                bssBANK3                            1A0      1A0       1D      1A0       1
                bssBANK0                             5D       5D       11       20       1
                bssCOMMON                            76       76        5       70       1
                nvBANK0                              6E       6E        2       20       1
                stringtext1                        1000     1000       20     2000       0

TOTAL           Name                               Link     Load   Length     Space
        CLASS   STACK          

        CLASS   CODE           
                end_init                             2B       2B        2         0
                cinit                                2D       2D       20         0
                intentry                              4        4       27         0
                reset_vec                             0        0        2         0
                text90                              A73      A73        1         0
                text89                              AAA      AAA        4         0
                text88                              B68      B68        D         0
                text87                              AE4      AE4        6         0
                text86                              AAE      AAE        4         0
                text85                              A77      A77        3         0
                text84                              A7A      A7A        3         0
                text83                              A75      A75        2         0
                text82                                2        2        2         0
                text81                              A7D      A7D        3         0
                text80                              A74      A74        1         0
                text79                              AB2      AB2        4         0
                text78                              A80      A80        3         0
                text77                              ADA      ADA        5         0
                text76                              B1D      B1D        8         0
                text75                              A83      A83        3         0
                text74                              DF6      DF6       31         0
                text73                              B08      B08        7         0
                text72                              ADF      ADF        5         0
                text71                              AB6      AB6        4         0
                text70                              ABA      ABA        4         0
                text69                              ABE      ABE        4         0
                text68                              AC2      AC2        4         0
                text67                              B25      B25        8         0
                text66                              B0F      B0F        7         0
                text65                              AEA      AEA        6         0
                text64                              AC6      AC6        4         0
                text63                              ACA      ACA        4         0
                text62                              ACE      ACE        4         0
                text61                              DA0      DA0       2B         0
                text60                              7B1      7B1       4F         0
                text59                              F70      F70       46         0
                text58                              A86      A86        3         0
                text57                              C8C      C8C       26         0
                text56                              A89      A89        3         0
                text55                              A8C      A8C        3         0
                text53                              B35      B35        9         0
                text52                              AF0      AF0        6         0
                text51                              EF1      EF1       3B         0
                text50                              B2D      B2D        8         0
                text49                              AD2      AD2        4         0
                text48                              B5C      B5C        C         0
                text47                              A8F      A8F        3         0
                text46                              A92      A92        3         0
                text45                              A95      A95        3         0
                text44                              B16      B16        7         0
                text43                              A98      A98        3         0
                text42                              B51      B51        B         0
                text41                              AD6      AD6        4         0
                text40                              A9B      A9B        3         0
                text39                              A9E      A9E        3         0
                text38                              AA1      AA1        3         0
                text37                              AA4      AA4        3         0
                text36                              AA7      AA7        3         0
                text35                              AF6      AF6        6         0
                text34                              C12      C12       1C         0
                text33                              C68      C68       24         0
                text32                              B3E      B3E        9         0
                text31                              BF7      BF7       1B         0
                text30                              762      762       4F         0
                text29                              B75      B75        E         0
                text28                              BE2      BE2       15         0
                text27                              DCB      DCB       2B         0
                text26                              CB2      CB2       27         0
                text25                              E27      E27       32         0
                text24                              6AC      6AC       64         0
                text23                              AFC      AFC        6         0
                text22                              318      318      18E         0
                text21                              B83      B83       13         0
                text20                              710      710       52         0
                text19                              C2E      C2E       1C         0
                text18                               4D       4D      2CB         0
                text17                              FB6      FB6       4A         0
                text16                              5BC      5BC       F0         0
                text15                              F2C      F2C       44         0
                text14                              B47      B47        A         0
                text13                              C4A      C4A       1E         0
                text12                              B96      B96       13         0
                text11                              BA9      BA9       13         0
                text10                              E59      E59       32         0
                text9                               E8B      E8B       32         0
                text8                               CD9      CD9       27         0
                text7                               D4E      D4E       29         0
                text6                               D00      D00       27         0
                text5                               D27      D27       27         0
                text4                               BBC      BBC       13         0
                text3                               BCF      BCF       13         0
                text2                               D77      D77       29         0
                text1                               4A6      4A6      116         0
                maintext                            EBD      EBD       34         0
                clrtext                             B02      B02        6         0

        CLASS   STRCODE        
                stringtext1                        1000     1000       20         0

        CLASS   STRING         

        CLASS   CONST          

        CLASS   ENTRY          

        CLASS   COMMON         
                cstackCOMMON                         70       70        6         1
                bssCOMMON                            76       76        5         1

        CLASS   BANK0          
                cstackBANK0                          20       20       3D         1
                bssBANK0                             5D       5D       11         1
                nvBANK0                              6E       6E        2         1

        CLASS   BANK1          
                cstackBANK1                          A0       A0       40         1

        CLASS   BANK2          
                cstackBANK2                         120      120       40         1

        CLASS   BANK3          
                bssBANK3                            1A0      1A0       1D         1

        CLASS   BANK4          
                bssBANK4                            220      220       44         1

        CLASS   BANK5          

        CLASS   BANK6          

        CLASS   BANK7          

        CLASS   BANK8          

        CLASS   BANK9          

        CLASS   BANK10         

        CLASS   BANK11         

        CLASS   BANK12         

        CLASS   BIGRAM         

        CLASS   RAM            

        CLASS   ABS1           
                abs_s1                               7E       7E        2         1

        CLASS   SFR0           

        CLASS   SFR1           

        CLASS   SFR2           

        CLASS   SFR3           

        CLASS   SFR4           

        CLASS   SFR5           

        CLASS   SFR6           

        CLASS   SFR7           

        CLASS   SFR8           

        CLASS   SFR9           

        CLASS   SFR10          

        CLASS   SFR11          

        CLASS   SFR12          

        CLASS   SFR13          

        CLASS   SFR14          

        CLASS   SFR15          

        CLASS   SFR16          

        CLASS   SFR17          

        CLASS   SFR18          

        CLASS   SFR19          

        CLASS   SFR20          

        CLASS   SFR21          

        CLASS   SFR22          

        CLASS   SFR23          

        CLASS   SFR24          

        CLASS   SFR25          

        CLASS   SFR26          

        CLASS   SFR27          

        CLASS   SFR28          

        CLASS   SFR29          

        CLASS   SFR30          

        CLASS   SFR31          

        CLASS   CONFIG         
                config                             8007     8007        4         0

        CLASS   IDLOC          

        CLASS   EEDATA         

        CLASS   BANK31         

        CLASS   BANK30         

        CLASS   BANK29         

        CLASS   BANK28         

        CLASS   BANK27         

        CLASS   BANK26         

        CLASS   BANK25         

        CLASS   BANK24         

        CLASS   BANK23         

        CLASS   BANK22         

        CLASS   BANK21         

        CLASS   BANK20         

        CLASS   BANK19         

        CLASS   BANK18         

        CLASS   BANK17         

        CLASS   BANK16         

        CLASS   BANK15         

        CLASS   BANK14         

        CLASS   BANK13         



SEGMENTS        Name                           Load    Length   Top    Selector   Space  Class     Delta

                reset_vec                      000000  000004  000004         0       0  CODE        2
                intentry                       000004  0007FC  000800         8       0  CODE        2
                cstackBANK0                    000020  000050  000070        20       1  BANK0       1
                cstackCOMMON                   000070  00000B  00007B        70       1  COMMON      1
                cstackBANK1                    0000A0  000040  0000E0        A0       1  BANK1       1
                cstackBANK2                    000120  000040  000160       120       1  BANK2       1
                bssBANK3                       0001A0  00001D  0001BD       1A0       1  BANK3       1
                bssBANK4                       000220  000044  000264       220       1  BANK4       1
                text90                         000A73  000001  000A74      14E6       0  CODE        2
                text80                         000A74  000001  000A75      14E8       0  CODE        2
                text83                         000A75  000002  000A77      14EA       0  CODE        2
                text85                         000A77  000003  000A7A      14EE       0  CODE        2
                text84                         000A7A  000003  000A7D      14F4       0  CODE        2
                text81                         000A7D  000003  000A80      14FA       0  CODE        2
                text78                         000A80  000003  000A83      1500       0  CODE        2
                text75                         000A83  000003  000A86      1506       0  CODE        2
                text58                         000A86  000003  000A89      150C       0  CODE        2
                text56                         000A89  000003  000A8C      1512       0  CODE        2
                text55                         000A8C  000003  000A8F      1518       0  CODE        2
                text47                         000A8F  000003  000A92      151E       0  CODE        2
                text46                         000A92  000003  000A95      1524       0  CODE        2
                text45                         000A95  000003  000A98      152A       0  CODE        2
                text43                         000A98  000003  000A9B      1530       0  CODE        2
                text40                         000A9B  000003  000A9E      1536       0  CODE        2
                text39                         000A9E  000003  000AA1      153C       0  CODE        2
                text38                         000AA1  000003  000AA4      1542       0  CODE        2
                text37                         000AA4  000003  000AA7      1548       0  CODE        2
                text36                         000AA7  000003  000AAA      154E       0  CODE        2
                text89                         000AAA  000004  000AAE      1554       0  CODE        2
                text86                         000AAE  000004  000AB2      155C       0  CODE        2
                text79                         000AB2  000004  000AB6      1564       0  CODE        2
                text71                         000AB6  000004  000ABA      156C       0  CODE        2
                text70                         000ABA  000004  000ABE      1574       0  CODE        2
                text69                         000ABE  000004  000AC2      157C       0  CODE        2
                text68                         000AC2  000004  000AC6      1584       0  CODE        2
                text64                         000AC6  000004  000ACA      158C       0  CODE        2
                text63                         000ACA  000004  000ACE      1594       0  CODE        2
                text62                         000ACE  000004  000AD2      159C       0  CODE        2
                text49                         000AD2  000004  000AD6      15A4       0  CODE        2
                text41                         000AD6  000004  000ADA      15AC       0  CODE        2
                text77                         000ADA  000005  000ADF      15B4       0  CODE        2
                text72                         000ADF  000005  000AE4      15BE       0  CODE        2
                text87                         000AE4  000006  000AEA      15C8       0  CODE        2
                text65                         000AEA  000006  000AF0      15D4       0  CODE        2
                text52                         000AF0  000006  000AF6      15E0       0  CODE        2
                text35                         000AF6  000006  000AFC      15EC       0  CODE        2
                text23                         000AFC  000006  000B02      15F8       0  CODE        2
                clrtext                        000B02  000006  000B08      1604       0  CODE        2
                text73                         000B08  000007  000B0F      1610       0  CODE        2
                text66                         000B0F  000007  000B16      161E       0  CODE        2
                text44                         000B16  000007  000B1D      162C       0  CODE        2
                text76                         000B1D  000008  000B25      163A       0  CODE        2
                text67                         000B25  000008  000B2D      164A       0  CODE        2
                text50                         000B2D  000008  000B35      165A       0  CODE        2
                text53                         000B35  000009  000B3E      166A       0  CODE        2
                text32                         000B3E  000009  000B47      167C       0  CODE        2
                text14                         000B47  00000A  000B51      168E       0  CODE        2
                text42                         000B51  00000B  000B5C      16A2       0  CODE        2
                text48                         000B5C  00000C  000B68      16B8       0  CODE        2
                text88                         000B68  00000D  000B75      16D0       0  CODE        2
                text29                         000B75  00000E  000B83      16EA       0  CODE        2
                text21                         000B83  000013  000B96      1706       0  CODE        2
                text12                         000B96  000013  000BA9      172C       0  CODE        2
                text11                         000BA9  000013  000BBC      1752       0  CODE        2
                text4                          000BBC  000013  000BCF      1778       0  CODE        2
                text3                          000BCF  000013  000BE2      179E       0  CODE        2
                text28                         000BE2  000015  000BF7      17C4       0  CODE        2
                text31                         000BF7  00001B  000C12      17EE       0  CODE        2
                text34                         000C12  00001C  000C2E      1824       0  CODE        2
                text19                         000C2E  00001C  000C4A      185C       0  CODE        2
                text13                         000C4A  00001E  000C68      1894       0  CODE        2
                text33                         000C68  000024  000C8C      18D0       0  CODE        2
                text57                         000C8C  000026  000CB2      1918       0  CODE        2
                text26                         000CB2  000027  000CD9      1964       0  CODE        2
                text8                          000CD9  000027  000D00      19B2       0  CODE        2
                text6                          000D00  000027  000D27      1A00       0  CODE        2
                text5                          000D27  000027  000D4E      1A4E       0  CODE        2
                text7                          000D4E  000029  000D77      1A9C       0  CODE        2
                text2                          000D77  000029  000DA0      1AEE       0  CODE        2
                text61                         000DA0  00002B  000DCB      1B40       0  CODE        2
                text27                         000DCB  00002B  000DF6      1B96       0  CODE        2
                text74                         000DF6  000031  000E27      1BEC       0  CODE        2
                text25                         000E27  000032  000E59      1C4E       0  CODE        2
                text10                         000E59  000032  000E8B      1CB2       0  CODE        2
                text9                          000E8B  000032  000EBD      1D16       0  CODE        2
                maintext                       000EBD  000034  000EF1      1D7A       0  CODE        2
                text51                         000EF1  00003B  000F2C      1DE2       0  CODE        2
                text15                         000F2C  000044  000F70      1E58       0  CODE        2
                text59                         000F70  000046  000FB6      1EE0       0  CODE        2
                text17                         000FB6  00004A  001000      1F6C       0  CODE        2
                stringtext1                    001000  000020  001020      2000       0  STRCODE     2
                config                         008007  000004  00800B     1000E       0  CONFIG      2


UNUSED ADDRESS RANGES

        Name                Unused          Largest block    Delta
        BANK1            000E0-000EF              10           1
        BANK10           00520-0056F              50           1
        BANK11           005A0-005EF              50           1
        BANK12           00620-0064F              30           1
        BANK2            00160-0016F              10           1
        BANK3            001BD-001EF              33           1
        BANK4            00264-0026F               C           1
        BANK5            002A0-002EF              50           1
        BANK6            00320-0036F              50           1
        BANK7            003A0-003EF              50           1
        BANK8            00420-0046F              50           1
        BANK9            004A0-004EF              50           1
        BIGRAM           02000-023EF             3F0           1
        CODE             00800-00A72             273           2
                         01020-01FFF             7E0
        COMMON           0007B-0007D               3           1
        CONST            00800-00A72             100           2
                         01020-01FFF             100
        EEDATA           0F000-0F0FF             100           2
        ENTRY            00800-00A72             100           2
                         01020-01FFF             100
        IDLOC            08000-08003               4           2
        RAM              000E0-000EF              10           1
                         00160-0016F              10
                         001BD-001EF              33
                         00264-0026F               C
                         002A0-002EF              50
                         00320-0036F              50
                         003A0-003EF              50
                         00420-0046F              50
                         004A0-004EF              50
                         00520-0056F              50
                         005A0-005EF              50
                         00620-0064F              30
        SFR0             00000-0001F              20           1
        SFR1             00080-0009F              20           1
        SFR10            00500-0051F              20           1
        SFR11            00580-0059F              20           1
        SFR12            00600-0061F              20           1
        SFR13            00680-006EF              70           1
        SFR14            00700-0076F              70           1
        SFR15            00780-007EF              70           1
        SFR16            00800-0086F              70           1
        SFR17            00880-008EF              70           1
        SFR18            00900-0096F              70           1
        SFR19            00980-009EF              70           1
        SFR2             00100-0011F              20           1
        SFR20            00A00-00A6F              70           1
        SFR21            00A80-00AEF              70           1
        SFR22            00B00-00B6F              70           1
        SFR23            00B80-00BEF              70           1
        SFR24            00C00-00C6F              70           1
        SFR25            00C80-00CEF              70           1
        SFR26            00D00-00D6F              70           1
        SFR27            00D80-00DEF              70           1
        SFR28            00E00-00E6F              70           1
        SFR29            00E80-00EEF              70           1
        SFR3             00180-0019F              20           1
        SFR30            00F00-00F6F              70           1
        SFR31            00F80-00FEF              70           1
        SFR4             00200-0021F              20           1
        SFR5             00280-0029F              20           1
        SFR6             00300-0031F              20           1
        SFR7             00380-0039F              20           1
        SFR8             00400-0041F              20           1
        SFR9             00480-0049F              20           1
        STACK            02184-023EF             26C           1
        STRCODE          00800-00A72             273           2
                         01020-01FFF             FE0
        STRING           00800-00A72             100           2
                         01020-01FFF             100

                                  Symbol Table

?___awdiv                                   cstackBANK0  00026
?___wmul                                    cstackBANK0  00020
?_readGesture                               cstackBANK0  0004F
?_wireReadDataBlock                         cstackBANK0  00026
?_wireWriteDataByte                         cstackBANK0  00026
I2C_Write_Byte@Byte                         cstackBANK0  00023
I2C_Write_Byte@count                        cstackBANK0  00024
IOCCF1_SetInterruptHandler@InterruptHandler cstackBANK0  00020
_ANSELA                                     (abs)        0018C
_ANSELB                                     (abs)        0018D
_ANSELC                                     (abs)        0018E
_GestureInterruptHandler                    text89       00AAA
_I2C_ReStart                                text46       00A92
_I2C_Read_Byte                              text42       00B51
_I2C_Send_NACK                              text40       00A9B
_I2C_Start                                  text38       00AA1
_I2C_Stop                                   text36       00AA7
_I2C_Write_Byte                             text34       00C12
_INTCONbits                                 (abs)        0000B
_INTERRUPT_InterruptManager                 intentry     00004
_IOCCF1_DefaultInterruptHandler             text90       00A73
_IOCCF1_ISR                                 text88       00B68
_IOCCF1_InterruptHandler                    nvBANK0      0006E
_IOCCF1_SetInterruptHandler                 text52       00AF0
_IOCCFbits                                  (abs)        00399
_IOCCNbits                                  (abs)        00398
_IOCCPbits                                  (abs)        00397
_LATA                                       (abs)        0010C
_LATAbits                                   (abs)        0010C
_LATB                                       (abs)        0010D
_LATC                                       (abs)        0010E
_LATCbits                                   (abs)        0010E
_LEDs_SetLow                                text23       00AFC
_ODCONA                                     (abs)        0028C
_ODCONB                                     (abs)        0028D
_ODCONC                                     (abs)        0028E
_OSCCON1                                    (abs)        00919
_OSCCON3                                    (abs)        0091B
_OSCEN                                      (abs)        0091D
_OSCFRQ                                     (abs)        0091F
_OSCILLATOR_Initialize                      text53       00B35
_OSCTUNE                                    (abs)        0091E
_PIE0bits                                   (abs)        00090
_PIE1bits                                   (abs)        00091
_PIN_MANAGER_IOC                            text87       00AE4
_PIN_MANAGER_Initialize                     text51       00EF1
_PIR0bits                                   (abs)        00010
_PIR1bits                                   (abs)        00011
_PMD0                                       (abs)        00911
_PMD1                                       (abs)        00912
_PMD2                                       (abs)        00913
_PMD3                                       (abs)        00914
_PMD4                                       (abs)        00915
_PMD5                                       (abs)        00916
_PMD_Initialize                             text50       00B2D
_RB5PPS                                     (abs)        00E9D
_RB7PPS                                     (abs)        00E9F
_SLRCONA                                    (abs)        0030C
_SLRCONB                                    (abs)        0030D
_SLRCONC                                    (abs)        0030E
_SSP1ADD                                    (abs)        00212
_SSP1BUF                                    (abs)        00211
_SSP1CLKPPS                                 (abs)        00E20
_SSP1CON1                                   (abs)        00215
_SSP1CON1bits                               (abs)        00215
_SSP1CON2                                   (abs)        00216
_SSP1CON2bits                               (abs)        00216
_SSP1DATPPS                                 (abs)        00E21
_SSP1MSK                                    (abs)        00213
_SSP1STAT                                   (abs)        00214
_SSP1STATbits                               (abs)        00214
_SYSTEM_Initialize                          text48       00B5C
_TRISA                                      (abs)        0008C
_TRISB                                      (abs)        0008D
_TRISC                                      (abs)        0008E
_WDTCON                                     (abs)        00097
_WDT_Initialize                             text49       00AD2
_WPUA                                       (abs)        0020C
_WPUB                                       (abs)        0020D
_WPUC                                       (abs)        0020E
__CFG_BOREN$ON                              (abs)        00000
__CFG_BORV$LOW                              (abs)        00000
__CFG_CLKOUTEN$OFF                          (abs)        00000
__CFG_CP$OFF                                (abs)        00000
__CFG_CPD$OFF                               (abs)        00000
__CFG_CSWEN$ON                              (abs)        00000
__CFG_DEBUG$OFF                             (abs)        00000
__CFG_FCMEN$ON                              (abs)        00000
__CFG_FEXTOSC$OFF                           (abs)        00000
__CFG_LPBOREN$OFF                           (abs)        00000
__CFG_LVP$ON                                (abs)        00000
__CFG_MCLRE$ON                              (abs)        00000
__CFG_PPS1WAY$ON                            (abs)        00000
__CFG_PWRTE$OFF                             (abs)        00000
__CFG_RSTOSC$HFINT1                         (abs)        00000
__CFG_STVREN$ON                             (abs)        00000
__CFG_WDTE$OFF                              (abs)        00000
__CFG_WRT$OFF                               (abs)        00000
__Habs1                                     abs1         00000
__Hbank0                                    bank0        00000
__Hbank1                                    bank1        00000
__Hbank10                                   bank10       00000
__Hbank11                                   bank11       00000
__Hbank12                                   bank12       00000
__Hbank13                                   bank13       00000
__Hbank14                                   bank14       00000
__Hbank15                                   bank15       00000
__Hbank16                                   bank16       00000
__Hbank17                                   bank17       00000
__Hbank18                                   bank18       00000
__Hbank19                                   bank19       00000
__Hbank2                                    bank2        00000
__Hbank20                                   bank20       00000
__Hbank21                                   bank21       00000
__Hbank22                                   bank22       00000
__Hbank23                                   bank23       00000
__Hbank24                                   bank24       00000
__Hbank25                                   bank25       00000
__Hbank26                                   bank26       00000
__Hbank27                                   bank27       00000
__Hbank28                                   bank28       00000
__Hbank29                                   bank29       00000
__Hbank3                                    bank3        00000
__Hbank30                                   bank30       00000
__Hbank31                                   bank31       00000
__Hbank4                                    bank4        00000
__Hbank5                                    bank5        00000
__Hbank6                                    bank6        00000
__Hbank7                                    bank7        00000
__Hbank8                                    bank8        00000
__Hbank9                                    bank9        00000
__Hbigram                                   bigram       00000
__HbssBANK0                                 bssBANK0     00000
__HbssBANK3                                 bssBANK3     00000
__HbssBANK4                                 bssBANK4     00000
__HbssCOMMON                                bssCOMMON    00000
__Hcinit                                    cinit        0004D
__Hclrtext                                  clrtext      00000
__Hcode                                     code         00000
__Hcommon                                   common       00000
__Hconfig                                   config       0800B
__HcstackBANK0                              cstackBANK0  00000
__HcstackBANK1                              cstackBANK1  00000
__HcstackBANK2                              cstackBANK2  00000
__HcstackCOMMON                             cstackCOMMON 00000
__Heeprom_data                              eeprom_data  00000
__Hend_init                                 end_init     0002D
__Hfunctab                                  functab      00000
__Hidloc                                    idloc        00000
__Hinit                                     init         0002B
__Hintentry                                 intentry     0002B
__Hmaintext                                 maintext     00000
__HnvBANK0                                  nvBANK0      00000
__Hpowerup                                  powerup      00000
__Hram                                      ram          00000
__Hreset_vec                                reset_vec    00002
__Hsfr0                                     sfr0         00000
__Hsfr1                                     sfr1         00000
__Hsfr10                                    sfr10        00000
__Hsfr11                                    sfr11        00000
__Hsfr12                                    sfr12        00000
__Hsfr13                                    sfr13        00000
__Hsfr14                                    sfr14        00000
__Hsfr15                                    sfr15        00000
__Hsfr16                                    sfr16        00000
__Hsfr17                                    sfr17        00000
__Hsfr18                                    sfr18        00000
__Hsfr19                                    sfr19        00000
__Hsfr2                                     sfr2         00000
__Hsfr20                                    sfr20        00000
__Hsfr21                                    sfr21        00000
__Hsfr22                                    sfr22        00000
__Hsfr23                                    sfr23        00000
__Hsfr24                                    sfr24        00000
__Hsfr25                                    sfr25        00000
__Hsfr26                                    sfr26        00000
__Hsfr27                                    sfr27        00000
__Hsfr28                                    sfr28        00000
__Hsfr29                                    sfr29        00000
__Hsfr3                                     sfr3         00000
__Hsfr30                                    sfr30        00000
__Hsfr31                                    sfr31        00000
__Hsfr4                                     sfr4         00000
__Hsfr5                                     sfr5         00000
__Hsfr6                                     sfr6         00000
__Hsfr7                                     sfr7         00000
__Hsfr8                                     sfr8         00000
__Hsfr9                                     sfr9         00000
__Hspace_0                                  (abs)        0800B
__Hspace_1                                  (abs)        00264
__Hspace_2                                  (abs)        00000
__Hspace_3                                  (abs)        00000
__Hstack                                    stack        00000
__Hstrings                                  strings      00000
__Hstringtext1                              stringtext1  00000
__Htext                                     text         00000
__Labs1                                     abs1         00000
__Lbank0                                    bank0        00000
__Lbank1                                    bank1        00000
__Lbank10                                   bank10       00000
__Lbank11                                   bank11       00000
__Lbank12                                   bank12       00000
__Lbank13                                   bank13       00000
__Lbank14                                   bank14       00000
__Lbank15                                   bank15       00000
__Lbank16                                   bank16       00000
__Lbank17                                   bank17       00000
__Lbank18                                   bank18       00000
__Lbank19                                   bank19       00000
__Lbank2                                    bank2        00000
__Lbank20                                   bank20       00000
__Lbank21                                   bank21       00000
__Lbank22                                   bank22       00000
__Lbank23                                   bank23       00000
__Lbank24                                   bank24       00000
__Lbank25                                   bank25       00000
__Lbank26                                   bank26       00000
__Lbank27                                   bank27       00000
__Lbank28                                   bank28       00000
__Lbank29                                   bank29       00000
__Lbank3                                    bank3        00000
__Lbank30                                   bank30       00000
__Lbank31                                   bank31       00000
__Lbank4                                    bank4        00000
__Lbank5                                    bank5        00000
__Lbank6                                    bank6        00000
__Lbank7                                    bank7        00000
__Lbank8                                    bank8        00000
__Lbank9                                    bank9        00000
__Lbigram                                   bigram       00000
__LbssBANK0                                 bssBANK0     00000
__LbssBANK3                                 bssBANK3     00000
__LbssBANK4                                 bssBANK4     00000
__LbssCOMMON                                bssCOMMON    00000
__Lcinit                                    cinit        0002D
__Lclrtext                                  clrtext      00000
__Lcode                                     code         00000
__Lcommon                                   common       00000
__Lconfig                                   config       08007
__LcstackBANK0                              cstackBANK0  00000
__LcstackBANK1                              cstackBANK1  00000
__LcstackBANK2                              cstackBANK2  00000
__LcstackCOMMON                             cstackCOMMON 00000
__Leeprom_data                              eeprom_data  00000
__Lend_init                                 end_init     0002B
__Lfunctab                                  functab      00000
__Lidloc                                    idloc        00000
__Linit                                     init         0002B
__Lintentry                                 intentry     00004
__Lmaintext                                 maintext     00000
__LnvBANK0                                  nvBANK0      00000
__Lpowerup                                  powerup      00000
__Lram                                      ram          00000
__Lreset_vec                                reset_vec    00000
__Lsfr0                                     sfr0         00000
__Lsfr1                                     sfr1         00000
__Lsfr10                                    sfr10        00000
__Lsfr11                                    sfr11        00000
__Lsfr12                                    sfr12        00000
__Lsfr13                                    sfr13        00000
__Lsfr14                                    sfr14        00000
__Lsfr15                                    sfr15        00000
__Lsfr16                                    sfr16        00000
__Lsfr17                                    sfr17        00000
__Lsfr18                                    sfr18        00000
__Lsfr19                                    sfr19        00000
__Lsfr2                                     sfr2         00000
__Lsfr20                                    sfr20        00000
__Lsfr21                                    sfr21        00000
__Lsfr22                                    sfr22        00000
__Lsfr23                                    sfr23        00000
__Lsfr24                                    sfr24        00000
__Lsfr25                                    sfr25        00000
__Lsfr26                                    sfr26        00000
__Lsfr27                                    sfr27        00000
__Lsfr28                                    sfr28        00000
__Lsfr29                                    sfr29        00000
__Lsfr3                                     sfr3         00000
__Lsfr30                                    sfr30        00000
__Lsfr31                                    sfr31        00000
__Lsfr4                                     sfr4         00000
__Lsfr5                                     sfr5         00000
__Lsfr6                                     sfr6         00000
__Lsfr7                                     sfr7         00000
__Lsfr8                                     sfr8         00000
__Lsfr9                                     sfr9         00000
__Lspace_0                                  (abs)        00000
__Lspace_1                                  (abs)        00000
__Lspace_2                                  (abs)        00000
__Lspace_3                                  (abs)        00000
__Lstack                                    stack        00000
__Lstrings                                  strings      00000
__Lstringtext1                              stringtext1  00000
__Ltext                                     text         00000
__S0                                        (abs)        0800B
__S1                                        (abs)        00264
__S2                                        (abs)        00000
__S3                                        (abs)        00000
___awdiv                                    text20       00710
___awdiv@counter                            cstackBANK0  0002B
___awdiv@dividend                           cstackBANK0  00028
___awdiv@divisor                            cstackBANK0  00026
___awdiv@quotient                           cstackBANK0  0002D
___awdiv@sign                               cstackBANK0  0002C
___int_sp                                   stack        00000
___latbits                                  (abs)        00002
___sp                                       stack        00000
___stackhi                                  (abs)        023EF
___stacklo                                  (abs)        02184
___wmul                                     text19       00C2E
___wmul@multiplicand                        cstackBANK0  00022
___wmul@multiplier                          cstackBANK0  00020
___wmul@product                             cstackBANK0  00024
__end_of_GestureInterruptHandler            text89       00AAE
__end_of_I2C_ReStart                        text46       00A95
__end_of_I2C_Read_Byte                      text42       00B5C
__end_of_I2C_Send_NACK                      text40       00A9E
__end_of_I2C_Start                          text38       00AA4
__end_of_I2C_Stop                           text36       00AAA
__end_of_I2C_Write_Byte                     text34       00C2E
__end_of_INTERRUPT_InterruptManager         intentry     0002B
__end_of_IOCCF1_DefaultInterruptHandler     text90       00A74
__end_of_IOCCF1_ISR                         text88       00B75
__end_of_IOCCF1_SetInterruptHandler         text52       00AF6
__end_of_LEDs_SetLow                        text23       00B02
__end_of_OSCILLATOR_Initialize              text53       00B3E
__end_of_PIN_MANAGER_IOC                    text87       00AEA
__end_of_PIN_MANAGER_Initialize             text51       00F2C
__end_of_PMD_Initialize                     text50       00B35
__end_of_SYSTEM_Initialize                  text48       00B68
__end_of_WDT_Initialize                     text49       00AD6
__end_of___awdiv                            text20       00762
__end_of___wmul                             text19       00C4A
__end_of__initialization                    cinit        00049
__end_of_decodeGesture                      text22       004A6
__end_of_do_I2C_DO_ACK                      text64       00ACA
__end_of_do_I2C_DO_ADDRESS_NACK             text61       00DCB
__end_of_do_I2C_DO_NACK_RESTART             text62       00AD2
__end_of_do_I2C_DO_NACK_STOP                text63       00ACE
__end_of_do_I2C_IDLE                        text72       00AE4
__end_of_do_I2C_RCEN                        text65       00AF0
__end_of_do_I2C_RESET                       text73       00B0F
__end_of_do_I2C_RX                          text59       00FB6
__end_of_do_I2C_SEND_ADR_READ               text67       00B2D
__end_of_do_I2C_SEND_ADR_WRITE              text66       00B16
__end_of_do_I2C_SEND_RESTART                text69       00AC2
__end_of_do_I2C_SEND_RESTART_READ           text71       00ABA
__end_of_do_I2C_SEND_RESTART_WRITE          text70       00ABE
__end_of_do_I2C_SEND_STOP                   text68       00AC6
__end_of_do_I2C_TX                          text60       00800
__end_of_do_I2C_TX_EMPTY                    text74       00E27
__end_of_enableGestureSensor                text24       00710
__end_of_enablePower                        text29       00B83
__end_of_fsmStateTable                      stringtext1  01020
__end_of_getMode                            text32       00B47
__end_of_handleGesture                      text15       00F70
__end_of_i2c1_driver_TXData                 text35       00AFC
__end_of_i2c1_driver_clearBusCollision      text56       00A8C
__end_of_i2c1_driver_getRXData              text45       00A98
__end_of_i2c1_driver_isBufferFull           text44       00B1D
__end_of_i2c1_driver_isNACK                 text76       00B25
__end_of_i2c1_driver_open                   text14       00B51
__end_of_i2c1_driver_resetBus               text80       00A75
__end_of_i2c1_driver_restart                text47       00A92
__end_of_i2c1_driver_sendACK                text86       00AB2
__end_of_i2c1_driver_sendNACK               text41       00ADA
__end_of_i2c1_driver_start                  text39       00AA1
__end_of_i2c1_driver_startRX                text43       00A9B
__end_of_i2c1_driver_stop                   text37       00AA7
__end_of_i2c_ISR                            text57       00CB2
__end_of_i2c_busCollisionISR                text55       00A8F
__end_of_initialize                         text1        005BC
__end_of_isGestureAvailable                 text21       00B96
__end_of_main                               maintext     00EF1
__end_of_mssp1_clearIRQ                     text58       00A89
__end_of_mssp1_setIRQ                       text75       00A86
__end_of_processGestureData                 text18       00318
__end_of_readGesture                        text16       006AC
__end_of_resetGestureParameters             text28       00BF7
__end_of_returnReset                        text82       00004
__end_of_returnStop                         text83       00A77
__end_of_setAmbientLightGain                text13       00C68
__end_of_setGestureEnterThresh              text12       00BA9
__end_of_setGestureExitThresh               text11       00BBC
__end_of_setGestureGain                     text10       00E8B
__end_of_setGestureIntEnable                text27       00DF6
__end_of_setGestureLEDDrive                 text9        00EBD
__end_of_setGestureMode                     text26       00CD9
__end_of_setGestureWaitTime                 text8        00D00
__end_of_setLEDBoost                        text25       00E59
__end_of_setLEDDrive                        text7        00D77
__end_of_setLightIntHighThreshold           text6        00D27
__end_of_setLightIntLowThreshold            text5        00D4E
__end_of_setMode                            text30       007B1
__end_of_setProxIntHighThresh               text4        00BCF
__end_of_setProxIntLowThresh                text3        00BE2
__end_of_setProximityGain                   text2        00DA0
__end_of_wireReadDataBlock                  text17       01000
__end_of_wireReadDataByte                   text33       00C8C
__end_of_wireWriteDataByte                  text31       00C12
__end_ofi1_i2c1_driver_TXData               text77       00ADF
__end_ofi1_i2c1_driver_getRXData            text78       00A83
__end_ofi1_i2c1_driver_restart              text85       00A7A
__end_ofi1_i2c1_driver_sendNACK             text79       00AB6
__end_ofi1_i2c1_driver_startRX              text81       00A80
__end_ofi1_i2c1_driver_stop                 text84       00A7D
__initialization                            cinit        0002D
__pbssBANK0                                 bssBANK0     0005D
__pbssBANK3                                 bssBANK3     001A0
__pbssBANK4                                 bssBANK4     00220
__pbssCOMMON                                bssCOMMON    00076
__pcstackBANK0                              cstackBANK0  00020
__pcstackBANK1                              cstackBANK1  000A0
__pcstackBANK2                              cstackBANK2  00120
__pcstackCOMMON                             cstackCOMMON 00070
__pintentry                                 intentry     00004
__pmaintext                                 maintext     00EBD
__pnvBANK0                                  nvBANK0      0006E
__pstringtext1                              stringtext1  01000
__ptext1                                    text1        004A6
__ptext10                                   text10       00E59
__ptext11                                   text11       00BA9
__ptext12                                   text12       00B96
__ptext13                                   text13       00C4A
__ptext14                                   text14       00B47
__ptext15                                   text15       00F2C
__ptext16                                   text16       005BC
__ptext17                                   text17       00FB6
__ptext18                                   text18       0004D
__ptext19                                   text19       00C2E
__ptext2                                    text2        00D77
__ptext20                                   text20       00710
__ptext21                                   text21       00B83
__ptext22                                   text22       00318
__ptext23                                   text23       00AFC
__ptext24                                   text24       006AC
__ptext25                                   text25       00E27
__ptext26                                   text26       00CB2
__ptext27                                   text27       00DCB
__ptext28                                   text28       00BE2
__ptext29                                   text29       00B75
__ptext3                                    text3        00BCF
__ptext30                                   text30       00762
__ptext31                                   text31       00BF7
__ptext32                                   text32       00B3E
__ptext33                                   text33       00C68
__ptext34                                   text34       00C12
__ptext35                                   text35       00AF6
__ptext36                                   text36       00AA7
__ptext37                                   text37       00AA4
__ptext38                                   text38       00AA1
__ptext39                                   text39       00A9E
__ptext4                                    text4        00BBC
__ptext40                                   text40       00A9B
__ptext41                                   text41       00AD6
__ptext42                                   text42       00B51
__ptext43                                   text43       00A98
__ptext44                                   text44       00B16
__ptext45                                   text45       00A95
__ptext46                                   text46       00A92
__ptext47                                   text47       00A8F
__ptext48                                   text48       00B5C
__ptext49                                   text49       00AD2
__ptext5                                    text5        00D27
__ptext50                                   text50       00B2D
__ptext51                                   text51       00EF1
__ptext52                                   text52       00AF0
__ptext53                                   text53       00B35
__ptext55                                   text55       00A8C
__ptext56                                   text56       00A89
__ptext57                                   text57       00C8C
__ptext58                                   text58       00A86
__ptext59                                   text59       00F70
__ptext6                                    text6        00D00
__ptext60                                   text60       007B1
__ptext61                                   text61       00DA0
__ptext62                                   text62       00ACE
__ptext63                                   text63       00ACA
__ptext64                                   text64       00AC6
__ptext65                                   text65       00AEA
__ptext66                                   text66       00B0F
__ptext67                                   text67       00B25
__ptext68                                   text68       00AC2
__ptext69                                   text69       00ABE
__ptext7                                    text7        00D4E
__ptext70                                   text70       00ABA
__ptext71                                   text71       00AB6
__ptext72                                   text72       00ADF
__ptext73                                   text73       00B08
__ptext74                                   text74       00DF6
__ptext75                                   text75       00A83
__ptext76                                   text76       00B1D
__ptext77                                   text77       00ADA
__ptext78                                   text78       00A80
__ptext79                                   text79       00AB2
__ptext8                                    text8        00CD9
__ptext80                                   text80       00A74
__ptext81                                   text81       00A7D
__ptext82                                   text82       00002
__ptext83                                   text83       00A75
__ptext84                                   text84       00A7A
__ptext85                                   text85       00A77
__ptext86                                   text86       00AAE
__ptext87                                   text87       00AE4
__ptext88                                   text88       00B68
__ptext89                                   text89       00AAA
__ptext9                                    text9        00E8B
__ptext90                                   text90       00A73
__size_of_GestureInterruptHandler           (abs)        00000
__size_of_I2C_ReStart                       (abs)        00000
__size_of_I2C_Read_Byte                     (abs)        00000
__size_of_I2C_Send_NACK                     (abs)        00000
__size_of_I2C_Start                         (abs)        00000
__size_of_I2C_Stop                          (abs)        00000
__size_of_I2C_Write_Byte                    (abs)        00000
__size_of_INTERRUPT_InterruptManager        (abs)        00000
__size_of_IOCCF1_DefaultInterruptHandler    (abs)        00000
__size_of_IOCCF1_ISR                        (abs)        00000
__size_of_IOCCF1_SetInterruptHandler        (abs)        00000
__size_of_LEDs_SetLow                       (abs)        00000
__size_of_OSCILLATOR_Initialize             (abs)        00000
__size_of_PIN_MANAGER_IOC                   (abs)        00000
__size_of_PIN_MANAGER_Initialize            (abs)        00000
__size_of_PMD_Initialize                    (abs)        00000
__size_of_SYSTEM_Initialize                 (abs)        00000
__size_of_WDT_Initialize                    (abs)        00000
__size_of___awdiv                           (abs)        00000
__size_of___wmul                            (abs)        00000
__size_of_decodeGesture                     (abs)        00000
__size_of_do_I2C_DO_ACK                     (abs)        00000
__size_of_do_I2C_DO_ADDRESS_NACK            (abs)        00000
__size_of_do_I2C_DO_NACK_RESTART            (abs)        00000
__size_of_do_I2C_DO_NACK_STOP               (abs)        00000
__size_of_do_I2C_IDLE                       (abs)        00000
__size_of_do_I2C_RCEN                       (abs)        00000
__size_of_do_I2C_RESET                      (abs)        00000
__size_of_do_I2C_RX                         (abs)        00000
__size_of_do_I2C_SEND_ADR_READ              (abs)        00000
__size_of_do_I2C_SEND_ADR_WRITE             (abs)        00000
__size_of_do_I2C_SEND_RESTART               (abs)        00000
__size_of_do_I2C_SEND_RESTART_READ          (abs)        00000
__size_of_do_I2C_SEND_RESTART_WRITE         (abs)        00000
__size_of_do_I2C_SEND_STOP                  (abs)        00000
__size_of_do_I2C_TX                         (abs)        00000
__size_of_do_I2C_TX_EMPTY                   (abs)        00000
__size_of_enableGestureSensor               (abs)        00000
__size_of_enablePower                       (abs)        00000
__size_of_getMode                           (abs)        00000
__size_of_handleGesture                     (abs)        00000
__size_of_i2c1_driver_TXData                (abs)        00000
__size_of_i2c1_driver_clearBusCollision     (abs)        00000
__size_of_i2c1_driver_getRXData             (abs)        00000
__size_of_i2c1_driver_isBufferFull          (abs)        00000
__size_of_i2c1_driver_isNACK                (abs)        00000
__size_of_i2c1_driver_open                  (abs)        00000
__size_of_i2c1_driver_resetBus              (abs)        00000
__size_of_i2c1_driver_restart               (abs)        00000
__size_of_i2c1_driver_sendACK               (abs)        00000
__size_of_i2c1_driver_sendNACK              (abs)        00000
__size_of_i2c1_driver_start                 (abs)        00000
__size_of_i2c1_driver_startRX               (abs)        00000
__size_of_i2c1_driver_stop                  (abs)        00000
__size_of_i2c_ISR                           (abs)        00000
__size_of_i2c_busCollisionISR               (abs)        00000
__size_of_initialize                        (abs)        00000
__size_of_isGestureAvailable                (abs)        00000
__size_of_main                              (abs)        00000
__size_of_mssp1_clearIRQ                    (abs)        00000
__size_of_mssp1_setIRQ                      (abs)        00000
__size_of_processGestureData                (abs)        00000
__size_of_readGesture                       (abs)        00000
__size_of_resetGestureParameters            (abs)        00000
__size_of_returnReset                       (abs)        00000
__size_of_returnStop                        (abs)        00000
__size_of_setAmbientLightGain               (abs)        00000
__size_of_setGestureEnterThresh             (abs)        00000
__size_of_setGestureExitThresh              (abs)        00000
__size_of_setGestureGain                    (abs)        00000
__size_of_setGestureIntEnable               (abs)        00000
__size_of_setGestureLEDDrive                (abs)        00000
__size_of_setGestureMode                    (abs)        00000
__size_of_setGestureWaitTime                (abs)        00000
__size_of_setLEDBoost                       (abs)        00000
__size_of_setLEDDrive                       (abs)        00000
__size_of_setLightIntHighThreshold          (abs)        00000
__size_of_setLightIntLowThreshold           (abs)        00000
__size_of_setMode                           (abs)        00000
__size_of_setProxIntHighThresh              (abs)        00000
__size_of_setProxIntLowThresh               (abs)        00000
__size_of_setProximityGain                  (abs)        00000
__size_of_wireReadDataBlock                 (abs)        00000
__size_of_wireReadDataByte                  (abs)        00000
__size_of_wireWriteDataByte                 (abs)        00000
__size_ofi1_i2c1_driver_TXData              (abs)        00000
__size_ofi1_i2c1_driver_getRXData           (abs)        00000
__size_ofi1_i2c1_driver_restart             (abs)        00000
__size_ofi1_i2c1_driver_sendNACK            (abs)        00000
__size_ofi1_i2c1_driver_startRX             (abs)        00000
__size_ofi1_i2c1_driver_stop                (abs)        00000
_decodeGesture                              text22       00318
_decodeGesture$1277                         cstackBANK0  00022
_decodeGesture$1278                         cstackBANK0  00024
_decodeGesture$1279                         cstackBANK0  00026
_decodeGesture$1280                         cstackBANK0  00028
_decodeGesture$1281                         cstackBANK0  0002A
_decodeGesture$1282                         cstackBANK0  0002C
_decodeGesture$1283                         cstackBANK0  0002E
_decodeGesture$1284                         cstackBANK0  00030
_do_I2C_DO_ACK                              text64       00AC6
_do_I2C_DO_ADDRESS_NACK                     text61       00DA0
_do_I2C_DO_NACK_RESTART                     text62       00ACE
_do_I2C_DO_NACK_STOP                        text63       00ACA
_do_I2C_IDLE                                text72       00ADF
_do_I2C_RCEN                                text65       00AEA
_do_I2C_RESET                               text73       00B08
_do_I2C_RX                                  text59       00F70
_do_I2C_SEND_ADR_READ                       text67       00B25
_do_I2C_SEND_ADR_WRITE                      text66       00B0F
_do_I2C_SEND_RESTART                        text69       00ABE
_do_I2C_SEND_RESTART_READ                   text71       00AB6
_do_I2C_SEND_RESTART_WRITE                  text70       00ABA
_do_I2C_SEND_STOP                           text68       00AC2
_do_I2C_TX                                  text60       007B1
_do_I2C_TX_EMPTY                            text74       00DF6
_enableGestureSensor                        text24       006AC
_enablePower                                text29       00B75
_fsmStateTable                              stringtext1  01000
_gesture_data_                              bssBANK4     00220
_gesture_far_count_                         bssBANK0     00061
_gesture_lr_count_                          bssBANK0     00065
_gesture_lr_delta_                          bssBANK0     00069
_gesture_motion_                            bssBANK0     0005D
_gesture_near_count_                        bssBANK0     00063
_gesture_state_                             bssBANK0     0005F
_gesture_ud_count_                          bssBANK0     00067
_gesture_ud_delta_                          bssBANK0     0006B
_getMode                                    text32       00B3E
_handleGesture                              text15       00F2C
_handleGestureFlag                          bssBANK0     0006D
_i2c1_driver_TXData                         text35       00AF6
_i2c1_driver_busCollisionISR                bssCOMMON    00078
_i2c1_driver_clearBusCollision              text56       00A89
_i2c1_driver_getRXData                      text45       00A95
_i2c1_driver_i2cISR                         bssCOMMON    00076
_i2c1_driver_isBufferFull                   text44       00B16
_i2c1_driver_isNACK                         text76       00B1D
_i2c1_driver_open                           text14       00B47
[...]
                  1    wreg      void 
 Registers used:
		None
 Tracked objects:
		On entry : 
		On exit  : 
		Unchanged: 
 Data sizes:     COMMON   BANK0   BANK1   BANK2   BANK3   BANK4   BANK5   BANK6   BANK7   BANK8   BANK9  BANK10  BANK11  BANK12
      Params:         0       0       0       0       0       0       0       0       0       0       0       0       0       0
      Locals:         0       0       0       0       0       0       0       0       0       0       0       0       0       0
      Temps:          0       0       0       0       0       0       0       0       0       0       0       0       0       0
      Totals:         0       0       0       0       0       0       0       0       0       0       0       0       0       0
Total ram usage:        0 bytes
 Hardware stack levels used:    1
 This function calls:
		Nothing
 This function is called by:
		_do_I2C_RESET
 This function uses a non-reentrant model


 *************** function i1_i2c1_driver_startRX *****************
 Defined at:
		line 166 in file "mcc_generated_files/i2c1_driver.c"
 Parameters:    Size  Location     Type
		None
 Auto vars:     Size  Location     Type
		None
 Return value:  Size  Location     Type
                  1    wreg      void 
 Registers used:
		None
 Tracked objects:
		On entry : 
		On exit  : 
		Unchanged: 
 Data sizes:     COMMON   BANK0   BANK1   BANK2   BANK3   BANK4   BANK5   BANK6   BANK7   BANK8   BANK9  BANK10  BANK11  BANK12
      Params:         0       0       0       0       0       0       0       0       0       0       0       0       0       0
      Locals:         0       0       0       0       0       0       0       0       0       0       0       0       0       0
      Temps:          0       0       0       0       0       0       0       0       0       0       0       0       0       0
      Totals:         0       0       0       0       0       0       0       0       0       0       0       0       0       0
Total ram usage:        0 bytes
 Hardware stack levels used:    1
 This function calls:
		Nothing
 This function is called by:
		_do_I2C_RCEN
 This function uses a non-reentrant model


 *************** function _returnReset *****************
 Defined at:
		line 448 in file "mcc_generated_files/drivers/i2c_master.c"
 Parameters:    Size  Location     Type
  p               1    0[COMMON] PTR void 
		 -> NULL(0), 
 Auto vars:     Size  Location     Type
		None
 Return value:  Size  Location     Type
                  1    wreg      enum E6966
 Registers used:
		wreg
 Tracked objects:
		On entry : 
		On exit  : 
		Unchanged: 
 Data sizes:     COMMON   BANK0   BANK1   BANK2   BANK3   BANK4   BANK5   BANK6   BANK7   BANK8   BANK9  BANK10  BANK11  BANK12
      Params:         1       0       0       0       0       0       0       0       0       0       0       0       0       0
      Locals:         0       0       0       0       0       0       0       0       0       0       0       0       0       0
      Temps:          0       0       0       0       0       0       0       0       0       0       0       0       0       0
      Totals:         1       0       0       0       0       0       0       0       0       0       0       0       0       0
Total ram usage:        1 bytes
 Hardware stack levels used:    1
 This function calls:
		Nothing
 This function is called by:
		_i2c_open
		_do_I2C_DO_ADDRESS_NACK
		_do_I2C_TX
		_do_I2C_RX
		_do_I2C_TX_EMPTY
 This function uses a non-reentrant model


 *************** function _returnStop *****************
 Defined at:
		line 443 in file "mcc_generated_files/drivers/i2c_master.c"
 Parameters:    Size  Location     Type
  p               1    0[COMMON] PTR void 
		 -> NULL(0), 
 Auto vars:     Size  Location     Type
		None
 Return value:  Size  Location     Type
                  1    wreg      enum E6966
 Registers used:
		wreg
 Tracked objects:
		On entry : 
		On exit  : 
		Unchanged: 
 Data sizes:     COMMON   BANK0   BANK1   BANK2   BANK3   BANK4   BANK5   BANK6   BANK7   BANK8   BANK9  BANK10  BANK11  BANK12
      Params:         1       0       0       0       0       0       0       0       0       0       0       0       0       0
      Locals:         0       0       0       0       0       0       0       0       0       0       0       0       0       0
      Temps:          0       0       0       0       0       0       0       0       0       0       0       0       0       0
      Totals:         1       0       0       0       0       0       0       0       0       0       0       0       0       0
Total ram usage:        1 bytes
 Hardware stack levels used:    1
 This function calls:
		Nothing
 This function is called by:
		_i2c_open
		_setCallBack
		_do_I2C_DO_ADDRESS_NACK
		_do_I2C_TX
		_do_I2C_RX
		_do_I2C_TX_EMPTY
 This function uses a non-reentrant model


 *************** function i1_i2c1_driver_stop *****************
 Defined at:
		line 156 in file "mcc_generated_files/i2c1_driver.c"
 Parameters:    Size  Location     Type
		None
 Auto vars:     Size  Location     Type
		None
 Return value:  Size  Location     Type
                  1    wreg      void 
 Registers used:
		None
 Tracked objects:
		On entry : 
		On exit  : 
		Unchanged: 
 Data sizes:     COMMON   BANK0   BANK1   BANK2   BANK3   BANK4   BANK5   BANK6   BANK7   BANK8   BANK9  BANK10  BANK11  BANK12
      Params:         0       0       0       0       0       0       0       0       0       0       0       0       0       0
      Locals:         0       0       0       0       0       0       0       0       0       0       0       0       0       0
      Temps:          0       0       0       0       0       0       0       0       0       0       0       0       0       0
      Totals:         0       0       0       0       0       0       0       0       0       0       0       0       0       0
Total ram usage:        0 bytes
 Hardware stack levels used:    1
 This function calls:
		Nothing
 This function is called by:
		_do_I2C_SEND_STOP
 This function uses a non-reentrant model


 *************** function i1_i2c1_driver_restart *****************
 Defined at:
		line 151 in file "mcc_generated_files/i2c1_driver.c"
 Parameters:    Size  Location     Type
		None
 Auto vars:     Size  Location     Type
		None
 Return value:  Size  Location     Type
                  1    wreg      void 
 Registers used:
		None
 Tracked objects:
		On entry : 
		On exit  : 
		Unchanged: 
 Data sizes:     COMMON   BANK0   BANK1   BANK2   BANK3   BANK4   BANK5   BANK6   BANK7   BANK8   BANK9  BANK10  BANK11  BANK12
      Params:         0       0       0       0       0       0       0       0       0       0       0       0       0       0
      Locals:         0       0       0       0       0       0       0       0       0       0       0       0       0       0
      Temps:          0       0       0       0       0       0       0       0       0       0       0       0       0       0
      Totals:         0       0       0       0       0       0       0       0       0       0       0       0       0       0
Total ram usage:        0 bytes
 Hardware stack levels used:    1
 This function calls:
		Nothing
 This function is called by:
		_do_I2C_SEND_RESTART_READ
		_do_I2C_SEND_RESTART_WRITE
		_do_I2C_SEND_RESTART
 This function uses a non-reentrant model


 *************** function _i2c1_driver_sendACK *****************
 Defined at:
		line 196 in file "mcc_generated_files/i2c1_driver.c"
 Parameters:    Size  Location     Type
		None
 Auto vars:     Size  Location     Type
		None
 Return value:  Size  Location     Type
                  1    wreg      void 
 Registers used:
		None
 Tracked objects:
		On entry : 
		On exit  : 
		Unchanged: 
 Data sizes:     COMMON   BANK0   BANK1   BANK2   BANK3   BANK4   BANK5   BANK6   BANK7   BANK8   BANK9  BANK10  BANK11  BANK12
      Params:         0       0       0       0       0       0       0       0       0       0       0       0       0       0
      Locals:         0       0       0       0       0       0       0       0       0       0       0       0       0       0
      Temps:          0       0       0       0       0       0       0       0       0       0       0       0       0       0
      Totals:         0       0       0       0       0       0       0       0       0       0       0       0       0       0
Total ram usage:        0 bytes
 Hardware stack levels used:    1
 This function calls:
		Nothing
 This function is called by:
		_do_I2C_DO_ACK
		_do_I2C_RX
		_I2C_Send_ACK
 This function uses a non-reentrant model


 *************** function _PIN_MANAGER_IOC *****************
 Defined at:
		line 127 in file "mcc_generated_files/pin_manager.c"
 Parameters:    Size  Location     Type
		None
 Auto vars:     Size  Location     Type
		None
 Return value:  Size  Location     Type
                  1    wreg      void 
 Registers used:
		wreg, status,2, status,0, pclath, cstack
 Tracked objects:
		On entry : 
		On exit  : 
		Unchanged: 
 Data sizes:     COMMON   BANK0   BANK1   BANK2   BANK3   BANK4   BANK5   BANK6   BANK7   BANK8   BANK9  BANK10  BANK11  BANK12
      Params:         0       0       0       0       0       0       0       0       0       0       0       0       0       0
      Locals:         0       0       0       0       0       0       0       0       0       0       0       0       0       0
      Temps:          0       0       0       0       0       0       0       0       0       0       0       0       0       0
      Totals:         0       0       0       0       0       0       0       0       0       0       0       0       0       0
Total ram usage:        0 bytes
 Hardware stack levels used:    1
 Hardware stack levels required when called:    2
 This function calls:
		_IOCCF1_ISR
 This function is called by:
		_INTERRUPT_InterruptManager
 This function uses a non-reentrant model


 *************** function _IOCCF1_ISR *****************
 Defined at:
		line 139 in file "mcc_generated_files/pin_manager.c"
 Parameters:    Size  Location     Type
		None
 Auto vars:     Size  Location     Type
		None
 Return value:  Size  Location     Type
                  1    wreg      void 
 Registers used:
		wreg, status,2, status,0, pclath, cstack
 Tracked objects:
		On entry : 
		On exit  : 
		Unchanged: 
 Data sizes:     COMMON   BANK0   BANK1   BANK2   BANK3   BANK4   BANK5   BANK6   BANK7   BANK8   BANK9  BANK10  BANK11  BANK12
      Params:         0       0       0       0       0       0       0       0       0       0       0       0       0       0
      Locals:         0       0       0       0       0       0       0       0       0       0       0       0       0       0
      Temps:          0       0       0       0       0       0       0       0       0       0       0       0       0       0
      Totals:         0       0       0       0       0       0       0       0       0       0       0       0       0       0
Total ram usage:        0 bytes
 Hardware stack levels used:    1
 Hardware stack levels required when called:    1
 This function calls:
		Absolute function
		_GestureInterruptHandler
		_IOCCF1_DefaultInterruptHandler
 This function is called by:
		_PIN_MANAGER_IOC
 This function uses a non-reentrant model


 *************** function _GestureInterruptHandler *****************
 Defined at:
		line 54 in file "main.c"
 Parameters:    Size  Location     Type
		None
 Auto vars:     Size  Location     Type
		None
 Return value:  Size  Location     Type
                  1    wreg      void 
 Registers used:
		None
 Tracked objects:
		On entry : 
		On exit  : 
		Unchanged: 
 Data sizes:     COMMON   BANK0   BANK1   BANK2   BANK3   BANK4   BANK5   BANK6   BANK7   BANK8   BANK9  BANK10  BANK11  BANK12
      Params:         0       0       0       0       0       0       0       0       0       0       0       0       0       0
      Locals:         0       0       0       0       0       0       0       0       0       0       0       0       0       0
      Temps:          0       0       0       0       0       0       0       0       0       0       0       0       0       0
      Totals:         0       0       0       0       0       0       0       0       0       0       0       0       0       0
Total ram usage:        0 bytes
 Hardware stack levels used:    1
 This function calls:
		Nothing
 This function is called by:
		_main
		_IOCCF1_ISR
 This function uses a non-reentrant model


 *************** function _IOCCF1_DefaultInterruptHandler *****************
 Defined at:
		line 161 in file "mcc_generated_files/pin_manager.c"
 Parameters:    Size  Location     Type
		None
 Auto vars:     Size  Location     Type
		None
 Return value:  Size  Location     Type
                  1    wreg      void 
 Registers used:
		None
 Tracked objects:
		On entry : 
		On exit  : 
		Unchanged: 
 Data sizes:     COMMON   BANK0   BANK1   BANK2   BANK3   BANK4   BANK5   BANK6   BANK7   BANK8   BANK9  BANK10  BANK11  BANK12
      Params:         0       0       0       0       0       0       0       0       0       0       0       0       0       0
      Locals:         0       0       0       0       0       0       0       0       0       0       0       0       0       0
      Temps:          0       0       0       0       0       0       0       0       0       0       0       0       0       0
      Totals:         0       0       0       0       0       0       0       0       0       0       0       0       0       0
Total ram usage:        0 bytes
 Hardware stack levels used:    1
 This function calls:
		Nothing
 This function is called by:
		_PIN_MANAGER_Initialize
		_IOCCF1_ISR
 This function uses a non-reentrant model



MODULE INFORMATION

Module		Function		Class		Link	Load	Size
mcc_generated_files/interrupt_manager.c
		_INTERRUPT_InterruptManager		CODE           	0004	0000	40

mcc_generated_files/interrupt_manager.c estimated size: 40

i2c.c
		_I2C_Stop      		CODE           	0AA7	0000	4
		_I2C_Write_Byte		CODE           	0C12	0000	29
		_I2C_Read_Byte 		CODE           	0B51	0000	12
		_I2C_Send_NACK 		CODE           	0A9B	0000	4
		_I2C_Start     		CODE           	0AA1	0000	4
		_I2C_ReStart   		CODE           	0A92	0000	4

i2c.c estimated size: 57

mcc_generated_files/pin_manager.c
		_PIN_MANAGER_Initialize		CODE           	0EF1	0000	60
		_IOCCF1_DefaultInterruptHandler		CODE           	0A73	0000	2
		_IOCCF1_ISR    		CODE           	0B68	0000	14
		_PIN_MANAGER_IOC		CODE           	0AE4	0000	7
		_IOCCF1_SetInterruptHandler		CODE           	0AF0	0000	7

mcc_generated_files/pin_manager.c estimated size: 90

C:\Program Files (x86)\Microchip\xc8\v2.05\pic\sources\c99\common\awdiv.c
		___awdiv       		CODE           	0710	0000	83

C:\Program Files (x86)\Microchip\xc8\v2.05\pic\sources\c99\common\awdiv.c estimated size: 83

shared
		i1_i2c1_driver_sendNACK		CODE           	0AB2	0000	5
		__initialization		CODE           	002D	0000	29
		i1_i2c1_driver_restart		CODE           	0A77	0000	4
		i1_i2c1_driver_stop		CODE           	0A7A	0000	4
		i1_i2c1_driver_startRX		CODE           	0A7D	0000	4
		_fsmStateTable 		STRCODE        	1000	0000	33
		i1_i2c1_driver_getRXData		CODE           	0A80	0000	4
		i1_i2c1_driver_TXData		CODE           	0ADA	0000	6

shared estimated size: 89

mcc_generated_files/mcc.c
		_WDT_Initialize		CODE           	0AD2	0000	5
		_PMD_Initialize		CODE           	0B2D	0000	9
		_OSCILLATOR_Initialize		CODE           	0B35	0000	10
		_SYSTEM_Initialize		CODE           	0B5C	0000	13

mcc_generated_files/mcc.c estimated size: 37

C:\Program Files (x86)\Microchip\xc8\v2.05\pic\sources\c99\common\Umul16.c
		___wmul        		CODE           	0C2E	0000	29

C:\Program Files (x86)\Microchip\xc8\v2.05\pic\sources\c99\common\Umul16.c estimated size: 29

mcc_generated_files/drivers/i2c_master.c
		_returnStop    		CODE           	0A75	0000	3
		_i2c_busCollisionISR		CODE           	0A8C	0000	4
		_i2c_ISR       		CODE           	0C8C	0000	39
		_do_I2C_TX_EMPTY		CODE           	0DF6	0000	50
		_returnReset   		CODE           	0002	0000	3
		_do_I2C_SEND_RESTART_WRITE		CODE           	0ABA	0000	5
		_do_I2C_DO_NACK_RESTART		CODE           	0ACE	0000	5
		_do_I2C_SEND_RESTART_READ		CODE           	0AB6	0000	5
		_do_I2C_SEND_ADR_WRITE		CODE           	0B0F	0000	8
		_do_I2C_SEND_STOP		CODE           	0AC2	0000	5
		_do_I2C_SEND_ADR_READ		CODE           	0B25	0000	9
		_do_I2C_DO_NACK_STOP		CODE           	0ACA	0000	5
		_do_I2C_SEND_RESTART		CODE           	0ABE	0000	5
		_do_I2C_RX     		CODE           	0F70	0000	71
		_do_I2C_TX     		CODE           	07B1	0000	80
		_do_I2C_IDLE   		CODE           	0ADF	0000	6
		_do_I2C_RCEN   		CODE           	0AEA	0000	7
		_do_I2C_DO_ADDRESS_NACK		CODE           	0DA0	0000	44
		_do_I2C_RESET  		CODE           	0B08	0000	8
		_do_I2C_DO_ACK 		CODE           	0AC6	0000	5

mcc_generated_files/drivers/i2c_master.c estimated size: 367

mcc_generated_files/i2c1_driver.c
		_i2c1_driver_isBufferFull		CODE           	0B16	0000	8
		_i2c1_driver_open		CODE           	0B47	0000	11
		_i2c1_driver_isNACK		CODE           	0B1D	0000	9
		_i2c1_driver_stop		CODE           	0AA4	0000	4
		_i2c1_driver_getRXData		CODE           	0A95	0000	4
		_i2c1_driver_TXData		CODE           	0AF6	0000	7
		_i2c1_driver_start		CODE           	0A9E	0000	4
		_i2c1_driver_sendACK		CODE           	0AAE	0000	5
		_mssp1_setIRQ  		CODE           	0A83	0000	4
		_i2c1_driver_sendNACK		CODE           	0AD6	0000	5
		_i2c1_driver_restart		CODE           	0A8F	0000	4
		_i2c1_driver_resetBus		CODE           	0A74	0000	2
		_i2c1_driver_clearBusCollision		CODE           	0A89	0000	4
		_mssp1_clearIRQ		CODE           	0A86	0000	4
		_i2c1_driver_startRX		CODE           	0A98	0000	4

mcc_generated_files/i2c1_driver.c estimated size: 79

APDS9960.c
		_wireReadDataBlock		CODE           	0FB6	0000	75
		_setGestureEnterThresh		CODE           	0B96	0000	20
		_setProxIntHighThresh		CODE           	0BBC	0000	20
		_decodeGesture 		CODE           	0318	0000	399
		_setMode       		CODE           	0762	0000	80
		_setLEDDrive   		CODE           	0D4E	0000	42
		_setGestureIntEnable		CODE           	0DCB	0000	44
		_setLightIntHighThreshold		CODE           	0D00	0000	40
		_resetGestureParameters		CODE           	0BE2	0000	22
		_readGesture   		CODE           	05BC	0000	241
		_processGestureData		CODE           	004D	0000	716
		_setLightIntLowThreshold		CODE           	0D27	0000	40
		_enablePower   		CODE           	0B75	0000	15
		_setGestureMode		CODE           	0CB2	0000	40
		_setGestureGain		CODE           	0E59	0000	51
		_setGestureExitThresh		CODE           	0BA9	0000	20
		_setLEDBoost   		CODE           	0E27	0000	51
		_setGestureWaitTime		CODE           	0CD9	0000	40
		_setAmbientLightGain		CODE           	0C4A	0000	31
		_initialize    		CODE           	04A6	0000	279
		_setGestureLEDDrive		CODE           	0E8B	0000	51
		_setProximityGain		CODE           	0D77	0000	42
		_wireWriteDataByte		CODE           	0BF7	0000	28
		_setProxIntLowThresh		CODE           	0BCF	0000	20
		_wireReadDataByte		CODE           	0C68	0000	37
		_enableGestureSensor		CODE           	06AC	0000	101
		_getMode       		CODE           	0B3E	0000	10
		_isGestureAvailable		CODE           	0B83	0000	20

APDS9960.c estimated size: 2575

main.c
		_main          		CODE           	0EBD	0000	53
		_LEDs_SetLow   		CODE           	0AFC	0000	7
		_handleGesture 		CODE           	0F2C	0000	69
		_GestureInterruptHandler		CODE           	0AAA	0000	5

main.c estimated size: 134

