Microchip MPLAB XC8 Compiler V2.05 ()

Linker command line:

-W-3 --edf=C:\Program Files (x86)\Microchip\xc8\v2.05\pic\dat\en_msgs.txt \
  -cs -h+dist/default/production\I2Gesture.X.production.sym \
  --cmf=dist/default/production\I2Gesture.X.production.cmf -z -Q16F18345 \
  -oC:\Users\ALEXAN~1\AppData\Local\Temp\s8mg.2 --defsym=__MPLAB_BUILD=1 \
  -Mdist/default/production/I2Gesture.X.production.map -E1 -ver=XC8 \
  --acfsm=1493 -ASTACK=02184h-023EFh -pstack=STACK -ACODE=00h-07FFhx4 \
  -ASTRCODE=00h-01FFFh -ASTRING=00h-0FFhx32 -ACONST=00h-0FFhx32 \
  -AENTRY=00h-0FFhx32 -ACOMMON=070h-07Fh -ABANK0=020h-06Fh \
  -ABANK1=0A0h-0EFh -ABANK2=0120h-016Fh -ABANK3=01A0h-01EFh \
  -ABANK4=0220h-026Fh -ABANK5=02A0h-02EFh -ABANK6=0320h-036Fh \
  -ABANK7=03A0h-03EFh -ABANK8=0420h-046Fh -ABANK9=04A0h-04EFh \
  -ABANK10=0520h-056Fh -ABANK11=05A0h-05EFh -ABANK12=0620h-064Fh \
  -ABIGRAM=02000h-023EFh \
  -ARAM=020h-06Fh,0A0h-0EFh,0120h-016Fh,01A0h-01EFh,0220h-026Fh,02A0h-02EFh,0320h-036Fh,03A0h-03EFh,0420h-046Fh,04A0h-04EFh,0520h-056Fh,05A0h-05EFh,0620h-064Fh \
  -AABS1=020h-07Fh,0A0h-0EFh,0120h-016Fh,01A0h-01EFh,0220h-026Fh,02A0h-02EFh,0320h-036Fh,03A0h-03EFh,0420h-046Fh,04A0h-04EFh,0520h-056Fh,05A0h-05EFh,0620h-064Fh \
  -ASFR0=00h-01Fh -ASFR1=080h-09Fh -ASFR2=0100h-011Fh -ASFR3=0180h-019Fh \
  -ASFR4=0200h-021Fh -ASFR5=0280h-029Fh -ASFR6=0300h-031Fh \
  -ASFR7=0380h-039Fh -ASFR8=0400h-041Fh -ASFR9=0480h-049Fh \
  -ASFR10=0500h-051Fh -ASFR11=0580h-059Fh -ASFR12=0600h-061Fh \
  -ASFR13=0680h-06EFh -ASFR14=0700h-076Fh -ASFR15=0780h-07EFh \
  -ASFR16=0800h-086Fh -ASFR17=0880h-08EFh -ASFR18=0900h-096Fh \
  -ASFR19=0980h-09EFh -ASFR20=0A00h-0A6Fh -ASFR21=0A80h-0AEFh \
  -ASFR22=0B00h-0B6Fh -ASFR23=0B80h-0BEFh -ASFR24=0C00h-0C6Fh \
  -ASFR25=0C80h-0CEFh -ASFR26=0D00h-0D6Fh -ASFR27=0D80h-0DEFh \
  -ASFR28=0E00h-0E6Fh -ASFR29=0E80h-0EEFh -ASFR30=0F00h-0F6Fh \
  -ASFR31=0F80h-0FEFh -preset_vec=00h,intentry=04h,init,end_init \
  -ppowerup=CODE -pcinit=CODE -pfunctab=ENTRY -ACONFIG=08007h-0800Ah \
  -pconfig=CONFIG -DCONFIG=2 -AIDLOC=08000h-08003h -pidloc=IDLOC -DIDLOC=2 \
  -AEEDATA=00h-0FFh/0F000h -peeprom_data=EEDATA -DEEDATA=2 -DCODE=2 \
  -DSTRCODE=2 -DSTRING=2 -DCONST=2 -DENTRY=2 -k \
  C:\Users\ALEXAN~1\AppData\Local\Temp\s8mg.o \
  dist/default/production\I2Gesture.X.production.o 

Object code version is 3.11

Machine type is 16F18345



                Name                               Link     Load   Length Selector   Space Scale
C:\Users\ALEXAN~1\AppData\Local\Temp\s8mg.o
                end_init                             2B       2B        2        8       0
                reset_vec                             0        0        2        0       0
                config                             8007     8007        4    1000E       0
dist/default/production\I2Gesture.X.production.o
                cinit                                2D       2D       28        8       0
                intentry                              4        4       27        8       0
                text92                              9DB      9DB        1     13B6       0
                text91                              A13      A13        4     1426       0
                text90                              9E0      9E0        3     13C0       0
                text89                              9E3      9E3        3     13C6       0
                text88                              9DE      9DE        2     13BC       0
                text87                                2        2        2        0       0
                text86                              9E6      9E6        3     13CC       0
                text85                              9DC      9DC        1     13B8       0
                text84                              A17      A17        4     142E       0
                text83                              9E9      9E9        3     13D2       0
                text82                              A3F      A3F        5     147E       0
                text81                              A72      A72        8     14E4       0
                text80                              9EC      9EC        3     13D8       0
                text79                              DBB      DBB       31     1B76       0
                text78                              A56      A56        7     14AC       0
                text77                              7FB      7FB        5        8       0
                text76                              A1B      A1B        4     1436       0
                text75                              A1F      A1F        4     143E       0
                text74                              A23      A23        4     1446       0
                text73                              A27      A27        4     144E       0
                text72                              A7A      A7A        8     14F4       0
                text71                              A5D      A5D        7     14BA       0
                text70                              A44      A44        6     1488       0
                text69                              A2B      A2B        4     1456       0
                text68                              A2F      A2F        4     145E       0
                text67                              A33      A33        4     1466       0
                text66                              D38      D38       2B     1A70       0
                text65                              FB1      FB1       4F     1F62       0
                text64                              F21      F21       46     1E42       0
                text63                              9EF      9EF        3     13DE       0
                text62                              C24      C24       26     1848       0
                text61                              9F2      9F2        3     13E4       0
                text60                              9F5      9F5        3     13EA       0
                text58                              A82      A82        8     1504       0
                text57                              EEA      EEA       37     1DD4       0
                text56                              A8A      A8A        8     1514       0
                text55                              A64      A64        7     14C8       0
                text54                              A37      A37        4     146E       0
                text53                              ABE      ABE        F     157C       0
                text52                              9F8      9F8        3     13F0       0
                text51                              9FB      9FB        3     13F6       0
                text50                              9FE      9FE        3     13FC       0
                text49                              A6B      A6B        7     14D6       0
                text48                              A01      A01        3     1402       0
                text47                              AA5      AA5        B     154A       0
                text46                              A3B      A3B        4     1476       0
                text45                              A04      A04        3     1408       0
                text44                              A07      A07        3     140E       0
                text43                              A0A      A0A        3     1414       0
                text42                              A0D      A0D        3     141A       0
                text41                              A10      A10        3     1420       0
                text40                              A4A      A4A        6     1494       0
                text39                              BAA      BAA       1C     1754       0
                text38                              C00      C00       24     1800       0
                text37                              A92      A92        9     1524       0
                text36                              B8F      B8F       1B     171E       0
                text35                              76D      76D       4F        8       0
                text34                              AB0      AB0        E     1560       0
                text33                              B61      B61       16     16C2       0
                text32                              D63      D63       2B     1AC6       0
                text31                              C4A      C4A       27     1894       0
                text30                              DEC      DEC       32     1BD8       0
                text29                              6B7      6B7       64        8       0
                text28                              ACD      ACD        F     159A       0
                text27                              B4C      B4C       15     1698       0
                text26                              ADC      ADC       11     15B8       0
                text25                              B77      B77       18     16EE       0
                text24                              E82      E82       33     1D04       0
                text23                              EB5      EB5       35     1D6A       0
                text22                              320      320      190        8       0
                text21                              AED      AED       13     15DA       0
                text20                              71B      71B       52        8       0
                text19                              BC6      BC6       1C     178C       0
                text18                               55       55      2CB        8       0
                text17                              F67      F67       4A     1ECE       0
                text16                              5C6      5C6       F1        8       0
                text15                              7BC      7BC       3F        8       0
                text14                              A9B      A9B        A     1536       0
                text13                              BE2      BE2       1E     17C4       0
                text12                              B00      B00       13     1600       0
                text11                              B13      B13       13     1626       0
                text10                              E1E      E1E       32     1C3C       0
                text9                               E50      E50       32     1CA0       0
                text8                               C71      C71       27     18E2       0
                text7                               CE6      CE6       29     19CC       0
                text6                               C98      C98       27     1930       0
                text5                               CBF      CBF       27     197E       0
                text4                               B26      B26       13     164C       0
                text3                               B39      B39       13     1672       0
                text2                               D0F      D0F       29     1A1E       0
                text1                               4B0      4B0      116        8       0
                maintext                            D8E      D8E       2D     1B1C       0
                cstackBANK0                          20       20       3D       20       1
                cstackCOMMON                         76       76        6       70       1
                cstackBANK1                          A0       A0       40       A0       1
                cstackBANK2                         120      120       40      120       1
                clrtext                             A50      A50        6     14A0       0
                bssBANK4                            220      220       44      220       1
                bssBANK3                            1A0      1A0       1D      1A0       1
                bssBANK2                            160      160        2      120       1
                dataBANK0                            6E       6E        1       20       1
                bssBANK0                             5D       5D       11       20       1
                bssCOMMON                            70       70        6       70       1
                stringtext5                        1054     1054        7     2000       0
                stringtext4                        1049     1049        B     2000       0
                stringtext3                        103D     103D        C     2000       0
                stringtext2                        1030     1030        D     2000       0
                stringtext1                        1000     1000       30     2000       0
                idataBANK0                          9DD      9DD        1     13BA       0

TOTAL           Name                               Link     Load   Length     Space
        CLASS   STACK          

        CLASS   CODE           
                end_init                             2B       2B        2         0
                cinit                                2D       2D       28         0
                intentry                              4        4       27         0
                reset_vec                             0        0        2         0
                text92                              9DB      9DB        1         0
                text91                              A13      A13        4         0
                text90                              9E0      9E0        3         0
                text89                              9E3      9E3        3         0
                text88                              9DE      9DE        2         0
                text87                                2        2        2         0
                text86                              9E6      9E6        3         0
                text85                              9DC      9DC        1         0
                text84                              A17      A17        4         0
                text83                              9E9      9E9        3         0
                text82                              A3F      A3F        5         0
                text81                              A72      A72        8         0
                text80                              9EC      9EC        3         0
                text79                              DBB      DBB       31         0
                text78                              A56      A56        7         0
                text77                              7FB      7FB        5         0
                text76                              A1B      A1B        4         0
                text75                              A1F      A1F        4         0
                text74                              A23      A23        4         0
                text73                              A27      A27        4         0
                text72                              A7A      A7A        8         0
                text71                              A5D      A5D        7         0
                text70                              A44      A44        6         0
                text69                              A2B      A2B        4         0
                text68                              A2F      A2F        4         0
                text67                              A33      A33        4         0
                text66                              D38      D38       2B         0
                text65                              FB1      FB1       4F         0
                text64                              F21      F21       46         0
                text63                              9EF      9EF        3         0
                text62                              C24      C24       26         0
                text61                              9F2      9F2        3         0
                text60                              9F5      9F5        3         0
                text58                              A82      A82        8         0
                text57                              EEA      EEA       37         0
                text56                              A8A      A8A        8         0
                text55                              A64      A64        7         0
                text54                              A37      A37        4         0
                text53                              ABE      ABE        F         0
                text52                              9F8      9F8        3         0
                text51                              9FB      9FB        3         0
                text50                              9FE      9FE        3         0
                text49                              A6B      A6B        7         0
                text48                              A01      A01        3         0
                text47                              AA5      AA5        B         0
                text46                              A3B      A3B        4         0
                text45                              A04      A04        3         0
                text44                              A07      A07        3         0
                text43                              A0A      A0A        3         0
                text42                              A0D      A0D        3         0
                text41                              A10      A10        3         0
                text40                              A4A      A4A        6         0
                text39                              BAA      BAA       1C         0
                text38                              C00      C00       24         0
                text37                              A92      A92        9         0
                text36                              B8F      B8F       1B         0
                text35                              76D      76D       4F         0
                text34                              AB0      AB0        E         0
                text33                              B61      B61       16         0
                text32                              D63      D63       2B         0
                text31                              C4A      C4A       27         0
                text30                              DEC      DEC       32         0
                text29                              6B7      6B7       64         0
                text28                              ACD      ACD        F         0
                text27                              B4C      B4C       15         0
                text26                              ADC      ADC       11         0
                text25                              B77      B77       18         0
                text24                              E82      E82       33         0
                text23                              EB5      EB5       35         0
                text22                              320      320      190         0
                text21                              AED      AED       13         0
                text20                              71B      71B       52         0
                text19                              BC6      BC6       1C         0
                text18                               55       55      2CB         0
                text17                              F67      F67       4A         0
                text16                              5C6      5C6       F1         0
                text15                              7BC      7BC       3F         0
                text14                              A9B      A9B        A         0
                text13                              BE2      BE2       1E         0
                text12                              B00      B00       13         0
                text11                              B13      B13       13         0
                text10                              E1E      E1E       32         0
                text9                               E50      E50       32         0
                text8                               C71      C71       27         0
                text7                               CE6      CE6       29         0
                text6                               C98      C98       27         0
                text5                               CBF      CBF       27         0
                text4                               B26      B26       13         0
                text3                               B39      B39       13         0
                text2                               D0F      D0F       29         0
                text1                               4B0      4B0      116         0
                maintext                            D8E      D8E       2D         0
                clrtext                             A50      A50        6         0
                idataBANK0                          9DD      9DD        1         0

        CLASS   STRCODE        
                stringtext5                        1054     1054        7         0
                stringtext4                        1049     1049        B         0
                stringtext3                        103D     103D        C         0
                stringtext2                        1030     1030        D         0
                stringtext1                        1000     1000       30         0

        CLASS   STRING         

        CLASS   CONST          

        CLASS   ENTRY          

        CLASS   COMMON         
                cstackCOMMON                         76       76        6         1
                bssCOMMON                            70       70        6         1

        CLASS   BANK0          
                cstackBANK0                          20       20       3D         1
                dataBANK0                            6E       6E        1         1
                bssBANK0                             5D       5D       11         1

        CLASS   BANK1          
                cstackBANK1                          A0       A0       40         1

        CLASS   BANK2          
                cstackBANK2                         120      120       40         1
                bssBANK2                            160      160        2         1

        CLASS   BANK3          
                bssBANK3                            1A0      1A0       1D         1

        CLASS   BANK4          
                bssBANK4                            220      220       44         1

        CLASS   BANK5          

        CLASS   BANK6          

        CLASS   BANK7          

        CLASS   BANK8          

        CLASS   BANK9          

        CLASS   BANK10         

        CLASS   BANK11         

        CLASS   BANK12         

        CLASS   BIGRAM         

        CLASS   RAM            

        CLASS   ABS1           
                abs_s1                               7E       7E        2         1

        CLASS   SFR0           

        CLASS   SFR1           

        CLASS   SFR2           

        CLASS   SFR3           

        CLASS   SFR4           

        CLASS   SFR5           

        CLASS   SFR6           

        CLASS   SFR7           

        CLASS   SFR8           

        CLASS   SFR9           

        CLASS   SFR10          

        CLASS   SFR11          

        CLASS   SFR12          

        CLASS   SFR13          

        CLASS   SFR14          

        CLASS   SFR15          

        CLASS   SFR16          

        CLASS   SFR17          

        CLASS   SFR18          

        CLASS   SFR19          

        CLASS   SFR20          

        CLASS   SFR21          

        CLASS   SFR22          

        CLASS   SFR23          

        CLASS   SFR24          

        CLASS   SFR25          

        CLASS   SFR26          

        CLASS   SFR27          

        CLASS   SFR28          

        CLASS   SFR29          

        CLASS   SFR30          

        CLASS   SFR31          

        CLASS   CONFIG         
                config                             8007     8007        4         0

        CLASS   IDLOC          

        CLASS   EEDATA         

        CLASS   BANK31         

        CLASS   BANK30         

        CLASS   BANK29         

        CLASS   BANK28         

        CLASS   BANK27         

        CLASS   BANK26         

        CLASS   BANK25         

        CLASS   BANK24         

        CLASS   BANK23         

        CLASS   BANK22         

        CLASS   BANK21         

        CLASS   BANK20         

        CLASS   BANK19         

        CLASS   BANK18         

        CLASS   BANK17         

        CLASS   BANK16         

        CLASS   BANK15         

        CLASS   BANK14         

        CLASS   BANK13         



SEGMENTS        Name                           Load    Length   Top    Selector   Space  Class     Delta

                reset_vec                      000000  000004  000004         0       0  CODE        2
                intentry                       000004  0007FC  000800         8       0  CODE        2
                cstackBANK0                    000020  00004F  00006F        20       1  BANK0       1
                bssCOMMON                      000070  00000C  00007C        70       1  COMMON      1
                cstackBANK1                    0000A0  000040  0000E0        A0       1  BANK1       1
                cstackBANK2                    000120  000042  000162       120       1  BANK2       1
                bssBANK3                       0001A0  00001D  0001BD       1A0       1  BANK3       1
                bssBANK4                       000220  000044  000264       220       1  BANK4       1
                text92                         0009DB  000001  0009DC      13B6       0  CODE        2
                text85                         0009DC  000001  0009DD      13B8       0  CODE        2
                idataBANK0                     0009DD  000001  0009DE      13BA       0  CODE        2
                text88                         0009DE  000002  0009E0      13BC       0  CODE        2
                text90                         0009E0  000003  0009E3      13C0       0  CODE        2
                text89                         0009E3  000003  0009E6      13C6       0  CODE        2
                text86                         0009E6  000003  0009E9      13CC       0  CODE        2
                text83                         0009E9  000003  0009EC      13D2       0  CODE        2
                text80                         0009EC  000003  0009EF      13D8       0  CODE        2
                text63                         0009EF  000003  0009F2      13DE       0  CODE        2
                text61                         0009F2  000003  0009F5      13E4       0  CODE        2
                text60                         0009F5  000003  0009F8      13EA       0  CODE        2
                text52                         0009F8  000003  0009FB      13F0       0  CODE        2
                text51                         0009FB  000003  0009FE      13F6       0  CODE        2
                text50                         0009FE  000003  000A01      13FC       0  CODE        2
                text48                         000A01  000003  000A04      1402       0  CODE        2
                text45                         000A04  000003  000A07      1408       0  CODE        2
                text44                         000A07  000003  000A0A      140E       0  CODE        2
                text43                         000A0A  000003  000A0D      1414       0  CODE        2
                text42                         000A0D  000003  000A10      141A       0  CODE        2
                text41                         000A10  000003  000A13      1420       0  CODE        2
                text91                         000A13  000004  000A17      1426       0  CODE        2
                text84                         000A17  000004  000A1B      142E       0  CODE        2
                text76                         000A1B  000004  000A1F      1436       0  CODE        2
                text75                         000A1F  000004  000A23      143E       0  CODE        2
                text74                         000A23  000004  000A27      1446       0  CODE        2
                text73                         000A27  000004  000A2B      144E       0  CODE        2
                text69                         000A2B  000004  000A2F      1456       0  CODE        2
                text68                         000A2F  000004  000A33      145E       0  CODE        2
                text67                         000A33  000004  000A37      1466       0  CODE        2
                text54                         000A37  000004  000A3B      146E       0  CODE        2
                text46                         000A3B  000004  000A3F      1476       0  CODE        2
                text82                         000A3F  000005  000A44      147E       0  CODE        2
                text70                         000A44  000006  000A4A      1488       0  CODE        2
                text40                         000A4A  000006  000A50      1494       0  CODE        2
                clrtext                        000A50  000006  000A56      14A0       0  CODE        2
                text78                         000A56  000007  000A5D      14AC       0  CODE        2
                text71                         000A5D  000007  000A64      14BA       0  CODE        2
                text55                         000A64  000007  000A6B      14C8       0  CODE        2
                text49                         000A6B  000007  000A72      14D6       0  CODE        2
                text81                         000A72  000008  000A7A      14E4       0  CODE        2
                text72                         000A7A  000008  000A82      14F4       0  CODE        2
                text58                         000A82  000008  000A8A      1504       0  CODE        2
                text56                         000A8A  000008  000A92      1514       0  CODE        2
                text37                         000A92  000009  000A9B      1524       0  CODE        2
                text14                         000A9B  00000A  000AA5      1536       0  CODE        2
                text47                         000AA5  00000B  000AB0      154A       0  CODE        2
                text34                         000AB0  00000E  000ABE      1560       0  CODE        2
                text53                         000ABE  00000F  000ACD      157C       0  CODE        2
                text28                         000ACD  00000F  000ADC      159A       0  CODE        2
                text26                         000ADC  000011  000AED      15B8       0  CODE        2
                text21                         000AED  000013  000B00      15DA       0  CODE        2
                text12                         000B00  000013  000B13      1600       0  CODE        2
                text11                         000B13  000013  000B26      1626       0  CODE        2
                text4                          000B26  000013  000B39      164C       0  CODE        2
                text3                          000B39  000013  000B4C      1672       0  CODE        2
                text27                         000B4C  000015  000B61      1698       0  CODE        2
                text33                         000B61  000016  000B77      16C2       0  CODE        2
                text25                         000B77  000018  000B8F      16EE       0  CODE        2
                text36                         000B8F  00001B  000BAA      171E       0  CODE        2
                text39                         000BAA  00001C  000BC6      1754       0  CODE        2
                text19                         000BC6  00001C  000BE2      178C       0  CODE        2
                text13                         000BE2  00001E  000C00      17C4       0  CODE        2
                text38                         000C00  000024  000C24      1800       0  CODE        2
                text62                         000C24  000026  000C4A      1848       0  CODE        2
                text31                         000C4A  000027  000C71      1894       0  CODE        2
                text8                          000C71  000027  000C98      18E2       0  CODE        2
                text6                          000C98  000027  000CBF      1930       0  CODE        2
                text5                          000CBF  000027  000CE6      197E       0  CODE        2
                text7                          000CE6  000029  000D0F      19CC       0  CODE        2
                text2                          000D0F  000029  000D38      1A1E       0  CODE        2
                text66                         000D38  00002B  000D63      1A70       0  CODE        2
                text32                         000D63  00002B  000D8E      1AC6       0  CODE        2
                maintext                       000D8E  00002D  000DBB      1B1C       0  CODE        2
                text79                         000DBB  000031  000DEC      1B76       0  CODE        2
                text30                         000DEC  000032  000E1E      1BD8       0  CODE        2
                text10                         000E1E  000032  000E50      1C3C       0  CODE        2
                text9                          000E50  000032  000E82      1CA0       0  CODE        2
                text24                         000E82  000033  000EB5      1D04       0  CODE        2
                text23                         000EB5  000035  000EEA      1D6A       0  CODE        2
                text57                         000EEA  000037  000F21      1DD4       0  CODE        2
                text64                         000F21  000046  000F67      1E42       0  CODE        2
                text17                         000F67  00004A  000FB1      1ECE       0  CODE        2
                text65                         000FB1  00004F  001000      1F62       0  CODE        2
                stringtext1                    001000  00005B  00105B      2000       0  STRCODE     2
                config                         008007  000004  00800B     1000E       0  CONFIG      2


UNUSED ADDRESS RANGES

        Name                Unused          Largest block    Delta
        BANK0            0006F-0006F               1           1
        BANK1            000E0-000EF              10           1
        BANK10           00520-0056F              50           1
        BANK11           005A0-005EF              50           1
        BANK12           00620-0064F              30           1
        BANK2            00162-0016F               E           1
        BANK3            001BD-001EF              33           1
        BANK4            00264-0026F               C           1
        BANK5            002A0-002EF              50           1
        BANK6            00320-0036F              50           1
        BANK7            003A0-003EF              50           1
        BANK8            00420-0046F              50           1
        BANK9            004A0-004EF              50           1
        BIGRAM           02000-023EF             3F0           1
        CODE             00800-009DA             1DB           2
                         0105B-01FFF             7A5
        COMMON           0007C-0007D               2           1
        CONST            00800-009DA             100           2
                         0105B-01FFF             100
        EEDATA           0F000-0F0FF             100           2
        ENTRY            00800-009DA             100           2
                         0105B-01FFF             100
        IDLOC            08000-08003               4           2
        RAM              0006F-0006F               1           1
                         000E0-000EF              10
                         00162-0016F               E
                         001BD-001EF              33
                         00264-0026F               C
                         002A0-002EF              50
                         00320-0036F              50
                         003A0-003EF              50
                         00420-0046F              50
                         004A0-004EF              50
                         00520-0056F              50
                         005A0-005EF              50
                         00620-0064F              30
        SFR0             00000-0001F              20           1
        SFR1             00080-0009F              20           1
        SFR10            00500-0051F              20           1
        SFR11            00580-0059F              20           1
        SFR12            00600-0061F              20           1
        SFR13            00680-006EF              70           1
        SFR14            00700-0076F              70           1
        SFR15            00780-007EF              70           1
        SFR16            00800-0086F              70           1
        SFR17            00880-008EF              70           1
        SFR18            00900-0096F              70           1
        SFR19            00980-009EF              70           1
        SFR2             00100-0011F              20           1
        SFR20            00A00-00A6F              70           1
        SFR21            00A80-00AEF              70           1
        SFR22            00B00-00B6F              70           1
        SFR23            00B80-00BEF              70           1
        SFR24            00C00-00C6F              70           1
        SFR25            00C80-00CEF              70           1
        SFR26            00D00-00D6F              70           1
        SFR27            00D80-00DEF              70           1
        SFR28            00E00-00E6F              70           1
        SFR29            00E80-00EEF              70           1
        SFR3             00180-0019F              20           1
        SFR30            00F00-00F6F              70           1
        SFR31            00F80-00FEF              70           1
        SFR4             00200-0021F              20           1
        SFR5             00280-0029F              20           1
        SFR6             00300-0031F              20           1
        SFR7             00380-0039F              20           1
        SFR8             00400-0041F              20           1
        SFR9             00480-0049F              20           1
        STACK            02184-023EF             26C           1
        STRCODE          00800-009DA             1DB           2
                         0105B-01FFF             FA5
        STRING           00800-009DA             100           2
                         0105B-01FFF             100

                                  Symbol Table

?___awdiv                               cstackBANK0  00026
?___wmul                                cstackBANK0  00020
?_readGesture                           cstackBANK0  0004F
?_strlen                                cstackBANK0  00020
?_wireReadDataBlock                     cstackBANK0  00026
?_wireWriteDataByte                     cstackBANK0  00026
Display_Name@i                          cstackBANK0  0002A
Display_Name@length                     cstackBANK0  00028
Display_Name@string1                    cstackBANK0  00025
I2C_Write_Byte@Byte                     cstackBANK0  00023
I2C_Write_Byte@count                    cstackBANK0  00024
SPI2_Exchange8bit@data                  cstackBANK0  00020
SPI_Write@incoming                      cstackBANK0  00022
_ANSELA                                 (abs)        0018C
_ANSELB                                 (abs)        0018D
_ANSELC                                 (abs)        0018E
_Display_Clear                          text26       00ADC
_Display_Name                           text24       00E82
_I2C_ReStart                            text51       009FB
_I2C_Read_Byte                          text47       00AA5
_I2C_Send_NACK                          text45       00A04
_I2C_Start                              text43       00A0A
_I2C_Stop                               text41       00A10
_I2C_Write_Byte                         text39       00BAA
_INTCONbits                             (abs)        0000B
_INTERRUPT_InterruptManager             intentry     00004
_LATA                                   (abs)        0010C
_LATB                                   (abs)        0010D
_LATC                                   (abs)        0010E
_LATCbits                               (abs)        0010E
_ODCONA                                 (abs)        0028C
_ODCONB                                 (abs)        0028D
_ODCONC                                 (abs)        0028E
_OSCCON1                                (abs)        00919
_OSCCON3                                (abs)        0091B
_OSCEN                                  (abs)        0091D
_OSCFRQ                                 (abs)        0091F
_OSCILLATOR_Initialize                  text58       00A82
_OSCTUNE                                (abs)        0091E
_PIE0bits                               (abs)        00090
_PIE1bits                               (abs)        00091
_PIN_MANAGER_IOC                        text92       009DB
_PIN_MANAGER_Initialize                 text57       00EEA
_PIR0bits                               (abs)        00010
_PIR1bits                               (abs)        00011
_PMD0                                   (abs)        00911
_PMD1                                   (abs)        00912
_PMD2                                   (abs)        00913
_PMD3                                   (abs)        00914
_PMD4                                   (abs)        00915
_PMD5                                   (abs)        00916
_PMD_Initialize                         text56       00A8A
_RB5PPS                                 (abs)        00E9D
_RB6PPS                                 (abs)        00E9E
_RB7PPS                                 (abs)        00E9F
_RC2PPS                                 (abs)        00EA2
_SLRCONA                                (abs)        0030C
_SLRCONB                                (abs)        0030D
_SLRCONC                                (abs)        0030E
_SPI2_Exchange8bit                      text28       00ACD
_SPI2_Initialize                        text55       00A64
_SPI_Write                              text27       00B4C
_SSP1ADD                                (abs)        00212
_SSP1BUF                                (abs)        00211
_SSP1CLKPPS                             (abs)        00E20
_SSP1CON1                               (abs)        00215
_SSP1CON1bits                           (abs)        00215
_SSP1CON2                               (abs)        00216
_SSP1CON2bits                           (abs)        00216
_SSP1DATPPS                             (abs)        00E21
_SSP1MSK                                (abs)        00213
_SSP1STAT                               (abs)        00214
_SSP1STATbits                           (abs)        00214
_SSP2ADD                                (abs)        0021A
_SSP2BUF                                (abs)        00219
_SSP2CLKPPS                             (abs)        00E1D
_SSP2CON1                               (abs)        0021D
_SSP2CON1bits                           (abs)        0021D
_SSP2DATPPS                             (abs)        00E1E
_SSP2STAT                               (abs)        0021C
_SSP2STATbits                           (abs)        0021C
_SYSTEM_Initialize                      text53       00ABE
_Send_Names                             text23       00EB5
_TRISA                                  (abs)        0008C
_TRISB                                  (abs)        0008D
_TRISC                                  (abs)        0008E
_WDTCON                                 (abs)        00097
_WDT_Initialize                         text54       00A37
_WPUA                                   (abs)        0020C
_WPUB                                   (abs)        0020D
_WPUC                                   (abs)        0020E
__CFG_BOREN$ON                          (abs)        00000
__CFG_BORV$LOW                          (abs)        00000
__CFG_CLKOUTEN$OFF                      (abs)        00000
__CFG_CP$OFF                            (abs)        00000
__CFG_CPD$OFF                           (abs)        00000
__CFG_CSWEN$ON                          (abs)        00000
__CFG_DEBUG$OFF                         (abs)        00000
__CFG_FCMEN$ON                          (abs)        00000
__CFG_FEXTOSC$OFF                       (abs)        00000
__CFG_LPBOREN$OFF                       (abs)        00000
__CFG_LVP$ON                            (abs)        00000
__CFG_MCLRE$ON                          (abs)        00000
__CFG_PPS1WAY$ON                        (abs)        00000
__CFG_PWRTE$OFF                         (abs)        00000
__CFG_RSTOSC$HFINT1                     (abs)        00000
__CFG_STVREN$ON                         (abs)        00000
__CFG_WDTE$SWDTEN                       (abs)        00000
__CFG_WRT$OFF                           (abs)        00000
__Habs1                                 abs1         00000
__Hbank0                                bank0        00000
__Hbank1                                bank1        00000
__Hbank10                               bank10       00000
__Hbank11                               bank11       00000
__Hbank12                               bank12       00000
__Hbank13                               bank13       00000
__Hbank14                               bank14       00000
__Hbank15                               bank15       00000
__Hbank16                               bank16       00000
__Hbank17                               bank17       00000
__Hbank18                               bank18       00000
__Hbank19                               bank19       00000
__Hbank2                                bank2        00000
__Hbank20                               bank20       00000
__Hbank21                               bank21       00000
__Hbank22                               bank22       00000
__Hbank23                               bank23       00000
__Hbank24                               bank24       00000
__Hbank25                               bank25       00000
__Hbank26                               bank26       00000
__Hbank27                               bank27       00000
__Hbank28                               bank28       00000
__Hbank29                               bank29       00000
__Hbank3                                bank3        00000
__Hbank30                               bank30       00000
__Hbank31                               bank31       00000
__Hbank4                                bank4        00000
__Hbank5                                bank5        00000
__Hbank6                                bank6        00000
__Hbank7                                bank7        00000
__Hbank8                                bank8        00000
__Hbank9                                bank9        00000
__Hbigram                               bigram       00000
__HbssBANK0                             bssBANK0     00000
__HbssBANK2                             bssBANK2     00000
__HbssBANK3                             bssBANK3     00000
__HbssBANK4                             bssBANK4     00000
__HbssCOMMON                            bssCOMMON    00000
__Hcinit                                cinit        00055
__Hclrtext                              clrtext      00000
__Hcode                                 code         00000
__Hcommon                               common       00000
__Hconfig                               config       0800B
__HcstackBANK0                          cstackBANK0  00000
__HcstackBANK1                          cstackBANK1  00000
__HcstackBANK2                          cstackBANK2  00000
__HcstackCOMMON                         cstackCOMMON 00000
__HdataBANK0                            dataBANK0    00000
__Heeprom_data                          eeprom_data  00000
__Hend_init                             end_init     0002D
__Hfunctab                              functab      00000
__HidataBANK0                           idataBANK0   00000
__Hidloc                                idloc        00000
__Hinit                                 init         0002B
__Hintentry                             intentry     0002B
__Hmaintext                             maintext     00000
__Hpowerup                              powerup      00000
__Hram                                  ram          00000
__Hreset_vec                            reset_vec    00002
__Hsfr0                                 sfr0         00000
__Hsfr1                                 sfr1         00000
__Hsfr10                                sfr10        00000
__Hsfr11                                sfr11        00000
__Hsfr12                                sfr12        00000
__Hsfr13                                sfr13        00000
__Hsfr14                                sfr14        00000
__Hsfr15                                sfr15        00000
__Hsfr16                                sfr16        00000
__Hsfr17                                sfr17        00000
__Hsfr18                                sfr18        00000
__Hsfr19                                sfr19        00000
__Hsfr2                                 sfr2         00000
__Hsfr20                                sfr20        00000
__Hsfr21                                sfr21        00000
__Hsfr22                                sfr22        00000
__Hsfr23                                sfr23        00000
__Hsfr24                                sfr24        00000
__Hsfr25                                sfr25        00000
__Hsfr26                                sfr26        00000
__Hsfr27                                sfr27        00000
__Hsfr28                                sfr28        00000
__Hsfr29                                sfr29        00000
__Hsfr3                                 sfr3         00000
__Hsfr30                                sfr30        00000
__Hsfr31                                sfr31        00000
__Hsfr4                                 sfr4         00000
__Hsfr5                                 sfr5         00000
__Hsfr6                                 sfr6         00000
__Hsfr7                                 sfr7         00000
__Hsfr8                                 sfr8         00000
__Hsfr9                                 sfr9         00000
__Hspace_0                              (abs)        0800B
__Hspace_1                              (abs)        00264
__Hspace_2                              (abs)        00000
__Hspace_3                              (abs)        00000
__Hstack                                stack        00000
__Hstrings                              strings      00000
__Hstringtext1                          stringtext1  00000
__Hstringtext2                          stringtext2  00000
__Hstringtext3                          stringtext3  00000
__Hstringtext4                          stringtext4  00000
__Hstringtext5                          stringtext5  00000
__Hstringtext6                          stringtext6  00000
__Htext                                 text         00000
__Labs1                                 abs1         00000
__Lbank0                                bank0        00000
__Lbank1                                bank1        00000
__Lbank10                               bank10       00000
__Lbank11                               bank11       00000
__Lbank12                               bank12       00000
__Lbank13                               bank13       00000
__Lbank14                               bank14       00000
__Lbank15                               bank15       00000
__Lbank16                               bank16       00000
__Lbank17                               bank17       00000
__Lbank18                               bank18       00000
__Lbank19                               bank19       00000
__Lbank2                                bank2        00000
__Lbank20                               bank20       00000
__Lbank21                               bank21       00000
__Lbank22                               bank22       00000
__Lbank23                               bank23       00000
__Lbank24                               bank24       00000
__Lbank25                               bank25       00000
__Lbank26                               bank26       00000
__Lbank27                               bank27       00000
__Lbank28                               bank28       00000
__Lbank29                               bank29       00000
__Lbank3                                bank3        00000
__Lbank30                               bank30       00000
__Lbank31                               bank31       00000
__Lbank4                                bank4        00000
__Lbank5                                bank5        00000
__Lbank6                                bank6        00000
__Lbank7                                bank7        00000
__Lbank8                                bank8        00000
__Lbank9                                bank9        00000
__Lbigram                               bigram       00000
__LbssBANK0                             bssBANK0     00000
__LbssBANK2                             bssBANK2     00000
__LbssBANK3                             bssBANK3     00000
__LbssBANK4                             bssBANK4     00000
__LbssCOMMON                            bssCOMMON    00000
__Lcinit                                cinit        0002D
__Lclrtext                              clrtext      00000
__Lcode                                 code         00000
__Lcommon                               common       00000
__Lconfig                               config       08007
__LcstackBANK0                          cstackBANK0  00000
__LcstackBANK1                          cstackBANK1  00000
__LcstackBANK2                          cstackBANK2  00000
__LcstackCOMMON                         cstackCOMMON 00000
__LdataBANK0                            dataBANK0    00000
__Leeprom_data                          eeprom_data  00000
__Lend_init                             end_init     0002B
__Lfunctab                              functab      00000
__LidataBANK0                           idataBANK0   00000
__Lidloc                                idloc        00000
__Linit                                 init         0002B
__Lintentry                             intentry     00004
__Lmaintext                             maintext     00000
__Lpowerup                              powerup      00000
__Lram                                  ram          00000
__Lreset_vec                            reset_vec    00000
__Lsfr0                                 sfr0         00000
__Lsfr1                                 sfr1         00000
__Lsfr10                                sfr10        00000
__Lsfr11                                sfr11        00000
__Lsfr12                                sfr12        00000
__Lsfr13                                sfr13        00000
__Lsfr14                                sfr14        00000
__Lsfr15                                sfr15        00000
__Lsfr16                                sfr16        00000
__Lsfr17                                sfr17        00000
__Lsfr18                                sfr18        00000
__Lsfr19                                sfr19        00000
__Lsfr2                                 sfr2         00000
__Lsfr20                                sfr20        00000
__Lsfr21                                sfr21        00000
__Lsfr22                                sfr22        00000
__Lsfr23                                sfr23        00000
__Lsfr24                                sfr24        00000
__Lsfr25                                sfr25        00000
__Lsfr26                                sfr26        00000
__Lsfr27                                sfr27        00000
__Lsfr28                                sfr28        00000
__Lsfr29                                sfr29        00000
__Lsfr3                                 sfr3         00000
__Lsfr30                                sfr30        00000
__Lsfr31                                sfr31        00000
__Lsfr4                                 sfr4         00000
__Lsfr5                                 sfr5         00000
__Lsfr6                                 sfr6         00000
__Lsfr7                                 sfr7         00000
__Lsfr8                                 sfr8         00000
__Lsfr9                                 sfr9         00000
__Lspace_0                              (abs)        00000
__Lspace_1                              (abs)        00000
__Lspace_2                              (abs)        00000
__Lspace_3                              (abs)        00000
__Lstack                                stack        00000
__Lstrings                              strings      00000
__Lstringtext1                          stringtext1  00000
__Lstringtext2                          stringtext2  00000
__Lstringtext3                          stringtext3  00000
__Lstringtext4                          stringtext4  00000
__Lstringtext5                          stringtext5  00000
__Lstringtext6                          stringtext6  00000
__Ltext                                 text         00000
__S0                                    (abs)        0800B
__S1                                    (abs)        00264
__S2                                    (abs)        00000
__S3                                    (abs)        00000
___awdiv                                text20       0071B
___awdiv@counter                        cstackBANK0  0002B
___awdiv@dividend                       cstackBANK0  00028
___awdiv@divisor                        cstackBANK0  00026
___awdiv@quotient                       cstackBANK0  0002D
___awdiv@sign                           cstackBANK0  0002C
___int_sp                               stack        00000
___latbits                              (abs)        00002
___sp                                   stack        00000
___stackhi                              (abs)        023EF
___stacklo                              (abs)        02184
___wmul                                 text19       00BC6
___wmul@multiplicand                    cstackBANK0  00022
___wmul@multiplier                      cstackBANK0  00020
___wmul@product                         cstackBANK0  00024
__end_of_Display_Clear                  text26       00AED
__end_of_Display_Name                   text24       00EB5
__end_of_I2C_ReStart                    text51       009FE
__end_of_I2C_Read_Byte                  text47       00AB0
__end_of_I2C_Send_NACK                  text45       00A07
__end_of_I2C_Start                      text43       00A0D
__end_of_I2C_Stop                       text41       00A13
__end_of_I2C_Write_Byte                 text39       00BC6
__end_of_INTERRUPT_InterruptManager     intentry     0002B
__end_of_OSCILLATOR_Initialize          text58       00A8A
__end_of_PIN_MANAGER_IOC                text92       009DC
__end_of_PIN_MANAGER_Initialize         text57       00F21
__end_of_PMD_Initialize                 text56       00A92
__end_of_SPI2_Exchange8bit              text28       00ADC
__end_of_SPI2_Initialize                text55       00A6B
__end_of_SPI_Write                      text27       00B61
__end_of_SYSTEM_Initialize              text53       00ACD
__end_of_Send_Names                     text23       00EEA
__end_of_WDT_Initialize                 text54       00A3B
__end_of___awdiv                        text20       0076D
__end_of___wmul                         text19       00BE2
__end_of__initialization                cinit        00051
__end_of_decodeGesture                  text22       004B0
__end_of_do_I2C_DO_ACK                  text69       00A2F
__end_of_do_I2C_DO_ADDRESS_NACK         text66       00D63
__end_of_do_I2C_DO_NACK_RESTART         text67       00A37
__end_of_do_I2C_DO_NACK_STOP            text68       00A33
__end_of_do_I2C_IDLE                    text77       00800
__end_of_do_I2C_RCEN                    text70       00A4A
__end_of_do_I2C_RESET                   text78       00A5D
__end_of_do_I2C_RX                      text64       00F67
__end_of_do_I2C_SEND_ADR_READ           text72       00A82
__end_of_do_I2C_SEND_ADR_WRITE          text71       00A64
__end_of_do_I2C_SEND_RESTART            text74       00A27
__end_of_do_I2C_SEND_RESTART_READ       text76       00A1F
__end_of_do_I2C_SEND_RESTART_WRITE      text75       00A23
__end_of_do_I2C_SEND_STOP               text73       00A2B
__end_of_do_I2C_TX                      text65       01000
__end_of_do_I2C_TX_EMPTY                text79       00DEC
__end_of_enableGestureSensor            text29       0071B
__end_of_enablePower                    text34       00ABE
__end_of_fsmStateTable                  stringtext1  01020
__end_of_getMode                        text37       00A9B
__end_of_handleGesture                  text15       007FB
__end_of_i2c1_driver_TXData             text40       00A50
__end_of_i2c1_driver_clearBusCollision  text61       009F5
__end_of_i2c1_driver_getRXData          text50       00A01
__end_of_i2c1_driver_isBufferFull       text49       00A72
__end_of_i2c1_driver_isNACK             text81       00A7A
__end_of_i2c1_driver_open               text14       00AA5
__end_of_i2c1_driver_resetBus           text85       009DD
__end_of_i2c1_driver_restart            text52       009FB
__end_of_i2c1_driver_sendACK            text91       00A17
__end_of_i2c1_driver_sendNACK           text46       00A3F
__end_of_i2c1_driver_start              text44       00A0A
__end_of_i2c1_driver_startRX            text48       00A04
__end_of_i2c1_driver_stop               text42       00A10
__end_of_i2c_ISR                        text62       00C4A
__end_of_i2c_busCollisionISR            text60       009F8
__end_of_initialize                     text1        005C6
__end_of_isGestureAvailable             text21       00B00
__end_of_main                           maintext     00DBB
__end_of_mssp1_clearIRQ                 text63       009F2
__end_of_mssp1_setIRQ                   text80       009EF
__end_of_processGestureData             text18       00320
__end_of_readGesture                    text16       006B7
__end_of_resetGestureParameters         text33       00B77
__end_of_returnReset                    text87       00004
__end_of_returnStop                     text88       009E0
__end_of_setAmbientLightGain            text13       00C00
__end_of_setGestureEnterThresh          text12       00B13
__end_of_setGestureExitThresh           text11       00B26
__end_of_setGestureGain                 text10       00E50
__end_of_setGestureIntEnable            text32       00D8E
__end_of_setGestureLEDDrive             text9        00E82
__end_of_setGestureMode                 text31       00C71
__end_of_setGestureWaitTime             text8        00C98
__end_of_setLEDBoost                    text30       00E1E
__end_of_setLEDDrive                    text7        00D0F
__end_of_setLightIntHighThreshold       text6        00CBF
__end_of_setLightIntLowThreshold        text5        00CE6
__end_of_setMode                        text35       007BC
__end_of_setProxIntHighThresh           text4        00B39
__end_of_setProxIntLowThresh            text3        00B4C
__end_of_setProximityGain               text2        00D38
__end_of_strlen                         text25       00B8F
__end_of_wireReadDataBlock              text17       00FB1
__end_of_wireReadDataByte               text38       00C24
__end_of_wireWriteDataByte              text36       00BAA
__end_ofi1_i2c1_driver_TXData           text82       00A44
__end_ofi1_i2c1_driver_getRXData        text83       009EC
__end_ofi1_i2c1_driver_restart          text90       009E3
__end_ofi1_i2c1_driver_sendNACK         text84       00A1B
__end_ofi1_i2c1_driver_startRX          text86       009E9
__end_ofi1_i2c1_driver_stop             text89       009E6
__initialization                        cinit        0002D
__pbssBANK0                             bssBANK0     0005D
__pbssBANK2                             bssBANK2     00160
__pbssBANK3                             bssBANK3     001A0
__pbssBANK4                             bssBANK4     00220
__pbssCOMMON                            bssCOMMON    00070
__pcstackBANK0                          cstackBANK0  00020
__pcstackBANK1                          cstackBANK1  000A0
__pcstackBANK2                          cstackBANK2  00120
__pcstackCOMMON                         cstackCOMMON 00076
__pdataBANK0                            dataBANK0    0006E
__pidataBANK0                           idataBANK0   009DD
__pintentry                             intentry     00004
__pmaintext                             maintext     00D8E
__pstringtext1                          stringtext1  01000
__pstringtext2                          stringtext2  01030
__pstringtext3                          stringtext3  0103D
__pstringtext4                          stringtext4  01049
__pstringtext5                          stringtext5  01054
__pstringtext6                          stringtext6  00000
__ptext1                                text1        004B0
__ptext10                               text10       00E1E
__ptext11                               text11       00B13
__ptext12                               text12       00B00
__ptext13                               text13       00BE2
__ptext14                               text14       00A9B
__ptext15                               text15       007BC
__ptext16                               text16       005C6
__ptext17                               text17       00F67
__ptext18                               text18       00055
__ptext19                               text19       00BC6
__ptext2                                text2        00D0F
__ptext20                               text20       0071B
__ptext21                               text21       00AED
__ptext22                               text22       00320
__ptext23                               text23       00EB5
__ptext24                               text24       00E82
__ptext25                               text25       00B77
__ptext26                               text26       00ADC
__ptext27                               text27       00B4C
__ptext28                               text28       00ACD
__ptext29                               text29       006B7
__ptext3                                text3        00B39
__ptext30                               text30       00DEC
__ptext31                               text31       00C4A
__ptext32                               text32       00D63
__ptext33                               text33       00B61
__ptext34                               text34       00AB0
__ptext35                               text35       0076D
__ptext36                               text36       00B8F
__ptext37                               text37       00A92
__ptext38                               text38       00C00
__ptext39                               text39       00BAA
__ptext4                                text4        00B26
__ptext40                               text40       00A4A
__ptext41                               text41       00A10
__ptext42                               text42       00A0D
__ptext43                               text43       00A0A
__ptext44                               text44       00A07
__ptext45                               text45       00A04
__ptext46                               text46       00A3B
__ptext47                               text47       00AA5
__ptext48                               text48       00A01
__ptext49                               text49       00A6B
__ptext5                                text5        00CBF
__ptext50                               text50       009FE
__ptext51                               text51       009FB
__ptext52                               text52       009F8
__ptext53                               text53       00ABE
__ptext54                               text54       00A37
__ptext55                               text55       00A64
__ptext56                               text56       00A8A
__ptext57                               text57       00EEA
__ptext58                               text58       00A82
__ptext6                                text6        00C98
__ptext60                               text60       009F5
__ptext61                               text61       009F2
__ptext62                               text62       00C24
__ptext63                               text63       009EF
__ptext64                               text64       00F21
__ptext65                               text65       00FB1
__ptext66                               text66       00D38
__ptext67                               text67       00A33
__ptext68                               text68       00A2F
__ptext69                               text69       00A2B
__ptext7                                text7        00CE6
__ptext70                               text70       00A44
__ptext71                               text71       00A5D
__ptext72                               text72       00A7A
__ptext73                               text73       00A27
__ptext74                               text74       00A23
__ptext75                               text75       00A1F
__ptext76                               text76       00A1B
__ptext77                               text77       007FB
__ptext78                               text78       00A56
__ptext79                               text79       00DBB
__ptext8                                text8        00C71
__ptext80                               text80       009EC
__ptext81                               text81       00A72
__ptext82                               text82       00A3F
__ptext83                               text83       009E9
__ptext84                               text84       00A17
__ptext85                               text85       009DC
__ptext86                               text86       009E6
__ptext87                               text87       00002
__ptext88                               text88       009DE
__ptext89                               text89       009E3
__ptext9                                text9        00E50
__ptext90                               text90       009E0
__ptext91                               text91       00A13
__ptext92                               text92       009DB
__size_of_Display_Clear                 (abs)        00000
__size_of_Display_Name                  (abs)        00000
__size_of_I2C_ReStart                   (abs)        00000
__size_of_I2C_Read_Byte                 (abs)        00000
__size_of_I2C_Send_NACK                 (abs)        00000
__size_of_I2C_Start                     (abs)        00000
__size_of_I2C_Stop                      (abs)        00000
__size_of_I2C_Write_Byte                (abs)        00000
__size_of_INTERRUPT_InterruptManager    (abs)        00000
__size_of_OSCILLATOR_Initialize         (abs)        00000
__size_of_PIN_MANAGER_IOC               (abs)        00000
__size_of_PIN_MANAGER_Initialize        (abs)        00000
__size_of_PMD_Initialize                (abs)        00000
__size_of_SPI2_Exchange8bit             (abs)        00000
__size_of_SPI2_Initialize               (abs)        00000
__size_of_SPI_Write                     (abs)        00000
__size_of_SYSTEM_Initialize             (abs)        00000
__size_of_Send_Names                    (abs)        00000
__size_of_WDT_Initialize                (abs)        00000
__size_of___awdiv                       (abs)        00000
__size_of___wmul                        (abs)        00000
__size_of_decodeGesture                 (abs)        00000
__size_of_do_I2C_DO_ACK                 (abs)        00000
__size_of_do_I2C_DO_ADDRESS_NACK        (abs)        00000
__size_of_do_I2C_DO_NACK_RESTART        (abs)        00000
__size_of_do_I2C_DO_NACK_STOP           (abs)        00000
__size_of_do_I2C_IDLE                   (abs)        00000
__size_of_do_I2C_RCEN                   (abs)        00000
__size_of_do_I2C_RESET                  (abs)        00000
__size_of_do_I2C_RX                     (abs)        00000
__size_of_do_I2C_SEND_ADR_READ          (abs)        00000
__size_of_do_I2C_SEND_ADR_WRITE         (abs)        00000
__size_of_do_I2C_SEND_RESTART           (abs)        00000
__size_of_do_I2C_SEND_RESTART_READ      (abs)        00000
__size_of_do_I2C_SEND_RESTART_WRITE     (abs)        00000
__size_of_do_I2C_SEND_STOP              (abs)        00000
__size_of_do_I2C_TX                     (abs)        00000
__size_of_do_I2C_TX_EMPTY               (abs)        00000
__size_of_enableGestureSensor           (abs)        00000
__size_of_enablePower                   (abs)        00000
__size_of_getMode                       (abs)        00000
__size_of_handleGesture                 (abs)        00000
__size_of_i2c1_driver_TXData            (abs)        00000
__size_of_i2c1_driver_clearBusCollision (abs)        00000
__size_of_i2c1_driver_getRXData         (abs)        00000
__size_of_i2c1_driver_isBufferFull      (abs)        00000
__size_of_i2c1_driver_isNACK            (abs)        00000
__size_of_i2c1_driver_open              (abs)        00000
__size_of_i2c1_driver_resetBus          (abs)        00000
__size_of_i2c1_driver_restart           (abs)        00000
__size_of_i2c1_driver_sendACK           (abs)        00000
__size_of_i2c1_driver_sendNACK          (abs)        00000
__size_of_i2c1_driver_start             (abs)        00000
__size_of_i2c1_driver_startRX           (abs)        00000
__size_of_i2c1_driver_stop              (abs)        00000
__size_of_i2c_ISR                       (abs)        00000
__size_of_i2c_busCollisionISR           (abs)        00000
__size_of_initialize                    (abs)        00000
__size_of_isGestureAvailable            (abs)        00000
__size_of_main                          (abs)        00000
__size_of_mssp1_clearIRQ                (abs)        00000
__size_of_mssp1_setIRQ                  (abs)        00000
__size_of_processGestureData            (abs)        00000
__size_of_readGesture                   (abs)        00000
__size_of_resetGestureParameters        (abs)        00000
__size_of_returnReset                   (abs)        00000
__size_of_returnStop                    (abs)        00000
__size_of_setAmbientLightGain           (abs)        00000
__size_of_setGestureEnterThresh         (abs)        00000
__size_of_setGestureExitThresh          (abs)        00000
__size_of_setGestureGain                (abs)        00000
__size_of_setGestureIntEnable           (abs)        00000
__size_of_setGestureLEDDrive            (abs)        00000
__size_of_setGestureMode                (abs)        00000
__size_of_setGestureWaitTime            (abs)        00000
__size_of_setLEDBoost                   (abs)        00000
__size_of_setLEDDrive                   (abs)        00000
__size_of_setLightIntHighThreshold      (abs)        00000
__size_of_setLightIntLowThreshold       (abs)        00000
__size_of_setMode                       (abs)        00000
__size_of_setProxIntHighThresh          (abs)        00000
__size_of_setProxIntLowThresh           (abs)        00000
__size_of_setProximityGain              (abs)        00000
__size_of_strlen                        (abs)        00000
__size_of_wireReadDataBlock             (abs)        00000
__size_of_wireReadDataByte              (abs)        00000
__size_of_wireWriteDataByte             (abs)        00000
__size_ofi1_i2c1_driver_TXData          (abs)        00000
__size_ofi1_i2c1_driver_getRXData       (abs)        00000
__size_ofi1_i2c1_driver_restart         (abs)        00000
__size_ofi1_i2c1_driver_sendNACK        (abs)        00000
__size_ofi1_i2c1_driver_startRX         (abs)        00000
__size_ofi1_i2c1_driver_stop            (abs)        00000
_decodeGesture                          text22       00320
_decodeGesture$1187                     cstackBANK0  00022
_decodeGesture$1188                     cstackBANK0  00024
_decodeGesture$1189                     cstackBANK0  00026
_decodeGesture$1190                     cstackBANK0  00028
_decodeGesture$1191                     cstackBANK0  0002A
_decodeGesture$1192                     cstackBANK0  0002C
_decodeGesture$1193                     cstackBANK0  0002E
_decodeGesture$1194                     cstackBANK0  00030
_do_I2C_DO_ACK                          text69       00A2B
_do_I2C_DO_ADDRESS_NACK                 text66       00D38
_do_I2C_DO_NACK_RESTART                 text67       00A33
_do_I2C_DO_NACK_STOP                    text68       00A2F
_do_I2C_IDLE                            text77       007FB
_do_I2C_RCEN                            text70       00A44
_do_I2C_RESET                           text78       00A56
_do_I2C_RX                              text64       00F21
_do_I2C_SEND_ADR_READ                   text72       00A7A
_do_I2C_SEND_ADR_WRITE                  text71       00A5D
_do_I2C_SEND_RESTART                    text74       00A23
_do_I2C_SEND_RESTART_READ               text76       00A1B
_do_I2C_SEND_RESTART_WRITE              text75       00A1F
_do_I2C_SEND_STOP                       text73       00A27
_do_I2C_TX                              text65       00FB1
[...]
      Params:         0       0       0       0       0       0       0       0       0       0       0       0       0       0
      Locals:         1       0       0       0       0       0       0       0       0       0       0       0       0       0
      Temps:          0       0       0       0       0       0       0       0       0       0       0       0       0       0
      Totals:         1       0       0       0       0       0       0       0       0       0       0       0       0       0
Total ram usage:        1 bytes
 Hardware stack levels used:    1
 This function calls:
		Nothing
 This function is called by:
		_do_I2C_SEND_ADR_READ
		_do_I2C_SEND_ADR_WRITE
		_do_I2C_TX
 This function uses a non-reentrant model


 *************** function i1_i2c1_driver_getRXData *****************
 Defined at:
		line 171 in file "mcc_generated_files/i2c1_driver.c"
 Parameters:    Size  Location     Type
		None
 Auto vars:     Size  Location     Type
		None
 Return value:  Size  Location     Type
                  1    wreg      unsigned char 
 Registers used:
		wreg
 Tracked objects:
		On entry : 
		On exit  : 
		Unchanged: 
 Data sizes:     COMMON   BANK0   BANK1   BANK2   BANK3   BANK4   BANK5   BANK6   BANK7   BANK8   BANK9  BANK10  BANK11  BANK12
      Params:         0       0       0       0       0       0       0       0       0       0       0       0       0       0
      Locals:         0       0       0       0       0       0       0       0       0       0       0       0       0       0
      Temps:          0       0       0       0       0       0       0       0       0       0       0       0       0       0
      Totals:         0       0       0       0       0       0       0       0       0       0       0       0       0       0
Total ram usage:        0 bytes
 Hardware stack levels used:    1
 This function calls:
		Nothing
 This function is called by:
		_do_I2C_RX
 This function uses a non-reentrant model


 *************** function i1_i2c1_driver_sendNACK *****************
 Defined at:
		line 202 in file "mcc_generated_files/i2c1_driver.c"
 Parameters:    Size  Location     Type
		None
 Auto vars:     Size  Location     Type
		None
 Return value:  Size  Location     Type
                  1    wreg      void 
 Registers used:
		None
 Tracked objects:
		On entry : 
		On exit  : 
		Unchanged: 
 Data sizes:     COMMON   BANK0   BANK1   BANK2   BANK3   BANK4   BANK5   BANK6   BANK7   BANK8   BANK9  BANK10  BANK11  BANK12
      Params:         0       0       0       0       0       0       0       0       0       0       0       0       0       0
      Locals:         0       0       0       0       0       0       0       0       0       0       0       0       0       0
      Temps:          0       0       0       0       0       0       0       0       0       0       0       0       0       0
      Totals:         0       0       0       0       0       0       0       0       0       0       0       0       0       0
Total ram usage:        0 bytes
 Hardware stack levels used:    1
 This function calls:
		Nothing
 This function is called by:
		_do_I2C_DO_NACK_STOP
		_do_I2C_DO_NACK_RESTART
 This function uses a non-reentrant model


 *************** function _i2c1_driver_resetBus *****************
 Defined at:
		line 141 in file "mcc_generated_files/i2c1_driver.c"
 Parameters:    Size  Location     Type
		None
 Auto vars:     Size  Location     Type
		None
 Return value:  Size  Location     Type
                  1    wreg      void 
 Registers used:
		None
 Tracked objects:
		On entry : 
		On exit  : 
		Unchanged: 
 Data sizes:     COMMON   BANK0   BANK1   BANK2   BANK3   BANK4   BANK5   BANK6   BANK7   BANK8   BANK9  BANK10  BANK11  BANK12
      Params:         0       0       0       0       0       0       0       0       0       0       0       0       0       0
      Locals:         0       0       0       0       0       0       0       0       0       0       0       0       0       0
      Temps:          0       0       0       0       0       0       0       0       0       0       0       0       0       0
      Totals:         0       0       0       0       0       0       0       0       0       0       0       0       0       0
Total ram usage:        0 bytes
 Hardware stack levels used:    1
 This function calls:
		Nothing
 This function is called by:
		_do_I2C_RESET
 This function uses a non-reentrant model


 *************** function i1_i2c1_driver_startRX *****************
 Defined at:
		line 166 in file "mcc_generated_files/i2c1_driver.c"
 Parameters:    Size  Location     Type
		None
 Auto vars:     Size  Location     Type
		None
 Return value:  Size  Location     Type
                  1    wreg      void 
 Registers used:
		None
 Tracked objects:
		On entry : 
		On exit  : 
		Unchanged: 
 Data sizes:     COMMON   BANK0   BANK1   BANK2   BANK3   BANK4   BANK5   BANK6   BANK7   BANK8   BANK9  BANK10  BANK11  BANK12
      Params:         0       0       0       0       0       0       0       0       0       0       0       0       0       0
      Locals:         0       0       0       0       0       0       0       0       0       0       0       0       0       0
      Temps:          0       0       0       0       0       0       0       0       0       0       0       0       0       0
      Totals:         0       0       0       0       0       0       0       0       0       0       0       0       0       0
Total ram usage:        0 bytes
 Hardware stack levels used:    1
 This function calls:
		Nothing
 This function is called by:
		_do_I2C_RCEN
 This function uses a non-reentrant model


 *************** function _returnReset *****************
 Defined at:
		line 448 in file "mcc_generated_files/drivers/i2c_master.c"
 Parameters:    Size  Location     Type
  p               1    0[COMMON] PTR void 
		 -> NULL(0), 
 Auto vars:     Size  Location     Type
		None
 Return value:  Size  Location     Type
                  1    wreg      enum E6966
 Registers used:
		wreg
 Tracked objects:
		On entry : 
		On exit  : 
		Unchanged: 
 Data sizes:     COMMON   BANK0   BANK1   BANK2   BANK3   BANK4   BANK5   BANK6   BANK7   BANK8   BANK9  BANK10  BANK11  BANK12
      Params:         1       0       0       0       0       0       0       0       0       0       0       0       0       0
      Locals:         0       0       0       0       0       0       0       0       0       0       0       0       0       0
      Temps:          0       0       0       0       0       0       0       0       0       0       0       0       0       0
      Totals:         1       0       0       0       0       0       0       0       0       0       0       0       0       0
Total ram usage:        1 bytes
 Hardware stack levels used:    1
 This function calls:
		Nothing
 This function is called by:
		_i2c_open
		_do_I2C_DO_ADDRESS_NACK
		_do_I2C_TX
		_do_I2C_RX
		_do_I2C_TX_EMPTY
 This function uses a non-reentrant model


 *************** function _returnStop *****************
 Defined at:
		line 443 in file "mcc_generated_files/drivers/i2c_master.c"
 Parameters:    Size  Location     Type
  p               1    0[COMMON] PTR void 
		 -> NULL(0), 
 Auto vars:     Size  Location     Type
		None
 Return value:  Size  Location     Type
                  1    wreg      enum E6966
 Registers used:
		wreg
 Tracked objects:
		On entry : 
		On exit  : 
		Unchanged: 
 Data sizes:     COMMON   BANK0   BANK1   BANK2   BANK3   BANK4   BANK5   BANK6   BANK7   BANK8   BANK9  BANK10  BANK11  BANK12
      Params:         1       0       0       0       0       0       0       0       0       0       0       0       0       0
      Locals:         0       0       0       0       0       0       0       0       0       0       0       0       0       0
      Temps:          0       0       0       0       0       0       0       0       0       0       0       0       0       0
      Totals:         1       0       0       0       0       0       0       0       0       0       0       0       0       0
Total ram usage:        1 bytes
 Hardware stack levels used:    1
 This function calls:
		Nothing
 This function is called by:
		_i2c_open
		_setCallBack
		_do_I2C_DO_ADDRESS_NACK
		_do_I2C_TX
		_do_I2C_RX
		_do_I2C_TX_EMPTY
 This function uses a non-reentrant model


 *************** function i1_i2c1_driver_stop *****************
 Defined at:
		line 156 in file "mcc_generated_files/i2c1_driver.c"
 Parameters:    Size  Location     Type
		None
 Auto vars:     Size  Location     Type
		None
 Return value:  Size  Location     Type
                  1    wreg      void 
 Registers used:
		None
 Tracked objects:
		On entry : 
		On exit  : 
		Unchanged: 
 Data sizes:     COMMON   BANK0   BANK1   BANK2   BANK3   BANK4   BANK5   BANK6   BANK7   BANK8   BANK9  BANK10  BANK11  BANK12
      Params:         0       0       0       0       0       0       0       0       0       0       0       0       0       0
      Locals:         0       0       0       0       0       0       0       0       0       0       0       0       0       0
      Temps:          0       0       0       0       0       0       0       0       0       0       0       0       0       0
      Totals:         0       0       0       0       0       0       0       0       0       0       0       0       0       0
Total ram usage:        0 bytes
 Hardware stack levels used:    1
 This function calls:
		Nothing
 This function is called by:
		_do_I2C_SEND_STOP
 This function uses a non-reentrant model


 *************** function i1_i2c1_driver_restart *****************
 Defined at:
		line 151 in file "mcc_generated_files/i2c1_driver.c"
 Parameters:    Size  Location     Type
		None
 Auto vars:     Size  Location     Type
		None
 Return value:  Size  Location     Type
                  1    wreg      void 
 Registers used:
		None
 Tracked objects:
		On entry : 
		On exit  : 
		Unchanged: 
 Data sizes:     COMMON   BANK0   BANK1   BANK2   BANK3   BANK4   BANK5   BANK6   BANK7   BANK8   BANK9  BANK10  BANK11  BANK12
      Params:         0       0       0       0       0       0       0       0       0       0       0       0       0       0
      Locals:         0       0       0       0       0       0       0       0       0       0       0       0       0       0
      Temps:          0       0       0       0       0       0       0       0       0       0       0       0       0       0
      Totals:         0       0       0       0       0       0       0       0       0       0       0       0       0       0
Total ram usage:        0 bytes
 Hardware stack levels used:    1
 This function calls:
		Nothing
 This function is called by:
		_do_I2C_SEND_RESTART_READ
		_do_I2C_SEND_RESTART_WRITE
		_do_I2C_SEND_RESTART
 This function uses a non-reentrant model


 *************** function _i2c1_driver_sendACK *****************
 Defined at:
		line 196 in file "mcc_generated_files/i2c1_driver.c"
 Parameters:    Size  Location     Type
		None
 Auto vars:     Size  Location     Type
		None
 Return value:  Size  Location     Type
                  1    wreg      void 
 Registers used:
		None
 Tracked objects:
		On entry : 
		On exit  : 
		Unchanged: 
 Data sizes:     COMMON   BANK0   BANK1   BANK2   BANK3   BANK4   BANK5   BANK6   BANK7   BANK8   BANK9  BANK10  BANK11  BANK12
      Params:         0       0       0       0       0       0       0       0       0       0       0       0       0       0
      Locals:         0       0       0       0       0       0       0       0       0       0       0       0       0       0
      Temps:          0       0       0       0       0       0       0       0       0       0       0       0       0       0
      Totals:         0       0       0       0       0       0       0       0       0       0       0       0       0       0
Total ram usage:        0 bytes
 Hardware stack levels used:    1
 This function calls:
		Nothing
 This function is called by:
		_do_I2C_DO_ACK
		_do_I2C_RX
		_I2C_Send_ACK
 This function uses a non-reentrant model


 *************** function _PIN_MANAGER_IOC *****************
 Defined at:
		line 118 in file "mcc_generated_files/pin_manager.c"
 Parameters:    Size  Location     Type
		None
 Auto vars:     Size  Location     Type
		None
 Return value:  Size  Location     Type
                  1    wreg      void 
 Registers used:
		None
 Tracked objects:
		On entry : 
		On exit  : 
		Unchanged: 
 Data sizes:     COMMON   BANK0   BANK1   BANK2   BANK3   BANK4   BANK5   BANK6   BANK7   BANK8   BANK9  BANK10  BANK11  BANK12
      Params:         0       0       0       0       0       0       0       0       0       0       0       0       0       0
      Locals:         0       0       0       0       0       0       0       0       0       0       0       0       0       0
      Temps:          0       0       0       0       0       0       0       0       0       0       0       0       0       0
      Totals:         0       0       0       0       0       0       0       0       0       0       0       0       0       0
Total ram usage:        0 bytes
 Hardware stack levels used:    1
 This function calls:
		Nothing
 This function is called by:
		_INTERRUPT_InterruptManager
 This function uses a non-reentrant model



MODULE INFORMATION

Module		Function		Class		Link	Load	Size
mcc_generated_files/interrupt_manager.c
		_INTERRUPT_InterruptManager		CODE           	0004	0000	40

mcc_generated_files/interrupt_manager.c estimated size: 40

i2c.c
		_I2C_Stop      		CODE           	0A10	0000	4
		_I2C_Write_Byte		CODE           	0BAA	0000	29
		_I2C_Read_Byte 		CODE           	0AA5	0000	12
		_I2C_Send_NACK 		CODE           	0A04	0000	4
		_I2C_Start     		CODE           	0A0A	0000	4
		_I2C_ReStart   		CODE           	09FB	0000	4

i2c.c estimated size: 57

mcc_generated_files/pin_manager.c
		_PIN_MANAGER_Initialize		CODE           	0EEA	0000	56
		_PIN_MANAGER_IOC		CODE           	09DB	0000	2

mcc_generated_files/pin_manager.c estimated size: 58

C:\Program Files (x86)\Microchip\xc8\v2.05\pic\sources\c99\common\strlen.c
		_strlen        		CODE           	0B77	0000	25

C:\Program Files (x86)\Microchip\xc8\v2.05\pic\sources\c99\common\strlen.c estimated size: 25

C:\Program Files (x86)\Microchip\xc8\v2.05\pic\sources\c99\common\awdiv.c
		___awdiv       		CODE           	071B	0000	83

C:\Program Files (x86)\Microchip\xc8\v2.05\pic\sources\c99\common\awdiv.c estimated size: 83

shared
		i1_i2c1_driver_sendNACK		CODE           	0A17	0000	5
		__initialization		CODE           	002D	0000	37
		i1_i2c1_driver_restart		CODE           	09E0	0000	4
		i1_i2c1_driver_stop		CODE           	09E3	0000	4
		i1_i2c1_driver_startRX		CODE           	09E6	0000	4
		_fsmStateTable 		STRCODE        	1000	0000	33
		i1_i2c1_driver_getRXData		CODE           	09E9	0000	4
		i1_i2c1_driver_TXData		CODE           	0A3F	0000	6

shared estimated size: 97

mcc_generated_files/mcc.c
		_WDT_Initialize		CODE           	0A37	0000	5
		_PMD_Initialize		CODE           	0A8A	0000	9
		_OSCILLATOR_Initialize		CODE           	0A82	0000	9
		_SYSTEM_Initialize		CODE           	0ABE	0000	16

mcc_generated_files/mcc.c estimated size: 39

C:\Program Files (x86)\Microchip\xc8\v2.05\pic\sources\c99\common\Umul16.c
		___wmul        		CODE           	0BC6	0000	29

C:\Program Files (x86)\Microchip\xc8\v2.05\pic\sources\c99\common\Umul16.c estimated size: 29

mcc_generated_files/drivers/i2c_master.c
		_returnStop    		CODE           	09DE	0000	3
		_i2c_busCollisionISR		CODE           	09F5	0000	4
		_i2c_ISR       		CODE           	0C24	0000	39
		_do_I2C_TX_EMPTY		CODE           	0DBB	0000	50
		_returnReset   		CODE           	0002	0000	3
		_do_I2C_SEND_RESTART_WRITE		CODE           	0A1F	0000	5
		_do_I2C_DO_NACK_RESTART		CODE           	0A33	0000	5
		_do_I2C_SEND_RESTART_READ		CODE           	0A1B	0000	5
		_do_I2C_SEND_ADR_WRITE		CODE           	0A5D	0000	8
		_do_I2C_SEND_STOP		CODE           	0A27	0000	5
		_do_I2C_SEND_ADR_READ		CODE           	0A7A	0000	9
		_do_I2C_DO_NACK_STOP		CODE           	0A2F	0000	5
		_do_I2C_SEND_RESTART		CODE           	0A23	0000	5
		_do_I2C_RX     		CODE           	0F21	0000	71
		_do_I2C_TX     		CODE           	0FB1	0000	80
		_do_I2C_IDLE   		CODE           	07FB	0000	6
		_do_I2C_RCEN   		CODE           	0A44	0000	7
		_do_I2C_DO_ADDRESS_NACK		CODE           	0D38	0000	44
		_do_I2C_RESET  		CODE           	0A56	0000	8
		_do_I2C_DO_ACK 		CODE           	0A2B	0000	5

mcc_generated_files/drivers/i2c_master.c estimated size: 367

mcc_generated_files/i2c1_driver.c
		_i2c1_driver_isBufferFull		CODE           	0A6B	0000	8
		_i2c1_driver_open		CODE           	0A9B	0000	11
		_i2c1_driver_isNACK		CODE           	0A72	0000	9
		_i2c1_driver_stop		CODE           	0A0D	0000	4
		_i2c1_driver_getRXData		CODE           	09FE	0000	4
		_i2c1_driver_TXData		CODE           	0A4A	0000	7
		_i2c1_driver_start		CODE           	0A07	0000	4
		_i2c1_driver_sendACK		CODE           	0A13	0000	5
		_mssp1_setIRQ  		CODE           	09EC	0000	4
		_i2c1_driver_sendNACK		CODE           	0A3B	0000	5
		_i2c1_driver_restart		CODE           	09F8	0000	4
		_i2c1_driver_resetBus		CODE           	09DC	0000	2
		_i2c1_driver_clearBusCollision		CODE           	09F2	0000	4
		_mssp1_clearIRQ		CODE           	09EF	0000	4
		_i2c1_driver_startRX		CODE           	0A01	0000	4

mcc_generated_files/i2c1_driver.c estimated size: 79

mcc_generated_files/spi2.c
		_SPI2_Exchange8bit		CODE           	0ACD	0000	16
		_SPI2_Initialize		CODE           	0A64	0000	8

mcc_generated_files/spi2.c estimated size: 24

APDS9960.c
		_wireReadDataBlock		CODE           	0F67	0000	75
		_setGestureEnterThresh		CODE           	0B00	0000	20
		_setProxIntHighThresh		CODE           	0B26	0000	20
		_decodeGesture 		CODE           	0320	0000	401
		_setMode       		CODE           	076D	0000	80
		_setLEDDrive   		CODE           	0CE6	0000	42
		_setGestureIntEnable		CODE           	0D63	0000	44
		_setLightIntHighThreshold		CODE           	0C98	0000	40
		_resetGestureParameters		CODE           	0B61	0000	23
		_readGesture   		CODE           	05C6	0000	242
		_processGestureData		CODE           	0055	0000	716
		_setLightIntLowThreshold		CODE           	0CBF	0000	40
		_enablePower   		CODE           	0AB0	0000	15
		_setGestureMode		CODE           	0C4A	0000	40
		_setGestureGain		CODE           	0E1E	0000	51
		_setGestureExitThresh		CODE           	0B13	0000	20
		_setLEDBoost   		CODE           	0DEC	0000	51
		_setGestureWaitTime		CODE           	0C71	0000	40
		_setAmbientLightGain		CODE           	0BE2	0000	31
		_initialize    		CODE           	04B0	0000	279
		_setGestureLEDDrive		CODE           	0E50	0000	51
		_setProximityGain		CODE           	0D0F	0000	42
		_wireWriteDataByte		CODE           	0B8F	0000	28
		_setProxIntLowThresh		CODE           	0B39	0000	20
		_wireReadDataByte		CODE           	0C00	0000	37
		_enableGestureSensor		CODE           	06B7	0000	101
		_getMode       		CODE           	0A92	0000	10
		_isGestureAvailable		CODE           	0AED	0000	20

APDS9960.c estimated size: 2579

main.c
		_main          		CODE           	0D8E	0000	46
		_Send_Names    		CODE           	0EB5	0000	54
		_SPI_Write     		CODE           	0B4C	0000	22
		_Display_Name  		CODE           	0E82	0000	52
		_handleGesture 		CODE           	07BC	0000	64
		_Display_Clear 		CODE           	0ADC	0000	18

main.c estimated size: 256

