Microchip MPLAB XC8 Compiler V2.05 ()

Linker command line:

-W-3 --edf=C:\Program Files (x86)\Microchip\xc8\v2.05\pic\dat\en_msgs.txt \
  -cs -h+dist/default/production\I2Gesture.X.production.sym \
  --cmf=dist/default/production\I2Gesture.X.production.cmf -z -Q16F18345 \
  -oC:\Users\ALEXAN~1\AppData\Local\Temp\skgk.2 --defsym=__MPLAB_BUILD=1 \
  -Mdist/default/production/I2Gesture.X.production.map -E1 -ver=XC8 \
  --acfsm=1493 -ASTACK=02160h-023EFh -pstack=STACK -ACODE=00h-07FFhx4 \
  -ASTRCODE=00h-01FFFh -ASTRING=00h-0FFhx32 -ACONST=00h-0FFhx32 \
  -AENTRY=00h-0FFhx32 -ACOMMON=070h-07Fh -ABANK0=020h-06Fh \
  -ABANK1=0A0h-0EFh -ABANK2=0120h-016Fh -ABANK3=01A0h-01EFh \
  -ABANK4=0220h-026Fh -ABANK5=02A0h-02EFh -ABANK6=0320h-036Fh \
  -ABANK7=03A0h-03EFh -ABANK8=0420h-046Fh -ABANK9=04A0h-04EFh \
  -ABANK10=0520h-056Fh -ABANK11=05A0h-05EFh -ABANK12=0620h-064Fh \
  -ABIGRAM=02000h-023EFh \
  -ARAM=020h-06Fh,0A0h-0EFh,0120h-016Fh,01A0h-01EFh,0220h-026Fh,02A0h-02EFh,0320h-036Fh,03A0h-03EFh,0420h-046Fh,04A0h-04EFh,0520h-056Fh,05A0h-05EFh,0620h-064Fh \
  -AABS1=020h-07Fh,0A0h-0EFh,0120h-016Fh,01A0h-01EFh,0220h-026Fh,02A0h-02EFh,0320h-036Fh,03A0h-03EFh,0420h-046Fh,04A0h-04EFh,0520h-056Fh,05A0h-05EFh,0620h-064Fh \
  -ASFR0=00h-01Fh -ASFR1=080h-09Fh -ASFR2=0100h-011Fh -ASFR3=0180h-019Fh \
  -ASFR4=0200h-021Fh -ASFR5=0280h-029Fh -ASFR6=0300h-031Fh \
  -ASFR7=0380h-039Fh -ASFR8=0400h-041Fh -ASFR9=0480h-049Fh \
  -ASFR10=0500h-051Fh -ASFR11=0580h-059Fh -ASFR12=0600h-061Fh \
  -ASFR13=0680h-06EFh -ASFR14=0700h-076Fh -ASFR15=0780h-07EFh \
  -ASFR16=0800h-086Fh -ASFR17=0880h-08EFh -ASFR18=0900h-096Fh \
  -ASFR19=0980h-09EFh -ASFR20=0A00h-0A6Fh -ASFR21=0A80h-0AEFh \
  -ASFR22=0B00h-0B6Fh -ASFR23=0B80h-0BEFh -ASFR24=0C00h-0C6Fh \
  -ASFR25=0C80h-0CEFh -ASFR26=0D00h-0D6Fh -ASFR27=0D80h-0DEFh \
  -ASFR28=0E00h-0E6Fh -ASFR29=0E80h-0EEFh -ASFR30=0F00h-0F6Fh \
  -ASFR31=0F80h-0FEFh -preset_vec=00h,intentry=04h,init,end_init \
  -ppowerup=CODE -pcinit=CODE -pfunctab=ENTRY -ACONFIG=08007h-0800Ah \
  -pconfig=CONFIG -DCONFIG=2 -AIDLOC=08000h-08003h -pidloc=IDLOC -DIDLOC=2 \
  -AEEDATA=00h-0FFh/0F000h -peeprom_data=EEDATA -DEEDATA=2 -DCODE=2 \
  -DSTRCODE=2 -DSTRING=2 -DCONST=2 -DENTRY=2 -k \
  C:\Users\ALEXAN~1\AppData\Local\Temp\skgk.o \
  dist/default/production\I2Gesture.X.production.o 

Object code version is 3.11

Machine type is 16F18345



                Name                               Link     Load   Length Selector   Space Scale
C:\Users\ALEXAN~1\AppData\Local\Temp\skgk.o
                end_init                             47       47        2        8       0
                reset_vec                             0        0        2        0       0
                config                             8007     8007        4    1000E       0
dist/default/production\I2Gesture.X.production.o
                cinit                                49       49       41        8       0
                intentry                              4        4       43        8       0
                text117                             A96      A96       18     152C       0
                text116                             893      893        3     1126       0
                text115                             890      890        1     1120       0
                text114                             8CC      8CC        4     1198       0
                text113                             ECF      ECF       36     1D9E       0
                text112                             B49      B49       1D     1692       0
                text111                             891      891        1     1122       0
                text110                             8D0      8D0        4     11A0       0
                text109                             896      896        3     112C       0
                text108                             899      899        3     1132       0
                text107                               2        2        2        0       0
                text106                             7FE      7FE        2        8       0
                text105                             89C      89C        3     1138       0
                text104                             892      892        1     1124       0
                text103                             8D4      8D4        4     11A8       0
                text102                             89F      89F        3     113E       0
                text101                             8FC      8FC        5     11F8       0
                text100                             940      940        8     1280       0
                text99                              8A2      8A2        3     1144       0
                text98                              DD6      DD6       31     1BAC       0
                text97                              924      924        7     1248       0
                text96                              901      901        5     1202       0
                text95                              8D8      8D8        4     11B0       0
                text94                              8DC      8DC        4     11B8       0
                text93                              8E0      8E0        4     11C0       0
                text92                              8E4      8E4        4     11C8       0
                text91                              948      948        8     1290       0
                text90                              92B      92B        7     1256       0
                text89                              906      906        6     120C       0
                text88                              8E8      8E8        4     11D0       0
                text87                              8EC      8EC        4     11D8       0
                text86                              8F0      8F0        4     11E0       0
                text85                              D54      D54       2B     1AA8       0
                text84                              6F6      6F6       4F        8       0
                text83                              78C      78C       46        8       0
                text82                              8A5      8A5        3     114A       0
                text81                              BC6      BC6       26     178C       0
                text80                              8A8      8A8        3     1150       0
                text79                              8AB      8AB        3     1156       0
                text77                              9E9      9E9        F     13D2       0
                text76                              A55      A55       15     14AA       0
                text75                              9F8      9F8       11     13F0       0
                text74                              B66      B66       1E     16CC       0
                text73                              AAE      AAE       18     155C       0
                text72                              F7B      F7B       41     1EF6       0
                text71                              2EA      2EA       F7        8       0
                text70                              3E1      3E1       DF        8       0
                text69                              ADE      ADE       19     15BC       0
                text68                              D00      D00       2A     1A00       0
                text67                              90C      90C        6     1218       0
                text66                              745      745       47        8       0
                text65                              BEC      BEC       26     17D8       0
                text64                              654      654       53        8       0
                text63                               8A       8A      151        8       0
                text62                              4C0      4C0       D0        8       0
                text61                              E07      E07       32     1C0E       0
                text60                              D2A      D2A       2A     1A54       0
                text59                              DAA      DAA       2C     1B54       0
                text58                              F3E      F3E       3D     1E7C       0
                text57                              9C3      9C3        C     1386       0
                text56                              950      950        8     12A0       0
                text55                              978      978        9     12F0       0
                text54                              981      981        9     1302       0
                text53                              98A      98A        9     1314       0
                text52                              993      993        9     1326       0
                text51                              99C      99C        9     1338       0
                text50                              FBC      FBC       44     1F78       0
                text49                              958      958        8     12B0       0
                text48                              F05      F05       39     1E0A       0
                text47                              960      960        8     12C0       0
                text46                              9CF      9CF        C     139E       0
                text45                              932      932        7     1264       0
                text44                              968      968        8     12D0       0
                text43                              8F4      8F4        4     11E8       0
                text42                              AF7      AF7       1B     15EE       0
                text41                              AC6      AC6       18     158C       0
                text40                              A7F      A7F       17     14FE       0
                text39                              590      590       68        8       0
                text38                              8AE      8AE        3     115C       0
                text37                              8B1      8B1        3     1162       0
                text36                              8B4      8B4        3     1168       0
                text35                              939      939        7     1272       0
                text34                              8B7      8B7        3     116E       0
                text33                              9B8      9B8        B     1370       0
                text32                              8F8      8F8        4     11F0       0
                text31                              8BA      8BA        3     1174       0
                text30                              8BD      8BD        3     117A       0
                text29                              8C0      8C0        3     1180       0
                text28                              8C3      8C3        3     1186       0
                text27                              8C6      8C6        3     118C       0
                text26                              912      912        6     1224       0
                text25                              B2D      B2D       1C     165A       0
                text24                              BA2      BA2       24     1744       0
                text23                              9A5      9A5        9     134A       0
                text22                              B12      B12       1B     1624       0
                text21                              6A7      6A7       4F        8       0
                text20                              9DB      9DB        E     13B6       0
                text19                              A6A      A6A       15     14D4       0
                text18                              D7F      D7F       2B     1AFE       0
                text17                              C12      C12       27     1824       0
                text16                              E39      E39       32     1C72       0
                text15                              5F8      5F8       5C        8       0
                text14                              9AE      9AE        A     135C       0
                text13                              B84      B84       1E     1708       0
                text12                              A09      A09       13     1412       0
                text11                              A1C      A1C       13     1438       0
                text10                              E6B      E6B       32     1CD6       0
                text9                               E9D      E9D       32     1D3A       0
                text8                               C39      C39       27     1872       0
                text7                               CAE      CAE       29     195C       0
                text6                               C60      C60       27     18C0       0
                text5                               C87      C87       27     190E       0
                text4                               A2F      A2F       13     145E       0
                text3                               A42      A42       13     1484       0
                text2                               CD7      CD7       29     19AE       0
                text1                               1DB      1DB      10F        8       0
                maintext                            7D2      7D2       2C        8       0
                cstackBANK0                          20       20       50       20       1
                cstackCOMMON                         76       76        6       70       1
                cstackBANK1                          C5       C5       1F       A0       1
                clrtext                             918      918        6     1230       0
                inittext                            91E      91E        6     123C       0
                bssBANK4                            220      220       20      220       1
                bssBANK3                            1A0      1A0       44      1A0       1
                dataBANK2                           155      155        8      120       1
                bssBANK2                            120      120       35      120       1
                dataBANK1                            EB       EB        3       A0       1
                bssBANK1                             A0       A0       25       A0       1
                bssCOMMON                            70       70        6       70       1
                stringtext6                        1054     1054        3     2000       0
                stringtext5                        1049     1049        B     2000       0
                stringtext4                        103D     103D        C     2000       0
                stringtext3                        1030     1030        D     2000       0
                stringtext2                        1020     1020       10     2000       0
                nvBANK2                             15D      15D        4      120       1
                nvBANK1                              E4       E4        7       A0       1
                stringtext1                        1000     1000       20     2000       0
                idataBANK2                          970      970        8     12E0       0
                idataBANK1                          8C9      8C9        3     1192       0

TOTAL           Name                               Link     Load   Length     Space
        CLASS   STACK          

        CLASS   CODE           
                end_init                             47       47        2         0
                cinit                                49       49       41         0
                intentry                              4        4       43         0
                reset_vec                             0        0        2         0
                text117                             A96      A96       18         0
                text116                             893      893        3         0
                text115                             890      890        1         0
                text114                             8CC      8CC        4         0
                text113                             ECF      ECF       36         0
                text112                             B49      B49       1D         0
                text111                             891      891        1         0
                text110                             8D0      8D0        4         0
                text109                             896      896        3         0
                text108                             899      899        3         0
                text107                               2        2        2         0
                text106                             7FE      7FE        2         0
                text105                             89C      89C        3         0
                text104                             892      892        1         0
                text103                             8D4      8D4        4         0
                text102                             89F      89F        3         0
                text101                             8FC      8FC        5         0
                text100                             940      940        8         0
                text99                              8A2      8A2        3         0
                text98                              DD6      DD6       31         0
                text97                              924      924        7         0
                text96                              901      901        5         0
                text95                              8D8      8D8        4         0
                text94                              8DC      8DC        4         0
                text93                              8E0      8E0        4         0
                text92                              8E4      8E4        4         0
                text91                              948      948        8         0
                text90                              92B      92B        7         0
                text89                              906      906        6         0
                text88                              8E8      8E8        4         0
                text87                              8EC      8EC        4         0
                text86                              8F0      8F0        4         0
                text85                              D54      D54       2B         0
                text84                              6F6      6F6       4F         0
                text83                              78C      78C       46         0
                text82                              8A5      8A5        3         0
                text81                              BC6      BC6       26         0
                text80                              8A8      8A8        3         0
                text79                              8AB      8AB        3         0
                text77                              9E9      9E9        F         0
                text76                              A55      A55       15         0
                text75                              9F8      9F8       11         0
                text74                              B66      B66       1E         0
                text73                              AAE      AAE       18         0
                text72                              F7B      F7B       41         0
                text71                              2EA      2EA       F7         0
                text70                              3E1      3E1       DF         0
                text69                              ADE      ADE       19         0
                text68                              D00      D00       2A         0
                text67                              90C      90C        6         0
                text66                              745      745       47         0
                text65                              BEC      BEC       26         0
                text64                              654      654       53         0
                text63                               8A       8A      151         0
                text62                              4C0      4C0       D0         0
                text61                              E07      E07       32         0
                text60                              D2A      D2A       2A         0
                text59                              DAA      DAA       2C         0
                text58                              F3E      F3E       3D         0
                text57                              9C3      9C3        C         0
                text56                              950      950        8         0
                text55                              978      978        9         0
                text54                              981      981        9         0
                text53                              98A      98A        9         0
                text52                              993      993        9         0
                text51                              99C      99C        9         0
                text50                              FBC      FBC       44         0
                text49                              958      958        8         0
                text48                              F05      F05       39         0
                text47                              960      960        8         0
                text46                              9CF      9CF        C         0
                text45                              932      932        7         0
                text44                              968      968        8         0
                text43                              8F4      8F4        4         0
                text42                              AF7      AF7       1B         0
                text41                              AC6      AC6       18         0
                text40                              A7F      A7F       17         0
                text39                              590      590       68         0
                text38                              8AE      8AE        3         0
                text37                              8B1      8B1        3         0
                text36                              8B4      8B4        3         0
                text35                              939      939        7         0
                text34                              8B7      8B7        3         0
                text33                              9B8      9B8        B         0
                text32                              8F8      8F8        4         0
                text31                              8BA      8BA        3         0
                text30                              8BD      8BD        3         0
                text29                              8C0      8C0        3         0
                text28                              8C3      8C3        3         0
                text27                              8C6      8C6        3         0
                text26                              912      912        6         0
                text25                              B2D      B2D       1C         0
                text24                              BA2      BA2       24         0
                text23                              9A5      9A5        9         0
                text22                              B12      B12       1B         0
                text21                              6A7      6A7       4F         0
                text20                              9DB      9DB        E         0
                text19                              A6A      A6A       15         0
                text18                              D7F      D7F       2B         0
                text17                              C12      C12       27         0
                text16                              E39      E39       32         0
                text15                              5F8      5F8       5C         0
                text14                              9AE      9AE        A         0
                text13                              B84      B84       1E         0
                text12                              A09      A09       13         0
                text11                              A1C      A1C       13         0
                text10                              E6B      E6B       32         0
                text9                               E9D      E9D       32         0
                text8                               C39      C39       27         0
                text7                               CAE      CAE       29         0
                text6                               C60      C60       27         0
                text5                               C87      C87       27         0
                text4                               A2F      A2F       13         0
                text3                               A42      A42       13         0
                text2                               CD7      CD7       29         0
                text1                               1DB      1DB      10F         0
                maintext                            7D2      7D2       2C         0
                clrtext                             918      918        6         0
                inittext                            91E      91E        6         0
                idataBANK2                          970      970        8         0
                idataBANK1                          8C9      8C9        3         0

        CLASS   STRCODE        
                stringtext6                        1054     1054        3         0
                stringtext5                        1049     1049        B         0
                stringtext4                        103D     103D        C         0
                stringtext3                        1030     1030        D         0
                stringtext2                        1020     1020       10         0
                stringtext1                        1000     1000       20         0

        CLASS   STRING         

        CLASS   CONST          

        CLASS   ENTRY          

        CLASS   COMMON         
                cstackCOMMON                         76       76        6         1
                bssCOMMON                            70       70        6         1

        CLASS   BANK0          
                cstackBANK0                          20       20       50         1

        CLASS   BANK1          
                cstackBANK1                          C5       C5       1F         1
                dataBANK1                            EB       EB        3         1
                bssBANK1                             A0       A0       25         1
                nvBANK1                              E4       E4        7         1

        CLASS   BANK2          
                dataBANK2                           155      155        8         1
                bssBANK2                            120      120       35         1
                nvBANK2                             15D      15D        4         1

        CLASS   BANK3          
                bssBANK3                            1A0      1A0       44         1

        CLASS   BANK4          
                bssBANK4                            220      220       20         1

        CLASS   BANK5          

        CLASS   BANK6          

        CLASS   BANK7          

        CLASS   BANK8          

        CLASS   BANK9          

        CLASS   BANK10         

        CLASS   BANK11         

        CLASS   BANK12         

        CLASS   BIGRAM         

        CLASS   RAM            

        CLASS   ABS1           
                abs_s1                               7E       7E        2         1

        CLASS   SFR0           

        CLASS   SFR1           

        CLASS   SFR2           

        CLASS   SFR3           

        CLASS   SFR4           

        CLASS   SFR5           

        CLASS   SFR6           

        CLASS   SFR7           

        CLASS   SFR8           

        CLASS   SFR9           

        CLASS   SFR10          

        CLASS   SFR11          

        CLASS   SFR12          

        CLASS   SFR13          

        CLASS   SFR14          

        CLASS   SFR15          

        CLASS   SFR16          

        CLASS   SFR17          

        CLASS   SFR18          

        CLASS   SFR19          

        CLASS   SFR20          

        CLASS   SFR21          

        CLASS   SFR22          

        CLASS   SFR23          

        CLASS   SFR24          

        CLASS   SFR25          

        CLASS   SFR26          

        CLASS   SFR27          

        CLASS   SFR28          

        CLASS   SFR29          

        CLASS   SFR30          

        CLASS   SFR31          

        CLASS   CONFIG         
                config                             8007     8007        4         0

        CLASS   IDLOC          

        CLASS   EEDATA         

        CLASS   BANK31         

        CLASS   BANK30         

        CLASS   BANK29         

        CLASS   BANK28         

        CLASS   BANK27         

        CLASS   BANK26         

        CLASS   BANK25         

        CLASS   BANK24         

        CLASS   BANK23         

        CLASS   BANK22         

        CLASS   BANK21         

        CLASS   BANK20         

        CLASS   BANK19         

        CLASS   BANK18         

        CLASS   BANK17         

        CLASS   BANK16         

        CLASS   BANK15         

        CLASS   BANK14         

        CLASS   BANK13         



SEGMENTS        Name                           Load    Length   Top    Selector   Space  Class     Delta

                reset_vec                      000000  000004  000004         0       0  CODE        2
                intentry                       000004  0007FC  000800         8       0  CODE        2
                cstackBANK0                    000020  000050  000070        20       1  BANK0       1
                bssCOMMON                      000070  00000C  00007C        70       1  COMMON      1
                bssBANK1                       0000A0  00004E  0000EE        A0       1  BANK1       1
                bssBANK2                       000120  000041  000161       120       1  BANK2       1
                bssBANK3                       0001A0  000044  0001E4       1A0       1  BANK3       1
                bssBANK4                       000220  000020  000240       220       1  BANK4       1
                text115                        000890  000001  000891      1120       0  CODE        2
                text111                        000891  000001  000892      1122       0  CODE        2
                text104                        000892  000001  000893      1124       0  CODE        2
                text116                        000893  000003  000896      1126       0  CODE        2
                text109                        000896  000003  000899      112C       0  CODE        2
                text108                        000899  000003  00089C      1132       0  CODE        2
                text105                        00089C  000003  00089F      1138       0  CODE        2
                text102                        00089F  000003  0008A2      113E       0  CODE        2
                text99                         0008A2  000003  0008A5      1144       0  CODE        2
                text82                         0008A5  000003  0008A8      114A       0  CODE        2
                text80                         0008A8  000003  0008AB      1150       0  CODE        2
                text79                         0008AB  000003  0008AE      1156       0  CODE        2
                text38                         0008AE  000003  0008B1      115C       0  CODE        2
                text37                         0008B1  000003  0008B4      1162       0  CODE        2
                text36                         0008B4  000003  0008B7      1168       0  CODE        2
                text34                         0008B7  000003  0008BA      116E       0  CODE        2
                text31                         0008BA  000003  0008BD      1174       0  CODE        2
                text30                         0008BD  000003  0008C0      117A       0  CODE        2
                text29                         0008C0  000003  0008C3      1180       0  CODE        2
                text28                         0008C3  000003  0008C6      1186       0  CODE        2
                text27                         0008C6  000003  0008C9      118C       0  CODE        2
                idataBANK1                     0008C9  000003  0008CC      1192       0  CODE        2
                text114                        0008CC  000004  0008D0      1198       0  CODE        2
                text110                        0008D0  000004  0008D4      11A0       0  CODE        2
                text103                        0008D4  000004  0008D8      11A8       0  CODE        2
                text95                         0008D8  000004  0008DC      11B0       0  CODE        2
                text94                         0008DC  000004  0008E0      11B8       0  CODE        2
                text93                         0008E0  000004  0008E4      11C0       0  CODE        2
                text92                         0008E4  000004  0008E8      11C8       0  CODE        2
                text88                         0008E8  000004  0008EC      11D0       0  CODE        2
                text87                         0008EC  000004  0008F0      11D8       0  CODE        2
                text86                         0008F0  000004  0008F4      11E0       0  CODE        2
                text43                         0008F4  000004  0008F8      11E8       0  CODE        2
                text32                         0008F8  000004  0008FC      11F0       0  CODE        2
                text101                        0008FC  000005  000901      11F8       0  CODE        2
                text96                         000901  000005  000906      1202       0  CODE        2
                text89                         000906  000006  00090C      120C       0  CODE        2
                text67                         00090C  000006  000912      1218       0  CODE        2
                text26                         000912  000006  000918      1224       0  CODE        2
                clrtext                        000918  000006  00091E      1230       0  CODE        2
                inittext                       00091E  000006  000924      123C       0  CODE        2
                text97                         000924  000007  00092B      1248       0  CODE        2
                text90                         00092B  000007  000932      1256       0  CODE        2
                text45                         000932  000007  000939      1264       0  CODE        2
                text35                         000939  000007  000940      1272       0  CODE        2
                text100                        000940  000008  000948      1280       0  CODE        2
                text91                         000948  000008  000950      1290       0  CODE        2
                text56                         000950  000008  000958      12A0       0  CODE        2
                text49                         000958  000008  000960      12B0       0  CODE        2
                text47                         000960  000008  000968      12C0       0  CODE        2
                text44                         000968  000008  000970      12D0       0  CODE        2
                idataBANK2                     000970  000008  000978      12E0       0  CODE        2
                text55                         000978  000009  000981      12F0       0  CODE        2
                text54                         000981  000009  00098A      1302       0  CODE        2
                text53                         00098A  000009  000993      1314       0  CODE        2
                text52                         000993  000009  00099C      1326       0  CODE        2
                text51                         00099C  000009  0009A5      1338       0  CODE        2
                text23                         0009A5  000009  0009AE      134A       0  CODE        2
                text14                         0009AE  00000A  0009B8      135C       0  CODE        2
                text33                         0009B8  00000B  0009C3      1370       0  CODE        2
                text57                         0009C3  00000C  0009CF      1386       0  CODE        2
                text46                         0009CF  00000C  0009DB      139E       0  CODE        2
                text20                         0009DB  00000E  0009E9      13B6       0  CODE        2
                text77                         0009E9  00000F  0009F8      13D2       0  CODE        2
                text75                         0009F8  000011  000A09      13F0       0  CODE        2
                text12                         000A09  000013  000A1C      1412       0  CODE        2
                text11                         000A1C  000013  000A2F      1438       0  CODE        2
                text4                          000A2F  000013  000A42      145E       0  CODE        2
                text3                          000A42  000013  000A55      1484       0  CODE        2
                text76                         000A55  000015  000A6A      14AA       0  CODE        2
                text19                         000A6A  000015  000A7F      14D4       0  CODE        2
                text40                         000A7F  000017  000A96      14FE       0  CODE        2
                text117                        000A96  000018  000AAE      152C       0  CODE        2
                text73                         000AAE  000018  000AC6      155C       0  CODE        2
                text41                         000AC6  000018  000ADE      158C       0  CODE        2
                text69                         000ADE  000019  000AF7      15BC       0  CODE        2
                text42                         000AF7  00001B  000B12      15EE       0  CODE        2
                text22                         000B12  00001B  000B2D      1624       0  CODE        2
                text25                         000B2D  00001C  000B49      165A       0  CODE        2
                text112                        000B49  00001D  000B66      1692       0  CODE        2
                text74                         000B66  00001E  000B84      16CC       0  CODE        2
                text13                         000B84  00001E  000BA2      1708       0  CODE        2
                text24                         000BA2  000024  000BC6      1744       0  CODE        2
                text81                         000BC6  000026  000BEC      178C       0  CODE        2
                text65                         000BEC  000026  000C12      17D8       0  CODE        2
                text17                         000C12  000027  000C39      1824       0  CODE        2
                text8                          000C39  000027  000C60      1872       0  CODE        2
                text6                          000C60  000027  000C87      18C0       0  CODE        2
                text5                          000C87  000027  000CAE      190E       0  CODE        2
                text7                          000CAE  000029  000CD7      195C       0  CODE        2
                text2                          000CD7  000029  000D00      19AE       0  CODE        2
                text68                         000D00  00002A  000D2A      1A00       0  CODE        2
                text60                         000D2A  00002A  000D54      1A54       0  CODE        2
                text85                         000D54  00002B  000D7F      1AA8       0  CODE        2
                text18                         000D7F  00002B  000DAA      1AFE       0  CODE        2
                text59                         000DAA  00002C  000DD6      1B54       0  CODE        2
                text98                         000DD6  000031  000E07      1BAC       0  CODE        2
                text61                         000E07  000032  000E39      1C0E       0  CODE        2
                text16                         000E39  000032  000E6B      1C72       0  CODE        2
                text10                         000E6B  000032  000E9D      1CD6       0  CODE        2
                text9                          000E9D  000032  000ECF      1D3A       0  CODE        2
                text113                        000ECF  000036  000F05      1D9E       0  CODE        2
                text48                         000F05  000039  000F3E      1E0A       0  CODE        2
                text58                         000F3E  00003D  000F7B      1E7C       0  CODE        2
                text72                         000F7B  000041  000FBC      1EF6       0  CODE        2
                text50                         000FBC  000044  001000      1F78       0  CODE        2
                stringtext1                    001000  000057  001057      2000       0  STRCODE     2
                config                         008007  000004  00800B     1000E       0  CONFIG      2


UNUSED ADDRESS RANGES

        Name                Unused          Largest block    Delta
        BANK1            000EE-000EF               2           1
        BANK10           00520-0056F              50           1
        BANK11           005A0-005EF              50           1
        BANK12           00620-0064F              30           1
        BANK2            00161-0016F               F           1
        BANK3            001E4-001EF               C           1
        BANK4            00240-0026F              30           1
        BANK5            002A0-002EF              50           1
        BANK6            00320-0036F              50           1
        BANK7            003A0-003EF              50           1
        BANK8            00420-0046F              50           1
        BANK9            004A0-004EF              50           1
        BIGRAM           02000-023EF             3F0           1
        CODE             00800-0088F              90           2
                         01057-01FFF             7A9
        COMMON           0007C-0007D               2           1
        CONST            00800-0088F              90           2
                         01057-01FFF             100
        EEDATA           0F000-0F0FF             100           2
        ENTRY            00800-0088F              90           2
                         01057-01FFF             100
        IDLOC            08000-08003               4           2
        RAM              000EE-000EF               2           1
                         00161-0016F               F
                         001E4-001EF               C
                         00240-0026F              30
                         002A0-002EF              50
                         00320-0036F              50
                         003A0-003EF              50
                         00420-0046F              50
                         004A0-004EF              50
                         00520-0056F              50
                         005A0-005EF              50
                         00620-0064F              30
        SFR0             00000-0001F              20           1
        SFR1             00080-0009F              20           1
        SFR10            00500-0051F              20           1
        SFR11            00580-0059F              20           1
        SFR12            00600-0061F              20           1
        SFR13            00680-006EF              70           1
        SFR14            00700-0076F              70           1
        SFR15            00780-007EF              70           1
        SFR16            00800-0086F              70           1
        SFR17            00880-008EF              70           1
        SFR18            00900-0096F              70           1
        SFR19            00980-009EF              70           1
        SFR2             00100-0011F              20           1
        SFR20            00A00-00A6F              70           1
        SFR21            00A80-00AEF              70           1
        SFR22            00B00-00B6F              70           1
        SFR23            00B80-00BEF              70           1
        SFR24            00C00-00C6F              70           1
        SFR25            00C80-00CEF              70           1
        SFR26            00D00-00D6F              70           1
        SFR27            00D80-00DEF              70           1
        SFR28            00E00-00E6F              70           1
        SFR29            00E80-00EEF              70           1
        SFR3             00180-0019F              20           1
        SFR30            00F00-00F6F              70           1
        SFR31            00F80-00FEF              70           1
        SFR4             00200-0021F              20           1
        SFR5             00280-0029F              20           1
        SFR6             00300-0031F              20           1
        SFR7             00380-0039F              20           1
        SFR8             00400-0041F              20           1
        SFR9             00480-0049F              20           1
        STACK            02160-023EF             290           1
        STRCODE          00800-0088F              90           2
                         01057-01FFF             FA9
        STRING           00800-0088F              90           2
                         01057-01FFF             100

                                  Symbol Table

?_ADC_GetConversion                            cstackBANK0  00020
?___aodiv                                      cstackBANK0  00020
?___aomod                                      cstackBANK0  00020
?_abs                                          cstackBANK0  00033
?_dtoa                                         cstackBANK0  0003C
?_pad                                          cstackBANK0  00033
?_sprintf                                      cstackBANK1  000C8
?_strlen                                       cstackBANK0  00020
?_vfpfcnvrt                                    cstackBANK0  0005A
?_vfprintf                                     cstackBANK0  0006A
?_wireWriteDataByte                            cstackBANK0  00026
ADC_GetConversion@channel                      cstackBANK0  00023
Display_Name@i                                 cstackBANK0  0002A
Display_Name@length                            cstackBANK0  00028
Display_Name@string1                           cstackBANK0  00025
EUSART_SetErrorHandler@interruptHandler        cstackBANK0  00020
EUSART_SetFramingErrorHandler@interruptHandler cstackBANK0  00020
EUSART_SetOverrunErrorHandler@interruptHandler cstackBANK0  00020
EUSART_SetRxInterruptHandler@interruptHandler  cstackBANK0  00020
EUSART_SetTxInterruptHandler@interruptHandler  cstackBANK0  00020
EUSART_Write@txData                            cstackBANK0  00021
Get_ADC@string1                                cstackBANK1  000D8
I2C_Write_Byte@Byte                            cstackBANK0  00023
I2C_Write_Byte@count                           cstackBANK0  00024
On_Off@val                                     cstackBANK0  00027
SPI2_Exchange8bit@data                         cstackBANK0  00020
SPI_Write@incoming                             cstackBANK0  00022
UART_Byte@bits                                 cstackBANK1  000D7
UART_Byte@brightStr                            cstackBANK1  000E1
UART_Byte@onStr                                cstackBANK1  000DE
UART_Byte@profileStr                           cstackBANK1  000E0
UART_Byte@proxStr                              cstackBANK1  000DF
_ADACT                                         (abs)        0009F
_ADCON0                                        (abs)        0009D
_ADCON0bits                                    (abs)        0009D
_ADCON1                                        (abs)        0009E
_ADC_GetConversion                             text74       00B66
_ADC_Initialize                                text56       00950
_ADRESH                                        (abs)        0009C
_ADRESL                                        (abs)        0009B
_ANSELA                                        (abs)        0018C
_ANSELB                                        (abs)        0018D
_ANSELC                                        (abs)        0018E
_BAUD1CON                                      (abs)        0019F
_CCP1CON                                       (abs)        00293
_CCP1CONbits                                   (abs)        00293
_CCPR1H                                        (abs)        00292
_CCPR1L                                        (abs)        00291
_CCPTMRSbits                                   (abs)        0029F
_Display_Clear                                 text75       009F8
_Display_Name                                  text72       00F7B
_EUSART_DefaultErrorHandler                    text116      00893
_EUSART_DefaultFramingErrorHandler             text115      00890
_EUSART_DefaultOverrunErrorHandler             text114      008CC
_EUSART_ErrorHandler                           nvBANK2      0015D
_EUSART_FramingErrorHandler                    nvBANK1      000E4
_EUSART_Initialize                             text50       00FBC
_EUSART_OverrunErrorHandler                    nvBANK2      0015F
_EUSART_Receive_ISR                            text113      00ECF
_EUSART_RxDataHandler                          text117      00A96
_EUSART_RxDefaultInterruptHandler              nvBANK1      000E6
_EUSART_SetErrorHandler                        text55       00978
_EUSART_SetFramingErrorHandler                 text54       00981
_EUSART_SetOverrunErrorHandler                 text53       0098A
_EUSART_SetRxInterruptHandler                  text52       00993
_EUSART_SetTxInterruptHandler                  text51       0099C
_EUSART_Transmit_ISR                           text112      00B49
_EUSART_TxDefaultInterruptHandler              nvBANK1      000E8
_EUSART_Write                                  text68       00D00
_Get_ADC                                       text59       00DAA
_I2C_ReStart                                   text37       008B1
_I2C_Read_Byte                                 text33       009B8
_I2C_Send_NACK                                 text31       008BA
_I2C_Start                                     text29       008C0
_I2C_Stop                                      text27       008C6
_I2C_Write_Byte                                text25       00B2D
_INTCONbits                                    (abs)        0000B
_INTERRUPT_InterruptManager                    intentry     00004
_LATA                                          (abs)        0010C
_LATB                                          (abs)        0010D
_LATC                                          (abs)        0010E
_LATCbits                                      (abs)        0010E
_ODCONA                                        (abs)        0028C
_ODCONB                                        (abs)        0028D
_ODCONC                                        (abs)        0028E
_OSCCON1                                       (abs)        00919
_OSCCON3                                       (abs)        0091B
_OSCEN                                         (abs)        0091D
_OSCFRQ                                        (abs)        0091F
_OSCILLATOR_Initialize                         text49       00958
_OSCTUNE                                       (abs)        0091E
_On_Off                                        text58       00F3E
_PIE0bits                                      (abs)        00090
_PIE1bits                                      (abs)        00091
_PIN_MANAGER_IOC                               text111      00891
_PIN_MANAGER_Initialize                        text48       00F05
_PIR0bits                                      (abs)        00010
_PIR1bits                                      (abs)        00011
_PIR_Sensor                                    text57       009C3
_PMD0                                          (abs)        00911
_PMD1                                          (abs)        00912
_PMD2                                          (abs)        00913
_PMD3                                          (abs)        00914
_PMD4                                          (abs)        00915
_PMD5                                          (abs)        00916
_PMD_Initialize                                text47       00960
_PORTCbits                                     (abs)        0000E
_PR2                                           (abs)        0001E
_PWM1_Initialize                               text46       009CF
_RB5PPS                                        (abs)        00E9D
_RB6PPS                                        (abs)        00E9E
_RB7PPS                                        (abs)        00E9F
_RC1REG                                        (abs)        00199
_RC1STA                                        (abs)        0019D
_RC1STAbits                                    (abs)        0019D
_RC2PPS                                        (abs)        00EA2
_RC5PPS                                        (abs)        00EA5
_RC6PPS                                        (abs)        00EA6
_RXPPS                                         (abs)        00E24
_SLRCONA                                       (abs)        0030C
_SLRCONB                                       (abs)        0030D
_SLRCONC                                       (abs)        0030E
_SP1BRGH                                       (abs)        0019C
_SP1BRGL                                       (abs)        0019B
_SPI2_Exchange8bit                             text77       009E9
_SPI2_Initialize                               text45       00932
_SPI_Write                                     text76       00A55
_SSP1ADD                                       (abs)        00212
_SSP1BUF                                       (abs)        00211
_SSP1CLKPPS                                    (abs)        00E20
_SSP1CON1                                      (abs)        00215
_SSP1CON1bits                                  (abs)        00215
_SSP1CON2                                      (abs)        00216
_SSP1CON2bits                                  (abs)        00216
_SSP1DATPPS                                    (abs)        00E21
_SSP1MSK                                       (abs)        00213
_SSP1STAT                                      (abs)        00214
_SSP1STATbits                                  (abs)        00214
_SSP2ADD                                       (abs)        0021A
_SSP2BUF                                       (abs)        00219
_SSP2CLKPPS                                    (abs)        00E1D
_SSP2CON1                                      (abs)        0021D
_SSP2CON1bits                                  (abs)        0021D
_SSP2DATPPS                                    (abs)        00E1E
_SSP2STAT                                      (abs)        0021C
_SSP2STATbits                                  (abs)        0021C
_SYSTEM_Initialize                             text42       00AF7
_T2CON                                         (abs)        0001F
_T2CONbits                                     (abs)        0001F
_TMR2                                          (abs)        0001D
_TMR2_Initialize                               text44       00968
_TRISA                                         (abs)        0008C
_TRISB                                         (abs)        0008D
_TRISC                                         (abs)        0008E
_TX1REG                                        (abs)        0019A
_TX1STA                                        (abs)        0019E
_TX1STAbits                                    (abs)        0019E
_TXREG1                                        (abs)        0019A
_TXSTA1bits                                    (abs)        0019E
_UART_Byte                                     text39       00590
_WDTCON                                        (abs)        00097
_WDT_Initialize                                text43       008F4
_WPUA                                          (abs)        0020C
_WPUB                                          (abs)        0020D
_WPUC                                          (abs)        0020E
__CFG_BOREN$ON                                 (abs)        00000
__CFG_BORV$LOW                                 (abs)        00000
__CFG_CLKOUTEN$OFF                             (abs)        00000
__CFG_CP$OFF                                   (abs)        00000
__CFG_CPD$OFF                                  (abs)        00000
__CFG_CSWEN$ON                                 (abs)        00000
__CFG_DEBUG$OFF                                (abs)        00000
__CFG_FCMEN$ON                                 (abs)        00000
__CFG_FEXTOSC$OFF                              (abs)        00000
__CFG_LPBOREN$OFF                              (abs)        00000
__CFG_LVP$ON                                   (abs)        00000
__CFG_MCLRE$ON                                 (abs)        00000
__CFG_PPS1WAY$ON                               (abs)        00000
__CFG_PWRTE$OFF                                (abs)        00000
__CFG_RSTOSC$HFINT1                            (abs)        00000
__CFG_STVREN$ON                                (abs)        00000
__CFG_WDTE$SWDTEN                              (abs)        00000
__CFG_WRT$OFF                                  (abs)        00000
__Habs1                                        abs1         00000
__Hbank0                                       bank0        00000
__Hbank1                                       bank1        00000
__Hbank10                                      bank10       00000
__Hbank11                                      bank11       00000
__Hbank12                                      bank12       00000
__Hbank13                                      bank13       00000
__Hbank14                                      bank14       00000
__Hbank15                                      bank15       00000
__Hbank16                                      bank16       00000
__Hbank17                                      bank17       00000
__Hbank18                                      bank18       00000
__Hbank19                                      bank19       00000
__Hbank2                                       bank2        00000
__Hbank20                                      bank20       00000
__Hbank21                                      bank21       00000
__Hbank22                                      bank22       00000
__Hbank23                                      bank23       00000
__Hbank24                                      bank24       00000
__Hbank25                                      bank25       00000
__Hbank26                                      bank26       00000
__Hbank27                                      bank27       00000
__Hbank28                                      bank28       00000
__Hbank29                                      bank29       00000
__Hbank3                                       bank3        00000
__Hbank30                                      bank30       00000
__Hbank31                                      bank31       00000
__Hbank4                                       bank4        00000
__Hbank5                                       bank5        00000
__Hbank6                                       bank6        00000
__Hbank7                                       bank7        00000
__Hbank8                                       bank8        00000
__Hbank9                                       bank9        00000
__Hbigram                                      bigram       00000
__HbssBANK1                                    bssBANK1     00000
__HbssBANK2                                    bssBANK2     00000
__HbssBANK3                                    bssBANK3     00000
__HbssBANK4                                    bssBANK4     00000
__HbssCOMMON                                   bssCOMMON    00000
__Hcinit                                       cinit        0008A
__Hclrtext                                     clrtext      00000
__Hcode                                        code         00000
__Hcommon                                      common       00000
__Hconfig                                      config       0800B
__HcstackBANK0                                 cstackBANK0  00000
__HcstackBANK1                                 cstackBANK1  00000
__HcstackCOMMON                                cstackCOMMON 00000
__HdataBANK1                                   dataBANK1    00000
__HdataBANK2                                   dataBANK2    00000
__Heeprom_data                                 eeprom_data  00000
__Hend_init                                    end_init     00049
__Hfunctab                                     functab      00000
__HidataBANK1                                  idataBANK1   00000
__HidataBANK2                                  idataBANK2   00000
__Hidloc                                       idloc        00000
__Hinit                                        init         00047
__Hinittext                                    inittext     00000
__Hintentry                                    intentry     00047
__Hmaintext                                    maintext     00000
__HnvBANK1                                     nvBANK1      00000
__HnvBANK2                                     nvBANK2      00000
__Hpowerup                                     powerup      00000
__Hram                                         ram          00000
__Hreset_vec                                   reset_vec    00002
__Hsfr0                                        sfr0         00000
__Hsfr1                                        sfr1         00000
__Hsfr10                                       sfr10        00000
__Hsfr11                                       sfr11        00000
__Hsfr12                                       sfr12        00000
__Hsfr13                                       sfr13        00000
__Hsfr14                                       sfr14        00000
__Hsfr15                                       sfr15        00000
__Hsfr16                                       sfr16        00000
__Hsfr17                                       sfr17        00000
__Hsfr18                                       sfr18        00000
__Hsfr19                                       sfr19        00000
__Hsfr2                                        sfr2         00000
__Hsfr20                                       sfr20        00000
__Hsfr21                                       sfr21        00000
__Hsfr22                                       sfr22        00000
__Hsfr23                                       sfr23        00000
__Hsfr24                                       sfr24        00000
__Hsfr25                                       sfr25        00000
__Hsfr26                                       sfr26        00000
__Hsfr27                                       sfr27        00000
__Hsfr28                                       sfr28        00000
__Hsfr29                                       sfr29        00000
__Hsfr3                                        sfr3         00000
__Hsfr30                                       sfr30        00000
__Hsfr31                                       sfr31        00000
__Hsfr4                                        sfr4         00000
__Hsfr5                                        sfr5         00000
__Hsfr6                                        sfr6         00000
__Hsfr7                                        sfr7         00000
__Hsfr8                                        sfr8         00000
__Hsfr9                                        sfr9         00000
__Hspace_0                                     (abs)        0800B
__Hspace_1                                     (abs)        00240
__Hspace_2                                     (abs)        00000
__Hspace_3                                     (abs)        00000
__Hstack                                       stack        00000
__Hstrings                                     strings      00000
__Hstringtext1                                 stringtext1  00000
__Hstringtext2                                 stringtext2  00000
__Hstringtext3                                 stringtext3  00000
__Hstringtext4                                 stringtext4  00000
__Hstringtext5                                 stringtext5  00000
__Hstringtext6                                 stringtext6  00000
__Hstringtext7                                 stringtext7  00000
__Htext                                        text         00000
__Labs1                                        abs1         00000
__Lbank0                                       bank0        00000
__Lbank1                                       bank1        00000
__Lbank10                                      bank10       00000
__Lbank11                                      bank11       00000
__Lbank12                                      bank12       00000
__Lbank13                                      bank13       00000
__Lbank14                                      bank14       00000
__Lbank15                                      bank15       00000
__Lbank16                                      bank16       00000
__Lbank17                                      bank17       00000
__Lbank18                                      bank18       00000
__Lbank19                                      bank19       00000
__Lbank2                                       bank2        00000
__Lbank20                                      bank20       00000
__Lbank21                                      bank21       00000
__Lbank22                                      bank22       00000
__Lbank23                                      bank23       00000
__Lbank24                                      bank24       00000
__Lbank25                                      bank25       00000
__Lbank26                                      bank26       00000
__Lbank27                                      bank27       00000
__Lbank28                                      bank28       00000
__Lbank29                                      bank29       00000
__Lbank3                                       bank3        00000
__Lbank30                                      bank30       00000
__Lbank31                                      bank31       00000
__Lbank4                                       bank4        00000
__Lbank5                                       bank5        00000
__Lbank6                                       bank6        00000
__Lbank7                                       bank7        00000
__Lbank8                                       bank8        00000
__Lbank9                                       bank9        00000
__Lbigram                                      bigram       00000
__LbssBANK1                                    bssBANK1     00000
__LbssBANK2                                    bssBANK2     00000
__LbssBANK3                                    bssBANK3     00000
__LbssBANK4                                    bssBANK4     00000
__LbssCOMMON                                   bssCOMMON    00000
__Lcinit                                       cinit        00049
__Lclrtext                                     clrtext      00000
__Lcode                                        code         00000
__Lcommon                                      common       00000
__Lconfig                                      config       08007
__LcstackBANK0                                 cstackBANK0  00000
__LcstackBANK1                                 cstackBANK1  00000
__LcstackCOMMON                                cstackCOMMON 00000
__LdataBANK1                                   dataBANK1    00000
__LdataBANK2                                   dataBANK2    00000
__Leeprom_data                                 eeprom_data  00000
__Lend_init                                    end_init     00047
__Lfunctab                                     functab      00000
__LidataBANK1                                  idataBANK1   00000
__LidataBANK2                                  idataBANK2   00000
__Lidloc                                       idloc        00000
__Linit                                        init         00047
__Linittext                                    inittext     00000
__Lintentry                                    intentry     00004
__Lmaintext                                    maintext     00000
__LnvBANK1                                     nvBANK1      00000
__LnvBANK2                                     nvBANK2      00000
__Lpowerup                                     powerup      00000
__Lram                                         ram          00000
__Lreset_vec                                   reset_vec    00000
__Lsfr0                                        sfr0         00000
__Lsfr1                                        sfr1         00000
__Lsfr10                                       sfr10        00000
__Lsfr11                                       sfr11        00000
__Lsfr12                                       sfr12        00000
__Lsfr13                                       sfr13        00000
__Lsfr14                                       sfr14        00000
__Lsfr15                                       sfr15        00000
__Lsfr16                                       sfr16        00000
__Lsfr17                                       sfr17        00000
__Lsfr18                                       sfr18        00000
__Lsfr19                                       sfr19        00000
__Lsfr2                                        sfr2         00000
__Lsfr20                                       sfr20        00000
__Lsfr21                                       sfr21        00000
__Lsfr22                                       sfr22        00000
__Lsfr23                                       sfr23        00000
__Lsfr24                                       sfr24        00000
__Lsfr25                                       sfr25        00000
__Lsfr26                                       sfr26        00000
__Lsfr27                                       sfr27        00000
__Lsfr28                                       sfr28        00000
__Lsfr29                                       sfr29        00000
__Lsfr3                                        sfr3         00000
__Lsfr30                                       sfr30        00000
__Lsfr31                                       sfr31        00000
__Lsfr4                                        sfr4         00000
__Lsfr5                                        sfr5         00000
__Lsfr6                                        sfr6         00000
__Lsfr7                                        sfr7         00000
__Lsfr8                                        sfr8         00000
__Lsfr9                                        sfr9         00000
__Lspace_0                                     (abs)        00000
__Lspace_1                                     (abs)        00000
__Lspace_2                                     (abs)        00000
__Lspace_3                                     (abs)        00000
__Lstack                                       stack        00000
__Lstrings                                     strings      00000
__Lstringtext1                                 stringtext1  00000
__Lstringtext2                                 stringtext2  00000
__Lstringtext3                                 stringtext3  00000
__Lstringtext4                                 stringtext4  00000
__Lstringtext5                                 stringtext5  00000
__Lstringtext6                                 stringtext6  00000
__Lstringtext7                                 stringtext7  00000
__Ltext                                        text         00000
__S0                                           (abs)        0800B
__S1                                           (abs)        00240
__S2                                           (abs)        00000
__S3                                           (abs)        00000
___aodiv                                       text71       002EA
___aodiv@counter                               cstackBANK0  00031
___aodiv@dividend                              cstackBANK0  00028
___aodiv@divisor                               cstackBANK0  00020
___aodiv@quotient                              cstackBANK0  00033
___aodiv@sign                                  cstackBANK0  00032
___aomod                                       text70       003E1
___aomod@counter                               cstackBANK0  00031
___aomod@dividend                              cstackBANK0  00028
___aomod@divisor                               cstackBANK0  00020
___aomod@sign                                  cstackBANK0  00032
___int_sp                                      stack        00000
___latbits                                     (abs)        00002
___sp                                          stack        00000
___stackhi                                     (abs)        023EF
___stacklo                                     (abs)        02160
__end_of_ADC_GetConversion                     text74       00B84
__end_of_ADC_Initialize                        text56       00958
__end_of_Display_Clear                         text75       00A09
__end_of_Display_Name                          text72       00FBC
__end_of_EUSART_DefaultErrorHandler            text116      00896
__end_of_EUSART_DefaultFramingErrorHandler     text115      00891
__end_of_EUSART_DefaultOverrunErrorHandler     text114      008D0
__end_of_EUSART_Initialize                     text50       01000
__end_of_EUSART_Receive_ISR                    text113      00F05
__end_of_EUSART_RxDataHandler                  text117      00AAE
__end_of_EUSART_SetErrorHandler                text55       00981
__end_of_EUSART_SetFramingErrorHandler         text54       0098A
__end_of_EUSART_SetOverrunErrorHandler         text53       00993
__end_of_EUSART_SetRxInterruptHandler          text52       0099C
__end_of_EUSART_SetTxInterruptHandler          text51       009A5
__end_of_EUSART_Transmit_ISR                   text112      00B66
__end_of_EUSART_Write                          text68       00D2A
__end_of_Get_ADC                               text59       00DD6
__end_of_I2C_ReStart                           text37       008B4
__end_of_I2C_Read_Byte                         text33       009C3
__end_of_I2C_Send_NACK                         text31       008BD
__end_of_I2C_Start                             text29       008C3
__end_of_I2C_Stop                              text27       008C9
__end_of_I2C_Write_Byte                        text25       00B49
__end_of_INTERRUPT_InterruptManager            intentry     00047
__end_of_OSCILLATOR_Initialize                 text49       00960
__end_of_On_Off                                text58       00F7B
__end_of_PIN_MANAGER_IOC                       text111      00892
__end_of_PIN_MANAGER_Initialize                text48       00F3E
__end_of_PIR_Sensor                            text57       009CF
__end_of_PMD_Initialize                        text47       00968
__end_of_PWM1_Initialize                       text46       009DB
__end_of_SPI2_Exchange8bit                     text77       009F8
__end_of_SPI2_Initialize                       text45       00939
__end_of_SPI_Write                             text76       00A6A
__end_of_SYSTEM_Initialize                     text42       00B12
__end_of_TMR2_Initialize                       text44       00970
__end_of_UART_Byte                             text39       005F8
__end_of_WDT_Initialize                        text43       008F8
__end_of___aodiv                               text71       003E1
__end_of___aomod                               text70       004C0
__end_of__initialization                       cinit        00086
__end_of_abs                                   text69       00AF7
__end_of_do_I2C_DO_ACK                         text88       008EC
__end_of_do_I2C_DO_ADDRESS_NACK                text85       00D7F
__end_of_do_I2C_DO_NACK_RESTART                text86       008F4
__end_of_do_I2C_DO_NACK_STOP                   text87       008F0
__end_of_do_I2C_IDLE                           text96       00906
__end_of_do_I2C_RCEN                           text89       0090C
__end_of_do_I2C_RESET                          text97       0092B
__end_of_do_I2C_RX                             text83       007D2
__end_of_do_I2C_SEND_ADR_READ                  text91       00950
__end_of_do_I2C_SEND_ADR_WRITE                 text90       00932
__end_of_do_I2C_SEND_RESTART                   text93       008E4
__end_of_do_I2C_SEND_RESTART_READ              text95       008DC
__end_of_do_I2C_SEND_RESTART_WRITE             text94       008E0
__end_of_do_I2C_SEND_STOP                      text92       008E8
[...]
 This function calls:
		Nothing
 This function is called by:
		_do_I2C_SEND_RESTART_READ
		_do_I2C_SEND_RESTART_WRITE
		_do_I2C_SEND_RESTART
 This function uses a non-reentrant model


 *************** function _i2c1_driver_sendACK *****************
 Defined at:
		line 196 in file "mcc_generated_files/i2c1_driver.c"
 Parameters:    Size  Location     Type
		None
 Auto vars:     Size  Location     Type
		None
 Return value:  Size  Location     Type
                  1    wreg      void 
 Registers used:
		None
 Tracked objects:
		On entry : 
		On exit  : 
		Unchanged: 
 Data sizes:     COMMON   BANK0   BANK1   BANK2   BANK3   BANK4   BANK5   BANK6   BANK7   BANK8   BANK9  BANK10  BANK11  BANK12
      Params:         0       0       0       0       0       0       0       0       0       0       0       0       0       0
      Locals:         0       0       0       0       0       0       0       0       0       0       0       0       0       0
      Temps:          0       0       0       0       0       0       0       0       0       0       0       0       0       0
      Totals:         0       0       0       0       0       0       0       0       0       0       0       0       0       0
Total ram usage:        0 bytes
 Hardware stack levels used:    1
 This function calls:
		Nothing
 This function is called by:
		_do_I2C_DO_ACK
		_do_I2C_RX
		_I2C_Send_ACK
 This function uses a non-reentrant model


 *************** function _PIN_MANAGER_IOC *****************
 Defined at:
		line 120 in file "mcc_generated_files/pin_manager.c"
 Parameters:    Size  Location     Type
		None
 Auto vars:     Size  Location     Type
		None
 Return value:  Size  Location     Type
                  1    wreg      void 
 Registers used:
		None
 Tracked objects:
		On entry : 
		On exit  : 
		Unchanged: 
 Data sizes:     COMMON   BANK0   BANK1   BANK2   BANK3   BANK4   BANK5   BANK6   BANK7   BANK8   BANK9  BANK10  BANK11  BANK12
      Params:         0       0       0       0       0       0       0       0       0       0       0       0       0       0
      Locals:         0       0       0       0       0       0       0       0       0       0       0       0       0       0
      Temps:          0       0       0       0       0       0       0       0       0       0       0       0       0       0
      Totals:         0       0       0       0       0       0       0       0       0       0       0       0       0       0
Total ram usage:        0 bytes
 Hardware stack levels used:    1
 This function calls:
		Nothing
 This function is called by:
		_INTERRUPT_InterruptManager
 This function uses a non-reentrant model


 *************** function _EUSART_Transmit_ISR *****************
 Defined at:
		line 205 in file "mcc_generated_files/eusart.c"
 Parameters:    Size  Location     Type
		None
 Auto vars:     Size  Location     Type
		None
 Return value:  Size  Location     Type
                  1    wreg      void 
 Registers used:
		wreg, fsr1l, fsr1h, status,2, status,0
 Tracked objects:
		On entry : 
		On exit  : 
		Unchanged: 
 Data sizes:     COMMON   BANK0   BANK1   BANK2   BANK3   BANK4   BANK5   BANK6   BANK7   BANK8   BANK9  BANK10  BANK11  BANK12
      Params:         0       0       0       0       0       0       0       0       0       0       0       0       0       0
      Locals:         0       0       0       0       0       0       0       0       0       0       0       0       0       0
      Temps:          1       0       0       0       0       0       0       0       0       0       0       0       0       0
      Totals:         1       0       0       0       0       0       0       0       0       0       0       0       0       0
Total ram usage:        1 bytes
 Hardware stack levels used:    1
 This function calls:
		Nothing
 This function is called by:
		_EUSART_Initialize
		_INTERRUPT_InterruptManager
 This function uses a non-reentrant model


 *************** function _EUSART_Receive_ISR *****************
 Defined at:
		line 224 in file "mcc_generated_files/eusart.c"
 Parameters:    Size  Location     Type
		None
 Auto vars:     Size  Location     Type
		None
 Return value:  Size  Location     Type
                  1    wreg      void 
 Registers used:
		wreg, fsr1l, fsr1h, status,2, status,0, pclath, cstack
 Tracked objects:
		On entry : 
		On exit  : 
		Unchanged: 
 Data sizes:     COMMON   BANK0   BANK1   BANK2   BANK3   BANK4   BANK5   BANK6   BANK7   BANK8   BANK9  BANK10  BANK11  BANK12
      Params:         0       0       0       0       0       0       0       0       0       0       0       0       0       0
      Locals:         0       0       0       0       0       0       0       0       0       0       0       0       0       0
      Temps:          0       0       0       0       0       0       0       0       0       0       0       0       0       0
      Totals:         0       0       0       0       0       0       0       0       0       0       0       0       0       0
Total ram usage:        0 bytes
 Hardware stack levels used:    1
 Hardware stack levels required when called:    2
 This function calls:
		Absolute function
		_EUSART_DefaultErrorHandler
		_EUSART_DefaultFramingErrorHandler
		_EUSART_DefaultOverrunErrorHandler
		_EUSART_RxDataHandler
 This function is called by:
		_EUSART_Initialize
		_INTERRUPT_InterruptManager
 This function uses a non-reentrant model


 *************** function _EUSART_DefaultOverrunErrorHandler *****************
 Defined at:
		line 260 in file "mcc_generated_files/eusart.c"
 Parameters:    Size  Location     Type
		None
 Auto vars:     Size  Location     Type
		None
 Return value:  Size  Location     Type
                  1    wreg      void 
 Registers used:
		None
 Tracked objects:
		On entry : 
		On exit  : 
		Unchanged: 
 Data sizes:     COMMON   BANK0   BANK1   BANK2   BANK3   BANK4   BANK5   BANK6   BANK7   BANK8   BANK9  BANK10  BANK11  BANK12
      Params:         0       0       0       0       0       0       0       0       0       0       0       0       0       0
      Locals:         0       0       0       0       0       0       0       0       0       0       0       0       0       0
      Temps:          0       0       0       0       0       0       0       0       0       0       0       0       0       0
      Totals:         0       0       0       0       0       0       0       0       0       0       0       0       0       0
Total ram usage:        0 bytes
 Hardware stack levels used:    1
 This function calls:
		Nothing
 This function is called by:
		_EUSART_Initialize
		_EUSART_Receive_ISR
 This function uses a non-reentrant model


 *************** function _EUSART_DefaultFramingErrorHandler *****************
 Defined at:
		line 258 in file "mcc_generated_files/eusart.c"
 Parameters:    Size  Location     Type
		None
 Auto vars:     Size  Location     Type
		None
 Return value:  Size  Location     Type
                  1    wreg      void 
 Registers used:
		None
 Tracked objects:
		On entry : 
		On exit  : 
		Unchanged: 
 Data sizes:     COMMON   BANK0   BANK1   BANK2   BANK3   BANK4   BANK5   BANK6   BANK7   BANK8   BANK9  BANK10  BANK11  BANK12
      Params:         0       0       0       0       0       0       0       0       0       0       0       0       0       0
      Locals:         0       0       0       0       0       0       0       0       0       0       0       0       0       0
      Temps:          0       0       0       0       0       0       0       0       0       0       0       0       0       0
      Totals:         0       0       0       0       0       0       0       0       0       0       0       0       0       0
Total ram usage:        0 bytes
 Hardware stack levels used:    1
 This function calls:
		Nothing
 This function is called by:
		_EUSART_Initialize
		_EUSART_Receive_ISR
 This function uses a non-reentrant model


 *************** function _EUSART_DefaultErrorHandler *****************
 Defined at:
		line 268 in file "mcc_generated_files/eusart.c"
 Parameters:    Size  Location     Type
		None
 Auto vars:     Size  Location     Type
		None
 Return value:  Size  Location     Type
                  1    wreg      void 
 Registers used:
		wreg, fsr1l, fsr1h, status,2, status,0, pclath, cstack
 Tracked objects:
		On entry : 
		On exit  : 
		Unchanged: 
 Data sizes:     COMMON   BANK0   BANK1   BANK2   BANK3   BANK4   BANK5   BANK6   BANK7   BANK8   BANK9  BANK10  BANK11  BANK12
      Params:         0       0       0       0       0       0       0       0       0       0       0       0       0       0
      Locals:         0       0       0       0       0       0       0       0       0       0       0       0       0       0
      Temps:          0       0       0       0       0       0       0       0       0       0       0       0       0       0
      Totals:         0       0       0       0       0       0       0       0       0       0       0       0       0       0
Total ram usage:        0 bytes
 Hardware stack levels used:    1
 Hardware stack levels required when called:    1
 This function calls:
		_EUSART_RxDataHandler
 This function is called by:
		_EUSART_Initialize
		_EUSART_Receive_ISR
 This function uses a non-reentrant model


 *************** function _EUSART_RxDataHandler *****************
 Defined at:
		line 248 in file "mcc_generated_files/eusart.c"
 Parameters:    Size  Location     Type
		None
 Auto vars:     Size  Location     Type
		None
 Return value:  Size  Location     Type
                  1    wreg      void 
 Registers used:
		wreg, fsr1l, fsr1h, status,2, status,0
 Tracked objects:
		On entry : 
		On exit  : 
		Unchanged: 
 Data sizes:     COMMON   BANK0   BANK1   BANK2   BANK3   BANK4   BANK5   BANK6   BANK7   BANK8   BANK9  BANK10  BANK11  BANK12
      Params:         0       0       0       0       0       0       0       0       0       0       0       0       0       0
      Locals:         0       0       0       0       0       0       0       0       0       0       0       0       0       0
      Temps:          1       0       0       0       0       0       0       0       0       0       0       0       0       0
      Totals:         1       0       0       0       0       0       0       0       0       0       0       0       0       0
Total ram usage:        1 bytes
 Hardware stack levels used:    1
 This function calls:
		Nothing
 This function is called by:
		_EUSART_Receive_ISR
		_EUSART_DefaultErrorHandler
 This function uses a non-reentrant model



MODULE INFORMATION

Module		Function		Class		Link	Load	Size
mcc_generated_files/tmr2.c
		_TMR2_Initialize		CODE           	0968	0000	9

mcc_generated_files/tmr2.c estimated size: 9

mcc_generated_files/interrupt_manager.c
		_INTERRUPT_InterruptManager		CODE           	0004	0000	68

mcc_generated_files/interrupt_manager.c estimated size: 68

C:\Program Files (x86)\Microchip\xc8\v2.05\pic\sources\c99\common\nf_fputc.c
		_fputc         		CODE           	0745	0000	72

C:\Program Files (x86)\Microchip\xc8\v2.05\pic\sources\c99\common\nf_fputc.c estimated size: 72

C:\Program Files (x86)\Microchip\xc8\v2.05\pic\sources\c99\common\strcat.c
		_strcat        		CODE           	0A7F	0000	24

C:\Program Files (x86)\Microchip\xc8\v2.05\pic\sources\c99\common\strcat.c estimated size: 24

i2c.c
		_I2C_Stop      		CODE           	08C6	0000	4
		_I2C_Write_Byte		CODE           	0B2D	0000	29
		_I2C_Read_Byte 		CODE           	09B8	0000	12
		_I2C_Send_NACK 		CODE           	08BA	0000	4
		_I2C_Start     		CODE           	08C0	0000	4
		_I2C_ReStart   		CODE           	08B1	0000	4

i2c.c estimated size: 57

mcc_generated_files/pin_manager.c
		_PIN_MANAGER_Initialize		CODE           	0F05	0000	58
		_PIN_MANAGER_IOC		CODE           	0891	0000	2

mcc_generated_files/pin_manager.c estimated size: 60

C:\Program Files (x86)\Microchip\xc8\v2.05\pic\sources\c99\common\aodiv.c
		___aodiv       		CODE           	02EA	0000	248

C:\Program Files (x86)\Microchip\xc8\v2.05\pic\sources\c99\common\aodiv.c estimated size: 248

C:\Program Files (x86)\Microchip\xc8\v2.05\pic\sources\c99\common\strlen.c
		_strlen        		CODE           	0AAE	0000	25

C:\Program Files (x86)\Microchip\xc8\v2.05\pic\sources\c99\common\strlen.c estimated size: 25

mcc_generated_files/adc.c
		_ADC_Initialize		CODE           	0950	0000	9
		_ADC_GetConversion		CODE           	0B66	0000	31

mcc_generated_files/adc.c estimated size: 40

C:\Program Files (x86)\Microchip\xc8\v2.05\pic\sources\c99\common\strcpy.c
		_strcpy        		CODE           	0AC6	0000	25

C:\Program Files (x86)\Microchip\xc8\v2.05\pic\sources\c99\common\strcpy.c estimated size: 25

C:\Program Files (x86)\Microchip\xc8\v2.05\pic\sources\c99\common\doprnt.c
		_vfpfcnvrt     		CODE           	04C0	0000	209
		_pad           		CODE           	0654	0000	84
		_dtoa          		CODE           	008A	0000	338
		_vfprintf      		CODE           	0E07	0000	51

C:\Program Files (x86)\Microchip\xc8\v2.05\pic\sources\c99\common\doprnt.c estimated size: 682

shared
		i1_i2c1_driver_sendNACK		CODE           	08D4	0000	5
		__initialization		CODE           	0049	0000	62
		i1_i2c1_driver_restart		CODE           	0896	0000	4
		i1_i2c1_driver_stop		CODE           	0899	0000	4
		i1_i2c1_driver_startRX		CODE           	089C	0000	4
		_fsmStateTable 		STRCODE        	1000	0000	33
		i1_i2c1_driver_getRXData		CODE           	089F	0000	4
		i1_i2c1_driver_TXData		CODE           	08FC	0000	6

shared estimated size: 122

mcc_generated_files/mcc.c
		_WDT_Initialize		CODE           	08F4	0000	5
		_PMD_Initialize		CODE           	0960	0000	9
		_OSCILLATOR_Initialize		CODE           	0958	0000	9
		_SYSTEM_Initialize		CODE           	0AF7	0000	28

mcc_generated_files/mcc.c estimated size: 51

C:\Program Files (x86)\Microchip\xc8\v2.05\pic\sources\c99\common\nf_sprintf.c
		_sprintf       		CODE           	0D2A	0000	43

C:\Program Files (x86)\Microchip\xc8\v2.05\pic\sources\c99\common\nf_sprintf.c estimated size: 43

mcc_generated_files/drivers/i2c_master.c
		_returnStop    		CODE           	0002	0000	3
		_i2c_busCollisionISR		CODE           	08AB	0000	4
		_i2c_ISR       		CODE           	0BC6	0000	39
		_do_I2C_TX_EMPTY		CODE           	0DD6	0000	50
		_returnReset   		CODE           	07FE	0000	3
		_do_I2C_SEND_RESTART_WRITE		CODE           	08DC	0000	5
		_do_I2C_DO_NACK_RESTART		CODE           	08F0	0000	5
		_do_I2C_SEND_RESTART_READ		CODE           	08D8	0000	5
		_do_I2C_SEND_ADR_WRITE		CODE           	092B	0000	8
		_do_I2C_SEND_STOP		CODE           	08E4	0000	5
		_do_I2C_SEND_ADR_READ		CODE           	0948	0000	9
		_do_I2C_DO_NACK_STOP		CODE           	08EC	0000	5
		_do_I2C_SEND_RESTART		CODE           	08E0	0000	5
		_do_I2C_RX     		CODE           	078C	0000	71
		_do_I2C_TX     		CODE           	06F6	0000	80
		_do_I2C_IDLE   		CODE           	0901	0000	6
		_do_I2C_RCEN   		CODE           	0906	0000	7
		_do_I2C_DO_ADDRESS_NACK		CODE           	0D54	0000	44
		_do_I2C_RESET  		CODE           	0924	0000	8
		_do_I2C_DO_ACK 		CODE           	08E8	0000	5

mcc_generated_files/drivers/i2c_master.c estimated size: 367

mcc_generated_files/pwm1.c
		_PWM1_Initialize		CODE           	09CF	0000	13

mcc_generated_files/pwm1.c estimated size: 13

C:\Program Files (x86)\Microchip\xc8\v2.05\pic\sources\c99\common\abs.c
		_abs           		CODE           	0ADE	0000	26

C:\Program Files (x86)\Microchip\xc8\v2.05\pic\sources\c99\common\abs.c estimated size: 26

mcc_generated_files/i2c1_driver.c
		_i2c1_driver_isBufferFull		CODE           	0939	0000	8
		_i2c1_driver_open		CODE           	09AE	0000	11
		_i2c1_driver_isNACK		CODE           	0940	0000	9
		_i2c1_driver_stop		CODE           	08C3	0000	4
		_i2c1_driver_getRXData		CODE           	08B4	0000	4
		_i2c1_driver_TXData		CODE           	0912	0000	7
		_i2c1_driver_start		CODE           	08BD	0000	4
		_i2c1_driver_sendACK		CODE           	08D0	0000	5
		_mssp1_setIRQ  		CODE           	08A2	0000	4
		_i2c1_driver_sendNACK		CODE           	08F8	0000	5
		_i2c1_driver_restart		CODE           	08AE	0000	4
		_i2c1_driver_resetBus		CODE           	0892	0000	2
		_i2c1_driver_clearBusCollision		CODE           	08A8	0000	4
		_mssp1_clearIRQ		CODE           	08A5	0000	4
		_i2c1_driver_startRX		CODE           	08B7	0000	4

mcc_generated_files/i2c1_driver.c estimated size: 79

C:\Program Files (x86)\Microchip\xc8\v2.05\pic\sources\c99\common\nf_fputs.c
		_fputs         		CODE           	0BEC	0000	39

C:\Program Files (x86)\Microchip\xc8\v2.05\pic\sources\c99\common\nf_fputs.c estimated size: 39

mcc_generated_files/spi2.c
		_SPI2_Exchange8bit		CODE           	09E9	0000	16
		_SPI2_Initialize		CODE           	0932	0000	8

mcc_generated_files/spi2.c estimated size: 24

mcc_generated_files/eusart.c
		_EUSART_SetRxInterruptHandler		CODE           	0993	0000	10
		_EUSART_SetTxInterruptHandler		CODE           	099C	0000	10
		_putch         		CODE           	090C	0000	7
		_EUSART_DefaultOverrunErrorHandler		CODE           	08CC	0000	5
		_EUSART_Write  		CODE           	0D00	0000	43
		_EUSART_DefaultErrorHandler		CODE           	0893	0000	4
		_EUSART_Transmit_ISR		CODE           	0B49	0000	30
		_EUSART_Initialize		CODE           	0FBC	0000	69
		_EUSART_SetFramingErrorHandler		CODE           	0981	0000	10
		_EUSART_SetErrorHandler		CODE           	0978	0000	10
		_EUSART_SetOverrunErrorHandler		CODE           	098A	0000	10
		_EUSART_Receive_ISR		CODE           	0ECF	0000	55
		_EUSART_RxDataHandler		CODE           	0A96	0000	25
		_EUSART_DefaultFramingErrorHandler		CODE           	0890	0000	2

mcc_generated_files/eusart.c estimated size: 290

APDS9960.c
		_setGestureEnterThresh		CODE           	0A09	0000	20
		_setProxIntHighThresh		CODE           	0A2F	0000	20
		_setMode       		CODE           	06A7	0000	80
		_setLEDDrive   		CODE           	0CAE	0000	42
		_setGestureIntEnable		CODE           	0D7F	0000	44
		_setLightIntHighThreshold		CODE           	0C60	0000	40
		_resetGestureParameters		CODE           	0A6A	0000	22
		_setLightIntLowThreshold		CODE           	0C87	0000	40
		_enablePower   		CODE           	09DB	0000	15
		_setGestureMode		CODE           	0C12	0000	40
		_setGestureGain		CODE           	0E6B	0000	51
		_setGestureExitThresh		CODE           	0A1C	0000	20
		_setLEDBoost   		CODE           	0E39	0000	51
		_setGestureWaitTime		CODE           	0C39	0000	40
		_setAmbientLightGain		CODE           	0B84	0000	31
		_initialize    		CODE           	01DB	0000	272
		_setGestureLEDDrive		CODE           	0E9D	0000	51
		_setProximityGain		CODE           	0CD7	0000	42
		_wireWriteDataByte		CODE           	0B12	0000	28
		_setProxIntLowThresh		CODE           	0A42	0000	20
		_wireReadDataByte		CODE           	0BA2	0000	37
		_enableGestureSensor		CODE           	05F8	0000	93
		_getMode       		CODE           	09A5	0000	10

APDS9960.c estimated size: 1109

main.c
		_main          		CODE           	07D2	0000	45
		_SPI_Write     		CODE           	0A55	0000	22
		_UART_Byte     		CODE           	0590	0000	105
		_On_Off        		CODE           	0F3E	0000	62
		_Get_ADC       		CODE           	0DAA	0000	45
		_Display_Name  		CODE           	0F7B	0000	66
		_PIR_Sensor    		CODE           	09C3	0000	13
		_Display_Clear 		CODE           	09F8	0000	18

main.c estimated size: 376

C:\Program Files (x86)\Microchip\xc8\v2.05\pic\sources\c99\common\aomod.c
		___aomod       		CODE           	03E1	0000	224

C:\Program Files (x86)\Microchip\xc8\v2.05\pic\sources\c99\common\aomod.c estimated size: 224

