Microchip MPLAB XC8 Compiler V2.05 ()

Linker command line:

-W-3 --edf=C:\Program Files (x86)\Microchip\xc8\v2.05\pic\dat\en_msgs.txt \
  -cs -h+dist/default/production\I2Gesture.X.production.sym \
  --cmf=dist/default/production\I2Gesture.X.production.cmf -z -Q16F18345 \
  -oC:\Users\ALEXAN~1\AppData\Local\Temp\scnk.2 --defsym=__MPLAB_BUILD=1 \
  -Mdist/default/production/I2Gesture.X.production.map -E1 -ver=XC8 \
  --acfsm=1493 -ASTACK=02184h-023EFh -pstack=STACK -ACODE=00h-07FFhx4 \
  -ASTRCODE=00h-01FFFh -ASTRING=00h-0FFhx32 -ACONST=00h-0FFhx32 \
  -AENTRY=00h-0FFhx32 -ACOMMON=070h-07Fh -ABANK0=020h-06Fh \
  -ABANK1=0A0h-0EFh -ABANK2=0120h-016Fh -ABANK3=01A0h-01EFh \
  -ABANK4=0220h-026Fh -ABANK5=02A0h-02EFh -ABANK6=0320h-036Fh \
  -ABANK7=03A0h-03EFh -ABANK8=0420h-046Fh -ABANK9=04A0h-04EFh \
  -ABANK10=0520h-056Fh -ABANK11=05A0h-05EFh -ABANK12=0620h-064Fh \
  -ABIGRAM=02000h-023EFh \
  -ARAM=020h-06Fh,0A0h-0EFh,0120h-016Fh,01A0h-01EFh,0220h-026Fh,02A0h-02EFh,0320h-036Fh,03A0h-03EFh,0420h-046Fh,04A0h-04EFh,0520h-056Fh,05A0h-05EFh,0620h-064Fh \
  -AABS1=020h-07Fh,0A0h-0EFh,0120h-016Fh,01A0h-01EFh,0220h-026Fh,02A0h-02EFh,0320h-036Fh,03A0h-03EFh,0420h-046Fh,04A0h-04EFh,0520h-056Fh,05A0h-05EFh,0620h-064Fh \
  -ASFR0=00h-01Fh -ASFR1=080h-09Fh -ASFR2=0100h-011Fh -ASFR3=0180h-019Fh \
  -ASFR4=0200h-021Fh -ASFR5=0280h-029Fh -ASFR6=0300h-031Fh \
  -ASFR7=0380h-039Fh -ASFR8=0400h-041Fh -ASFR9=0480h-049Fh \
  -ASFR10=0500h-051Fh -ASFR11=0580h-059Fh -ASFR12=0600h-061Fh \
  -ASFR13=0680h-06EFh -ASFR14=0700h-076Fh -ASFR15=0780h-07EFh \
  -ASFR16=0800h-086Fh -ASFR17=0880h-08EFh -ASFR18=0900h-096Fh \
  -ASFR19=0980h-09EFh -ASFR20=0A00h-0A6Fh -ASFR21=0A80h-0AEFh \
  -ASFR22=0B00h-0B6Fh -ASFR23=0B80h-0BEFh -ASFR24=0C00h-0C6Fh \
  -ASFR25=0C80h-0CEFh -ASFR26=0D00h-0D6Fh -ASFR27=0D80h-0DEFh \
  -ASFR28=0E00h-0E6Fh -ASFR29=0E80h-0EEFh -ASFR30=0F00h-0F6Fh \
  -ASFR31=0F80h-0FEFh -preset_vec=00h,intentry=04h,init,end_init \
  -ppowerup=CODE -pcinit=CODE -pfunctab=ENTRY -ACONFIG=08007h-0800Ah \
  -pconfig=CONFIG -DCONFIG=2 -AIDLOC=08000h-08003h -pidloc=IDLOC -DIDLOC=2 \
  -AEEDATA=00h-0FFh/0F000h -peeprom_data=EEDATA -DEEDATA=2 -DCODE=2 \
  -DSTRCODE=2 -DSTRING=2 -DCONST=2 -DENTRY=2 -k \
  C:\Users\ALEXAN~1\AppData\Local\Temp\scnk.o \
  dist/default/production\I2Gesture.X.production.o 

Object code version is 3.11

Machine type is 16F18345



                Name                               Link     Load   Length Selector   Space Scale
C:\Users\ALEXAN~1\AppData\Local\Temp\scnk.o
                end_init                             2D       2D        2        8       0
                reset_vec                             0        0        2        0       0
                config                             8007     8007        4    1000E       0
dist/default/production\I2Gesture.X.production.o
                cinit                                2F       2F       3E        8       0
                intentry                              4        4       29        8       0
                text99                              866      866        1     10CC       0
                text98                              89F      89F        4     113E       0
                text97                              86C      86C        3     10D8       0
                text96                              86F      86F        3     10DE       0
                text95                              86A      86A        2     10D4       0
                text94                                2        2        2        0       0
                text93                              872      872        3     10E4       0
                text92                              867      867        1     10CE       0
                text91                              8A3      8A3        4     1146       0
                text90                              875      875        3     10EA       0
                text89                              8CF      8CF        5     119E       0
                text88                              914      914        8     1228       0
                text87                              878      878        3     10F0       0
                text86                              C7C      C7C       31     18F8       0
                text85                              8F1      8F1        7     11E2       0
                text84                              8D4      8D4        5     11A8       0
                text83                              8A7      8A7        4     114E       0
                text82                              8AB      8AB        4     1156       0
                text81                              8AF      8AF        4     115E       0
                text80                              8B3      8B3        4     1166       0
                text79                              91C      91C        8     1238       0
                text78                              8F8      8F8        7     11F0       0
                text77                              8D9      8D9        6     11B2       0
                text76                              8B7      8B7        4     116E       0
                text75                              8BB      8BB        4     1176       0
                text74                              8BF      8BF        4     117E       0
                text73                              C26      C26       2B     184C       0
                text72                              E02      E02       4F     1C04       0
                text71                              7B7      7B7       46        8       0
                text70                              87B      87B        3     10F6       0
                text69                              B12      B12       26     1624       0
                text68                              87E      87E        3     10FC       0
                text67                              881      881        3     1102       0
                text65                              984      984        F     1308       0
                text64                              A03      A03       15     1406       0
                text63                              993      993       11     1326       0
                text62                              AB2      AB2       1E     1564       0
                text61                              884      884        3     1108       0
                text60                              8C3      8C3        4     1186       0
                text59                              A2F      A2F       18     145E       0
                text58                              EA0      EA0       50     1D40       0
                text57                              6D7      6D7       E0        8       0
                text56                              8FF      8FF        7     11FE       0
                text55                              924      924        8     1248       0
                text54                              92C      92C        8     1258       0
                text53                              D43      D43       36     1A86       0
                text52                              934      934        8     1268       0
                text51                              96A      96A        C     12D4       0
                text50                              906      906        7     120C       0
                text49                              93C      93C        8     1278       0
                text48                              8C7      8C7        4     118E       0
                text47                              A47      A47       18     148E       0
                text46                              887      887        3     110E       0
                text45                              88A      88A        3     1114       0
                text44                              88D      88D        3     111A       0
                text43                              90D      90D        7     121A       0
                text42                              890      890        3     1120       0
                text41                              95F      95F        B     12BE       0
                text40                              8CB      8CB        4     1196       0
                text39                              893      893        3     1126       0
                text38                              896      896        3     112C       0
                text37                              899      899        3     1132       0
                text36                              89C      89C        3     1138       0
                text35                              7FD      7FD        3        8       0
                text34                              8DF      8DF        6     11BE       0
                text33                              A7A      A7A       1C     14F4       0
                text32                              AEE      AEE       24     15DC       0
                text31                              94C      94C        9     1298       0
                text30                              A5F      A5F       1B     14BE       0
                text29                              E51      E51       4F     1CA2       0
                text28                              976      976        E     12EC       0
                text27                              A18      A18       17     1430       0
                text26                              C51      C51       2B     18A2       0
                text25                              B38      B38       27     1670       0
                text24                              CAD      CAD       32     195A       0
                text23                              F9C      F9C       64     1F38       0
                text22                              33D      33D      191        8       0
                text21                              9A4      9A4       13     1348       0
                text20                              EF0      EF0       52     1DE0       0
                text19                              A96      A96       1C     152C       0
                text18                               6D       6D      2D0        8       0
                text17                              DB8      DB8       4A     1B70       0
                text16                              5E4      5E4       F3        8       0
                text15                              F42      F42       5A     1E84       0
                text14                              955      955        A     12AA       0
                text13                              AD0      AD0       1E     15A0       0
                text12                              9B7      9B7       13     136E       0
                text11                              9CA      9CA       13     1394       0
                text10                              CDF      CDF       32     19BE       0
                text9                               D11      D11       32     1A22       0
                text8                               B5F      B5F       27     16BE       0
                text7                               BD4      BD4       29     17A8       0
                text6                               B86      B86       27     170C       0
                text5                               BAD      BAD       27     175A       0
                text4                               9DD      9DD       13     13BA       0
                text3                               9F0      9F0       13     13E0       0
                text2                               BFD      BFD       29     17FA       0
                text1                               4CE      4CE      116        8       0
                maintext                            D79      D79       3F     1AF2       0
                cstackBANK0                          20       20       3D       20       1
                cstackCOMMON                         70       70        6       70       1
                cstackBANK1                          A0       A0       45       A0       1
                cstackBANK2                         120      120       40      120       1
                clrtext                             8E5      8E5        6     11CA       0
                inittext                            8EB      8EB        6     11D6       0
                bssBANK4                            220      220       44      220       1
                bssBANK3                            1A0      1A0       1D      1A0       1
                dataBANK2                           160      160        8      120       1
                bssBANK2                            168      168        2      120       1
                bssBANK1                             E5       E5        A       A0       1
                dataBANK0                            6B       6B        1       20       1
                bssBANK0                             5D       5D        E       20       1
                dataCOMMON                           7A       7A        1       70       1
                bssCOMMON                            76       76        4       70       1
                stringtext4                        1049     1049        B     2000       0
                stringtext3                        103D     103D        C     2000       0
                stringtext2                        1030     1030        D     2000       0
                stringtext1                        1000     1000       30     2000       0
                idataBANK2                          944      944        8     1288       0
                idataBANK0                          868      868        1     10D0       0
                idataCOMMON                         869      869        1     10D2       0

TOTAL           Name                               Link     Load   Length     Space
        CLASS   STACK          

        CLASS   CODE           
                end_init                             2D       2D        2         0
                cinit                                2F       2F       3E         0
                intentry                              4        4       29         0
                reset_vec                             0        0        2         0
                text99                              866      866        1         0
                text98                              89F      89F        4         0
                text97                              86C      86C        3         0
                text96                              86F      86F        3         0
                text95                              86A      86A        2         0
                text94                                2        2        2         0
                text93                              872      872        3         0
                text92                              867      867        1         0
                text91                              8A3      8A3        4         0
                text90                              875      875        3         0
                text89                              8CF      8CF        5         0
                text88                              914      914        8         0
                text87                              878      878        3         0
                text86                              C7C      C7C       31         0
                text85                              8F1      8F1        7         0
                text84                              8D4      8D4        5         0
                text83                              8A7      8A7        4         0
                text82                              8AB      8AB        4         0
                text81                              8AF      8AF        4         0
                text80                              8B3      8B3        4         0
                text79                              91C      91C        8         0
                text78                              8F8      8F8        7         0
                text77                              8D9      8D9        6         0
                text76                              8B7      8B7        4         0
                text75                              8BB      8BB        4         0
                text74                              8BF      8BF        4         0
                text73                              C26      C26       2B         0
                text72                              E02      E02       4F         0
                text71                              7B7      7B7       46         0
                text70                              87B      87B        3         0
                text69                              B12      B12       26         0
                text68                              87E      87E        3         0
                text67                              881      881        3         0
                text65                              984      984        F         0
                text64                              A03      A03       15         0
                text63                              993      993       11         0
                text62                              AB2      AB2       1E         0
                text61                              884      884        3         0
                text60                              8C3      8C3        4         0
                text59                              A2F      A2F       18         0
                text58                              EA0      EA0       50         0
                text57                              6D7      6D7       E0         0
                text56                              8FF      8FF        7         0
                text55                              924      924        8         0
                text54                              92C      92C        8         0
                text53                              D43      D43       36         0
                text52                              934      934        8         0
                text51                              96A      96A        C         0
                text50                              906      906        7         0
                text49                              93C      93C        8         0
                text48                              8C7      8C7        4         0
                text47                              A47      A47       18         0
                text46                              887      887        3         0
                text45                              88A      88A        3         0
                text44                              88D      88D        3         0
                text43                              90D      90D        7         0
                text42                              890      890        3         0
                text41                              95F      95F        B         0
                text40                              8CB      8CB        4         0
                text39                              893      893        3         0
                text38                              896      896        3         0
                text37                              899      899        3         0
                text36                              89C      89C        3         0
                text35                              7FD      7FD        3         0
                text34                              8DF      8DF        6         0
                text33                              A7A      A7A       1C         0
                text32                              AEE      AEE       24         0
                text31                              94C      94C        9         0
                text30                              A5F      A5F       1B         0
                text29                              E51      E51       4F         0
                text28                              976      976        E         0
                text27                              A18      A18       17         0
                text26                              C51      C51       2B         0
                text25                              B38      B38       27         0
                text24                              CAD      CAD       32         0
                text23                              F9C      F9C       64         0
                text22                              33D      33D      191         0
                text21                              9A4      9A4       13         0
                text20                              EF0      EF0       52         0
                text19                              A96      A96       1C         0
                text18                               6D       6D      2D0         0
                text17                              DB8      DB8       4A         0
                text16                              5E4      5E4       F3         0
                text15                              F42      F42       5A         0
                text14                              955      955        A         0
                text13                              AD0      AD0       1E         0
                text12                              9B7      9B7       13         0
                text11                              9CA      9CA       13         0
                text10                              CDF      CDF       32         0
                text9                               D11      D11       32         0
                text8                               B5F      B5F       27         0
                text7                               BD4      BD4       29         0
                text6                               B86      B86       27         0
                text5                               BAD      BAD       27         0
                text4                               9DD      9DD       13         0
                text3                               9F0      9F0       13         0
                text2                               BFD      BFD       29         0
                text1                               4CE      4CE      116         0
                maintext                            D79      D79       3F         0
                clrtext                             8E5      8E5        6         0
                inittext                            8EB      8EB        6         0
                idataBANK2                          944      944        8         0
                idataBANK0                          868      868        1         0
                idataCOMMON                         869      869        1         0

        CLASS   STRCODE        
                stringtext4                        1049     1049        B         0
                stringtext3                        103D     103D        C         0
                stringtext2                        1030     1030        D         0
                stringtext1                        1000     1000       30         0

        CLASS   STRING         

        CLASS   CONST          

        CLASS   ENTRY          

        CLASS   COMMON         
                cstackCOMMON                         70       70        6         1
                dataCOMMON                           7A       7A        1         1
                bssCOMMON                            76       76        4         1

        CLASS   BANK0          
                cstackBANK0                          20       20       3D         1
                dataBANK0                            6B       6B        1         1
                bssBANK0                             5D       5D        E         1

        CLASS   BANK1          
                cstackBANK1                          A0       A0       45         1
                bssBANK1                             E5       E5        A         1

        CLASS   BANK2          
                cstackBANK2                         120      120       40         1
                dataBANK2                           160      160        8         1
                bssBANK2                            168      168        2         1

        CLASS   BANK3          
                bssBANK3                            1A0      1A0       1D         1

        CLASS   BANK4          
                bssBANK4                            220      220       44         1

        CLASS   BANK5          

        CLASS   BANK6          

        CLASS   BANK7          

        CLASS   BANK8          

        CLASS   BANK9          

        CLASS   BANK10         

        CLASS   BANK11         

        CLASS   BANK12         

        CLASS   BIGRAM         

        CLASS   RAM            

        CLASS   ABS1           
                abs_s1                               7E       7E        2         1

        CLASS   SFR0           

        CLASS   SFR1           

        CLASS   SFR2           

        CLASS   SFR3           

        CLASS   SFR4           

        CLASS   SFR5           

        CLASS   SFR6           

        CLASS   SFR7           

        CLASS   SFR8           

        CLASS   SFR9           

        CLASS   SFR10          

        CLASS   SFR11          

        CLASS   SFR12          

        CLASS   SFR13          

        CLASS   SFR14          

        CLASS   SFR15          

        CLASS   SFR16          

        CLASS   SFR17          

        CLASS   SFR18          

        CLASS   SFR19          

        CLASS   SFR20          

        CLASS   SFR21          

        CLASS   SFR22          

        CLASS   SFR23          

        CLASS   SFR24          

        CLASS   SFR25          

        CLASS   SFR26          

        CLASS   SFR27          

        CLASS   SFR28          

        CLASS   SFR29          

        CLASS   SFR30          

        CLASS   SFR31          

        CLASS   CONFIG         
                config                             8007     8007        4         0

        CLASS   IDLOC          

        CLASS   EEDATA         

        CLASS   BANK31         

        CLASS   BANK30         

        CLASS   BANK29         

        CLASS   BANK28         

        CLASS   BANK27         

        CLASS   BANK26         

        CLASS   BANK25         

        CLASS   BANK24         

        CLASS   BANK23         

        CLASS   BANK22         

        CLASS   BANK21         

        CLASS   BANK20         

        CLASS   BANK19         

        CLASS   BANK18         

        CLASS   BANK17         

        CLASS   BANK16         

        CLASS   BANK15         

        CLASS   BANK14         

        CLASS   BANK13         



SEGMENTS        Name                           Load    Length   Top    Selector   Space  Class     Delta

                reset_vec                      000000  000004  000004         0       0  CODE        2
                intentry                       000004  0007FC  000800         8       0  CODE        2
                cstackBANK0                    000020  00004C  00006C        20       1  BANK0       1
                cstackCOMMON                   000070  00000B  00007B        70       1  COMMON      1
                cstackBANK1                    0000A0  00004F  0000EF        A0       1  BANK1       1
                cstackBANK2                    000120  00004A  00016A       120       1  BANK2       1
                bssBANK3                       0001A0  00001D  0001BD       1A0       1  BANK3       1
                bssBANK4                       000220  000044  000264       220       1  BANK4       1
                text99                         000866  000001  000867      10CC       0  CODE        2
                text92                         000867  000001  000868      10CE       0  CODE        2
                idataBANK0                     000868  000001  000869      10D0       0  CODE        2
                idataCOMMON                    000869  000001  00086A      10D2       0  CODE        2
                text95                         00086A  000002  00086C      10D4       0  CODE        2
                text97                         00086C  000003  00086F      10D8       0  CODE        2
                text96                         00086F  000003  000872      10DE       0  CODE        2
                text93                         000872  000003  000875      10E4       0  CODE        2
                text90                         000875  000003  000878      10EA       0  CODE        2
                text87                         000878  000003  00087B      10F0       0  CODE        2
                text70                         00087B  000003  00087E      10F6       0  CODE        2
                text68                         00087E  000003  000881      10FC       0  CODE        2
                text67                         000881  000003  000884      1102       0  CODE        2
                text61                         000884  000003  000887      1108       0  CODE        2
                text46                         000887  000003  00088A      110E       0  CODE        2
                text45                         00088A  000003  00088D      1114       0  CODE        2
                text44                         00088D  000003  000890      111A       0  CODE        2
                text42                         000890  000003  000893      1120       0  CODE        2
                text39                         000893  000003  000896      1126       0  CODE        2
                text38                         000896  000003  000899      112C       0  CODE        2
                text37                         000899  000003  00089C      1132       0  CODE        2
                text36                         00089C  000003  00089F      1138       0  CODE        2
                text98                         00089F  000004  0008A3      113E       0  CODE        2
                text91                         0008A3  000004  0008A7      1146       0  CODE        2
                text83                         0008A7  000004  0008AB      114E       0  CODE        2
                text82                         0008AB  000004  0008AF      1156       0  CODE        2
                text81                         0008AF  000004  0008B3      115E       0  CODE        2
                text80                         0008B3  000004  0008B7      1166       0  CODE        2
                text76                         0008B7  000004  0008BB      116E       0  CODE        2
                text75                         0008BB  000004  0008BF      1176       0  CODE        2
                text74                         0008BF  000004  0008C3      117E       0  CODE        2
                text60                         0008C3  000004  0008C7      1186       0  CODE        2
                text48                         0008C7  000004  0008CB      118E       0  CODE        2
                text40                         0008CB  000004  0008CF      1196       0  CODE        2
                text89                         0008CF  000005  0008D4      119E       0  CODE        2
                text84                         0008D4  000005  0008D9      11A8       0  CODE        2
                text77                         0008D9  000006  0008DF      11B2       0  CODE        2
                text34                         0008DF  000006  0008E5      11BE       0  CODE        2
                clrtext                        0008E5  000006  0008EB      11CA       0  CODE        2
                inittext                       0008EB  000006  0008F1      11D6       0  CODE        2
                text85                         0008F1  000007  0008F8      11E2       0  CODE        2
                text78                         0008F8  000007  0008FF      11F0       0  CODE        2
                text56                         0008FF  000007  000906      11FE       0  CODE        2
                text50                         000906  000007  00090D      120C       0  CODE        2
                text43                         00090D  000007  000914      121A       0  CODE        2
                text88                         000914  000008  00091C      1228       0  CODE        2
                text79                         00091C  000008  000924      1238       0  CODE        2
                text55                         000924  000008  00092C      1248       0  CODE        2
                text54                         00092C  000008  000934      1258       0  CODE        2
                text52                         000934  000008  00093C      1268       0  CODE        2
                text49                         00093C  000008  000944      1278       0  CODE        2
                idataBANK2                     000944  000008  00094C      1288       0  CODE        2
                text31                         00094C  000009  000955      1298       0  CODE        2
                text14                         000955  00000A  00095F      12AA       0  CODE        2
                text41                         00095F  00000B  00096A      12BE       0  CODE        2
                text51                         00096A  00000C  000976      12D4       0  CODE        2
                text28                         000976  00000E  000984      12EC       0  CODE        2
                text65                         000984  00000F  000993      1308       0  CODE        2
                text63                         000993  000011  0009A4      1326       0  CODE        2
                text21                         0009A4  000013  0009B7      1348       0  CODE        2
                text12                         0009B7  000013  0009CA      136E       0  CODE        2
                text11                         0009CA  000013  0009DD      1394       0  CODE        2
                text4                          0009DD  000013  0009F0      13BA       0  CODE        2
                text3                          0009F0  000013  000A03      13E0       0  CODE        2
                text64                         000A03  000015  000A18      1406       0  CODE        2
                text27                         000A18  000017  000A2F      1430       0  CODE        2
                text59                         000A2F  000018  000A47      145E       0  CODE        2
                text47                         000A47  000018  000A5F      148E       0  CODE        2
                text30                         000A5F  00001B  000A7A      14BE       0  CODE        2
                text33                         000A7A  00001C  000A96      14F4       0  CODE        2
                text19                         000A96  00001C  000AB2      152C       0  CODE        2
                text62                         000AB2  00001E  000AD0      1564       0  CODE        2
                text13                         000AD0  00001E  000AEE      15A0       0  CODE        2
                text32                         000AEE  000024  000B12      15DC       0  CODE        2
                text69                         000B12  000026  000B38      1624       0  CODE        2
                text25                         000B38  000027  000B5F      1670       0  CODE        2
                text8                          000B5F  000027  000B86      16BE       0  CODE        2
                text6                          000B86  000027  000BAD      170C       0  CODE        2
                text5                          000BAD  000027  000BD4      175A       0  CODE        2
                text7                          000BD4  000029  000BFD      17A8       0  CODE        2
                text2                          000BFD  000029  000C26      17FA       0  CODE        2
                text73                         000C26  00002B  000C51      184C       0  CODE        2
                text26                         000C51  00002B  000C7C      18A2       0  CODE        2
                text86                         000C7C  000031  000CAD      18F8       0  CODE        2
                text24                         000CAD  000032  000CDF      195A       0  CODE        2
                text10                         000CDF  000032  000D11      19BE       0  CODE        2
                text9                          000D11  000032  000D43      1A22       0  CODE        2
                text53                         000D43  000036  000D79      1A86       0  CODE        2
                maintext                       000D79  00003F  000DB8      1AF2       0  CODE        2
                text17                         000DB8  00004A  000E02      1B70       0  CODE        2
                text72                         000E02  00004F  000E51      1C04       0  CODE        2
                text29                         000E51  00004F  000EA0      1CA2       0  CODE        2
                text58                         000EA0  000050  000EF0      1D40       0  CODE        2
                text20                         000EF0  000052  000F42      1DE0       0  CODE        2
                text15                         000F42  00005A  000F9C      1E84       0  CODE        2
                text23                         000F9C  000064  001000      1F38       0  CODE        2
                stringtext1                    001000  000054  001054      2000       0  STRCODE     2
                config                         008007  000004  00800B     1000E       0  CONFIG      2


UNUSED ADDRESS RANGES

        Name                Unused          Largest block    Delta
        BANK0            0006C-0006F               4           1
        BANK1            000EF-000EF               1           1
        BANK10           00520-0056F              50           1
        BANK11           005A0-005EF              50           1
        BANK12           00620-0064F              30           1
        BANK2            0016A-0016F               6           1
        BANK3            001BD-001EF              33           1
        BANK4            00264-0026F               C           1
        BANK5            002A0-002EF              50           1
        BANK6            00320-0036F              50           1
        BANK7            003A0-003EF              50           1
        BANK8            00420-0046F              50           1
        BANK9            004A0-004EF              50           1
        BIGRAM           02000-023EF             3F0           1
        CODE             00800-00865              66           2
                         01054-01FFF             7AC
        COMMON           0007B-0007D               3           1
        CONST            00800-00865              66           2
                         01054-01FFF             100
        EEDATA           0F000-0F0FF             100           2
        ENTRY            00800-00865              66           2
                         01054-01FFF             100
        IDLOC            08000-08003               4           2
        RAM              0006C-0006F               4           1
                         000EF-000EF               1
                         0016A-0016F               6
                         001BD-001EF              33
                         00264-0026F               C
                         002A0-002EF              50
                         00320-0036F              50
                         003A0-003EF              50
                         00420-0046F              50
                         004A0-004EF              50
                         00520-0056F              50
                         005A0-005EF              50
                         00620-0064F              30
        SFR0             00000-0001F              20           1
        SFR1             00080-0009F              20           1
        SFR10            00500-0051F              20           1
        SFR11            00580-0059F              20           1
        SFR12            00600-0061F              20           1
        SFR13            00680-006EF              70           1
        SFR14            00700-0076F              70           1
        SFR15            00780-007EF              70           1
        SFR16            00800-0086F              70           1
        SFR17            00880-008EF              70           1
        SFR18            00900-0096F              70           1
        SFR19            00980-009EF              70           1
        SFR2             00100-0011F              20           1
        SFR20            00A00-00A6F              70           1
        SFR21            00A80-00AEF              70           1
        SFR22            00B00-00B6F              70           1
        SFR23            00B80-00BEF              70           1
        SFR24            00C00-00C6F              70           1
        SFR25            00C80-00CEF              70           1
        SFR26            00D00-00D6F              70           1
        SFR27            00D80-00DEF              70           1
        SFR28            00E00-00E6F              70           1
        SFR29            00E80-00EEF              70           1
        SFR3             00180-0019F              20           1
        SFR30            00F00-00F6F              70           1
        SFR31            00F80-00FEF              70           1
        SFR4             00200-0021F              20           1
        SFR5             00280-0029F              20           1
        SFR6             00300-0031F              20           1
        SFR7             00380-0039F              20           1
        SFR8             00400-0041F              20           1
        SFR9             00480-0049F              20           1
        STACK            02184-023EF             26C           1
        STRCODE          00800-00865              66           2
                         01054-01FFF             FAC
        STRING           00800-00865              66           2
                         01054-01FFF             100

                                  Symbol Table

?_ADC_GetConversion                     cstackBANK0  00020
?___awdiv                               cstackBANK0  00026
?___wmul                                cstackBANK0  00020
?_readGesture                           cstackBANK0  0004F
?_strlen                                cstackBANK0  00020
?_wireReadDataBlock                     cstackBANK0  00026
?_wireWriteDataByte                     cstackBANK0  00026
ADC_GetConversion@channel               cstackBANK0  00023
Display_Name@i                          cstackBANK0  0002A
Display_Name@length                     cstackBANK0  00028
Display_Name@string1                    cstackBANK0  00025
Get_ADC@val                             cstackBANK0  0002F
I2C_Write_Byte@Byte                     cstackBANK0  00023
I2C_Write_Byte@count                    cstackBANK0  00024
SPI2_Exchange8bit@data                  cstackBANK0  00020
SPI_Write@incoming                      cstackBANK0  00022
_ADACT                                  (abs)        0009F
_ADCON0                                 (abs)        0009D
_ADCON0bits                             (abs)        0009D
_ADCON1                                 (abs)        0009E
_ADC_GetConversion                      text62       00AB2
_ADC_Initialize                         text55       00924
_ADRESH                                 (abs)        0009C
_ADRESL                                 (abs)        0009B
_ANSELA                                 (abs)        0018C
_ANSELB                                 (abs)        0018D
_ANSELC                                 (abs)        0018E
_CCP1CON                                (abs)        00293
_CCP1CONbits                            (abs)        00293
_CCPR1H                                 (abs)        00292
_CCPR1L                                 (abs)        00291
_CCPTMRSbits                            (abs)        0029F
_Display_Clear                          text63       00993
_Display_Name                           text58       00EA0
_Get_ADC                                text57       006D7
_I2C_ReStart                            text45       0088A
_I2C_Read_Byte                          text41       0095F
_I2C_Send_NACK                          text39       00893
_I2C_Start                              text37       00899
_I2C_Stop                               text35       007FD
_I2C_Write_Byte                         text33       00A7A
_INTCONbits                             (abs)        0000B
_INTERRUPT_InterruptManager             intentry     00004
_LATA                                   (abs)        0010C
_LATB                                   (abs)        0010D
_LATC                                   (abs)        0010E
_LATCbits                               (abs)        0010E
_ODCONA                                 (abs)        0028C
_ODCONB                                 (abs)        0028D
_ODCONC                                 (abs)        0028E
_OSCCON1                                (abs)        00919
_OSCCON3                                (abs)        0091B
_OSCEN                                  (abs)        0091D
_OSCFRQ                                 (abs)        0091F
_OSCILLATOR_Initialize                  text54       0092C
_OSCTUNE                                (abs)        0091E
_PIE0bits                               (abs)        00090
_PIE1bits                               (abs)        00091
_PIN_MANAGER_IOC                        text99       00866
_PIN_MANAGER_Initialize                 text53       00D43
_PIR0bits                               (abs)        00010
_PIR1bits                               (abs)        00011
_PIR_Sensor                             text56       008FF
_PMD0                                   (abs)        00911
_PMD1                                   (abs)        00912
_PMD2                                   (abs)        00913
_PMD3                                   (abs)        00914
_PMD4                                   (abs)        00915
_PMD5                                   (abs)        00916
_PMD_Initialize                         text52       00934
_PORTCbits                              (abs)        0000E
_PR2                                    (abs)        0001E
_PWM1_Initialize                        text51       0096A
_PWM_Output_Disable                     text61       00884
_PWM_Output_Enable                      text60       008C3
_RB5PPS                                 (abs)        00E9D
_RB6PPS                                 (abs)        00E9E
_RB7PPS                                 (abs)        00E9F
_RC2PPS                                 (abs)        00EA2
_RC6PPS                                 (abs)        00EA6
_SLRCONA                                (abs)        0030C
_SLRCONB                                (abs)        0030D
_SLRCONC                                (abs)        0030E
_SPI2_Exchange8bit                      text65       00984
_SPI2_Initialize                        text50       00906
_SPI_Write                              text64       00A03
_SSP1ADD                                (abs)        00212
_SSP1BUF                                (abs)        00211
_SSP1CLKPPS                             (abs)        00E20
_SSP1CON1                               (abs)        00215
_SSP1CON1bits                           (abs)        00215
_SSP1CON2                               (abs)        00216
_SSP1CON2bits                           (abs)        00216
_SSP1DATPPS                             (abs)        00E21
_SSP1MSK                                (abs)        00213
_SSP1STAT                               (abs)        00214
_SSP1STATbits                           (abs)        00214
_SSP2ADD                                (abs)        0021A
_SSP2BUF                                (abs)        00219
_SSP2CLKPPS                             (abs)        00E1D
_SSP2CON1                               (abs)        0021D
_SSP2CON1bits                           (abs)        0021D
_SSP2DATPPS                             (abs)        00E1E
_SSP2STAT                               (abs)        0021C
_SSP2STATbits                           (abs)        0021C
_SYSTEM_Initialize                      text47       00A47
_T2CON                                  (abs)        0001F
_T2CONbits                              (abs)        0001F
_TMR2                                   (abs)        0001D
_TMR2_Initialize                        text49       0093C
_TRISA                                  (abs)        0008C
_TRISB                                  (abs)        0008D
_TRISC                                  (abs)        0008E
_WDTCON                                 (abs)        00097
_WDT_Initialize                         text48       008C7
_WPUA                                   (abs)        0020C
_WPUB                                   (abs)        0020D
_WPUC                                   (abs)        0020E
__CFG_BOREN$ON                          (abs)        00000
__CFG_BORV$LOW                          (abs)        00000
__CFG_CLKOUTEN$OFF                      (abs)        00000
__CFG_CP$OFF                            (abs)        00000
__CFG_CPD$OFF                           (abs)        00000
__CFG_CSWEN$ON                          (abs)        00000
__CFG_DEBUG$OFF                         (abs)        00000
__CFG_FCMEN$ON                          (abs)        00000
__CFG_FEXTOSC$OFF                       (abs)        00000
__CFG_LPBOREN$OFF                       (abs)        00000
__CFG_LVP$ON                            (abs)        00000
__CFG_MCLRE$ON                          (abs)        00000
__CFG_PPS1WAY$ON                        (abs)        00000
__CFG_PWRTE$OFF                         (abs)        00000
__CFG_RSTOSC$HFINT1                     (abs)        00000
__CFG_STVREN$ON                         (abs)        00000
__CFG_WDTE$SWDTEN                       (abs)        00000
__CFG_WRT$OFF                           (abs)        00000
__Habs1                                 abs1         00000
__Hbank0                                bank0        00000
__Hbank1                                bank1        00000
__Hbank10                               bank10       00000
__Hbank11                               bank11       00000
__Hbank12                               bank12       00000
__Hbank13                               bank13       00000
__Hbank14                               bank14       00000
__Hbank15                               bank15       00000
__Hbank16                               bank16       00000
__Hbank17                               bank17       00000
__Hbank18                               bank18       00000
__Hbank19                               bank19       00000
__Hbank2                                bank2        00000
__Hbank20                               bank20       00000
__Hbank21                               bank21       00000
__Hbank22                               bank22       00000
__Hbank23                               bank23       00000
__Hbank24                               bank24       00000
__Hbank25                               bank25       00000
__Hbank26                               bank26       00000
__Hbank27                               bank27       00000
__Hbank28                               bank28       00000
__Hbank29                               bank29       00000
__Hbank3                                bank3        00000
__Hbank30                               bank30       00000
__Hbank31                               bank31       00000
__Hbank4                                bank4        00000
__Hbank5                                bank5        00000
__Hbank6                                bank6        00000
__Hbank7                                bank7        00000
__Hbank8                                bank8        00000
__Hbank9                                bank9        00000
__Hbigram                               bigram       00000
__HbssBANK0                             bssBANK0     00000
__HbssBANK1                             bssBANK1     00000
__HbssBANK2                             bssBANK2     00000
__HbssBANK3                             bssBANK3     00000
__HbssBANK4                             bssBANK4     00000
__HbssCOMMON                            bssCOMMON    00000
__Hcinit                                cinit        0006D
__Hclrtext                              clrtext      00000
__Hcode                                 code         00000
__Hcommon                               common       00000
__Hconfig                               config       0800B
__HcstackBANK0                          cstackBANK0  00000
__HcstackBANK1                          cstackBANK1  00000
__HcstackBANK2                          cstackBANK2  00000
__HcstackCOMMON                         cstackCOMMON 00000
__HdataBANK0                            dataBANK0    00000
__HdataBANK2                            dataBANK2    00000
__HdataCOMMON                           dataCOMMON   00000
__Heeprom_data                          eeprom_data  00000
__Hend_init                             end_init     0002F
__Hfunctab                              functab      00000
__HidataBANK0                           idataBANK0   00000
__HidataBANK2                           idataBANK2   00000
__HidataCOMMON                          idataCOMMON  00000
__Hidloc                                idloc        00000
__Hinit                                 init         0002D
__Hinittext                             inittext     00000
__Hintentry                             intentry     0002D
__Hmaintext                             maintext     00000
__Hpowerup                              powerup      00000
__Hram                                  ram          00000
__Hreset_vec                            reset_vec    00002
__Hsfr0                                 sfr0         00000
__Hsfr1                                 sfr1         00000
__Hsfr10                                sfr10        00000
__Hsfr11                                sfr11        00000
__Hsfr12                                sfr12        00000
__Hsfr13                                sfr13        00000
__Hsfr14                                sfr14        00000
__Hsfr15                                sfr15        00000
__Hsfr16                                sfr16        00000
__Hsfr17                                sfr17        00000
__Hsfr18                                sfr18        00000
__Hsfr19                                sfr19        00000
__Hsfr2                                 sfr2         00000
__Hsfr20                                sfr20        00000
__Hsfr21                                sfr21        00000
__Hsfr22                                sfr22        00000
__Hsfr23                                sfr23        00000
__Hsfr24                                sfr24        00000
__Hsfr25                                sfr25        00000
__Hsfr26                                sfr26        00000
__Hsfr27                                sfr27        00000
__Hsfr28                                sfr28        00000
__Hsfr29                                sfr29        00000
__Hsfr3                                 sfr3         00000
__Hsfr30                                sfr30        00000
__Hsfr31                                sfr31        00000
__Hsfr4                                 sfr4         00000
__Hsfr5                                 sfr5         00000
__Hsfr6                                 sfr6         00000
__Hsfr7                                 sfr7         00000
__Hsfr8                                 sfr8         00000
__Hsfr9                                 sfr9         00000
__Hspace_0                              (abs)        0800B
__Hspace_1                              (abs)        00264
__Hspace_2                              (abs)        00000
__Hspace_3                              (abs)        00000
__Hstack                                stack        00000
__Hstrings                              strings      00000
__Hstringtext1                          stringtext1  00000
__Hstringtext2                          stringtext2  00000
__Hstringtext3                          stringtext3  00000
__Hstringtext4                          stringtext4  00000
__Hstringtext5                          stringtext5  00000
__Htext                                 text         00000
__Labs1                                 abs1         00000
__Lbank0                                bank0        00000
__Lbank1                                bank1        00000
__Lbank10                               bank10       00000
__Lbank11                               bank11       00000
__Lbank12                               bank12       00000
__Lbank13                               bank13       00000
__Lbank14                               bank14       00000
__Lbank15                               bank15       00000
__Lbank16                               bank16       00000
__Lbank17                               bank17       00000
__Lbank18                               bank18       00000
__Lbank19                               bank19       00000
__Lbank2                                bank2        00000
__Lbank20                               bank20       00000
__Lbank21                               bank21       00000
__Lbank22                               bank22       00000
__Lbank23                               bank23       00000
__Lbank24                               bank24       00000
__Lbank25                               bank25       00000
__Lbank26                               bank26       00000
__Lbank27                               bank27       00000
__Lbank28                               bank28       00000
__Lbank29                               bank29       00000
__Lbank3                                bank3        00000
__Lbank30                               bank30       00000
__Lbank31                               bank31       00000
__Lbank4                                bank4        00000
__Lbank5                                bank5        00000
__Lbank6                                bank6        00000
__Lbank7                                bank7        00000
__Lbank8                                bank8        00000
__Lbank9                                bank9        00000
__Lbigram                               bigram       00000
__LbssBANK0                             bssBANK0     00000
__LbssBANK1                             bssBANK1     00000
__LbssBANK2                             bssBANK2     00000
__LbssBANK3                             bssBANK3     00000
__LbssBANK4                             bssBANK4     00000
__LbssCOMMON                            bssCOMMON    00000
__Lcinit                                cinit        0002F
__Lclrtext                              clrtext      00000
__Lcode                                 code         00000
__Lcommon                               common       00000
__Lconfig                               config       08007
__LcstackBANK0                          cstackBANK0  00000
__LcstackBANK1                          cstackBANK1  00000
__LcstackBANK2                          cstackBANK2  00000
__LcstackCOMMON                         cstackCOMMON 00000
__LdataBANK0                            dataBANK0    00000
__LdataBANK2                            dataBANK2    00000
__LdataCOMMON                           dataCOMMON   00000
__Leeprom_data                          eeprom_data  00000
__Lend_init                             end_init     0002D
__Lfunctab                              functab      00000
__LidataBANK0                           idataBANK0   00000
__LidataBANK2                           idataBANK2   00000
__LidataCOMMON                          idataCOMMON  00000
__Lidloc                                idloc        00000
__Linit                                 init         0002D
__Linittext                             inittext     00000
__Lintentry                             intentry     00004
__Lmaintext                             maintext     00000
__Lpowerup                              powerup      00000
__Lram                                  ram          00000
__Lreset_vec                            reset_vec    00000
__Lsfr0                                 sfr0         00000
__Lsfr1                                 sfr1         00000
__Lsfr10                                sfr10        00000
__Lsfr11                                sfr11        00000
__Lsfr12                                sfr12        00000
__Lsfr13                                sfr13        00000
__Lsfr14                                sfr14        00000
__Lsfr15                                sfr15        00000
__Lsfr16                                sfr16        00000
__Lsfr17                                sfr17        00000
__Lsfr18                                sfr18        00000
__Lsfr19                                sfr19        00000
__Lsfr2                                 sfr2         00000
__Lsfr20                                sfr20        00000
__Lsfr21                                sfr21        00000
__Lsfr22                                sfr22        00000
__Lsfr23                                sfr23        00000
__Lsfr24                                sfr24        00000
__Lsfr25                                sfr25        00000
__Lsfr26                                sfr26        00000
__Lsfr27                                sfr27        00000
__Lsfr28                                sfr28        00000
__Lsfr29                                sfr29        00000
__Lsfr3                                 sfr3         00000
__Lsfr30                                sfr30        00000
__Lsfr31                                sfr31        00000
__Lsfr4                                 sfr4         00000
__Lsfr5                                 sfr5         00000
__Lsfr6                                 sfr6         00000
__Lsfr7                                 sfr7         00000
__Lsfr8                                 sfr8         00000
__Lsfr9                                 sfr9         00000
__Lspace_0                              (abs)        00000
__Lspace_1                              (abs)        00000
__Lspace_2                              (abs)        00000
__Lspace_3                              (abs)        00000
__Lstack                                stack        00000
__Lstrings                              strings      00000
__Lstringtext1                          stringtext1  00000
__Lstringtext2                          stringtext2  00000
__Lstringtext3                          stringtext3  00000
__Lstringtext4                          stringtext4  00000
__Lstringtext5                          stringtext5  00000
__Ltext                                 text         00000
__S0                                    (abs)        0800B
__S1                                    (abs)        00264
__S2                                    (abs)        00000
__S3                                    (abs)        00000
___awdiv                                text20       00EF0
___awdiv@counter                        cstackBANK0  0002B
___awdiv@dividend                       cstackBANK0  00028
___awdiv@divisor                        cstackBANK0  00026
___awdiv@quotient                       cstackBANK0  0002D
___awdiv@sign                           cstackBANK0  0002C
___int_sp                               stack        00000
___latbits                              (abs)        00002
___sp                                   stack        00000
___stackhi                              (abs)        023EF
___stacklo                              (abs)        02184
___wmul                                 text19       00A96
___wmul@multiplicand                    cstackBANK0  00022
___wmul@multiplier                      cstackBANK0  00020
___wmul@product                         cstackBANK0  00024
__end_of_ADC_GetConversion              text62       00AD0
__end_of_ADC_Initialize                 text55       0092C
__end_of_Display_Clear                  text63       009A4
__end_of_Display_Name                   text58       00EF0
__end_of_Get_ADC                        text57       007B7
__end_of_I2C_ReStart                    text45       0088D
__end_of_I2C_Read_Byte                  text41       0096A
__end_of_I2C_Send_NACK                  text39       00896
__end_of_I2C_Start                      text37       0089C
__end_of_I2C_Stop                       text35       00800
__end_of_I2C_Write_Byte                 text33       00A96
__end_of_INTERRUPT_InterruptManager     intentry     0002D
__end_of_OSCILLATOR_Initialize          text54       00934
__end_of_PIN_MANAGER_IOC                text99       00867
__end_of_PIN_MANAGER_Initialize         text53       00D79
__end_of_PIR_Sensor                     text56       00906
__end_of_PMD_Initialize                 text52       0093C
__end_of_PWM1_Initialize                text51       00976
__end_of_PWM_Output_Disable             text61       00887
__end_of_PWM_Output_Enable              text60       008C7
__end_of_SPI2_Exchange8bit              text65       00993
__end_of_SPI2_Initialize                text50       0090D
__end_of_SPI_Write                      text64       00A18
__end_of_SYSTEM_Initialize              text47       00A5F
__end_of_TMR2_Initialize                text49       00944
__end_of_WDT_Initialize                 text48       008CB
__end_of___awdiv                        text20       00F42
__end_of___wmul                         text19       00AB2
__end_of__initialization                cinit        00069
__end_of_decodeGesture                  text22       004CE
__end_of_do_I2C_DO_ACK                  text76       008BB
__end_of_do_I2C_DO_ADDRESS_NACK         text73       00C51
__end_of_do_I2C_DO_NACK_RESTART         text74       008C3
__end_of_do_I2C_DO_NACK_STOP            text75       008BF
__end_of_do_I2C_IDLE                    text84       008D9
__end_of_do_I2C_RCEN                    text77       008DF
__end_of_do_I2C_RESET                   text85       008F8
__end_of_do_I2C_RX                      text71       007FD
__end_of_do_I2C_SEND_ADR_READ           text79       00924
__end_of_do_I2C_SEND_ADR_WRITE          text78       008FF
__end_of_do_I2C_SEND_RESTART            text81       008B3
__end_of_do_I2C_SEND_RESTART_READ       text83       008AB
__end_of_do_I2C_SEND_RESTART_WRITE      text82       008AF
__end_of_do_I2C_SEND_STOP               text80       008B7
__end_of_do_I2C_TX                      text72       00E51
__end_of_do_I2C_TX_EMPTY                text86       00CAD
__end_of_enableGestureSensor            text23       01000
__end_of_enablePower                    text28       00984
__end_of_fsmStateTable                  stringtext1  01020
__end_of_getMode                        text31       00955
__end_of_handleGesture                  text15       00F9C
__end_of_i2c1_driver_TXData             text34       008E5
__end_of_i2c1_driver_clearBusCollision  text68       00881
__end_of_i2c1_driver_getRXData          text44       00890
__end_of_i2c1_driver_isBufferFull       text43       00914
__end_of_i2c1_driver_isNACK             text88       0091C
__end_of_i2c1_driver_open               text14       0095F
__end_of_i2c1_driver_resetBus           text92       00868
__end_of_i2c1_driver_restart            text46       0088A
__end_of_i2c1_driver_sendACK            text98       008A3
__end_of_i2c1_driver_sendNACK           text40       008CF
__end_of_i2c1_driver_start              text38       00899
__end_of_i2c1_driver_startRX            text42       00893
__end_of_i2c1_driver_stop               text36       0089F
__end_of_i2c_ISR                        text69       00B38
__end_of_i2c_busCollisionISR            text67       00884
__end_of_initialize                     text1        005E4
__end_of_isGestureAvailable             text21       009B7
__end_of_main                           maintext     00DB8
__end_of_mssp1_clearIRQ                 text70       0087E
__end_of_mssp1_setIRQ                   text87       0087B
__end_of_processGestureData             text18       0033D
__end_of_readGesture                    text16       006D7
__end_of_resetGestureParameters         text27       00A2F
__end_of_returnReset                    text94       00004
__end_of_returnStop                     text95       0086C
__end_of_setAmbientLightGain            text13       00AEE
__end_of_setGestureEnterThresh          text12       009CA
__end_of_setGestureExitThresh           text11       009DD
__end_of_setGestureGain                 text10       00D11
__end_of_setGestureIntEnable            text26       00C7C
__end_of_setGestureLEDDrive             text9        00D43
__end_of_setGestureMode                 text25       00B5F
__end_of_setGestureWaitTime             text8        00B86
__end_of_setLEDBoost                    text24       00CDF
__end_of_setLEDDrive                    text7        00BFD
__end_of_setLightIntHighThreshold       text6        00BAD
__end_of_setLightIntLowThreshold        text5        00BD4
__end_of_setMode                        text29       00EA0
__end_of_setProxIntHighThresh           text4        009F0
__end_of_setProxIntLowThresh            text3        00A03
__end_of_setProximityGain               text2        00C26
__end_of_strlen                         text59       00A47
__end_of_wireReadDataBlock              text17       00E02
__end_of_wireReadDataByte               text32       00B12
__end_of_wireWriteDataByte              text30       00A7A
__end_ofi1_i2c1_driver_TXData           text89       008D4
__end_ofi1_i2c1_driver_getRXData        text90       00878
__end_ofi1_i2c1_driver_restart          text97       0086F
__end_ofi1_i2c1_driver_sendNACK         text91       008A7
__end_ofi1_i2c1_driver_startRX          text93       00875
__end_ofi1_i2c1_driver_stop             text96       00872
__initialization                        cinit        0002F
__pbssBANK0                             bssBANK0     0005D
__pbssBANK1                             bssBANK1     000E5
__pbssBANK2                             bssBANK2     00168
__pbssBANK3                             bssBANK3     001A0
__pbssBANK4                             bssBANK4     00220
__pbssCOMMON                            bssCOMMON    00076
__pcstackBANK0                          cstackBANK0  00020
__pcstackBANK1                          cstackBANK1  000A0
__pcstackBANK2                          cstackBANK2  00120
__pcstackCOMMON                         cstackCOMMON 00070
__pdataBANK0                            dataBANK0    0006B
__pdataBANK2                            dataBANK2    00160
__pdataCOMMON                           dataCOMMON   0007A
__pidataBANK0                           idataBANK0   00868
__pidataBANK2                           idataBANK2   00944
__pidataCOMMON                          idataCOMMON  00869
__pintentry                             intentry     00004
__pmaintext                             maintext     00D79
__pstringtext1                          stringtext1  01000
__pstringtext2                          stringtext2  01030
__pstringtext3                          stringtext3  0103D
__pstringtext4                          stringtext4  01049
__pstringtext5                          stringtext5  00000
__ptext1                                text1        004CE
__ptext10                               text10       00CDF
__ptext11                               text11       009CA
__ptext12                               text12       009B7
__ptext13                               text13       00AD0
__ptext14                               text14       00955
__ptext15                               text15       00F42
__ptext16                               text16       005E4
__ptext17                               text17       00DB8
__ptext18                               text18       0006D
__ptext19                               text19       00A96
__ptext2                                text2        00BFD
__ptext20                               text20       00EF0
__ptext21                               text21       009A4
__ptext22                               text22       0033D
__ptext23                               text23       00F9C
__ptext24                               text24       00CAD
__ptext25                               text25       00B38
__ptext26                               text26       00C51
__ptext27                               text27       00A18
__ptext28                               text28       00976
__ptext29                               text29       00E51
__ptext3                                text3        009F0
__ptext30                               text30       00A5F
__ptext31                               text31       0094C
__ptext32                               text32       00AEE
__ptext33                               text33       00A7A
__ptext34                               text34       008DF
__ptext35                               text35       007FD
__ptext36                               text36       0089C
__ptext37                               text37       00899
__ptext38                               text38       00896
__ptext39                               text39       00893
__ptext4                                text4        009DD
__ptext40                               text40       008CB
__ptext41                               text41       0095F
__ptext42                               text42       00890
__ptext43                               text43       0090D
__ptext44                               text44       0088D
__ptext45                               text45       0088A
__ptext46                               text46       00887
__ptext47                               text47       00A47
__ptext48                               text48       008C7
__ptext49                               text49       0093C
__ptext5                                text5        00BAD
__ptext50                               text50       00906
__ptext51                               text51       0096A
__ptext52                               text52       00934
__ptext53                               text53       00D43
__ptext54                               text54       0092C
__ptext55                               text55       00924
__ptext56                               text56       008FF
__ptext57                               text57       006D7
__ptext58                               text58       00EA0
__ptext59                               text59       00A2F
__ptext6                                text6        00B86
__ptext60                               text60       008C3
__ptext61                               text61       00884
__ptext62                               text62       00AB2
__ptext63                               text63       00993
__ptext64                               text64       00A03
__ptext65                               text65       00984
__ptext67                               text67       00881
__ptext68                               text68       0087E
__ptext69                               text69       00B12
__ptext7                                text7        00BD4
__ptext70                               text70       0087B
__ptext71                               text71       007B7
__ptext72                               text72       00E02
__ptext73                               text73       00C26
__ptext74                               text74       008BF
__ptext75                               text75       008BB
__ptext76                               text76       008B7
__ptext77                               text77       008D9
__ptext78                               text78       008F8
__ptext79                               text79       0091C
__ptext8                                text8        00B5F
__ptext80                               text80       008B3
__ptext81                               text81       008AF
__ptext82                               text82       008AB
__ptext83                               text83       008A7
__ptext84                               text84       008D4
__ptext85                               text85       008F1
__ptext86                               text86       00C7C
__ptext87                               text87       00878
__ptext88                               text88       00914
__ptext89                               text89       008CF
__ptext9                                text9        00D11
__ptext90                               text90       00875
__ptext91                               text91       008A3
__ptext92                               text92       00867
__ptext93                               text93       00872
__ptext94                               text94       00002
__ptext95                               text95       0086A
__ptext96                               text96       0086F
__ptext97                               text97       0086C
__ptext98                               text98       0089F
__ptext99                               text99       00866
__size_of_ADC_GetConversion             (abs)        00000
__size_of_ADC_Initialize                (abs)        00000
__size_of_Display_Clear                 (abs)        00000
__size_of_Display_Name                  (abs)        00000
__size_of_Get_ADC                       (abs)        00000
__size_of_I2C_ReStart                   (abs)        00000
[...]
Total ram usage:        1 bytes
 Hardware stack levels used:    1
 This function calls:
		Nothing
 This function is called by:
		_do_I2C_SEND_ADR_READ
		_do_I2C_SEND_ADR_WRITE
		_do_I2C_TX
 This function uses a non-reentrant model


 *************** function i1_i2c1_driver_getRXData *****************
 Defined at:
		line 171 in file "mcc_generated_files/i2c1_driver.c"
 Parameters:    Size  Location     Type
		None
 Auto vars:     Size  Location     Type
		None
 Return value:  Size  Location     Type
                  1    wreg      unsigned char 
 Registers used:
		wreg
 Tracked objects:
		On entry : 
		On exit  : 
		Unchanged: 
 Data sizes:     COMMON   BANK0   BANK1   BANK2   BANK3   BANK4   BANK5   BANK6   BANK7   BANK8   BANK9  BANK10  BANK11  BANK12
      Params:         0       0       0       0       0       0       0       0       0       0       0       0       0       0
      Locals:         0       0       0       0       0       0       0       0       0       0       0       0       0       0
      Temps:          0       0       0       0       0       0       0       0       0       0       0       0       0       0
      Totals:         0       0       0       0       0       0       0       0       0       0       0       0       0       0
Total ram usage:        0 bytes
 Hardware stack levels used:    1
 This function calls:
		Nothing
 This function is called by:
		_do_I2C_RX
 This function uses a non-reentrant model


 *************** function i1_i2c1_driver_sendNACK *****************
 Defined at:
		line 202 in file "mcc_generated_files/i2c1_driver.c"
 Parameters:    Size  Location     Type
		None
 Auto vars:     Size  Location     Type
		None
 Return value:  Size  Location     Type
                  1    wreg      void 
 Registers used:
		None
 Tracked objects:
		On entry : 
		On exit  : 
		Unchanged: 
 Data sizes:     COMMON   BANK0   BANK1   BANK2   BANK3   BANK4   BANK5   BANK6   BANK7   BANK8   BANK9  BANK10  BANK11  BANK12
      Params:         0       0       0       0       0       0       0       0       0       0       0       0       0       0
      Locals:         0       0       0       0       0       0       0       0       0       0       0       0       0       0
      Temps:          0       0       0       0       0       0       0       0       0       0       0       0       0       0
      Totals:         0       0       0       0       0       0       0       0       0       0       0       0       0       0
Total ram usage:        0 bytes
 Hardware stack levels used:    1
 This function calls:
		Nothing
 This function is called by:
		_do_I2C_DO_NACK_STOP
		_do_I2C_DO_NACK_RESTART
 This function uses a non-reentrant model


 *************** function _i2c1_driver_resetBus *****************
 Defined at:
		line 141 in file "mcc_generated_files/i2c1_driver.c"
 Parameters:    Size  Location     Type
		None
 Auto vars:     Size  Location     Type
		None
 Return value:  Size  Location     Type
                  1    wreg      void 
 Registers used:
		None
 Tracked objects:
		On entry : 
		On exit  : 
		Unchanged: 
 Data sizes:     COMMON   BANK0   BANK1   BANK2   BANK3   BANK4   BANK5   BANK6   BANK7   BANK8   BANK9  BANK10  BANK11  BANK12
      Params:         0       0       0       0       0       0       0       0       0       0       0       0       0       0
      Locals:         0       0       0       0       0       0       0       0       0       0       0       0       0       0
      Temps:          0       0       0       0       0       0       0       0       0       0       0       0       0       0
      Totals:         0       0       0       0       0       0       0       0       0       0       0       0       0       0
Total ram usage:        0 bytes
 Hardware stack levels used:    1
 This function calls:
		Nothing
 This function is called by:
		_do_I2C_RESET
 This function uses a non-reentrant model


 *************** function i1_i2c1_driver_startRX *****************
 Defined at:
		line 166 in file "mcc_generated_files/i2c1_driver.c"
 Parameters:    Size  Location     Type
		None
 Auto vars:     Size  Location     Type
		None
 Return value:  Size  Location     Type
                  1    wreg      void 
 Registers used:
		None
 Tracked objects:
		On entry : 
		On exit  : 
		Unchanged: 
 Data sizes:     COMMON   BANK0   BANK1   BANK2   BANK3   BANK4   BANK5   BANK6   BANK7   BANK8   BANK9  BANK10  BANK11  BANK12
      Params:         0       0       0       0       0       0       0       0       0       0       0       0       0       0
      Locals:         0       0       0       0       0       0       0       0       0       0       0       0       0       0
      Temps:          0       0       0       0       0       0       0       0       0       0       0       0       0       0
      Totals:         0       0       0       0       0       0       0       0       0       0       0       0       0       0
Total ram usage:        0 bytes
 Hardware stack levels used:    1
 This function calls:
		Nothing
 This function is called by:
		_do_I2C_RCEN
 This function uses a non-reentrant model


 *************** function _returnReset *****************
 Defined at:
		line 448 in file "mcc_generated_files/drivers/i2c_master.c"
 Parameters:    Size  Location     Type
  p               1    0[COMMON] PTR void 
		 -> NULL(0), 
 Auto vars:     Size  Location     Type
		None
 Return value:  Size  Location     Type
                  1    wreg      enum E6966
 Registers used:
		wreg
 Tracked objects:
		On entry : 
		On exit  : 
		Unchanged: 
 Data sizes:     COMMON   BANK0   BANK1   BANK2   BANK3   BANK4   BANK5   BANK6   BANK7   BANK8   BANK9  BANK10  BANK11  BANK12
      Params:         1       0       0       0       0       0       0       0       0       0       0       0       0       0
      Locals:         0       0       0       0       0       0       0       0       0       0       0       0       0       0
      Temps:          0       0       0       0       0       0       0       0       0       0       0       0       0       0
      Totals:         1       0       0       0       0       0       0       0       0       0       0       0       0       0
Total ram usage:        1 bytes
 Hardware stack levels used:    1
 This function calls:
		Nothing
 This function is called by:
		_i2c_open
		_do_I2C_DO_ADDRESS_NACK
		_do_I2C_TX
		_do_I2C_RX
		_do_I2C_TX_EMPTY
 This function uses a non-reentrant model


 *************** function _returnStop *****************
 Defined at:
		line 443 in file "mcc_generated_files/drivers/i2c_master.c"
 Parameters:    Size  Location     Type
  p               1    0[COMMON] PTR void 
		 -> NULL(0), 
 Auto vars:     Size  Location     Type
		None
 Return value:  Size  Location     Type
                  1    wreg      enum E6966
 Registers used:
		wreg
 Tracked objects:
		On entry : 
		On exit  : 
		Unchanged: 
 Data sizes:     COMMON   BANK0   BANK1   BANK2   BANK3   BANK4   BANK5   BANK6   BANK7   BANK8   BANK9  BANK10  BANK11  BANK12
      Params:         1       0       0       0       0       0       0       0       0       0       0       0       0       0
      Locals:         0       0       0       0       0       0       0       0       0       0       0       0       0       0
      Temps:          0       0       0       0       0       0       0       0       0       0       0       0       0       0
      Totals:         1       0       0       0       0       0       0       0       0       0       0       0       0       0
Total ram usage:        1 bytes
 Hardware stack levels used:    1
 This function calls:
		Nothing
 This function is called by:
		_i2c_open
		_setCallBack
		_do_I2C_DO_ADDRESS_NACK
		_do_I2C_TX
		_do_I2C_RX
		_do_I2C_TX_EMPTY
 This function uses a non-reentrant model


 *************** function i1_i2c1_driver_stop *****************
 Defined at:
		line 156 in file "mcc_generated_files/i2c1_driver.c"
 Parameters:    Size  Location     Type
		None
 Auto vars:     Size  Location     Type
		None
 Return value:  Size  Location     Type
                  1    wreg      void 
 Registers used:
		None
 Tracked objects:
		On entry : 
		On exit  : 
		Unchanged: 
 Data sizes:     COMMON   BANK0   BANK1   BANK2   BANK3   BANK4   BANK5   BANK6   BANK7   BANK8   BANK9  BANK10  BANK11  BANK12
      Params:         0       0       0       0       0       0       0       0       0       0       0       0       0       0
      Locals:         0       0       0       0       0       0       0       0       0       0       0       0       0       0
      Temps:          0       0       0       0       0       0       0       0       0       0       0       0       0       0
      Totals:         0       0       0       0       0       0       0       0       0       0       0       0       0       0
Total ram usage:        0 bytes
 Hardware stack levels used:    1
 This function calls:
		Nothing
 This function is called by:
		_do_I2C_SEND_STOP
 This function uses a non-reentrant model


 *************** function i1_i2c1_driver_restart *****************
 Defined at:
		line 151 in file "mcc_generated_files/i2c1_driver.c"
 Parameters:    Size  Location     Type
		None
 Auto vars:     Size  Location     Type
		None
 Return value:  Size  Location     Type
                  1    wreg      void 
 Registers used:
		None
 Tracked objects:
		On entry : 
		On exit  : 
		Unchanged: 
 Data sizes:     COMMON   BANK0   BANK1   BANK2   BANK3   BANK4   BANK5   BANK6   BANK7   BANK8   BANK9  BANK10  BANK11  BANK12
      Params:         0       0       0       0       0       0       0       0       0       0       0       0       0       0
      Locals:         0       0       0       0       0       0       0       0       0       0       0       0       0       0
      Temps:          0       0       0       0       0       0       0       0       0       0       0       0       0       0
      Totals:         0       0       0       0       0       0       0       0       0       0       0       0       0       0
Total ram usage:        0 bytes
 Hardware stack levels used:    1
 This function calls:
		Nothing
 This function is called by:
		_do_I2C_SEND_RESTART_READ
		_do_I2C_SEND_RESTART_WRITE
		_do_I2C_SEND_RESTART
 This function uses a non-reentrant model


 *************** function _i2c1_driver_sendACK *****************
 Defined at:
		line 196 in file "mcc_generated_files/i2c1_driver.c"
 Parameters:    Size  Location     Type
		None
 Auto vars:     Size  Location     Type
		None
 Return value:  Size  Location     Type
                  1    wreg      void 
 Registers used:
		None
 Tracked objects:
		On entry : 
		On exit  : 
		Unchanged: 
 Data sizes:     COMMON   BANK0   BANK1   BANK2   BANK3   BANK4   BANK5   BANK6   BANK7   BANK8   BANK9  BANK10  BANK11  BANK12
      Params:         0       0       0       0       0       0       0       0       0       0       0       0       0       0
      Locals:         0       0       0       0       0       0       0       0       0       0       0       0       0       0
      Temps:          0       0       0       0       0       0       0       0       0       0       0       0       0       0
      Totals:         0       0       0       0       0       0       0       0       0       0       0       0       0       0
Total ram usage:        0 bytes
 Hardware stack levels used:    1
 This function calls:
		Nothing
 This function is called by:
		_do_I2C_DO_ACK
		_do_I2C_RX
		_I2C_Send_ACK
 This function uses a non-reentrant model


 *************** function _PIN_MANAGER_IOC *****************
 Defined at:
		line 118 in file "mcc_generated_files/pin_manager.c"
 Parameters:    Size  Location     Type
		None
 Auto vars:     Size  Location     Type
		None
 Return value:  Size  Location     Type
                  1    wreg      void 
 Registers used:
		None
 Tracked objects:
		On entry : 
		On exit  : 
		Unchanged: 
 Data sizes:     COMMON   BANK0   BANK1   BANK2   BANK3   BANK4   BANK5   BANK6   BANK7   BANK8   BANK9  BANK10  BANK11  BANK12
      Params:         0       0       0       0       0       0       0       0       0       0       0       0       0       0
      Locals:         0       0       0       0       0       0       0       0       0       0       0       0       0       0
      Temps:          0       0       0       0       0       0       0       0       0       0       0       0       0       0
      Totals:         0       0       0       0       0       0       0       0       0       0       0       0       0       0
Total ram usage:        0 bytes
 Hardware stack levels used:    1
 This function calls:
		Nothing
 This function is called by:
		_INTERRUPT_InterruptManager
 This function uses a non-reentrant model



MODULE INFORMATION

Module		Function		Class		Link	Load	Size
mcc_generated_files/tmr2.c
		_TMR2_Initialize		CODE           	093C	0000	9

mcc_generated_files/tmr2.c estimated size: 9

mcc_generated_files/interrupt_manager.c
		_INTERRUPT_InterruptManager		CODE           	0004	0000	42

mcc_generated_files/interrupt_manager.c estimated size: 42

i2c.c
		_I2C_Stop      		CODE           	07FD	0000	4
		_I2C_Write_Byte		CODE           	0A7A	0000	29
		_I2C_Read_Byte 		CODE           	095F	0000	12
		_I2C_Send_NACK 		CODE           	0893	0000	4
		_I2C_Start     		CODE           	0899	0000	4
		_I2C_ReStart   		CODE           	088A	0000	4

i2c.c estimated size: 57

mcc_generated_files/pin_manager.c
		_PIN_MANAGER_Initialize		CODE           	0D43	0000	55
		_PIN_MANAGER_IOC		CODE           	0866	0000	2

mcc_generated_files/pin_manager.c estimated size: 57

C:\Program Files (x86)\Microchip\xc8\v2.05\pic\sources\c99\common\strlen.c
		_strlen        		CODE           	0A2F	0000	25

C:\Program Files (x86)\Microchip\xc8\v2.05\pic\sources\c99\common\strlen.c estimated size: 25

mcc_generated_files/adc.c
		_ADC_Initialize		CODE           	0924	0000	9
		_ADC_GetConversion		CODE           	0AB2	0000	31

mcc_generated_files/adc.c estimated size: 40

C:\Program Files (x86)\Microchip\xc8\v2.05\pic\sources\c99\common\awdiv.c
		___awdiv       		CODE           	0EF0	0000	83

C:\Program Files (x86)\Microchip\xc8\v2.05\pic\sources\c99\common\awdiv.c estimated size: 83

shared
		i1_i2c1_driver_sendNACK		CODE           	08A3	0000	5
		__initialization		CODE           	002F	0000	59
		i1_i2c1_driver_restart		CODE           	086C	0000	4
		i1_i2c1_driver_stop		CODE           	086F	0000	4
		i1_i2c1_driver_startRX		CODE           	0872	0000	4
		_fsmStateTable 		STRCODE        	1000	0000	33
		i1_i2c1_driver_getRXData		CODE           	0875	0000	4
		i1_i2c1_driver_TXData		CODE           	08CF	0000	6

shared estimated size: 119

mcc_generated_files/mcc.c
		_WDT_Initialize		CODE           	08C7	0000	5
		_PMD_Initialize		CODE           	0934	0000	9
		_OSCILLATOR_Initialize		CODE           	092C	0000	9
		_SYSTEM_Initialize		CODE           	0A47	0000	25

mcc_generated_files/mcc.c estimated size: 48

C:\Program Files (x86)\Microchip\xc8\v2.05\pic\sources\c99\common\Umul16.c
		___wmul        		CODE           	0A96	0000	29

C:\Program Files (x86)\Microchip\xc8\v2.05\pic\sources\c99\common\Umul16.c estimated size: 29

mcc_generated_files/drivers/i2c_master.c
		_returnStop    		CODE           	086A	0000	3
		_i2c_busCollisionISR		CODE           	0881	0000	4
		_i2c_ISR       		CODE           	0B12	0000	39
		_do_I2C_TX_EMPTY		CODE           	0C7C	0000	50
		_returnReset   		CODE           	0002	0000	3
		_do_I2C_SEND_RESTART_WRITE		CODE           	08AB	0000	5
		_do_I2C_DO_NACK_RESTART		CODE           	08BF	0000	5
		_do_I2C_SEND_RESTART_READ		CODE           	08A7	0000	5
		_do_I2C_SEND_ADR_WRITE		CODE           	08F8	0000	8
		_do_I2C_SEND_STOP		CODE           	08B3	0000	5
		_do_I2C_SEND_ADR_READ		CODE           	091C	0000	9
		_do_I2C_DO_NACK_STOP		CODE           	08BB	0000	5
		_do_I2C_SEND_RESTART		CODE           	08AF	0000	5
		_do_I2C_RX     		CODE           	07B7	0000	71
		_do_I2C_TX     		CODE           	0E02	0000	80
		_do_I2C_IDLE   		CODE           	08D4	0000	6
		_do_I2C_RCEN   		CODE           	08D9	0000	7
		_do_I2C_DO_ADDRESS_NACK		CODE           	0C26	0000	44
		_do_I2C_RESET  		CODE           	08F1	0000	8
		_do_I2C_DO_ACK 		CODE           	08B7	0000	5

mcc_generated_files/drivers/i2c_master.c estimated size: 367

mcc_generated_files/pwm1.c
		_PWM1_Initialize		CODE           	096A	0000	13

mcc_generated_files/pwm1.c estimated size: 13

mcc_generated_files/i2c1_driver.c
		_i2c1_driver_isBufferFull		CODE           	090D	0000	8
		_i2c1_driver_open		CODE           	0955	0000	11
		_i2c1_driver_isNACK		CODE           	0914	0000	9
		_i2c1_driver_stop		CODE           	089C	0000	4
		_i2c1_driver_getRXData		CODE           	088D	0000	4
		_i2c1_driver_TXData		CODE           	08DF	0000	7
		_i2c1_driver_start		CODE           	0896	0000	4
		_i2c1_driver_sendACK		CODE           	089F	0000	5
		_mssp1_setIRQ  		CODE           	0878	0000	4
		_i2c1_driver_sendNACK		CODE           	08CB	0000	5
		_i2c1_driver_restart		CODE           	0887	0000	4
		_i2c1_driver_resetBus		CODE           	0867	0000	2
		_i2c1_driver_clearBusCollision		CODE           	087E	0000	4
		_mssp1_clearIRQ		CODE           	087B	0000	4
		_i2c1_driver_startRX		CODE           	0890	0000	4

mcc_generated_files/i2c1_driver.c estimated size: 79

mcc_generated_files/spi2.c
		_SPI2_Exchange8bit		CODE           	0984	0000	16
		_SPI2_Initialize		CODE           	0906	0000	8

mcc_generated_files/spi2.c estimated size: 24

APDS9960.c
		_wireReadDataBlock		CODE           	0DB8	0000	75
		_setGestureEnterThresh		CODE           	09B7	0000	20
		_setProxIntHighThresh		CODE           	09DD	0000	20
		_decodeGesture 		CODE           	033D	0000	402
		_setMode       		CODE           	0E51	0000	80
		_setLEDDrive   		CODE           	0BD4	0000	42
		_setGestureIntEnable		CODE           	0C51	0000	44
		_setLightIntHighThreshold		CODE           	0B86	0000	40
		_resetGestureParameters		CODE           	0A18	0000	24
		_readGesture   		CODE           	05E4	0000	244
		_processGestureData		CODE           	006D	0000	721
		_setLightIntLowThreshold		CODE           	0BAD	0000	40
		_enablePower   		CODE           	0976	0000	15
		_setGestureMode		CODE           	0B38	0000	40
		_setGestureGain		CODE           	0CDF	0000	51
		_setGestureExitThresh		CODE           	09CA	0000	20
		_setLEDBoost   		CODE           	0CAD	0000	51
		_setGestureWaitTime		CODE           	0B5F	0000	40
		_setAmbientLightGain		CODE           	0AD0	0000	31
		_initialize    		CODE           	04CE	0000	279
		_setGestureLEDDrive		CODE           	0D11	0000	51
		_setProximityGain		CODE           	0BFD	0000	42
		_wireWriteDataByte		CODE           	0A5F	0000	28
		_setProxIntLowThresh		CODE           	09F0	0000	20
		_wireReadDataByte		CODE           	0AEE	0000	37
		_enableGestureSensor		CODE           	0F9C	0000	101
		_getMode       		CODE           	094C	0000	10
		_isGestureAvailable		CODE           	09A4	0000	20

APDS9960.c estimated size: 2588

main.c
		_PWM_Output_Enable		CODE           	08C3	0000	5
		_main          		CODE           	0D79	0000	64
		_PWM_Output_Disable		CODE           	0884	0000	4
		_SPI_Write     		CODE           	0A03	0000	22
		_Get_ADC       		CODE           	06D7	0000	225
		_Display_Name  		CODE           	0EA0	0000	81
		_PIR_Sensor    		CODE           	08FF	0000	8
		_handleGesture 		CODE           	0F42	0000	91
		_Display_Clear 		CODE           	0993	0000	18

main.c estimated size: 518

