Microchip MPLAB XC8 Compiler V2.05 ()

Linker command line:

-W-3 --edf=C:\Program Files (x86)\Microchip\xc8\v2.05\pic\dat\en_msgs.txt \
  -cs -h+dist/default/production\I2Gesture.X.production.sym \
  --cmf=dist/default/production\I2Gesture.X.production.cmf -z -Q16F18345 \
  -oC:\Users\Jeff\AppData\Local\Temp\sao8.2 --defsym=__MPLAB_BUILD=1 \
  -Mdist/default/production/I2Gesture.X.production.map -E1 -ver=XC8 \
  --acfsm=1493 -ASTACK=02094h-023EFh -pstack=STACK -ACODE=00h-07FFhx4 \
  -ASTRCODE=00h-01FFFh -ASTRING=00h-0FFhx32 -ACONST=00h-0FFhx32 \
  -AENTRY=00h-0FFhx32 -ACOMMON=070h-07Fh -ABANK0=020h-06Fh \
  -ABANK1=0A0h-0EFh -ABANK2=0120h-016Fh -ABANK3=01A0h-01EFh \
  -ABANK4=0220h-026Fh -ABANK5=02A0h-02EFh -ABANK6=0320h-036Fh \
  -ABANK7=03A0h-03EFh -ABANK8=0420h-046Fh -ABANK9=04A0h-04EFh \
  -ABANK10=0520h-056Fh -ABANK11=05A0h-05EFh -ABANK12=0620h-064Fh \
  -ABIGRAM=02000h-023EFh \
  -ARAM=020h-06Fh,0A0h-0EFh,0120h-016Fh,01A0h-01EFh,0220h-026Fh,02A0h-02EFh,0320h-036Fh,03A0h-03EFh,0420h-046Fh,04A0h-04EFh,0520h-056Fh,05A0h-05EFh,0620h-064Fh \
  -AABS1=020h-07Fh,0A0h-0EFh,0120h-016Fh,01A0h-01EFh,0220h-026Fh,02A0h-02EFh,0320h-036Fh,03A0h-03EFh,0420h-046Fh,04A0h-04EFh,0520h-056Fh,05A0h-05EFh,0620h-064Fh \
  -ASFR0=00h-01Fh -ASFR1=080h-09Fh -ASFR2=0100h-011Fh -ASFR3=0180h-019Fh \
  -ASFR4=0200h-021Fh -ASFR5=0280h-029Fh -ASFR6=0300h-031Fh \
  -ASFR7=0380h-039Fh -ASFR8=0400h-041Fh -ASFR9=0480h-049Fh \
  -ASFR10=0500h-051Fh -ASFR11=0580h-059Fh -ASFR12=0600h-061Fh \
  -ASFR13=0680h-06EFh -ASFR14=0700h-076Fh -ASFR15=0780h-07EFh \
  -ASFR16=0800h-086Fh -ASFR17=0880h-08EFh -ASFR18=0900h-096Fh \
  -ASFR19=0980h-09EFh -ASFR20=0A00h-0A6Fh -ASFR21=0A80h-0AEFh \
  -ASFR22=0B00h-0B6Fh -ASFR23=0B80h-0BEFh -ASFR24=0C00h-0C6Fh \
  -ASFR25=0C80h-0CEFh -ASFR26=0D00h-0D6Fh -ASFR27=0D80h-0DEFh \
  -ASFR28=0E00h-0E6Fh -ASFR29=0E80h-0EEFh -ASFR30=0F00h-0F6Fh \
  -ASFR31=0F80h-0FEFh -preset_vec=00h,intentry=04h,init,end_init \
  -ppowerup=CODE -pcinit=CODE -pfunctab=ENTRY -ACONFIG=08007h-0800Ah \
  -pconfig=CONFIG -DCONFIG=2 -AIDLOC=08000h-08003h -pidloc=IDLOC -DIDLOC=2 \
  -AEEDATA=00h-0FFh/0F000h -peeprom_data=EEDATA -DEEDATA=2 -DCODE=2 \
  -DSTRCODE=2 -DSTRING=2 -DCONST=2 -DENTRY=2 -k \
  C:\Users\Jeff\AppData\Local\Temp\sao8.o \
  dist/default/production\I2Gesture.X.production.o 

Object code version is 3.11

Machine type is 16F18345



                Name                               Link     Load   Length Selector   Space Scale
C:\Users\Jeff\AppData\Local\Temp\sao8.o
                end_init                             1E       1E        2        8       0
                reset_vec                             0        0        2        0       0
                config                             8007     8007        4    1000E       0
dist/default/production\I2Gesture.X.production.o
                cinit                                20       20       13        8       0
                intentry                              4        4       1A        8       0
                text41                              534      534        1        8       0
                text40                              524      524        4        8       0
                text39                              4D8      4D8        D        8       0
                text38                              516      516        6        8       0
                text36                              4F1      4F1        9        8       0
                text35                              510      510        6        8       0
                text34                              1E9      1E9       3B        8       0
                text33                              502      502        8        8       0
                text32                              520      520        4        8       0
                text31                              4E5      4E5        C        8       0
                text30                              531      531        3        8       0
                text29                              2B7      2B7       2A        8       0
                text28                              51C      51C        4        8       0
                text27                              52E      52E        3        8       0
                text26                              52B      52B        3        8       0
                text25                              4BC      4BC        F        8       0
                text24                              410      410       20        8       0
                text23                              4FA      4FA        8        8       0
                text22                              44C      44C       17        8       0
                text21                              19B      19B       4E        8       0
                text20                              4CB      4CB        D        8       0
                text19                              463      463       15        8       0
                text18                              333      333       28        8       0
                text17                              3EC      3EC       24        8       0
                text16                              286      286       31        8       0
                text15                              13B      13B       60        8       0
                text14                              528      528        3        8       0
                text13                              430      430       1C        8       0
                text12                              4AB      4AB       11        8       0
                text11                              49A      49A       11        8       0
                text10                              255      255       31        8       0
                text9                               224      224       31        8       0
                text8                               3C8      3C8       24        8       0
                text7                               30A      30A       29        8       0
                text6                               3A4      3A4       24        8       0
                text5                               380      380       24        8       0
                text4                               489      489       11        8       0
                text3                               478      478       11        8       0
                text2                               2E1      2E1       29        8       0
                text1                                33       33      108        8       0
                maintext                            35B      35B       25        8       0
                cstackBANK0                          36       36        6       20       1
                cstackCOMMON                         70       70        E       70       1
                clrtext                             50A      50A        6        8       0
                bssBANK1                             A0       A0       44       A0       1
                bssBANK0                             20       20       16       20       1
                nvBANK0                              3C       3C        2       20       1

TOTAL           Name                               Link     Load   Length     Space
        CLASS   STACK          

        CLASS   CODE           
                end_init                             1E       1E        2         0
                cinit                                20       20       13         0
                intentry                              4        4       1A         0
                reset_vec                             0        0        2         0
                text41                              534      534        1         0
                text40                              524      524        4         0
                text39                              4D8      4D8        D         0
                text38                              516      516        6         0
                text36                              4F1      4F1        9         0
                text35                              510      510        6         0
                text34                              1E9      1E9       3B         0
                text33                              502      502        8         0
                text32                              520      520        4         0
                text31                              4E5      4E5        C         0
                text30                              531      531        3         0
                text29                              2B7      2B7       2A         0
                text28                              51C      51C        4         0
                text27                              52E      52E        3         0
                text26                              52B      52B        3         0
                text25                              4BC      4BC        F         0
                text24                              410      410       20         0
                text23                              4FA      4FA        8         0
                text22                              44C      44C       17         0
                text21                              19B      19B       4E         0
                text20                              4CB      4CB        D         0
                text19                              463      463       15         0
                text18                              333      333       28         0
                text17                              3EC      3EC       24         0
                text16                              286      286       31         0
                text15                              13B      13B       60         0
                text14                              528      528        3         0
                text13                              430      430       1C         0
                text12                              4AB      4AB       11         0
                text11                              49A      49A       11         0
                text10                              255      255       31         0
                text9                               224      224       31         0
                text8                               3C8      3C8       24         0
                text7                               30A      30A       29         0
                text6                               3A4      3A4       24         0
                text5                               380      380       24         0
                text4                               489      489       11         0
                text3                               478      478       11         0
                text2                               2E1      2E1       29         0
                text1                                33       33      108         0
                maintext                            35B      35B       25         0
                clrtext                             50A      50A        6         0

        CLASS   STRCODE        

        CLASS   STRING         

        CLASS   CONST          

        CLASS   ENTRY          

        CLASS   COMMON         
                cstackCOMMON                         70       70        E         1

        CLASS   BANK0          
                cstackBANK0                          36       36        6         1
                bssBANK0                             20       20       16         1
                nvBANK0                              3C       3C        2         1

        CLASS   BANK1          
                bssBANK1                             A0       A0       44         1

        CLASS   BANK2          

        CLASS   BANK3          

        CLASS   BANK4          

        CLASS   BANK5          

        CLASS   BANK6          

        CLASS   BANK7          

        CLASS   BANK8          

        CLASS   BANK9          

        CLASS   BANK10         

        CLASS   BANK11         

        CLASS   BANK12         

        CLASS   BIGRAM         

        CLASS   RAM            

        CLASS   ABS1           
                abs_s1                               7E       7E        2         1

        CLASS   SFR0           

        CLASS   SFR1           

        CLASS   SFR2           

        CLASS   SFR3           

        CLASS   SFR4           

        CLASS   SFR5           

        CLASS   SFR6           

        CLASS   SFR7           

        CLASS   SFR8           

        CLASS   SFR9           

        CLASS   SFR10          

        CLASS   SFR11          

        CLASS   SFR12          

        CLASS   SFR13          

        CLASS   SFR14          

        CLASS   SFR15          

        CLASS   SFR16          

        CLASS   SFR17          

        CLASS   SFR18          

        CLASS   SFR19          

        CLASS   SFR20          

        CLASS   SFR21          

        CLASS   SFR22          

        CLASS   SFR23          

        CLASS   SFR24          

        CLASS   SFR25          

        CLASS   SFR26          

        CLASS   SFR27          

        CLASS   SFR28          

        CLASS   SFR29          

        CLASS   SFR30          

        CLASS   SFR31          

        CLASS   CONFIG         
                config                             8007     8007        4         0

        CLASS   IDLOC          

        CLASS   EEDATA         

        CLASS   BANK31         

        CLASS   BANK30         

        CLASS   BANK29         

        CLASS   BANK28         

        CLASS   BANK27         

        CLASS   BANK26         

        CLASS   BANK25         

        CLASS   BANK24         

        CLASS   BANK23         

        CLASS   BANK22         

        CLASS   BANK21         

        CLASS   BANK20         

        CLASS   BANK19         

        CLASS   BANK18         

        CLASS   BANK17         

        CLASS   BANK16         

        CLASS   BANK15         

        CLASS   BANK14         

        CLASS   BANK13         



SEGMENTS        Name                           Load    Length   Top    Selector   Space  Class     Delta

                reset_vec                      000000  000002  000002         0       0  CODE        2
                intentry                       000004  000531  000535         8       0  CODE        2
                bssBANK0                       000020  00001E  00003E        20       1  BANK0       1
                cstackCOMMON                   000070  00000E  00007E        70       1  COMMON      1
                bssBANK1                       0000A0  000044  0000E4        A0       1  BANK1       1
                config                         008007  000004  00800B     1000E       0  CONFIG      2


UNUSED ADDRESS RANGES

        Name                Unused          Largest block    Delta
        BANK0            0003E-0006F              32           1
        BANK1            000E4-000EF               C           1
        BANK10           00520-0056F              50           1
        BANK11           005A0-005EF              50           1
        BANK12           00620-0064F              30           1
        BANK2            00120-0016F              50           1
        BANK3            001A0-001EF              50           1
        BANK4            00220-0026F              50           1
        BANK5            002A0-002EF              50           1
        BANK6            00320-0036F              50           1
        BANK7            003A0-003EF              50           1
        BANK8            00420-0046F              50           1
        BANK9            004A0-004EF              50           1
        BIGRAM           02000-023EF             3F0           1
        CODE             00002-00003               2           2
                         00535-01FFF             800
        CONST            00002-00003               2           2
                         00535-01FFF             100
        EEDATA           0F000-0F0FF             100           2
        ENTRY            00002-00003               2           2
                         00535-01FFF             100
        IDLOC            08000-08003               4           2
        RAM              0003E-0006F              32           1
                         000E4-000EF               C
                         00120-0016F              50
                         001A0-001EF              50
                         00220-0026F              50
                         002A0-002EF              50
                         00320-0036F              50
                         003A0-003EF              50
                         00420-0046F              50
                         004A0-004EF              50
                         00520-0056F              50
                         005A0-005EF              50
                         00620-0064F              30
        SFR0             00000-0001F              20           1
        SFR1             00080-0009F              20           1
        SFR10            00500-0051F              20           1
        SFR11            00580-0059F              20           1
        SFR12            00600-0061F              20           1
        SFR13            00680-006EF              70           1
        SFR14            00700-0076F              70           1
        SFR15            00780-007EF              70           1
        SFR16            00800-0086F              70           1
        SFR17            00880-008EF              70           1
        SFR18            00900-0096F              70           1
        SFR19            00980-009EF              70           1
        SFR2             00100-0011F              20           1
        SFR20            00A00-00A6F              70           1
        SFR21            00A80-00AEF              70           1
        SFR22            00B00-00B6F              70           1
        SFR23            00B80-00BEF              70           1
        SFR24            00C00-00C6F              70           1
        SFR25            00C80-00CEF              70           1
        SFR26            00D00-00D6F              70           1
        SFR27            00D80-00DEF              70           1
        SFR28            00E00-00E6F              70           1
        SFR29            00E80-00EEF              70           1
        SFR3             00180-0019F              20           1
        SFR30            00F00-00F6F              70           1
        SFR31            00F80-00FEF              70           1
        SFR4             00200-0021F              20           1
        SFR5             00280-0029F              20           1
        SFR6             00300-0031F              20           1
        SFR7             00380-0039F              20           1
        SFR8             00400-0041F              20           1
        SFR9             00480-0049F              20           1
        STACK            02094-023EF             35C           1
        STRCODE          00002-00003               2           2
                         00535-01FFF            1ACB
        STRING           00002-00003               2           2
                         00535-01FFF             100

                                  Symbol Table

?_wireWriteDataByte                         cstackCOMMON 00071
I2C_Read_Byte@count                         cstackCOMMON 00074
I2C_Write_Byte@Byte                         cstackCOMMON 00070
IOCAF4_SetInterruptHandler@InterruptHandler cstackCOMMON 00070
_ANSELA                                     (abs)        0018C
_ANSELB                                     (abs)        0018D
_ANSELC                                     (abs)        0018E
_GestureInterruptHandler                    text40       00524
_I2C_ReStart                                text30       00531
_I2C_Read_Byte                              text29       002B7
_I2C_Send_NACK                              text28       0051C
_I2C_Start                                  text27       0052E
_I2C_Stop                                   text26       0052B
_I2C_Write_Byte                             text25       004BC
_INTCONbits                                 (abs)        0000B
_INTERRUPT_InterruptManager                 intentry     00004
_IOCAF4_DefaultInterruptHandler             text41       00534
_IOCAF4_ISR                                 text39       004D8
_IOCAF4_InterruptHandler                    nvBANK0      0003C
_IOCAF4_SetInterruptHandler                 text35       00510
_IOCAFbits                                  (abs)        00393
_IOCANbits                                  (abs)        00392
_IOCAPbits                                  (abs)        00391
_InitI2C                                    text14       00528
_LATA                                       (abs)        0010C
_LATAbits                                   (abs)        0010C
_LATB                                       (abs)        0010D
_LATC                                       (abs)        0010E
_LATCbits                                   (abs)        0010E
_ODCONA                                     (abs)        0028C
_ODCONB                                     (abs)        0028D
_ODCONC                                     (abs)        0028E
_OSCCON1                                    (abs)        00919
_OSCCON3                                    (abs)        0091B
_OSCEN                                      (abs)        0091D
_OSCFRQ                                     (abs)        0091F
_OSCILLATOR_Initialize                      text36       004F1
_OSCTUNE                                    (abs)        0091E
_PIE0bits                                   (abs)        00090
_PIE1bits                                   (abs)        00091
_PIN_MANAGER_IOC                            text38       00516
_PIN_MANAGER_Initialize                     text34       001E9
_PIR0bits                                   (abs)        00010
_PIR1bits                                   (abs)        00011
_PMD0                                       (abs)        00911
_PMD1                                       (abs)        00912
_PMD2                                       (abs)        00913
_PMD3                                       (abs)        00914
_PMD4                                       (abs)        00915
_PMD5                                       (abs)        00916
_PMD_Initialize                             text33       00502
_RC0PPS                                     (abs)        00EA0
_RC1PPS                                     (abs)        00EA1
_SLRCONA                                    (abs)        0030C
_SLRCONB                                    (abs)        0030D
_SLRCONC                                    (abs)        0030E
_SSP1ADD                                    (abs)        00212
_SSP1BUF                                    (abs)        00211
_SSP1CLKPPS                                 (abs)        00E20
_SSP1CON1                                   (abs)        00215
_SSP1CON1bits                               (abs)        00215
_SSP1CON2                                   (abs)        00216
_SSP1CON2bits                               (abs)        00216
_SSP1DATPPS                                 (abs)        00E21
_SSP1MSK                                    (abs)        00213
_SSP1STAT                                   (abs)        00214
_SSP1STATbits                               (abs)        00214
_SYSTEM_Initialize                          text31       004E5
_TRISA                                      (abs)        0008C
_TRISB                                      (abs)        0008D
_TRISC                                      (abs)        0008E
_WDTCON                                     (abs)        00097
_WDT_Initialize                             text32       00520
_WPUA                                       (abs)        0020C
_WPUB                                       (abs)        0020D
_WPUC                                       (abs)        0020E
__CFG_BOREN$ON                              (abs)        00000
__CFG_BORV$LOW                              (abs)        00000
__CFG_CLKOUTEN$OFF                          (abs)        00000
__CFG_CP$OFF                                (abs)        00000
__CFG_CPD$OFF                               (abs)        00000
__CFG_CSWEN$ON                              (abs)        00000
__CFG_DEBUG$OFF                             (abs)        00000
__CFG_FCMEN$ON                              (abs)        00000
__CFG_FEXTOSC$OFF                           (abs)        00000
__CFG_LPBOREN$OFF                           (abs)        00000
__CFG_LVP$ON                                (abs)        00000
__CFG_MCLRE$ON                              (abs)        00000
__CFG_PPS1WAY$ON                            (abs)        00000
__CFG_PWRTE$OFF                             (abs)        00000
__CFG_RSTOSC$HFINT1                         (abs)        00000
__CFG_STVREN$ON                             (abs)        00000
__CFG_WDTE$OFF                              (abs)        00000
__CFG_WRT$OFF                               (abs)        00000
__Habs1                                     abs1         00000
__Hbank0                                    bank0        00000
__Hbank1                                    bank1        00000
__Hbank10                                   bank10       00000
__Hbank11                                   bank11       00000
__Hbank12                                   bank12       00000
__Hbank13                                   bank13       00000
__Hbank14                                   bank14       00000
__Hbank15                                   bank15       00000
__Hbank16                                   bank16       00000
__Hbank17                                   bank17       00000
__Hbank18                                   bank18       00000
__Hbank19                                   bank19       00000
__Hbank2                                    bank2        00000
__Hbank20                                   bank20       00000
__Hbank21                                   bank21       00000
__Hbank22                                   bank22       00000
__Hbank23                                   bank23       00000
__Hbank24                                   bank24       00000
__Hbank25                                   bank25       00000
__Hbank26                                   bank26       00000
__Hbank27                                   bank27       00000
__Hbank28                                   bank28       00000
__Hbank29                                   bank29       00000
__Hbank3                                    bank3        00000
__Hbank30                                   bank30       00000
__Hbank31                                   bank31       00000
__Hbank4                                    bank4        00000
__Hbank5                                    bank5        00000
__Hbank6                                    bank6        00000
__Hbank7                                    bank7        00000
__Hbank8                                    bank8        00000
__Hbank9                                    bank9        00000
__Hbigram                                   bigram       00000
__HbssBANK0                                 bssBANK0     00000
__HbssBANK1                                 bssBANK1     00000
__Hcinit                                    cinit        00033
__Hclrtext                                  clrtext      00000
__Hcode                                     code         00000
__Hcommon                                   common       00000
__Hconfig                                   config       0800B
__HcstackBANK0                              cstackBANK0  00000
__HcstackCOMMON                             cstackCOMMON 00000
__Heeprom_data                              eeprom_data  00000
__Hend_init                                 end_init     00020
__Hfunctab                                  functab      00000
__Hidloc                                    idloc        00000
__Hinit                                     init         0001E
__Hintentry                                 intentry     0001E
__Hmaintext                                 maintext     00000
__HnvBANK0                                  nvBANK0      00000
__Hpowerup                                  powerup      00000
__Hram                                      ram          00000
__Hreset_vec                                reset_vec    00002
__Hsfr0                                     sfr0         00000
__Hsfr1                                     sfr1         00000
__Hsfr10                                    sfr10        00000
__Hsfr11                                    sfr11        00000
__Hsfr12                                    sfr12        00000
__Hsfr13                                    sfr13        00000
__Hsfr14                                    sfr14        00000
__Hsfr15                                    sfr15        00000
__Hsfr16                                    sfr16        00000
__Hsfr17                                    sfr17        00000
__Hsfr18                                    sfr18        00000
__Hsfr19                                    sfr19        00000
__Hsfr2                                     sfr2         00000
__Hsfr20                                    sfr20        00000
__Hsfr21                                    sfr21        00000
__Hsfr22                                    sfr22        00000
__Hsfr23                                    sfr23        00000
__Hsfr24                                    sfr24        00000
__Hsfr25                                    sfr25        00000
__Hsfr26                                    sfr26        00000
__Hsfr27                                    sfr27        00000
__Hsfr28                                    sfr28        00000
__Hsfr29                                    sfr29        00000
__Hsfr3                                     sfr3         00000
__Hsfr30                                    sfr30        00000
__Hsfr31                                    sfr31        00000
__Hsfr4                                     sfr4         00000
__Hsfr5                                     sfr5         00000
__Hsfr6                                     sfr6         00000
__Hsfr7                                     sfr7         00000
__Hsfr8                                     sfr8         00000
__Hsfr9                                     sfr9         00000
__Hspace_0                                  (abs)        0800B
__Hspace_1                                  (abs)        000E4
__Hspace_2                                  (abs)        00000
__Hspace_3                                  (abs)        00000
__Hstack                                    stack        00000
__Hstrings                                  strings      00000
__Htext                                     text         00000
__Labs1                                     abs1         00000
__Lbank0                                    bank0        00000
__Lbank1                                    bank1        00000
__Lbank10                                   bank10       00000
__Lbank11                                   bank11       00000
__Lbank12                                   bank12       00000
__Lbank13                                   bank13       00000
__Lbank14                                   bank14       00000
__Lbank15                                   bank15       00000
__Lbank16                                   bank16       00000
__Lbank17                                   bank17       00000
__Lbank18                                   bank18       00000
__Lbank19                                   bank19       00000
__Lbank2                                    bank2        00000
__Lbank20                                   bank20       00000
__Lbank21                                   bank21       00000
__Lbank22                                   bank22       00000
__Lbank23                                   bank23       00000
__Lbank24                                   bank24       00000
__Lbank25                                   bank25       00000
__Lbank26                                   bank26       00000
__Lbank27                                   bank27       00000
__Lbank28                                   bank28       00000
__Lbank29                                   bank29       00000
__Lbank3                                    bank3        00000
__Lbank30                                   bank30       00000
__Lbank31                                   bank31       00000
__Lbank4                                    bank4        00000
__Lbank5                                    bank5        00000
__Lbank6                                    bank6        00000
__Lbank7                                    bank7        00000
__Lbank8                                    bank8        00000
__Lbank9                                    bank9        00000
__Lbigram                                   bigram       00000
__LbssBANK0                                 bssBANK0     00000
__LbssBANK1                                 bssBANK1     00000
__Lcinit                                    cinit        00020
__Lclrtext                                  clrtext      00000
__Lcode                                     code         00000
__Lcommon                                   common       00000
__Lconfig                                   config       08007
__LcstackBANK0                              cstackBANK0  00000
__LcstackCOMMON                             cstackCOMMON 00000
__Leeprom_data                              eeprom_data  00000
__Lend_init                                 end_init     0001E
__Lfunctab                                  functab      00000
__Lidloc                                    idloc        00000
__Linit                                     init         0001E
__Lintentry                                 intentry     00004
__Lmaintext                                 maintext     00000
__LnvBANK0                                  nvBANK0      00000
__Lpowerup                                  powerup      00000
__Lram                                      ram          00000
__Lreset_vec                                reset_vec    00000
__Lsfr0                                     sfr0         00000
__Lsfr1                                     sfr1         00000
__Lsfr10                                    sfr10        00000
__Lsfr11                                    sfr11        00000
__Lsfr12                                    sfr12        00000
__Lsfr13                                    sfr13        00000
__Lsfr14                                    sfr14        00000
__Lsfr15                                    sfr15        00000
__Lsfr16                                    sfr16        00000
__Lsfr17                                    sfr17        00000
__Lsfr18                                    sfr18        00000
__Lsfr19                                    sfr19        00000
__Lsfr2                                     sfr2         00000
__Lsfr20                                    sfr20        00000
__Lsfr21                                    sfr21        00000
__Lsfr22                                    sfr22        00000
__Lsfr23                                    sfr23        00000
__Lsfr24                                    sfr24        00000
__Lsfr25                                    sfr25        00000
__Lsfr26                                    sfr26        00000
__Lsfr27                                    sfr27        00000
__Lsfr28                                    sfr28        00000
__Lsfr29                                    sfr29        00000
__Lsfr3                                     sfr3         00000
__Lsfr30                                    sfr30        00000
__Lsfr31                                    sfr31        00000
__Lsfr4                                     sfr4         00000
__Lsfr5                                     sfr5         00000
__Lsfr6                                     sfr6         00000
__Lsfr7                                     sfr7         00000
__Lsfr8                                     sfr8         00000
__Lsfr9                                     sfr9         00000
__Lspace_0                                  (abs)        00000
__Lspace_1                                  (abs)        00000
__Lspace_2                                  (abs)        00000
__Lspace_3                                  (abs)        00000
__Lstack                                    stack        00000
__Lstrings                                  strings      00000
__Ltext                                     text         00000
__S0                                        (abs)        0800B
__S1                                        (abs)        000E4
__S2                                        (abs)        00000
__S3                                        (abs)        00000
___int_sp                                   stack        00000
___latbits                                  (abs)        00002
___sp                                       stack        00000
___stackhi                                  (abs)        023EF
___stacklo                                  (abs)        02094
__end_of_GestureInterruptHandler            text40       00528
__end_of_I2C_ReStart                        text30       00534
__end_of_I2C_Read_Byte                      text29       002E1
__end_of_I2C_Send_NACK                      text28       00520
__end_of_I2C_Start                          text27       00531
__end_of_I2C_Stop                           text26       0052E
__end_of_I2C_Write_Byte                     text25       004CB
__end_of_INTERRUPT_InterruptManager         intentry     0001E
__end_of_IOCAF4_DefaultInterruptHandler     text41       00535
__end_of_IOCAF4_ISR                         text39       004E5
__end_of_IOCAF4_SetInterruptHandler         text35       00516
__end_of_InitI2C                            text14       0052B
__end_of_OSCILLATOR_Initialize              text36       004FA
__end_of_PIN_MANAGER_IOC                    text38       0051C
__end_of_PIN_MANAGER_Initialize             text34       00224
__end_of_PMD_Initialize                     text33       0050A
__end_of_SYSTEM_Initialize                  text31       004F1
__end_of_WDT_Initialize                     text32       00524
__end_of__initialization                    cinit        0002F
__end_of_enableGestureSensor                text15       0019B
__end_of_enablePower                        text20       004D8
__end_of_getMode                            text23       00502
__end_of_initialize                         text1        0013B
__end_of_main                               maintext     00380
__end_of_resetGestureParameters             text19       00478
__end_of_setAmbientLightGain                text13       0044C
__end_of_setGestureEnterThresh              text12       004BC
__end_of_setGestureExitThresh               text11       004AB
__end_of_setGestureGain                     text10       00286
__end_of_setGestureIntEnable                text18       0035B
__end_of_setGestureLEDDrive                 text9        00255
__end_of_setGestureMode                     text17       00410
__end_of_setGestureWaitTime                 text8        003EC
__end_of_setLEDBoost                        text16       002B7
__end_of_setLEDDrive                        text7        00333
__end_of_setLightIntHighThreshold           text6        003C8
__end_of_setLightIntLowThreshold            text5        003A4
__end_of_setMode                            text21       001E9
__end_of_setProxIntHighThresh               text4        0049A
__end_of_setProxIntLowThresh                text3        00489
__end_of_setProximityGain                   text2        0030A
__end_of_wireReadDataByte                   text24       00430
__end_of_wireWriteDataByte                  text22       00463
__initialization                            cinit        00020
__pbssBANK0                                 bssBANK0     00020
__pbssBANK1                                 bssBANK1     000A0
__pcstackBANK0                              cstackBANK0  00036
__pcstackCOMMON                             cstackCOMMON 00070
__pintentry                                 intentry     00004
__pmaintext                                 maintext     0035B
__pnvBANK0                                  nvBANK0      0003C
__ptext1                                    text1        00033
__ptext10                                   text10       00255
__ptext11                                   text11       0049A
__ptext12                                   text12       004AB
__ptext13                                   text13       00430
__ptext14                                   text14       00528
__ptext15                                   text15       0013B
__ptext16                                   text16       00286
__ptext17                                   text17       003EC
__ptext18                                   text18       00333
__ptext19                                   text19       00463
__ptext2                                    text2        002E1
__ptext20                                   text20       004CB
__ptext21                                   text21       0019B
__ptext22                                   text22       0044C
__ptext23                                   text23       004FA
__ptext24                                   text24       00410
__ptext25                                   text25       004BC
__ptext26                                   text26       0052B
__ptext27                                   text27       0052E
__ptext28                                   text28       0051C
__ptext29                                   text29       002B7
__ptext3                                    text3        00478
__ptext30                                   text30       00531
__ptext31                                   text31       004E5
__ptext32                                   text32       00520
__ptext33                                   text33       00502
__ptext34                                   text34       001E9
__ptext35                                   text35       00510
__ptext36                                   text36       004F1
__ptext38                                   text38       00516
__ptext39                                   text39       004D8
__ptext4                                    text4        00489
__ptext40                                   text40       00524
__ptext41                                   text41       00534
__ptext5                                    text5        00380
__ptext6                                    text6        003A4
__ptext7                                    text7        0030A
__ptext8                                    text8        003C8
__ptext9                                    text9        00224
__size_of_GestureInterruptHandler           (abs)        00000
__size_of_I2C_ReStart                       (abs)        00000
__size_of_I2C_Read_Byte                     (abs)        00000
__size_of_I2C_Send_NACK                     (abs)        00000
__size_of_I2C_Start                         (abs)        00000
__size_of_I2C_Stop                          (abs)        00000
__size_of_I2C_Write_Byte                    (abs)        00000
__size_of_INTERRUPT_InterruptManager        (abs)        00000
__size_of_IOCAF4_DefaultInterruptHandler    (abs)        00000
__size_of_IOCAF4_ISR                        (abs)        00000
__size_of_IOCAF4_SetInterruptHandler        (abs)        00000
__size_of_InitI2C                           (abs)        00000
__size_of_OSCILLATOR_Initialize             (abs)        00000
__size_of_PIN_MANAGER_IOC                   (abs)        00000
__size_of_PIN_MANAGER_Initialize            (abs)        00000
__size_of_PMD_Initialize                    (abs)        00000
__size_of_SYSTEM_Initialize                 (abs)        00000
__size_of_WDT_Initialize                    (abs)        00000
__size_of_enableGestureSensor               (abs)        00000
__size_of_enablePower                       (abs)        00000
__size_of_getMode                           (abs)        00000
__size_of_initialize                        (abs)        00000
__size_of_main                              (abs)        00000
__size_of_resetGestureParameters            (abs)        00000
__size_of_setAmbientLightGain               (abs)        00000
__size_of_setGestureEnterThresh             (abs)        00000
__size_of_setGestureExitThresh              (abs)        00000
__size_of_setGestureGain                    (abs)        00000
__size_of_setGestureIntEnable               (abs)        00000
__size_of_setGestureLEDDrive                (abs)        00000
__size_of_setGestureMode                    (abs)        00000
__size_of_setGestureWaitTime                (abs)        00000
__size_of_setLEDBoost                       (abs)        00000
__size_of_setLEDDrive                       (abs)        00000
__size_of_setLightIntHighThreshold          (abs)        00000
__size_of_setLightIntLowThreshold           (abs)        00000
__size_of_setMode                           (abs)        00000
__size_of_setProxIntHighThresh              (abs)        00000
__size_of_setProxIntLowThresh               (abs)        00000
__size_of_setProximityGain                  (abs)        00000
__size_of_wireReadDataByte                  (abs)        00000
__size_of_wireWriteDataByte                 (abs)        00000
_b_i2c_error_flag                           bssBANK0     00034
_enableGestureSensor                        text15       0013B
_enablePower                                text20       004CB
_gesture_data_                              bssBANK1     000A0
_gesture_far_count_                         bssBANK0     00024
_gesture_lr_count_                          bssBANK0     00028
_gesture_lr_delta_                          bssBANK0     0002C
_gesture_motion_                            bssBANK0     00020
_gesture_near_count_                        bssBANK0     00026
_gesture_state_                             bssBANK0     00022
_gesture_ud_count_                          bssBANK0     0002A
_gesture_ud_delta_                          bssBANK0     0002E
_getMode                                    text23       004FA
_handleGestureFlag                          bssBANK0     00035
_i2c1_driver_busCollisionISR                bssBANK0     00032
_i2c1_driver_i2cISR                         bssBANK0     00030
_initialize                                 text1        00033
_main                                       maintext     0035B
_resetGestureParameters                     text19       00463
_setAmbientLightGain                        text13       00430
_setGestureEnterThresh                      text12       004AB
_setGestureExitThresh                       text11       0049A
_setGestureGain                             text10       00255
_setGestureIntEnable                        text18       00333
_setGestureLEDDrive                         text9        00224
_setGestureMode                             text17       003EC
_setGestureWaitTime                         text8        003C8
_setLEDBoost                                text16       00286
_setLEDDrive                                text7        0030A
_setLightIntHighThreshold                   text6        003A4
_setLightIntLowThreshold                    text5        00380
_setMode                                    text21       0019B
_setProxIntHighThresh                       text4        00489
_setProxIntLowThresh                        text3        00478
_setProximityGain                           text2        002E1
_wireReadDataByte                           text24       00410
_wireWriteDataByte                          text22       0044C
btemp                                       (abs)        0007E
clear_ram0                                  clrtext      0050A
enableGestureSensor@interrupts              cstackBANK0  0003B
end_of_initialization                       cinit        0002F
getMode@enable_value                        cstackCOMMON 0007C
initialize@id                               cstackBANK0  0003B
int$flags                                   (abs)        0007E
intlevel0                                   functab      00000
intlevel1                                   functab      00000
intlevel2                                   functab      00000
intlevel3                                   functab      00000
intlevel4                                   functab      00000
intlevel5                                   functab      00000
reset_vec                                   reset_vec    00000
setAmbientLightGain@drive                   cstackCOMMON 0007C
setAmbientLightGain@val                     cstackCOMMON 0007D
setGestureEnterThresh@threshold             cstackCOMMON 00076
setGestureExitThresh@threshold              cstackCOMMON 00076
setGestureGain@gain                         cstackBANK0  00037
setGestureGain@val                          cstackBANK0  00036
setGestureIntEnable@enable                  cstackCOMMON 0007D
setGestureIntEnable@val                     cstackCOMMON 0007C
setGestureLEDDrive@drive                    cstackBANK0  00037
setGestureLEDDrive@val                      cstackBANK0  00036
setGestureMode@mode                         cstackCOMMON 0007C
setGestureMode@val                          cstackCOMMON 0007D
setGestureWaitTime@time                     cstackCOMMON 0007C
setGestureWaitTime@val                      cstackCOMMON 0007D
setLEDBoost@boost                           cstackBANK0  00037
setLEDBoost@val                             cstackBANK0  00036
setLEDDrive@drive                           cstackBANK0  00037
setLEDDrive@val                             cstackBANK0  00036
setLightIntHighThreshold@threshold          cstackCOMMON 00075
setLightIntHighThreshold@val_high           cstackCOMMON 00079
setLightIntHighThreshold@val_low            cstackCOMMON 00078
setLightIntLowThreshold@threshold           cstackCOMMON 00075
setLightIntLowThreshold@val_high            cstackCOMMON 00079
setLightIntLowThreshold@val_low             cstackCOMMON 00078
setMode@enable                              cstackCOMMON 0007D
setMode@mode                                cstackBANK0  00039
setMode@reg_val                             cstackBANK0  00038
setProxIntHighThresh@threshold              cstackCOMMON 00076
setProxIntLowThresh@threshold               cstackCOMMON 00076
setProximityGain@drive                      cstackBANK0  00037
setProximityGain@val                        cstackBANK0  00036
start                                       init         0001E
start_initialization                        cinit        00020
wireReadDataByte@reg                        cstackCOMMON 00079
wireReadDataByte@val                        cstackCOMMON 0007A
wireWriteDataByte@reg                       cstackCOMMON 00074
wireWriteDataByte@val                       cstackCOMMON 00071
wtemp0                                      (abs)        0007E


FUNCTION INFORMATION:

 *************** function _main *****************
 Defined at:
		line 60 in file "main.c"
 Parameters:    Size  Location     Type
		None
 Auto vars:     Size  Location     Type
		None
 Return value:  Size  Location     Type
                  1    wreg      void 
 Registers used:
		wreg, status,2, status,0, pclath, cstack
 Tracked objects:
		On entry : 
		On exit  : 
		Unchanged: 
 Data sizes:     COMMON   BANK0   BANK1   BANK2   BANK3   BANK4   BANK5   BANK6   BANK7   BANK8   BANK9  BANK10  BANK11  BANK12
      Params:         0       0       0       0       0       0       0       0       0       0       0       0       0       0
      Locals:         0       0       0       0       0       0       0       0       0       0       0       0       0       0
      Temps:          0       0       0       0       0       0       0       0       0       0       0       0       0       0
      Totals:         0       0       0       0       0       0       0       0       0       0       0       0       0       0
Total ram usage:        0 bytes
 Hardware stack levels required when called:   10
 This function calls:
		_IOCAF4_SetInterruptHandler
		_SYSTEM_Initialize
		_enableGestureSensor
		_initialize
 This function is called by:
		Startup code after reset
 This function uses a non-reentrant model


 *************** function _initialize *****************
 Defined at:
		line 18 in file "APDS9960.c"
 Parameters:    Size  Location     Type
		None
 Auto vars:     Size  Location     Type
  id              1    5[BANK0 ] unsigned char 
 Return value:  Size  Location     Type
                  1    wreg      _Bool 
 Registers used:
		wreg, status,2, status,0, pclath, cstack
 Tracked objects:
		On entry : 
		On exit  : 
		Unchanged: 
 Data sizes:     COMMON   BANK0   BANK1   BANK2   BANK3   BANK4   BANK5   BANK6   BANK7   BANK8   BANK9  BANK10  BANK11  BANK12
      Params:         0       0       0       0       0       0       0       0       0       0       0       0       0       0
      Locals:         0       1       0       0       0       0       0       0       0       0       0       0       0       0
      Temps:          0       1       0       0       0       0       0       0       0       0       0       0       0       0
      Totals:         0       2       0       0       0       0       0       0       0       0       0       0       0       0
Total ram usage:        2 bytes
 Hardware stack levels used:    1
 Hardware stack levels required when called:    8
 This function calls:
		_InitI2C
		_setAmbientLightGain
		_setGestureEnterThresh
		_setGestureExitThresh
		_setGestureGain
		_setGestureIntEnable
		_setGestureLEDDrive
		_setGestureWaitTime
		_setLEDDrive
		_setLightIntHighThreshold
		_setLightIntLowThreshold
		_setMode
		_setProxIntHighThresh
		_setProxIntLowThresh
		_setProximityGain
		_wireReadDataByte
		_wireWriteDataByte
 This function is called by:
		_main
 This function uses a non-reentrant model


 *************** function _setProximityGain *****************
 Defined at:
		line 186 in file "APDS9960.c"
 Parameters:    Size  Location     Type
  drive           1    wreg     unsigned char 
 Auto vars:     Size  Location     Type
  drive           1    1[BANK0 ] unsigned char 
  val             1    0[BANK0 ] unsigned char 
 Return value:  Size  Location     Type
                  1    wreg      _Bool 
 Registers used:
		wreg, status,2, status,0, pclath, cstack
 Tracked objects:
		On entry : 
		On exit  : 
		Unchanged: 
 Data sizes:     COMMON   BANK0   BANK1   BANK2   BANK3   BANK4   BANK5   BANK6   BANK7   BANK8   BANK9  BANK10  BANK11  BANK12
      Params:         0       0       0       0       0       0       0       0       0       0       0       0       0       0
      Locals:         0       2       0       0       0       0       0       0       0       0       0       0       0       0
      Temps:          2       0       0       0       0       0       0       0       0       0       0       0       0       0
      Totals:         2       2       0       0       0       0       0       0       0       0       0       0       0       0
Total ram usage:        4 bytes
 Hardware stack levels used:    1
 Hardware stack levels required when called:    6
 This function calls:
		_wireReadDataByte
		_wireWriteDataByte
 This function is called by:
		_initialize
 This function uses a non-reentrant model


 *************** function _setProxIntLowThresh *****************
 Defined at:
		line 228 in file "APDS9960.c"
 Parameters:    Size  Location     Type
  threshold       1    wreg     unsigned char 
 Auto vars:     Size  Location     Type
  threshold       1    6[COMMON] unsigned char 
 Return value:  Size  Location     Type
                  1    wreg      _Bool 
 Registers used:
		wreg, status,2, status,0, pclath, cstack
 Tracked objects:
		On entry : 
		On exit  : 
		Unchanged: 
 Data sizes:     COMMON   BANK0   BANK1   BANK2   BANK3   BANK4   BANK5   BANK6   BANK7   BANK8   BANK9  BANK10  BANK11  BANK12
      Params:         0       0       0       0       0       0       0       0       0       0       0       0       0       0
      Locals:         1       0       0       0       0       0       0       0       0       0       0       0       0       0
      Temps:          1       0       0       0       0       0       0       0       0       0       0       0       0       0
      Totals:         2       0       0       0       0       0       0       0       0       0       0       0       0       0
Total ram usage:        2 bytes
 Hardware stack levels used:    1
 Hardware stack levels required when called:    6
 This function calls:
		_wireWriteDataByte
 This function is called by:
		_initialize
 This function uses a non-reentrant model


 *************** function _setProxIntHighThresh *****************
 Defined at:
		line 238 in file "APDS9960.c"
 Parameters:    Size  Location     Type
  threshold       1    wreg     unsigned char 
 Auto vars:     Size  Location     Type
  threshold       1    6[COMMON] unsigned char 
 Return value:  Size  Location     Type
                  1    wreg      _Bool 
 Registers used:
		wreg, status,2, status,0, pclath, cstack
 Tracked objects:
		On entry : 
		On exit  : 
		Unchanged: 
 Data sizes:     COMMON   BANK0   BANK1   BANK2   BANK3   BANK4   BANK5   BANK6   BANK7   BANK8   BANK9  BANK10  BANK11  BANK12
      Params:         0       0       0       0       0       0       0       0       0       0       0       0       0       0
      Locals:         1       0       0       0       0       0       0       0       0       0       0       0       0       0
      Temps:          1       0       0       0       0       0       0       0       0       0       0       0       0       0
      Totals:         2       0       0       0       0       0       0       0       0       0       0       0       0       0
Total ram usage:        2 bytes
 Hardware stack levels used:    1
 Hardware stack levels required when called:    6
 This function calls:
		_wireWriteDataByte
 This function is called by:
		_initialize
 This function uses a non-reentrant model


 *************** function _setLightIntLowThreshold *****************
 Defined at:
		line 248 in file "APDS9960.c"
 Parameters:    Size  Location     Type
  threshold       2    5[COMMON] unsigned short 
 Auto vars:     Size  Location     Type
  val_high        1    9[COMMON] unsigned char 
  val_low         1    8[COMMON] unsigned char 
 Return value:  Size  Location     Type
                  1    wreg      _Bool 
 Registers used:
		wreg, status,2, status,0, pclath, cstack
 Tracked objects:
		On entry : 
		On exit  : 
		Unchanged: 
 Data sizes:     COMMON   BANK0   BANK1   BANK2   BANK3   BANK4   BANK5   BANK6   BANK7   BANK8   BANK9  BANK10  BANK11  BANK12
      Params:         2       0       0       0       0       0       0       0       0       0       0       0       0       0
      Locals:         2       0       0       0       0       0       0       0       0       0       0       0       0       0
      Temps:          1       0       0       0       0       0       0       0       0       0       0       0       0       0
      Totals:         5       0       0       0       0       0       0       0       0       0       0       0       0       0
Total ram usage:        5 bytes
 Hardware stack levels used:    1
 Hardware stack levels required when called:    6
 This function calls:
		_wireWriteDataByte
 This function is called by:
		_initialize
 This function uses a non-reentrant model


 *************** function _setLightIntHighThreshold *****************
 Defined at:
		line 271 in file "APDS9960.c"
 Parameters:    Size  Location     Type
  threshold       2    5[COMMON] unsigned short 
 Auto vars:     Size  Location     Type
  val_high        1    9[COMMON] unsigned char 
  val_low         1    8[COMMON] unsigned char 
 Return value:  Size  Location     Type
                  1    wreg      _Bool 
 Registers used:
		wreg, status,2, status,0, pclath, cstack
 Tracked objects:
		On entry : 
		On exit  : 
		Unchanged: 
 Data sizes:     COMMON   BANK0   BANK1   BANK2   BANK3   BANK4   BANK5   BANK6   BANK7   BANK8   BANK9  BANK10  BANK11  BANK12
      Params:         2       0       0       0       0       0       0       0       0       0       0       0       0       0
      Locals:         2       0       0       0       0       0       0       0       0       0       0       0       0       0
      Temps:          1       0       0       0       0       0       0       0       0       0       0       0       0       0
      Totals:         5       0       0       0       0       0       0       0       0       0       0       0       0       0
Total ram usage:        5 bytes
 Hardware stack levels used:    1
 Hardware stack levels required when called:    6
 This function calls:
		_wireWriteDataByte
 This function is called by:
		_initialize
 This function uses a non-reentrant model


 *************** function _setLEDDrive *****************
 Defined at:
		line 164 in file "APDS9960.c"
 Parameters:    Size  Location     Type
  drive           1    wreg     unsigned char 
 Auto vars:     Size  Location     Type
  drive           1    1[BANK0 ] unsigned char 
  val             1    0[BANK0 ] unsigned char 
 Return value:  Size  Location     Type
                  1    wreg      _Bool 
 Registers used:
		wreg, status,2, status,0, pclath, cstack
 Tracked objects:
		On entry : 
		On exit  : 
		Unchanged: 
 Data sizes:     COMMON   BANK0   BANK1   BANK2   BANK3   BANK4   BANK5   BANK6   BANK7   BANK8   BANK9  BANK10  BANK11  BANK12
      Params:         0       0       0       0       0       0       0       0       0       0       0       0       0       0
      Locals:         0       2       0       0       0       0       0       0       0       0       0       0       0       0
      Temps:          2       0       0       0       0       0       0       0       0       0       0       0       0       0
      Totals:         2       2       0       0       0       0       0       0       0       0       0       0       0       0
Total ram usage:        4 bytes
 Hardware stack levels used:    1
 Hardware stack levels required when called:    6
 This function calls:
		_wireReadDataByte
		_wireWriteDataByte
 This function is called by:
		_initialize
 This function uses a non-reentrant model


 *************** function _setGestureWaitTime *****************
 Defined at:
		line 360 in file "APDS9960.c"
 Parameters:    Size  Location     Type
  time            1    wreg     unsigned char 
 Auto vars:     Size  Location     Type
  time            1   12[COMMON] unsigned char 
  val             1   13[COMMON] unsigned char 
 Return value:  Size  Location     Type
                  1    wreg      _Bool 
 Registers used:
		wreg, status,2, status,0, pclath, cstack
 Tracked objects:
		On entry : 
		On exit  : 
		Unchanged: 
 Data sizes:     COMMON   BANK0   BANK1   BANK2   BANK3   BANK4   BANK5   BANK6   BANK7   BANK8   BANK9  BANK10  BANK11  BANK12
      Params:         0       0       0       0       0       0       0       0       0       0       0       0       0       0
      Locals:         2       0       0       0       0       0       0       0       0       0       0       0       0       0
      Temps:          1       0       0       0       0       0       0       0       0       0       0       0       0       0
      Totals:         3       0       0       0       0       0       0       0       0       0       0       0       0       0
Total ram usage:        3 bytes
 Hardware stack levels used:    1
 Hardware stack levels required when called:    6
 This function calls:
		_wireReadDataByte
		_wireWriteDataByte
 This function is called by:
		_initialize
 This function uses a non-reentrant model


 *************** function _setGestureLEDDrive *****************
 Defined at:
		line 337 in file "APDS9960.c"
 Parameters:    Size  Location     Type
  drive           1    wreg     unsigned char 
 Auto vars:     Size  Location     Type
  drive           1    1[BANK0 ] unsigned char 
  val             1    0[BANK0 ] unsigned char 
 Return value:  Size  Location     Type
                  1    wreg      _Bool 
 Registers used:
		wreg, status,2, status,0, pclath, cstack
 Tracked objects:
		On entry : 
		On exit  : 
		Unchanged: 
 Data sizes:     COMMON   BANK0   BANK1   BANK2   BANK3   BANK4   BANK5   BANK6   BANK7   BANK8   BANK9  BANK10  BANK11  BANK12
      Params:         0       0       0       0       0       0       0       0       0       0       0       0       0       0
      Locals:         0       2       0       0       0       0       0       0       0       0       0       0       0       0
      Temps:          2       0       0       0       0       0       0       0       0       0       0       0       0       0
      Totals:         2       2       0       0       0       0       0       0       0       0       0       0       0       0
Total ram usage:        4 bytes
 Hardware stack levels used:    1
 Hardware stack levels required when called:    6
 This function calls:
		_wireReadDataByte
		_wireWriteDataByte
 This function is called by:
		_initialize
 This function uses a non-reentrant model


 *************** function _setGestureGain *****************
 Defined at:
		line 314 in file "APDS9960.c"
 Parameters:    Size  Location     Type
  gain            1    wreg     unsigned char 
 Auto vars:     Size  Location     Type
  gain            1    1[BANK0 ] unsigned char 
  val             1    0[BANK0 ] unsigned char 
 Return value:  Size  Location     Type
                  1    wreg      _Bool 
 Registers used:
		wreg, status,2, status,0, pclath, cstack
 Tracked objects:
		On entry : 
		On exit  : 
		Unchanged: 
 Data sizes:     COMMON   BANK0   BANK1   BANK2   BANK3   BANK4   BANK5   BANK6   BANK7   BANK8   BANK9  BANK10  BANK11  BANK12
      Params:         0       0       0       0       0       0       0       0       0       0       0       0       0       0
      Locals:         0       2       0       0       0       0       0       0       0       0       0       0       0       0
      Temps:          2       0       0       0       0       0       0       0       0       0       0       0       0       0
      Totals:         2       2       0       0       0       0       0       0       0       0       0       0       0       0
Total ram usage:        4 bytes
 Hardware stack levels used:    1
 Hardware stack levels required when called:    6
 This function calls:
		_wireReadDataByte
		_wireWriteDataByte
 This function is called by:
		_initialize
 This function uses a non-reentrant model


 *************** function _setGestureExitThresh *****************
 Defined at:
		line 304 in file "APDS9960.c"
 Parameters:    Size  Location     Type
  threshold       1    wreg     unsigned char 
 Auto vars:     Size  Location     Type
  threshold       1    6[COMMON] unsigned char 
 Return value:  Size  Location     Type
                  1    wreg      _Bool 
 Registers used:
		wreg, status,2, status,0, pclath, cstack
 Tracked objects:
		On entry : 
		On exit  : 
		Unchanged: 
 Data sizes:     COMMON   BANK0   BANK1   BANK2   BANK3   BANK4   BANK5   BANK6   BANK7   BANK8   BANK9  BANK10  BANK11  BANK12
      Params:         0       0       0       0       0       0       0       0       0       0       0       0       0       0
      Locals:         1       0       0       0       0       0       0       0       0       0       0       0       0       0
      Temps:          1       0       0       0       0       0       0       0       0       0       0       0       0       0
      Totals:         2       0       0       0       0       0       0       0       0       0       0       0       0       0
Total ram usage:        2 bytes
 Hardware stack levels used:    1
 Hardware stack levels required when called:    6
 This function calls:
		_wireWriteDataByte
 This function is called by:
		_initialize
 This function uses a non-reentrant model


 *************** function _setGestureEnterThresh *****************
 Defined at:
		line 294 in file "APDS9960.c"
 Parameters:    Size  Location     Type
  threshold       1    wreg     unsigned char 
 Auto vars:     Size  Location     Type
  threshold       1    6[COMMON] unsigned char 
 Return value:  Size  Location     Type
                  1    wreg      _Bool 
 Registers used:
		wreg, status,2, status,0, pclath, cstack
 Tracked objects:
		On entry : 
		On exit  : 
		Unchanged: 
 Data sizes:     COMMON   BANK0   BANK1   BANK2   BANK3   BANK4   BANK5   BANK6   BANK7   BANK8   BANK9  BANK10  BANK11  BANK12
      Params:         0       0       0       0       0       0       0       0       0       0       0       0       0       0
      Locals:         1       0       0       0       0       0       0       0       0       0       0       0       0       0
      Temps:          1       0       0       0       0       0       0       0       0       0       0       0       0       0
      Totals:         2       0       0       0       0       0       0       0       0       0       0       0       0       0
Total ram usage:        2 bytes
 Hardware stack levels used:    1
 Hardware stack levels required when called:    6
 This function calls:
		_wireWriteDataByte
 This function is called by:
		_initialize
 This function uses a non-reentrant model


 *************** function _setAmbientLightGain *****************
 Defined at:
		line 207 in file "APDS9960.c"
 Parameters:    Size  Location     Type
  drive           1    wreg     unsigned char 
 Auto vars:     Size  Location     Type
  drive           1   12[COMMON] unsigned char 
  val             1   13[COMMON] unsigned char 
 Return value:  Size  Location     Type
                  1    wreg      _Bool 
 Registers used:
		wreg, status,2, status,0, pclath, cstack
 Tracked objects:
		On entry : 
		On exit  : 
		Unchanged: 
 Data sizes:     COMMON   BANK0   BANK1   BANK2   BANK3   BANK4   BANK5   BANK6   BANK7   BANK8   BANK9  BANK10  BANK11  BANK12
      Params:         0       0       0       0       0       0       0       0       0       0       0       0       0       0
      Locals:         2       0       0       0       0       0       0       0       0       0       0       0       0       0
      Temps:          1       0       0       0       0       0       0       0       0       0       0       0       0       0
      Totals:         3       0       0       0       0       0       0       0       0       0       0       0       0       0
Total ram usage:        3 bytes
 Hardware stack levels used:    1
 Hardware stack levels required when called:    6
 This function calls:
		_wireReadDataByte
		_wireWriteDataByte
 This function is called by:
		_initialize
 This function uses a non-reentrant model


 *************** function _InitI2C *****************
 Defined at:
		line 15 in file "i2c.c"
 Parameters:    Size  Location     Type
		None
 Auto vars:     Size  Location     Type
		None
 Return value:  Size  Location     Type
                  1    wreg      void 
 Registers used:
		None
 Tracked objects:
		On entry : 
		On exit  : 
		Unchanged: 
 Data sizes:     COMMON   BANK0   BANK1   BANK2   BANK3   BANK4   BANK5   BANK6   BANK7   BANK8   BANK9  BANK10  BANK11  BANK12
      Params:         0       0       0       0       0       0       0       0       0       0       0       0       0       0
      Locals:         0       0       0       0       0       0       0       0       0       0       0       0       0       0
      Temps:          0       0       0       0       0       0       0       0       0       0       0       0       0       0
      Totals:         0       0       0       0       0       0       0       0       0       0       0       0       0       0
Total ram usage:        0 bytes
 Hardware stack levels used:    1
 Hardware stack levels required when called:    4
 This function calls:
		Nothing
 This function is called by:
		_initialize
 This function uses a non-reentrant model


 *************** function _enableGestureSensor *****************
 Defined at:
		line 403 in file "APDS9960.c"
 Parameters:    Size  Location     Type
  interrupts      1    wreg     _Bool 
 Auto vars:     Size  Location     Type
  interrupts      1    5[BANK0 ] _Bool 
 Return value:  Size  Location     Type
                  1    wreg      _Bool 
 Registers used:
		wreg, status,2, status,0, pclath, cstack
 Tracked objects:
		On entry : 
		On exit  : 
		Unchanged: 
 Data sizes:     COMMON   BANK0   BANK1   BANK2   BANK3   BANK4   BANK5   BANK6   BANK7   BANK8   BANK9  BANK10  BANK11  BANK12
      Params:         0       0       0       0       0       0       0       0       0       0       0       0       0       0
      Locals:         0       1       0       0       0       0       0       0       0       0       0       0       0       0
      Temps:          0       1       0       0       0       0       0       0       0       0       0       0       0       0
      Totals:         0       2       0       0       0       0       0       0       0       0       0       0       0       0
Total ram usage:        2 bytes
 Hardware stack levels used:    1
 Hardware stack levels required when called:    9
 This function calls:
		_enablePower
		_resetGestureParameters
		_setGestureIntEnable
		_setGestureMode
		_setLEDBoost
		_setMode
		_wireWriteDataByte
 This function is called by:
		_main
 This function uses a non-reentrant model


 *************** function _setLEDBoost *****************
 Defined at:
		line 478 in file "APDS9960.c"
 Parameters:    Size  Location     Type
  boost           1    wreg     unsigned char 
 Auto vars:     Size  Location     Type
  boost           1    1[BANK0 ] unsigned char 
  val             1    0[BANK0 ] unsigned char 
 Return value:  Size  Location     Type
                  1    wreg      _Bool 
 Registers used:
		wreg, status,2, status,0, pclath, cstack
 Tracked objects:
		On entry : 
		On exit  : 
		Unchanged: 
 Data sizes:     COMMON   BANK0   BANK1   BANK2   BANK3   BANK4   BANK5   BANK6   BANK7   BANK8   BANK9  BANK10  BANK11  BANK12
      Params:         0       0       0       0       0       0       0       0       0       0       0       0       0       0
      Locals:         0       2       0       0       0       0       0       0       0       0       0       0       0       0
      Temps:          2       0       0       0       0       0       0       0       0       0       0       0       0       0
      Totals:         2       2       0       0       0       0       0       0       0       0       0       0       0       0
Total ram usage:        4 bytes
 Hardware stack levels used:    1
 Hardware stack levels required when called:    6
 This function calls:
		_wireReadDataByte
		_wireWriteDataByte
 This function is called by:
		_enableGestureSensor
 This function uses a non-reentrant model


 *************** function _setGestureMode *****************
 Defined at:
		line 500 in file "APDS9960.c"
 Parameters:    Size  Location     Type
  mode            1    wreg     unsigned char 
 Auto vars:     Size  Location     Type
  mode            1   12[COMMON] unsigned char 
  val             1   13[COMMON] unsigned char 
 Return value:  Size  Location     Type
                  1    wreg      _Bool 
 Registers used:
		wreg, status,2, status,0, pclath, cstack
 Tracked objects:
		On entry : 
		On exit  : 
		Unchanged: 
 Data sizes:     COMMON   BANK0   BANK1   BANK2   BANK3   BANK4   BANK5   BANK6   BANK7   BANK8   BANK9  BANK10  BANK11  BANK12
      Params:         0       0       0       0       0       0       0       0       0       0       0       0       0       0
      Locals:         2       0       0       0       0       0       0       0       0       0       0       0       0       0
      Temps:          1       0       0       0       0       0       0       0       0       0       0       0       0       0
      Totals:         3       0       0       0       0       0       0       0       0       0       0       0       0       0
Total ram usage:        3 bytes
 Hardware stack levels used:    1
 Hardware stack levels required when called:    6
 This function calls:
		_wireReadDataByte
		_wireWriteDataByte
 This function is called by:
		_enableGestureSensor
 This function uses a non-reentrant model


 *************** function _setGestureIntEnable *****************
 Defined at:
		line 381 in file "APDS9960.c"
 Parameters:    Size  Location     Type
  enable          1    wreg     unsigned char 
 Auto vars:     Size  Location     Type
  enable          1   13[COMMON] unsigned char 
  val             1   12[COMMON] unsigned char 
 Return value:  Size  Location     Type
                  1    wreg      _Bool 
 Registers used:
		wreg, status,2, status,0, pclath, cstack
 Tracked objects:
		On entry : 
		On exit  : 
		Unchanged: 
 Data sizes:     COMMON   BANK0   BANK1   BANK2   BANK3   BANK4   BANK5   BANK6   BANK7   BANK8   BANK9  BANK10  BANK11  BANK12
      Params:         0       0       0       0       0       0       0       0       0       0       0       0       0       0
      Locals:         2       0       0       0       0       0       0       0       0       0       0       0       0       0
      Temps:          1       0       0       0       0       0       0       0       0       0       0       0       0       0
      Totals:         3       0       0       0       0       0       0       0       0       0       0       0       0       0
Total ram usage:        3 bytes
 Hardware stack levels used:    1
 Hardware stack levels required when called:    6
 This function calls:
		_wireReadDataByte
		_wireWriteDataByte
 This function is called by:
		_initialize
		_enableGestureSensor
 This function uses a non-reentrant model


 *************** function _resetGestureParameters *****************
 Defined at:
		line 451 in file "APDS9960.c"
 Parameters:    Size  Location     Type
		None
 Auto vars:     Size  Location     Type
		None
 Return value:  Size  Location     Type
                  1    wreg      void 
 Registers used:
		status,2
 Tracked objects:
		On entry : 
		On exit  : 
		Unchanged: 
 Data sizes:     COMMON   BANK0   BANK1   BANK2   BANK3   BANK4   BANK5   BANK6   BANK7   BANK8   BANK9  BANK10  BANK11  BANK12
      Params:         0       0       0       0       0       0       0       0       0       0       0       0       0       0
      Locals:         0       0       0       0       0       0       0       0       0       0       0       0       0       0
      Temps:          0       0       0       0       0       0       0       0       0       0       0       0       0       0
      Totals:         0       0       0       0       0       0       0       0       0       0       0       0       0       0
Total ram usage:        0 bytes
 Hardware stack levels used:    1
 Hardware stack levels required when called:    4
[...]
      Totals:         0       0       0       0       0       0       0       0       0       0       0       0       0       0
Total ram usage:        0 bytes
 Hardware stack levels used:    1
 Hardware stack levels required when called:    4
 This function calls:
		Nothing
 This function is called by:
		_wireReadDataByte
		_wireReadDataBlock
 This function uses a non-reentrant model


 *************** function _I2C_Read_Byte *****************
 Defined at:
		line 92 in file "i2c.c"
 Parameters:    Size  Location     Type
		None
 Auto vars:     Size  Location     Type
  count           4    4[COMMON] unsigned long 
 Return value:  Size  Location     Type
                  1    wreg      unsigned char 
 Registers used:
		wreg
 Tracked objects:
		On entry : 
		On exit  : 
		Unchanged: 
 Data sizes:     COMMON   BANK0   BANK1   BANK2   BANK3   BANK4   BANK5   BANK6   BANK7   BANK8   BANK9  BANK10  BANK11  BANK12
      Params:         0       0       0       0       0       0       0       0       0       0       0       0       0       0
      Locals:         4       0       0       0       0       0       0       0       0       0       0       0       0       0
      Temps:          4       0       0       0       0       0       0       0       0       0       0       0       0       0
      Totals:         8       0       0       0       0       0       0       0       0       0       0       0       0       0
Total ram usage:        8 bytes
 Hardware stack levels used:    1
 Hardware stack levels required when called:    4
 This function calls:
		Nothing
 This function is called by:
		_wireReadDataByte
		_wireReadDataBlock
 This function uses a non-reentrant model


 *************** function _I2C_ReStart *****************
 Defined at:
		line 41 in file "i2c.c"
 Parameters:    Size  Location     Type
		None
 Auto vars:     Size  Location     Type
		None
 Return value:  Size  Location     Type
                  1    wreg      void 
 Registers used:
		None
 Tracked objects:
		On entry : 
		On exit  : 
		Unchanged: 
 Data sizes:     COMMON   BANK0   BANK1   BANK2   BANK3   BANK4   BANK5   BANK6   BANK7   BANK8   BANK9  BANK10  BANK11  BANK12
      Params:         0       0       0       0       0       0       0       0       0       0       0       0       0       0
      Locals:         0       0       0       0       0       0       0       0       0       0       0       0       0       0
      Temps:          0       0       0       0       0       0       0       0       0       0       0       0       0       0
      Totals:         0       0       0       0       0       0       0       0       0       0       0       0       0       0
Total ram usage:        0 bytes
 Hardware stack levels used:    1
 Hardware stack levels required when called:    4
 This function calls:
		Nothing
 This function is called by:
		_wireReadDataByte
		_wireReadDataBlock
 This function uses a non-reentrant model


 *************** function _SYSTEM_Initialize *****************
 Defined at:
		line 50 in file "mcc_generated_files/mcc.c"
 Parameters:    Size  Location     Type
		None
 Auto vars:     Size  Location     Type
		None
 Return value:  Size  Location     Type
                  1    wreg      void 
 Registers used:
		wreg, status,2, status,0, pclath, cstack
 Tracked objects:
		On entry : 
		On exit  : 
		Unchanged: 
 Data sizes:     COMMON   BANK0   BANK1   BANK2   BANK3   BANK4   BANK5   BANK6   BANK7   BANK8   BANK9  BANK10  BANK11  BANK12
      Params:         0       0       0       0       0       0       0       0       0       0       0       0       0       0
      Locals:         0       0       0       0       0       0       0       0       0       0       0       0       0       0
      Temps:          0       0       0       0       0       0       0       0       0       0       0       0       0       0
      Totals:         0       0       0       0       0       0       0       0       0       0       0       0       0       0
Total ram usage:        0 bytes
 Hardware stack levels used:    1
 Hardware stack levels required when called:    6
 This function calls:
		_OSCILLATOR_Initialize
		_PIN_MANAGER_Initialize
		_PMD_Initialize
		_WDT_Initialize
 This function is called by:
		_main
 This function uses a non-reentrant model


 *************** function _WDT_Initialize *****************
 Defined at:
		line 73 in file "mcc_generated_files/mcc.c"
 Parameters:    Size  Location     Type
		None
 Auto vars:     Size  Location     Type
		None
 Return value:  Size  Location     Type
                  1    wreg      void 
 Registers used:
		wreg
 Tracked objects:
		On entry : 
		On exit  : 
		Unchanged: 
 Data sizes:     COMMON   BANK0   BANK1   BANK2   BANK3   BANK4   BANK5   BANK6   BANK7   BANK8   BANK9  BANK10  BANK11  BANK12
      Params:         0       0       0       0       0       0       0       0       0       0       0       0       0       0
      Locals:         0       0       0       0       0       0       0       0       0       0       0       0       0       0
      Temps:          0       0       0       0       0       0       0       0       0       0       0       0       0       0
      Totals:         0       0       0       0       0       0       0       0       0       0       0       0       0       0
Total ram usage:        0 bytes
 Hardware stack levels used:    1
 Hardware stack levels required when called:    4
 This function calls:
		Nothing
 This function is called by:
		_SYSTEM_Initialize
 This function uses a non-reentrant model


 *************** function _PMD_Initialize *****************
 Defined at:
		line 79 in file "mcc_generated_files/mcc.c"
 Parameters:    Size  Location     Type
		None
 Auto vars:     Size  Location     Type
		None
 Return value:  Size  Location     Type
                  1    wreg      void 
 Registers used:
		status,2
 Tracked objects:
		On entry : 
		On exit  : 
		Unchanged: 
 Data sizes:     COMMON   BANK0   BANK1   BANK2   BANK3   BANK4   BANK5   BANK6   BANK7   BANK8   BANK9  BANK10  BANK11  BANK12
      Params:         0       0       0       0       0       0       0       0       0       0       0       0       0       0
      Locals:         0       0       0       0       0       0       0       0       0       0       0       0       0       0
      Temps:          0       0       0       0       0       0       0       0       0       0       0       0       0       0
      Totals:         0       0       0       0       0       0       0       0       0       0       0       0       0       0
Total ram usage:        0 bytes
 Hardware stack levels used:    1
 Hardware stack levels required when called:    4
 This function calls:
		Nothing
 This function is called by:
		_SYSTEM_Initialize
 This function uses a non-reentrant model


 *************** function _PIN_MANAGER_Initialize *****************
 Defined at:
		line 57 in file "mcc_generated_files/pin_manager.c"
 Parameters:    Size  Location     Type
		None
 Auto vars:     Size  Location     Type
		None
 Return value:  Size  Location     Type
                  1    wreg      void 
 Registers used:
		wreg, status,2, status,0, pclath, cstack
 Tracked objects:
		On entry : 
		On exit  : 
		Unchanged: 
 Data sizes:     COMMON   BANK0   BANK1   BANK2   BANK3   BANK4   BANK5   BANK6   BANK7   BANK8   BANK9  BANK10  BANK11  BANK12
      Params:         0       0       0       0       0       0       0       0       0       0       0       0       0       0
      Locals:         0       0       0       0       0       0       0       0       0       0       0       0       0       0
      Temps:          0       0       0       0       0       0       0       0       0       0       0       0       0       0
      Totals:         0       0       0       0       0       0       0       0       0       0       0       0       0       0
Total ram usage:        0 bytes
 Hardware stack levels used:    1
 Hardware stack levels required when called:    5
 This function calls:
		_IOCAF4_SetInterruptHandler
 This function is called by:
		_SYSTEM_Initialize
 This function uses a non-reentrant model


 *************** function _IOCAF4_SetInterruptHandler *****************
 Defined at:
		line 154 in file "mcc_generated_files/pin_manager.c"
 Parameters:    Size  Location     Type
  InterruptHan    2    0[COMMON] PTR FTN()void 
		 -> GestureInterruptHandler(1), IOCAF4_DefaultInterruptHandler(1), 
 Auto vars:     Size  Location     Type
		None
 Return value:  Size  Location     Type
                  1    wreg      void 
 Registers used:
		wreg
 Tracked objects:
		On entry : 
		On exit  : 
		Unchanged: 
 Data sizes:     COMMON   BANK0   BANK1   BANK2   BANK3   BANK4   BANK5   BANK6   BANK7   BANK8   BANK9  BANK10  BANK11  BANK12
      Params:         2       0       0       0       0       0       0       0       0       0       0       0       0       0
      Locals:         0       0       0       0       0       0       0       0       0       0       0       0       0       0
      Temps:          0       0       0       0       0       0       0       0       0       0       0       0       0       0
      Totals:         2       0       0       0       0       0       0       0       0       0       0       0       0       0
Total ram usage:        2 bytes
 Hardware stack levels used:    1
 Hardware stack levels required when called:    4
 This function calls:
		Nothing
 This function is called by:
		_PIN_MANAGER_Initialize
		_main
 This function uses a non-reentrant model


 *************** function _OSCILLATOR_Initialize *****************
 Defined at:
		line 59 in file "mcc_generated_files/mcc.c"
 Parameters:    Size  Location     Type
		None
 Auto vars:     Size  Location     Type
		None
 Return value:  Size  Location     Type
                  1    wreg      void 
 Registers used:
		wreg, status,2
 Tracked objects:
		On entry : 
		On exit  : 
		Unchanged: 
 Data sizes:     COMMON   BANK0   BANK1   BANK2   BANK3   BANK4   BANK5   BANK6   BANK7   BANK8   BANK9  BANK10  BANK11  BANK12
      Params:         0       0       0       0       0       0       0       0       0       0       0       0       0       0
      Locals:         0       0       0       0       0       0       0       0       0       0       0       0       0       0
      Temps:          0       0       0       0       0       0       0       0       0       0       0       0       0       0
      Totals:         0       0       0       0       0       0       0       0       0       0       0       0       0       0
Total ram usage:        0 bytes
 Hardware stack levels used:    1
 Hardware stack levels required when called:    4
 This function calls:
		Nothing
 This function is called by:
		_SYSTEM_Initialize
 This function uses a non-reentrant model


 *************** function _INTERRUPT_InterruptManager *****************
 Defined at:
		line 52 in file "mcc_generated_files/interrupt_manager.c"
 Parameters:    Size  Location     Type
		None
 Auto vars:     Size  Location     Type
		None
 Return value:  Size  Location     Type
                  1    wreg      void 
 Registers used:
		wreg, status,2, status,0, pclath, cstack
 Tracked objects:
		On entry : 
		On exit  : 
		Unchanged: 
 Data sizes:     COMMON   BANK0   BANK1   BANK2   BANK3   BANK4   BANK5   BANK6   BANK7   BANK8   BANK9  BANK10  BANK11  BANK12
      Params:         0       0       0       0       0       0       0       0       0       0       0       0       0       0
      Locals:         0       0       0       0       0       0       0       0       0       0       0       0       0       0
      Temps:          0       0       0       0       0       0       0       0       0       0       0       0       0       0
      Totals:         0       0       0       0       0       0       0       0       0       0       0       0       0       0
Total ram usage:        0 bytes
 Hardware stack levels used:    1
 Hardware stack levels required when called:    3
 This function calls:
		_PIN_MANAGER_IOC
 This function is called by:
		Interrupt level 1
 This function uses a non-reentrant model


 *************** function _PIN_MANAGER_IOC *****************
 Defined at:
		line 127 in file "mcc_generated_files/pin_manager.c"
 Parameters:    Size  Location     Type
		None
 Auto vars:     Size  Location     Type
		None
 Return value:  Size  Location     Type
                  1    wreg      void 
 Registers used:
		wreg, status,2, status,0, pclath, cstack
 Tracked objects:
		On entry : 
		On exit  : 
		Unchanged: 
 Data sizes:     COMMON   BANK0   BANK1   BANK2   BANK3   BANK4   BANK5   BANK6   BANK7   BANK8   BANK9  BANK10  BANK11  BANK12
      Params:         0       0       0       0       0       0       0       0       0       0       0       0       0       0
      Locals:         0       0       0       0       0       0       0       0       0       0       0       0       0       0
      Temps:          0       0       0       0       0       0       0       0       0       0       0       0       0       0
      Totals:         0       0       0       0       0       0       0       0       0       0       0       0       0       0
Total ram usage:        0 bytes
 Hardware stack levels used:    1
 Hardware stack levels required when called:    2
 This function calls:
		_IOCAF4_ISR
 This function is called by:
		_INTERRUPT_InterruptManager
 This function uses a non-reentrant model


 *************** function _IOCAF4_ISR *****************
 Defined at:
		line 139 in file "mcc_generated_files/pin_manager.c"
 Parameters:    Size  Location     Type
		None
 Auto vars:     Size  Location     Type
		None
 Return value:  Size  Location     Type
                  1    wreg      void 
 Registers used:
		wreg, status,2, status,0, pclath, cstack
 Tracked objects:
		On entry : 
		On exit  : 
		Unchanged: 
 Data sizes:     COMMON   BANK0   BANK1   BANK2   BANK3   BANK4   BANK5   BANK6   BANK7   BANK8   BANK9  BANK10  BANK11  BANK12
      Params:         0       0       0       0       0       0       0       0       0       0       0       0       0       0
      Locals:         0       0       0       0       0       0       0       0       0       0       0       0       0       0
      Temps:          0       0       0       0       0       0       0       0       0       0       0       0       0       0
      Totals:         0       0       0       0       0       0       0       0       0       0       0       0       0       0
Total ram usage:        0 bytes
 Hardware stack levels used:    1
 Hardware stack levels required when called:    1
 This function calls:
		Absolute function
		_GestureInterruptHandler
		_IOCAF4_DefaultInterruptHandler
 This function is called by:
		_PIN_MANAGER_IOC
 This function uses a non-reentrant model


 *************** function _GestureInterruptHandler *****************
 Defined at:
		line 54 in file "main.c"
 Parameters:    Size  Location     Type
		None
 Auto vars:     Size  Location     Type
		None
 Return value:  Size  Location     Type
                  1    wreg      void 
 Registers used:
		None
 Tracked objects:
		On entry : 
		On exit  : 
		Unchanged: 
 Data sizes:     COMMON   BANK0   BANK1   BANK2   BANK3   BANK4   BANK5   BANK6   BANK7   BANK8   BANK9  BANK10  BANK11  BANK12
      Params:         0       0       0       0       0       0       0       0       0       0       0       0       0       0
      Locals:         0       0       0       0       0       0       0       0       0       0       0       0       0       0
      Temps:          0       0       0       0       0       0       0       0       0       0       0       0       0       0
      Totals:         0       0       0       0       0       0       0       0       0       0       0       0       0       0
Total ram usage:        0 bytes
 Hardware stack levels used:    1
 This function calls:
		Nothing
 This function is called by:
		_main
		_IOCAF4_ISR
 This function uses a non-reentrant model


 *************** function _IOCAF4_DefaultInterruptHandler *****************
 Defined at:
		line 161 in file "mcc_generated_files/pin_manager.c"
 Parameters:    Size  Location     Type
		None
 Auto vars:     Size  Location     Type
		None
 Return value:  Size  Location     Type
                  1    wreg      void 
 Registers used:
		None
 Tracked objects:
		On entry : 
		On exit  : 
		Unchanged: 
 Data sizes:     COMMON   BANK0   BANK1   BANK2   BANK3   BANK4   BANK5   BANK6   BANK7   BANK8   BANK9  BANK10  BANK11  BANK12
      Params:         0       0       0       0       0       0       0       0       0       0       0       0       0       0
      Locals:         0       0       0       0       0       0       0       0       0       0       0       0       0       0
      Temps:          0       0       0       0       0       0       0       0       0       0       0       0       0       0
      Totals:         0       0       0       0       0       0       0       0       0       0       0       0       0       0
Total ram usage:        0 bytes
 Hardware stack levels used:    1
 This function calls:
		Nothing
 This function is called by:
		_PIN_MANAGER_Initialize
		_IOCAF4_ISR
 This function uses a non-reentrant model



MODULE INFORMATION

Module		Function		Class		Link	Load	Size
mcc_generated_files/interrupt_manager.c
		_INTERRUPT_InterruptManager		CODE           	0004	0000	27

mcc_generated_files/interrupt_manager.c estimated size: 27

i2c.c
		_I2C_Stop      		CODE           	052B	0000	4
		_InitI2C       		CODE           	0528	0000	4
		_I2C_Write_Byte		CODE           	04BC	0000	16
		_I2C_Read_Byte 		CODE           	02B7	0000	43
		_I2C_Send_NACK 		CODE           	051C	0000	5
		_I2C_Start     		CODE           	052E	0000	4
		_I2C_ReStart   		CODE           	0531	0000	4

i2c.c estimated size: 80

mcc_generated_files/pin_manager.c
		_PIN_MANAGER_Initialize		CODE           	01E9	0000	60
		_IOCAF4_DefaultInterruptHandler		CODE           	0534	0000	2
		_IOCAF4_ISR    		CODE           	04D8	0000	14
		_PIN_MANAGER_IOC		CODE           	0516	0000	7
		_IOCAF4_SetInterruptHandler		CODE           	0510	0000	7

mcc_generated_files/pin_manager.c estimated size: 90

shared
		__initialization		CODE           	0020	0000	16

shared estimated size: 16

mcc_generated_files/mcc.c
		_WDT_Initialize		CODE           	0520	0000	5
		_PMD_Initialize		CODE           	0502	0000	9
		_OSCILLATOR_Initialize		CODE           	04F1	0000	10
		_SYSTEM_Initialize		CODE           	04E5	0000	13

mcc_generated_files/mcc.c estimated size: 37

APDS9960.c
		_setGestureEnterThresh		CODE           	04AB	0000	18
		_setProxIntHighThresh		CODE           	0489	0000	18
		_setMode       		CODE           	019B	0000	79
		_setLEDDrive   		CODE           	030A	0000	42
		_setGestureIntEnable		CODE           	0333	0000	41
		_setLightIntHighThreshold		CODE           	03A4	0000	37
		_resetGestureParameters		CODE           	0463	0000	22
		_setLightIntLowThreshold		CODE           	0380	0000	37
		_enablePower   		CODE           	04CB	0000	14
		_setGestureMode		CODE           	03EC	0000	37
		_setGestureGain		CODE           	0255	0000	50
		_setGestureExitThresh		CODE           	049A	0000	18
		_setLEDBoost   		CODE           	0286	0000	50
		_setGestureWaitTime		CODE           	03C8	0000	37
		_setAmbientLightGain		CODE           	0430	0000	29
		_initialize    		CODE           	0033	0000	265
		_setGestureLEDDrive		CODE           	0224	0000	50
		_setProximityGain		CODE           	02E1	0000	42
		_wireWriteDataByte		CODE           	044C	0000	24
		_setProxIntLowThresh		CODE           	0478	0000	18
		_wireReadDataByte		CODE           	0410	0000	33
		_enableGestureSensor		CODE           	013B	0000	97
		_getMode       		CODE           	04FA	0000	9

APDS9960.c estimated size: 1067

main.c
		_main          		CODE           	035B	0000	38
		_GestureInterruptHandler		CODE           	0524	0000	5

main.c estimated size: 43

