Microchip MPLAB XC8 Compiler V2.05 ()

Linker command line:

-W-3 --edf=C:\Program Files (x86)\Microchip\xc8\v2.05\pic\dat\en_msgs.txt \
  -cs -h+dist/default/production\I2Gesture.X.production.sym \
  --cmf=dist/default/production\I2Gesture.X.production.cmf -z -Q16F18345 \
  -oC:\Users\Jeff\AppData\Local\Temp\sdns.2 --defsym=__MPLAB_BUILD=1 \
  -Mdist/default/production/I2Gesture.X.production.map -E1 -ver=XC8 \
  --acfsm=1493 -ASTACK=02094h-023EFh -pstack=STACK -ACODE=00h-07FFhx4 \
  -ASTRCODE=00h-01FFFh -ASTRING=00h-0FFhx32 -ACONST=00h-0FFhx32 \
  -AENTRY=00h-0FFhx32 -ACOMMON=070h-07Fh -ABANK0=020h-06Fh \
  -ABANK1=0A0h-0EFh -ABANK2=0120h-016Fh -ABANK3=01A0h-01EFh \
  -ABANK4=0220h-026Fh -ABANK5=02A0h-02EFh -ABANK6=0320h-036Fh \
  -ABANK7=03A0h-03EFh -ABANK8=0420h-046Fh -ABANK9=04A0h-04EFh \
  -ABANK10=0520h-056Fh -ABANK11=05A0h-05EFh -ABANK12=0620h-064Fh \
  -ABIGRAM=02000h-023EFh \
  -ARAM=020h-06Fh,0A0h-0EFh,0120h-016Fh,01A0h-01EFh,0220h-026Fh,02A0h-02EFh,0320h-036Fh,03A0h-03EFh,0420h-046Fh,04A0h-04EFh,0520h-056Fh,05A0h-05EFh,0620h-064Fh \
  -AABS1=020h-07Fh,0A0h-0EFh,0120h-016Fh,01A0h-01EFh,0220h-026Fh,02A0h-02EFh,0320h-036Fh,03A0h-03EFh,0420h-046Fh,04A0h-04EFh,0520h-056Fh,05A0h-05EFh,0620h-064Fh \
  -ASFR0=00h-01Fh -ASFR1=080h-09Fh -ASFR2=0100h-011Fh -ASFR3=0180h-019Fh \
  -ASFR4=0200h-021Fh -ASFR5=0280h-029Fh -ASFR6=0300h-031Fh \
  -ASFR7=0380h-039Fh -ASFR8=0400h-041Fh -ASFR9=0480h-049Fh \
  -ASFR10=0500h-051Fh -ASFR11=0580h-059Fh -ASFR12=0600h-061Fh \
  -ASFR13=0680h-06EFh -ASFR14=0700h-076Fh -ASFR15=0780h-07EFh \
  -ASFR16=0800h-086Fh -ASFR17=0880h-08EFh -ASFR18=0900h-096Fh \
  -ASFR19=0980h-09EFh -ASFR20=0A00h-0A6Fh -ASFR21=0A80h-0AEFh \
  -ASFR22=0B00h-0B6Fh -ASFR23=0B80h-0BEFh -ASFR24=0C00h-0C6Fh \
  -ASFR25=0C80h-0CEFh -ASFR26=0D00h-0D6Fh -ASFR27=0D80h-0DEFh \
  -ASFR28=0E00h-0E6Fh -ASFR29=0E80h-0EEFh -ASFR30=0F00h-0F6Fh \
  -ASFR31=0F80h-0FEFh -preset_vec=00h,intentry=04h,init,end_init \
  -ppowerup=CODE -pcinit=CODE -pfunctab=ENTRY -ACONFIG=08007h-0800Ah \
  -pconfig=CONFIG -DCONFIG=2 -AIDLOC=08000h-08003h -pidloc=IDLOC -DIDLOC=2 \
  -AEEDATA=00h-0FFh/0F000h -peeprom_data=EEDATA -DEEDATA=2 -DCODE=2 \
  -DSTRCODE=2 -DSTRING=2 -DCONST=2 -DENTRY=2 -k \
  C:\Users\Jeff\AppData\Local\Temp\sdns.o \
  dist/default/production\I2Gesture.X.production.o 

Object code version is 3.11

Machine type is 16F18345



                Name                               Link     Load   Length Selector   Space Scale
C:\Users\Jeff\AppData\Local\Temp\sdns.o
                end_init                             2B       2B        2        8       0
                reset_vec                             0        0        2        0       0
                config                             8007     8007        4    1000E       0
dist/default/production\I2Gesture.X.production.o
                cinit                                2D       2D       19        8       0
                intentry                              4        4       27        8       0
                text82                              757      757        1      B06       0
                text81                              71B      71B        4      B06       0
                text80                              65A      65A        D      B06       0
                text79                              6DF      6DF        6      B06       0
                text78                              717      717        4      B06       0
                text77                              74F      74F        3      B06       0
                text76                              74C      74C        3      B06       0
                text75                              754      754        2      B06       0
                text74                              752      752        2      B06       0
                text73                              749      749        3      B06       0
                text72                              756      756        1      B06       0
                text71                              713      713        4      B06       0
                text70                              746      746        3      B06       0
                text69                              6EA      6EA        5      B06       0
                text68                              6AA      6AA        8      B06       0
                text67                              743      743        3      B06       0
                text66                              3A6      3A6       30        8       0
                text65                              6C0      6C0        7      B06       0
                text64                              6E5      6E5        5      B06       0
                text63                              70F      70F        4      B06       0
                text62                              70B      70B        4      B06       0
                text61                              707      707        4      B06       0
                text60                              703      703        4      B06       0
                text59                              6A2      6A2        8      B06       0
                text58                              6B9      6B9        7      B06       0
                text57                              6D9      6D9        6      B06       0
                text56                              6FF      6FF        4      B06       0
                text55                              6FB      6FB        4      B06       0
                text54                              6F7      6F7        4      B06       0
                text53                              401      401       2A        8       0
                text52                              20F      20F       4D        8       0
                text51                              25C      25C       45        8       0
                text50                              740      740        3      B06       0
                text49                              519      519       26        8       0
                text48                              73D      73D        3      B06       0
                text47                              73A      73A        3      B06       0
                text45                              691      691        9      B06       0
                text44                              6D3      6D3        6      B06       0
                text43                              2A1      2A1       3B        8       0
                text42                              69A      69A        8      B06       0
                text41                              6F3      6F3        4      B06       0
                text40                              667      667        C      B06       0
                text39                              737      737        3      B06       0
                text38                              734      734        3      B06       0
                text37                              731      731        3      B06       0
                text36                              6B2      6B2        7      B06       0
                text35                              72E      72E        3      B06       0
                text34                              673      673        B      B06       0
                text33                              6EF      6EF        4      B06       0
                text32                              72B      72B        3      B06       0
                text31                              728      728        3      B06       0
                text30                              725      725        3      B06       0
                text29                              722      722        3      B06       0
                text28                              71F      71F        3      B06       0
                text27                              6CD      6CD        6      B06       0
                text26                              5A1      5A1       1C      B06       0
                text25                              53F      53F       24        8       0
                text24                              688      688        9      B06       0
                text23                              5BD      5BD       1B      B06       0
                text22                              1C0      1C0       4F        8       0
                text21                              64C      64C        E      B06       0
                text20                              5D8      5D8       15      B06       0
                text19                              3D6      3D6       2B        8       0
                text18                              4F2      4F2       27        8       0
                text17                              374      374       32        8       0
                text16                              15C      15C       64        8       0
                text15                              67E      67E        A      B06       0
                text14                              583      583       1E      B06       0
                text13                              639      639       13      B06       0
                text12                              626      626       13      B06       0
                text11                              342      342       32        8       0
                text10                              310      310       32        8       0
                text9                               4CB      4CB       27        8       0
                text8                               454      454       29        8       0
                text7                               4A4      4A4       27        8       0
                text6                               47D      47D       27        8       0
                text5                               613      613       13      B06       0
                text4                               600      600       13      B06       0
                text3                               42B      42B       29        8       0
                text2                                46       46      116        8       0
                text1                               5ED      5ED       13      B06       0
                maintext                            2DC      2DC       34        8       0
                cstackBANK0                          4D       4D       13       20       1
                cstackCOMMON                         76       76        6       70       1
                clrtext                             6C7      6C7        6      B06       0
                bssBANK1                             A0       A0       44       A0       1
                bssBANK0                             20       20       2D       20       1
                bssCOMMON                            70       70        6       70       1
                nvBANK0                              60       60        2       20       1
                stringtext1                         563      563       20      AC6       0

TOTAL           Name                               Link     Load   Length     Space
        CLASS   STACK          

        CLASS   CODE           
                end_init                             2B       2B        2         0
                cinit                                2D       2D       19         0
                intentry                              4        4       27         0
                reset_vec                             0        0        2         0
                text82                              757      757        1         0
                text81                              71B      71B        4         0
                text80                              65A      65A        D         0
                text79                              6DF      6DF        6         0
                text78                              717      717        4         0
                text77                              74F      74F        3         0
                text76                              74C      74C        3         0
                text75                              754      754        2         0
                text74                              752      752        2         0
                text73                              749      749        3         0
                text72                              756      756        1         0
                text71                              713      713        4         0
                text70                              746      746        3         0
                text69                              6EA      6EA        5         0
                text68                              6AA      6AA        8         0
                text67                              743      743        3         0
                text66                              3A6      3A6       30         0
                text65                              6C0      6C0        7         0
                text64                              6E5      6E5        5         0
                text63                              70F      70F        4         0
                text62                              70B      70B        4         0
                text61                              707      707        4         0
                text60                              703      703        4         0
                text59                              6A2      6A2        8         0
                text58                              6B9      6B9        7         0
                text57                              6D9      6D9        6         0
                text56                              6FF      6FF        4         0
                text55                              6FB      6FB        4         0
                text54                              6F7      6F7        4         0
                text53                              401      401       2A         0
                text52                              20F      20F       4D         0
                text51                              25C      25C       45         0
                text50                              740      740        3         0
                text49                              519      519       26         0
                text48                              73D      73D        3         0
                text47                              73A      73A        3         0
                text45                              691      691        9         0
                text44                              6D3      6D3        6         0
                text43                              2A1      2A1       3B         0
                text42                              69A      69A        8         0
                text41                              6F3      6F3        4         0
                text40                              667      667        C         0
                text39                              737      737        3         0
                text38                              734      734        3         0
                text37                              731      731        3         0
                text36                              6B2      6B2        7         0
                text35                              72E      72E        3         0
                text34                              673      673        B         0
                text33                              6EF      6EF        4         0
                text32                              72B      72B        3         0
                text31                              728      728        3         0
                text30                              725      725        3         0
                text29                              722      722        3         0
                text28                              71F      71F        3         0
                text27                              6CD      6CD        6         0
                text26                              5A1      5A1       1C         0
                text25                              53F      53F       24         0
                text24                              688      688        9         0
                text23                              5BD      5BD       1B         0
                text22                              1C0      1C0       4F         0
                text21                              64C      64C        E         0
                text20                              5D8      5D8       15         0
                text19                              3D6      3D6       2B         0
                text18                              4F2      4F2       27         0
                text17                              374      374       32         0
                text16                              15C      15C       64         0
                text15                              67E      67E        A         0
                text14                              583      583       1E         0
                text13                              639      639       13         0
                text12                              626      626       13         0
                text11                              342      342       32         0
                text10                              310      310       32         0
                text9                               4CB      4CB       27         0
                text8                               454      454       29         0
                text7                               4A4      4A4       27         0
                text6                               47D      47D       27         0
                text5                               613      613       13         0
                text4                               600      600       13         0
                text3                               42B      42B       29         0
                text2                                46       46      116         0
                text1                               5ED      5ED       13         0
                maintext                            2DC      2DC       34         0
                clrtext                             6C7      6C7        6         0

        CLASS   STRCODE        
                stringtext1                         563      563       20         0

        CLASS   STRING         

        CLASS   CONST          

        CLASS   ENTRY          

        CLASS   COMMON         
                cstackCOMMON                         76       76        6         1
                bssCOMMON                            70       70        6         1

        CLASS   BANK0          
                cstackBANK0                          4D       4D       13         1
                bssBANK0                             20       20       2D         1
                nvBANK0                              60       60        2         1

        CLASS   BANK1          
                bssBANK1                             A0       A0       44         1

        CLASS   BANK2          

        CLASS   BANK3          

        CLASS   BANK4          

        CLASS   BANK5          

        CLASS   BANK6          

        CLASS   BANK7          

        CLASS   BANK8          

        CLASS   BANK9          

        CLASS   BANK10         

        CLASS   BANK11         

        CLASS   BANK12         

        CLASS   BIGRAM         

        CLASS   RAM            

        CLASS   ABS1           
                abs_s1                               7E       7E        2         1

        CLASS   SFR0           

        CLASS   SFR1           

        CLASS   SFR2           

        CLASS   SFR3           

        CLASS   SFR4           

        CLASS   SFR5           

        CLASS   SFR6           

        CLASS   SFR7           

        CLASS   SFR8           

        CLASS   SFR9           

        CLASS   SFR10          

        CLASS   SFR11          

        CLASS   SFR12          

        CLASS   SFR13          

        CLASS   SFR14          

        CLASS   SFR15          

        CLASS   SFR16          

        CLASS   SFR17          

        CLASS   SFR18          

        CLASS   SFR19          

        CLASS   SFR20          

        CLASS   SFR21          

        CLASS   SFR22          

        CLASS   SFR23          

        CLASS   SFR24          

        CLASS   SFR25          

        CLASS   SFR26          

        CLASS   SFR27          

        CLASS   SFR28          

        CLASS   SFR29          

        CLASS   SFR30          

        CLASS   SFR31          

        CLASS   CONFIG         
                config                             8007     8007        4         0

        CLASS   IDLOC          

        CLASS   EEDATA         

        CLASS   BANK31         

        CLASS   BANK30         

        CLASS   BANK29         

        CLASS   BANK28         

        CLASS   BANK27         

        CLASS   BANK26         

        CLASS   BANK25         

        CLASS   BANK24         

        CLASS   BANK23         

        CLASS   BANK22         

        CLASS   BANK21         

        CLASS   BANK20         

        CLASS   BANK19         

        CLASS   BANK18         

        CLASS   BANK17         

        CLASS   BANK16         

        CLASS   BANK15         

        CLASS   BANK14         

        CLASS   BANK13         



SEGMENTS        Name                           Load    Length   Top    Selector   Space  Class     Delta

                reset_vec                      000000  000002  000002         0       0  CODE        2
                intentry                       000004  00055F  000563         8       0  CODE        2
                bssBANK0                       000020  000042  000062        20       1  BANK0       1
                bssCOMMON                      000070  00000C  00007C        70       1  COMMON      1
                bssBANK1                       0000A0  000044  0000E4        A0       1  BANK1       1
                stringtext1                    000563  000020  000583       AC6       0  STRCODE     2
                text14                         000583  0001D5  000758       B06       0  CODE        2
                config                         008007  000004  00800B     1000E       0  CONFIG      2


UNUSED ADDRESS RANGES

        Name                Unused          Largest block    Delta
        BANK0            00062-0006F               E           1
        BANK1            000E4-000EF               C           1
        BANK10           00520-0056F              50           1
        BANK11           005A0-005EF              50           1
        BANK12           00620-0064F              30           1
        BANK2            00120-0016F              50           1
        BANK3            001A0-001EF              50           1
        BANK4            00220-0026F              50           1
        BANK5            002A0-002EF              50           1
        BANK6            00320-0036F              50           1
        BANK7            003A0-003EF              50           1
        BANK8            00420-0046F              50           1
        BANK9            004A0-004EF              50           1
        BIGRAM           02000-023EF             3F0           1
        CODE             00002-00003               2           2
                         00758-01FFF             800
        COMMON           0007C-0007D               2           1
        CONST            00002-00003               2           2
                         00758-01FFF             100
        EEDATA           0F000-0F0FF             100           2
        ENTRY            00002-00003               2           2
                         00758-01FFF             100
        IDLOC            08000-08003               4           2
        RAM              00062-0006F               E           1
                         000E4-000EF               C
                         00120-0016F              50
                         001A0-001EF              50
                         00220-0026F              50
                         002A0-002EF              50
                         00320-0036F              50
                         003A0-003EF              50
                         00420-0046F              50
                         004A0-004EF              50
                         00520-0056F              50
                         005A0-005EF              50
                         00620-0064F              30
        SFR0             00000-0001F              20           1
        SFR1             00080-0009F              20           1
        SFR10            00500-0051F              20           1
        SFR11            00580-0059F              20           1
        SFR12            00600-0061F              20           1
        SFR13            00680-006EF              70           1
        SFR14            00700-0076F              70           1
        SFR15            00780-007EF              70           1
        SFR16            00800-0086F              70           1
        SFR17            00880-008EF              70           1
        SFR18            00900-0096F              70           1
        SFR19            00980-009EF              70           1
        SFR2             00100-0011F              20           1
        SFR20            00A00-00A6F              70           1
        SFR21            00A80-00AEF              70           1
        SFR22            00B00-00B6F              70           1
        SFR23            00B80-00BEF              70           1
        SFR24            00C00-00C6F              70           1
        SFR25            00C80-00CEF              70           1
        SFR26            00D00-00D6F              70           1
        SFR27            00D80-00DEF              70           1
        SFR28            00E00-00E6F              70           1
        SFR29            00E80-00EEF              70           1
        SFR3             00180-0019F              20           1
        SFR30            00F00-00F6F              70           1
        SFR31            00F80-00FEF              70           1
        SFR4             00200-0021F              20           1
        SFR5             00280-0029F              20           1
        SFR6             00300-0031F              20           1
        SFR7             00380-0039F              20           1
        SFR8             00400-0041F              20           1
        SFR9             00480-0049F              20           1
        STACK            02094-023EF             35C           1
        STRCODE          00002-00003               2           2
                         00758-01FFF            18A8
        STRING           00002-00003               2           2
                         00758-01FFF             100

                                  Symbol Table

?_wireWriteDataByte                         cstackBANK0  00053
I2C_Write_Byte@Byte                         cstackBANK0  00050
I2C_Write_Byte@count                        cstackBANK0  00051
IOCCF1_SetInterruptHandler@InterruptHandler cstackBANK0  0004D
_ANSELA                                     (abs)        0018C
_ANSELB                                     (abs)        0018D
_ANSELC                                     (abs)        0018E
_GestureInterruptHandler                    text81       0071B
_I2C_ReStart                                text38       00734
_I2C_Read_Byte                              text34       00673
_I2C_Send_NACK                              text32       0072B
_I2C_Start                                  text30       00725
_I2C_Stop                                   text28       0071F
_I2C_Write_Byte                             text26       005A1
_INTCONbits                                 (abs)        0000B
_INTERRUPT_InterruptManager                 intentry     00004
_IOCCF1_DefaultInterruptHandler             text82       00757
_IOCCF1_ISR                                 text80       0065A
_IOCCF1_InterruptHandler                    nvBANK0      00060
_IOCCF1_SetInterruptHandler                 text44       006D3
_IOCCFbits                                  (abs)        00399
_IOCCNbits                                  (abs)        00398
_IOCCPbits                                  (abs)        00397
_LATA                                       (abs)        0010C
_LATAbits                                   (abs)        0010C
_LATB                                       (abs)        0010D
_LATC                                       (abs)        0010E
_LATCbits                                   (abs)        0010E
_ODCONA                                     (abs)        0028C
_ODCONB                                     (abs)        0028D
_ODCONC                                     (abs)        0028E
_OSCCON1                                    (abs)        00919
_OSCCON3                                    (abs)        0091B
_OSCEN                                      (abs)        0091D
_OSCFRQ                                     (abs)        0091F
_OSCILLATOR_Initialize                      text45       00691
_OSCTUNE                                    (abs)        0091E
_PIE0bits                                   (abs)        00090
_PIE1bits                                   (abs)        00091
_PIN_MANAGER_IOC                            text79       006DF
_PIN_MANAGER_Initialize                     text43       002A1
_PIR0bits                                   (abs)        00010
_PIR1bits                                   (abs)        00011
_PMD0                                       (abs)        00911
_PMD1                                       (abs)        00912
_PMD2                                       (abs)        00913
_PMD3                                       (abs)        00914
_PMD4                                       (abs)        00915
_PMD5                                       (abs)        00916
_PMD_Initialize                             text42       0069A
_RB5PPS                                     (abs)        00E9D
_RB7PPS                                     (abs)        00E9F
_SLRCONA                                    (abs)        0030C
_SLRCONB                                    (abs)        0030D
_SLRCONC                                    (abs)        0030E
_SSP1ADD                                    (abs)        00212
_SSP1BUF                                    (abs)        00211
_SSP1CLKPPS                                 (abs)        00E20
_SSP1CON1                                   (abs)        00215
_SSP1CON1bits                               (abs)        00215
_SSP1CON2                                   (abs)        00216
_SSP1CON2bits                               (abs)        00216
_SSP1DATPPS                                 (abs)        00E21
_SSP1MSK                                    (abs)        00213
_SSP1STAT                                   (abs)        00214
_SSP1STATbits                               (abs)        00214
_SYSTEM_Initialize                          text40       00667
_TRISA                                      (abs)        0008C
_TRISB                                      (abs)        0008D
_TRISC                                      (abs)        0008E
_WDTCON                                     (abs)        00097
_WDT_Initialize                             text41       006F3
_WPUA                                       (abs)        0020C
_WPUB                                       (abs)        0020D
_WPUC                                       (abs)        0020E
__CFG_BOREN$ON                              (abs)        00000
__CFG_BORV$LOW                              (abs)        00000
__CFG_CLKOUTEN$OFF                          (abs)        00000
__CFG_CP$OFF                                (abs)        00000
__CFG_CPD$OFF                               (abs)        00000
__CFG_CSWEN$ON                              (abs)        00000
__CFG_DEBUG$OFF                             (abs)        00000
__CFG_FCMEN$ON                              (abs)        00000
__CFG_FEXTOSC$OFF                           (abs)        00000
__CFG_LPBOREN$OFF                           (abs)        00000
__CFG_LVP$ON                                (abs)        00000
__CFG_MCLRE$ON                              (abs)        00000
__CFG_PPS1WAY$ON                            (abs)        00000
__CFG_PWRTE$OFF                             (abs)        00000
__CFG_RSTOSC$HFINT1                         (abs)        00000
__CFG_STVREN$ON                             (abs)        00000
__CFG_WDTE$OFF                              (abs)        00000
__CFG_WRT$OFF                               (abs)        00000
__Habs1                                     abs1         00000
__Hbank0                                    bank0        00000
__Hbank1                                    bank1        00000
__Hbank10                                   bank10       00000
__Hbank11                                   bank11       00000
__Hbank12                                   bank12       00000
__Hbank13                                   bank13       00000
__Hbank14                                   bank14       00000
__Hbank15                                   bank15       00000
__Hbank16                                   bank16       00000
__Hbank17                                   bank17       00000
__Hbank18                                   bank18       00000
__Hbank19                                   bank19       00000
__Hbank2                                    bank2        00000
__Hbank20                                   bank20       00000
__Hbank21                                   bank21       00000
__Hbank22                                   bank22       00000
__Hbank23                                   bank23       00000
__Hbank24                                   bank24       00000
__Hbank25                                   bank25       00000
__Hbank26                                   bank26       00000
__Hbank27                                   bank27       00000
__Hbank28                                   bank28       00000
__Hbank29                                   bank29       00000
__Hbank3                                    bank3        00000
__Hbank30                                   bank30       00000
__Hbank31                                   bank31       00000
__Hbank4                                    bank4        00000
__Hbank5                                    bank5        00000
__Hbank6                                    bank6        00000
__Hbank7                                    bank7        00000
__Hbank8                                    bank8        00000
__Hbank9                                    bank9        00000
__Hbigram                                   bigram       00000
__HbssBANK0                                 bssBANK0     00000
__HbssBANK1                                 bssBANK1     00000
__HbssCOMMON                                bssCOMMON    00000
__Hcinit                                    cinit        00046
__Hclrtext                                  clrtext      00000
__Hcode                                     code         00000
__Hcommon                                   common       00000
__Hconfig                                   config       0800B
__HcstackBANK0                              cstackBANK0  00000
__HcstackCOMMON                             cstackCOMMON 00000
__Heeprom_data                              eeprom_data  00000
__Hend_init                                 end_init     0002D
__Hfunctab                                  functab      00000
__Hidloc                                    idloc        00000
__Hinit                                     init         0002B
__Hintentry                                 intentry     0002B
__Hmaintext                                 maintext     00000
__HnvBANK0                                  nvBANK0      00000
__Hpowerup                                  powerup      00000
__Hram                                      ram          00000
__Hreset_vec                                reset_vec    00002
__Hsfr0                                     sfr0         00000
__Hsfr1                                     sfr1         00000
__Hsfr10                                    sfr10        00000
__Hsfr11                                    sfr11        00000
__Hsfr12                                    sfr12        00000
__Hsfr13                                    sfr13        00000
__Hsfr14                                    sfr14        00000
__Hsfr15                                    sfr15        00000
__Hsfr16                                    sfr16        00000
__Hsfr17                                    sfr17        00000
__Hsfr18                                    sfr18        00000
__Hsfr19                                    sfr19        00000
__Hsfr2                                     sfr2         00000
__Hsfr20                                    sfr20        00000
__Hsfr21                                    sfr21        00000
__Hsfr22                                    sfr22        00000
__Hsfr23                                    sfr23        00000
__Hsfr24                                    sfr24        00000
__Hsfr25                                    sfr25        00000
__Hsfr26                                    sfr26        00000
__Hsfr27                                    sfr27        00000
__Hsfr28                                    sfr28        00000
__Hsfr29                                    sfr29        00000
__Hsfr3                                     sfr3         00000
__Hsfr30                                    sfr30        00000
__Hsfr31                                    sfr31        00000
__Hsfr4                                     sfr4         00000
__Hsfr5                                     sfr5         00000
__Hsfr6                                     sfr6         00000
__Hsfr7                                     sfr7         00000
__Hsfr8                                     sfr8         00000
__Hsfr9                                     sfr9         00000
__Hspace_0                                  (abs)        0800B
__Hspace_1                                  (abs)        000E4
__Hspace_2                                  (abs)        00000
__Hspace_3                                  (abs)        00000
__Hstack                                    stack        00000
__Hstrings                                  strings      00000
__Hstringtext1                              stringtext1  00000
__Htext                                     text         00000
__Labs1                                     abs1         00000
__Lbank0                                    bank0        00000
__Lbank1                                    bank1        00000
__Lbank10                                   bank10       00000
__Lbank11                                   bank11       00000
__Lbank12                                   bank12       00000
__Lbank13                                   bank13       00000
__Lbank14                                   bank14       00000
__Lbank15                                   bank15       00000
__Lbank16                                   bank16       00000
__Lbank17                                   bank17       00000
__Lbank18                                   bank18       00000
__Lbank19                                   bank19       00000
__Lbank2                                    bank2        00000
__Lbank20                                   bank20       00000
__Lbank21                                   bank21       00000
__Lbank22                                   bank22       00000
__Lbank23                                   bank23       00000
__Lbank24                                   bank24       00000
__Lbank25                                   bank25       00000
__Lbank26                                   bank26       00000
__Lbank27                                   bank27       00000
__Lbank28                                   bank28       00000
__Lbank29                                   bank29       00000
__Lbank3                                    bank3        00000
__Lbank30                                   bank30       00000
__Lbank31                                   bank31       00000
__Lbank4                                    bank4        00000
__Lbank5                                    bank5        00000
__Lbank6                                    bank6        00000
__Lbank7                                    bank7        00000
__Lbank8                                    bank8        00000
__Lbank9                                    bank9        00000
__Lbigram                                   bigram       00000
__LbssBANK0                                 bssBANK0     00000
__LbssBANK1                                 bssBANK1     00000
__LbssCOMMON                                bssCOMMON    00000
__Lcinit                                    cinit        0002D
__Lclrtext                                  clrtext      00000
__Lcode                                     code         00000
__Lcommon                                   common       00000
__Lconfig                                   config       08007
__LcstackBANK0                              cstackBANK0  00000
__LcstackCOMMON                             cstackCOMMON 00000
__Leeprom_data                              eeprom_data  00000
__Lend_init                                 end_init     0002B
__Lfunctab                                  functab      00000
__Lidloc                                    idloc        00000
__Linit                                     init         0002B
__Lintentry                                 intentry     00004
__Lmaintext                                 maintext     00000
__LnvBANK0                                  nvBANK0      00000
__Lpowerup                                  powerup      00000
__Lram                                      ram          00000
__Lreset_vec                                reset_vec    00000
__Lsfr0                                     sfr0         00000
__Lsfr1                                     sfr1         00000
__Lsfr10                                    sfr10        00000
__Lsfr11                                    sfr11        00000
__Lsfr12                                    sfr12        00000
__Lsfr13                                    sfr13        00000
__Lsfr14                                    sfr14        00000
__Lsfr15                                    sfr15        00000
__Lsfr16                                    sfr16        00000
__Lsfr17                                    sfr17        00000
__Lsfr18                                    sfr18        00000
__Lsfr19                                    sfr19        00000
__Lsfr2                                     sfr2         00000
__Lsfr20                                    sfr20        00000
__Lsfr21                                    sfr21        00000
__Lsfr22                                    sfr22        00000
__Lsfr23                                    sfr23        00000
__Lsfr24                                    sfr24        00000
__Lsfr25                                    sfr25        00000
__Lsfr26                                    sfr26        00000
__Lsfr27                                    sfr27        00000
__Lsfr28                                    sfr28        00000
__Lsfr29                                    sfr29        00000
__Lsfr3                                     sfr3         00000
__Lsfr30                                    sfr30        00000
__Lsfr31                                    sfr31        00000
__Lsfr4                                     sfr4         00000
__Lsfr5                                     sfr5         00000
__Lsfr6                                     sfr6         00000
__Lsfr7                                     sfr7         00000
__Lsfr8                                     sfr8         00000
__Lsfr9                                     sfr9         00000
__Lspace_0                                  (abs)        00000
__Lspace_1                                  (abs)        00000
__Lspace_2                                  (abs)        00000
__Lspace_3                                  (abs)        00000
__Lstack                                    stack        00000
__Lstrings                                  strings      00000
__Lstringtext1                              stringtext1  00000
__Ltext                                     text         00000
__S0                                        (abs)        0800B
__S1                                        (abs)        000E4
__S2                                        (abs)        00000
__S3                                        (abs)        00000
___int_sp                                   stack        00000
___latbits                                  (abs)        00002
___sp                                       stack        00000
___stackhi                                  (abs)        023EF
___stacklo                                  (abs)        02094
__end_of_GestureInterruptHandler            text81       0071F
__end_of_I2C_ReStart                        text38       00737
__end_of_I2C_Read_Byte                      text34       0067E
__end_of_I2C_Send_NACK                      text32       0072E
__end_of_I2C_Start                          text30       00728
__end_of_I2C_Stop                           text28       00722
__end_of_I2C_Write_Byte                     text26       005BD
__end_of_INTERRUPT_InterruptManager         intentry     0002B
__end_of_IOCCF1_DefaultInterruptHandler     text82       00758
__end_of_IOCCF1_ISR                         text80       00667
__end_of_IOCCF1_SetInterruptHandler         text44       006D9
__end_of_OSCILLATOR_Initialize              text45       0069A
__end_of_PIN_MANAGER_IOC                    text79       006E5
__end_of_PIN_MANAGER_Initialize             text43       002DC
__end_of_PMD_Initialize                     text42       006A2
__end_of_SYSTEM_Initialize                  text40       00673
__end_of_WDT_Initialize                     text41       006F7
__end_of__initialization                    cinit        00042
__end_of_do_I2C_DO_ACK                      text56       00703
__end_of_do_I2C_DO_ADDRESS_NACK             text53       0042B
__end_of_do_I2C_DO_NACK_RESTART             text54       006FB
__end_of_do_I2C_DO_NACK_STOP                text55       006FF
__end_of_do_I2C_IDLE                        text64       006EA
__end_of_do_I2C_RCEN                        text57       006DF
__end_of_do_I2C_RESET                       text65       006C7
__end_of_do_I2C_RX                          text51       002A1
__end_of_do_I2C_SEND_ADR_READ               text59       006AA
__end_of_do_I2C_SEND_ADR_WRITE              text58       006C0
__end_of_do_I2C_SEND_RESTART                text61       0070B
__end_of_do_I2C_SEND_RESTART_READ           text63       00713
__end_of_do_I2C_SEND_RESTART_WRITE          text62       0070F
__end_of_do_I2C_SEND_STOP                   text60       00707
__end_of_do_I2C_TX                          text52       0025C
__end_of_do_I2C_TX_EMPTY                    text66       003D6
__end_of_enableGestureSensor                text16       001C0
__end_of_enablePower                        text21       0065A
__end_of_fsmStateTable                      stringtext1  00583
__end_of_getMode                            text24       00691
__end_of_i2c1_driver_TXData                 text27       006D3
__end_of_i2c1_driver_clearBusCollision      text48       00740
__end_of_i2c1_driver_getRXData              text37       00734
__end_of_i2c1_driver_isBufferFull           text36       006B9
__end_of_i2c1_driver_isNACK                 text68       006B2
__end_of_i2c1_driver_open                   text15       00688
__end_of_i2c1_driver_resetBus               text72       00757
__end_of_i2c1_driver_restart                text39       0073A
__end_of_i2c1_driver_sendACK                text78       0071B
__end_of_i2c1_driver_sendNACK               text33       006F3
__end_of_i2c1_driver_start                  text31       0072B
__end_of_i2c1_driver_startRX                text35       00731
__end_of_i2c1_driver_stop                   text29       00725
__end_of_i2c_ISR                            text49       0053F
__end_of_i2c_busCollisionISR                text47       0073D
__end_of_initialize                         text2        0015C
__end_of_isGestureAvailable                 text1        00600
__end_of_main                               maintext     00310
__end_of_mssp1_clearIRQ                     text50       00743
__end_of_mssp1_setIRQ                       text67       00746
__end_of_resetGestureParameters             text20       005ED
__end_of_returnReset                        text74       00754
__end_of_returnStop                         text75       00756
__end_of_setAmbientLightGain                text14       005A1
__end_of_setGestureEnterThresh              text13       0064C
__end_of_setGestureExitThresh               text12       00639
__end_of_setGestureGain                     text11       00374
__end_of_setGestureIntEnable                text19       00401
__end_of_setGestureLEDDrive                 text10       00342
__end_of_setGestureMode                     text18       00519
__end_of_setGestureWaitTime                 text9        004F2
__end_of_setLEDBoost                        text17       003A6
__end_of_setLEDDrive                        text8        0047D
__end_of_setLightIntHighThreshold           text7        004CB
__end_of_setLightIntLowThreshold            text6        004A4
__end_of_setMode                            text22       0020F
__end_of_setProxIntHighThresh               text5        00626
__end_of_setProxIntLowThresh                text4        00613
__end_of_setProximityGain                   text3        00454
__end_of_wireReadDataByte                   text25       00563
__end_of_wireWriteDataByte                  text23       005D8
__end_ofi1_i2c1_driver_TXData               text69       006EF
__end_ofi1_i2c1_driver_getRXData            text70       00749
__end_ofi1_i2c1_driver_restart              text77       00752
__end_ofi1_i2c1_driver_sendNACK             text71       00717
__end_ofi1_i2c1_driver_startRX              text73       0074C
__end_ofi1_i2c1_driver_stop                 text76       0074F
__initialization                            cinit        0002D
__pbssBANK0                                 bssBANK0     00020
__pbssBANK1                                 bssBANK1     000A0
__pbssCOMMON                                bssCOMMON    00070
__pcstackBANK0                              cstackBANK0  0004D
__pcstackCOMMON                             cstackCOMMON 00076
__pintentry                                 intentry     00004
__pmaintext                                 maintext     002DC
__pnvBANK0                                  nvBANK0      00060
__pstringtext1                              stringtext1  00563
__ptext1                                    text1        005ED
__ptext10                                   text10       00310
__ptext11                                   text11       00342
__ptext12                                   text12       00626
__ptext13                                   text13       00639
__ptext14                                   text14       00583
__ptext15                                   text15       0067E
__ptext16                                   text16       0015C
__ptext17                                   text17       00374
__ptext18                                   text18       004F2
__ptext19                                   text19       003D6
__ptext2                                    text2        00046
__ptext20                                   text20       005D8
__ptext21                                   text21       0064C
__ptext22                                   text22       001C0
__ptext23                                   text23       005BD
__ptext24                                   text24       00688
__ptext25                                   text25       0053F
__ptext26                                   text26       005A1
__ptext27                                   text27       006CD
__ptext28                                   text28       0071F
__ptext29                                   text29       00722
__ptext3                                    text3        0042B
__ptext30                                   text30       00725
__ptext31                                   text31       00728
__ptext32                                   text32       0072B
__ptext33                                   text33       006EF
__ptext34                                   text34       00673
__ptext35                                   text35       0072E
__ptext36                                   text36       006B2
__ptext37                                   text37       00731
__ptext38                                   text38       00734
__ptext39                                   text39       00737
__ptext4                                    text4        00600
__ptext40                                   text40       00667
__ptext41                                   text41       006F3
__ptext42                                   text42       0069A
__ptext43                                   text43       002A1
__ptext44                                   text44       006D3
__ptext45                                   text45       00691
__ptext47                                   text47       0073A
__ptext48                                   text48       0073D
__ptext49                                   text49       00519
__ptext5                                    text5        00613
__ptext50                                   text50       00740
__ptext51                                   text51       0025C
__ptext52                                   text52       0020F
__ptext53                                   text53       00401
__ptext54                                   text54       006F7
__ptext55                                   text55       006FB
__ptext56                                   text56       006FF
__ptext57                                   text57       006D9
__ptext58                                   text58       006B9
__ptext59                                   text59       006A2
__ptext6                                    text6        0047D
__ptext60                                   text60       00703
__ptext61                                   text61       00707
__ptext62                                   text62       0070B
__ptext63                                   text63       0070F
__ptext64                                   text64       006E5
__ptext65                                   text65       006C0
__ptext66                                   text66       003A6
__ptext67                                   text67       00743
__ptext68                                   text68       006AA
__ptext69                                   text69       006EA
__ptext7                                    text7        004A4
__ptext70                                   text70       00746
__ptext71                                   text71       00713
__ptext72                                   text72       00756
__ptext73                                   text73       00749
__ptext74                                   text74       00752
__ptext75                                   text75       00754
__ptext76                                   text76       0074C
__ptext77                                   text77       0074F
__ptext78                                   text78       00717
__ptext79                                   text79       006DF
__ptext8                                    text8        00454
__ptext80                                   text80       0065A
__ptext81                                   text81       0071B
__ptext82                                   text82       00757
__ptext9                                    text9        004CB
__size_of_GestureInterruptHandler           (abs)        00000
__size_of_I2C_ReStart                       (abs)        00000
__size_of_I2C_Read_Byte                     (abs)        00000
__size_of_I2C_Send_NACK                     (abs)        00000
__size_of_I2C_Start                         (abs)        00000
__size_of_I2C_Stop                          (abs)        00000
__size_of_I2C_Write_Byte                    (abs)        00000
__size_of_INTERRUPT_InterruptManager        (abs)        00000
__size_of_IOCCF1_DefaultInterruptHandler    (abs)        00000
__size_of_IOCCF1_ISR                        (abs)        00000
__size_of_IOCCF1_SetInterruptHandler        (abs)        00000
__size_of_OSCILLATOR_Initialize             (abs)        00000
__size_of_PIN_MANAGER_IOC                   (abs)        00000
__size_of_PIN_MANAGER_Initialize            (abs)        00000
__size_of_PMD_Initialize                    (abs)        00000
__size_of_SYSTEM_Initialize                 (abs)        00000
__size_of_WDT_Initialize                    (abs)        00000
__size_of_do_I2C_DO_ACK                     (abs)        00000
__size_of_do_I2C_DO_ADDRESS_NACK            (abs)        00000
__size_of_do_I2C_DO_NACK_RESTART            (abs)        00000
__size_of_do_I2C_DO_NACK_STOP               (abs)        00000
__size_of_do_I2C_IDLE                       (abs)        00000
__size_of_do_I2C_RCEN                       (abs)        00000
__size_of_do_I2C_RESET                      (abs)        00000
__size_of_do_I2C_RX                         (abs)        00000
__size_of_do_I2C_SEND_ADR_READ              (abs)        00000
__size_of_do_I2C_SEND_ADR_WRITE             (abs)        00000
__size_of_do_I2C_SEND_RESTART               (abs)        00000
__size_of_do_I2C_SEND_RESTART_READ          (abs)        00000
__size_of_do_I2C_SEND_RESTART_WRITE         (abs)        00000
__size_of_do_I2C_SEND_STOP                  (abs)        00000
__size_of_do_I2C_TX                         (abs)        00000
__size_of_do_I2C_TX_EMPTY                   (abs)        00000
__size_of_enableGestureSensor               (abs)        00000
__size_of_enablePower                       (abs)        00000
__size_of_getMode                           (abs)        00000
__size_of_i2c1_driver_TXData                (abs)        00000
__size_of_i2c1_driver_clearBusCollision     (abs)        00000
__size_of_i2c1_driver_getRXData             (abs)        00000
__size_of_i2c1_driver_isBufferFull          (abs)        00000
__size_of_i2c1_driver_isNACK                (abs)        00000
__size_of_i2c1_driver_open                  (abs)        00000
__size_of_i2c1_driver_resetBus              (abs)        00000
__size_of_i2c1_driver_restart               (abs)        00000
__size_of_i2c1_driver_sendACK               (abs)        00000
__size_of_i2c1_driver_sendNACK              (abs)        00000
__size_of_i2c1_driver_start                 (abs)        00000
__size_of_i2c1_driver_startRX               (abs)        00000
__size_of_i2c1_driver_stop                  (abs)        00000
__size_of_i2c_ISR                           (abs)        00000
__size_of_i2c_busCollisionISR               (abs)        00000
__size_of_initialize                        (abs)        00000
__size_of_isGestureAvailable                (abs)        00000
__size_of_main                              (abs)        00000
__size_of_mssp1_clearIRQ                    (abs)        00000
__size_of_mssp1_setIRQ                      (abs)        00000
__size_of_resetGestureParameters            (abs)        00000
__size_of_returnReset                       (abs)        00000
__size_of_returnStop                        (abs)        00000
__size_of_setAmbientLightGain               (abs)        00000
__size_of_setGestureEnterThresh             (abs)        00000
__size_of_setGestureExitThresh              (abs)        00000
__size_of_setGestureGain                    (abs)        00000
__size_of_setGestureIntEnable               (abs)        00000
__size_of_setGestureLEDDrive                (abs)        00000
__size_of_setGestureMode                    (abs)        00000
__size_of_setGestureWaitTime                (abs)        00000
__size_of_setLEDBoost                       (abs)        00000
__size_of_setLEDDrive                       (abs)        00000
__size_of_setLightIntHighThreshold          (abs)        00000
__size_of_setLightIntLowThreshold           (abs)        00000
__size_of_setMode                           (abs)        00000
__size_of_setProxIntHighThresh              (abs)        00000
__size_of_setProxIntLowThresh               (abs)        00000
__size_of_setProximityGain                  (abs)        00000
__size_of_wireReadDataByte                  (abs)        00000
__size_of_wireWriteDataByte                 (abs)        00000
__size_ofi1_i2c1_driver_TXData              (abs)        00000
__size_ofi1_i2c1_driver_getRXData           (abs)        00000
__size_ofi1_i2c1_driver_restart             (abs)        00000
__size_ofi1_i2c1_driver_sendNACK            (abs)        00000
__size_ofi1_i2c1_driver_startRX             (abs)        00000
__size_ofi1_i2c1_driver_stop                (abs)        00000
_do_I2C_DO_ACK                              text56       006FF
_do_I2C_DO_ADDRESS_NACK                     text53       00401
_do_I2C_DO_NACK_RESTART                     text54       006F7
_do_I2C_DO_NACK_STOP                        text55       006FB
_do_I2C_IDLE                                text64       006E5
_do_I2C_RCEN                                text57       006D9
_do_I2C_RESET                               text65       006C0
_do_I2C_RX                                  text51       0025C
_do_I2C_SEND_ADR_READ                       text59       006A2
_do_I2C_SEND_ADR_WRITE                      text58       006B9
_do_I2C_SEND_RESTART                        text61       00707
_do_I2C_SEND_RESTART_READ                   text63       0070F
_do_I2C_SEND_RESTART_WRITE                  text62       0070B
_do_I2C_SEND_STOP                           text60       00703
_do_I2C_TX                                  text52       0020F
_do_I2C_TX_EMPTY                            text66       003A6
_enableGestureSensor                        text16       0015C
_enablePower                                text21       0064C
_fsmStateTable                              stringtext1  00563
_gesture_data_                              bssBANK1     000A0
_gesture_far_count_                         bssBANK0     00041
_gesture_lr_count_                          bssBANK0     00045
_gesture_lr_delta_                          bssCOMMON    00072
_gesture_motion_                            bssBANK0     0003D
_gesture_near_count_                        bssBANK0     00043
_gesture_state_                             bssBANK0     0003F
_gesture_ud_count_                          bssCOMMON    00070
_gesture_ud_delta_                          bssCOMMON    00074
_getMode                                    text24       00688
_handleGestureFlag                          bssBANK0     0004C
_i2c1_driver_TXData                         text27       006CD
_i2c1_driver_busCollisionISR                bssBANK0     00049
_i2c1_driver_clearBusCollision              text48       0073D
_i2c1_driver_getRXData                      text37       00731
_i2c1_driver_i2cISR                         bssBANK0     00047
_i2c1_driver_isBufferFull                   text36       006B2
_i2c1_driver_isNACK                         text68       006AA
_i2c1_driver_open                           text15       0067E
_i2c1_driver_resetBus                       text72       00756
_i2c1_driver_restart                        text39       00737
_i2c1_driver_sendACK                        text78       00717
_i2c1_driver_sendNACK                       text33       006EF
_i2c1_driver_start                          text31       00728
_i2c1_driver_startRX                        text35       0072E
_i2c1_driver_stop                           text29       00722
_i2c_ISR                                    text49       00519
_i2c_busCollisionISR                        text47       0073A
_i2c_status                                 bssBANK0     00020
_initialize                                 text2        00046
_isGestureAvailable                         text1        005ED
_main                                       maintext     002DC
_mssp1_clearIRQ                             text50       00740
_mssp1_setIRQ                               text67       00743
_resetGestureParameters                     text20       005D8
_returnReset                                text74       00752
_returnStop                                 text75       00754
_setAmbientLightGain                        text14       00583
_setGestureEnterThresh                      text13       00639
_setGestureExitThresh                       text12       00626
_setGestureGain                             text11       00342
_setGestureIntEnable                        text19       003D6
_setGestureLEDDrive                         text10       00310
_setGestureMode                             text18       004F2
_setGestureWaitTime                         text9        004CB
_setLEDBoost                                text17       00374
_setLEDDrive                                text8        00454
_setLightIntHighThreshold                   text7        004A4
_setLightIntLowThreshold                    text6        0047D
_setMode                                    text22       001C0
_setProxIntHighThresh                       text5        00613
_setProxIntLowThresh                        text4        00600
_setProximityGain                           text3        0042B
_wireReadDataByte                           text25       0053F
_wireWriteDataByte                          text23       005BD
btemp                                       (abs)        0007E
clear_ram0                                  clrtext      006C7
enableGestureSensor@interrupts              cstackBANK0  0005E
end_of_initialization                       cinit        00042
getMode@enable_value                        cstackBANK0  00057
i1_i2c1_driver_TXData                       text69       006EA
i1_i2c1_driver_getRXData                    text70       00746
i1_i2c1_driver_restart                      text77       0074F
i1_i2c1_driver_sendNACK                     text71       00713
i1_i2c1_driver_startRX                      text73       00749
i1_i2c1_driver_stop                         text76       0074C
i1i2c1_driver_TXData@d                      cstackCOMMON 00076
i2c1_driver_TXData@d                        cstackBANK0  0004D
initialize@id                               cstackBANK0  0005E
int$flags                                   (abs)        0007E
intlevel0                                   functab      00000
intlevel1                                   functab      00000
intlevel2                                   functab      00000
intlevel3                                   functab      00000
intlevel4                                   functab      00000
intlevel5                                   functab      00000
isGestureAvailable@val                      cstackBANK0  00057
reset_vec                                   reset_vec    00000
returnReset@p                               cstackCOMMON 00076
setAmbientLightGain@drive                   cstackBANK0  00058
setAmbientLightGain@val                     cstackBANK0  00059
setGestureEnterThresh@threshold             cstackBANK0  00058
setGestureExitThresh@threshold              cstackBANK0  00058
setGestureGain@gain                         cstackBANK0  0005A
setGestureGain@val                          cstackBANK0  00059
setGestureIntEnable@enable                  cstackBANK0  00059
setGestureIntEnable@val                     cstackBANK0  00058
setGestureLEDDrive@drive                    cstackBANK0  0005A
setGestureLEDDrive@val                      cstackBANK0  00059
setGestureMode@mode                         cstackBANK0  00058
setGestureMode@val                          cstackBANK0  00059
setGestureWaitTime@time                     cstackBANK0  00058
setGestureWaitTime@val                      cstackBANK0  00059
setLEDBoost@boost                           cstackBANK0  0005A
setLEDBoost@val                             cstackBANK0  00059
setLEDDrive@drive                           cstackBANK0  0005A
setLEDDrive@val                             cstackBANK0  00059
setLightIntHighThreshold@threshold          cstackBANK0  00057
setLightIntHighThreshold@val_high           cstackBANK0  0005B
setLightIntHighThreshold@val_low            cstackBANK0  0005A
setLightIntLowThreshold@threshold           cstackBANK0  00057
setLightIntLowThreshold@val_high            cstackBANK0  0005B
setLightIntLowThreshold@val_low             cstackBANK0  0005A
setMode@enable                              cstackBANK0  00058
setMode@mode                                cstackBANK0  0005C
setMode@reg_val                             cstackBANK0  0005B
setProxIntHighThresh@threshold              cstackBANK0  00058
setProxIntLowThresh@threshold               cstackBANK0  00058
setProximityGain@drive                      cstackBANK0  0005A
setProximityGain@val                        cstackBANK0  00059
start                                       init         0002B
start_initialization                        cinit        0002D
wireReadDataByte@reg                        cstackBANK0  00054
wireReadDataByte@val                        cstackBANK0  00055
wireWriteDataByte@reg                       cstackBANK0  00056
wireWriteDataByte@val                       cstackBANK0  00053
wtemp0                                      (abs)        0007E


FUNCTION INFORMATION:

 *************** function _main *****************
 Defined at:
		line 60 in file "main.c"
 Parameters:    Size  Location     Type
		None
 Auto vars:     Size  Location     Type
  count           2    0        unsigned int 
 Return value:  Size  Location     Type
                  1    wreg      void 
 Registers used:
		wreg, status,2, status,0, pclath, cstack
 Tracked objects:
		On entry : 
		On exit  : 
		Unchanged: 
 Data sizes:     COMMON   BANK0   BANK1   BANK2   BANK3   BANK4   BANK5   BANK6   BANK7   BANK8   BANK9  BANK10  BANK11  BANK12
      Params:         0       0       0       0       0       0       0       0       0       0       0       0       0       0
      Locals:         0       2       0       0       0       0       0       0       0       0       0       0       0       0
      Temps:          0       1       0       0       0       0       0       0       0       0       0       0       0       0
      Totals:         0       3       0       0       0       0       0       0       0       0       0       0       0       0
Total ram usage:        3 bytes
 Hardware stack levels required when called:   12
 This function calls:
		_IOCCF1_SetInterruptHandler
		_SYSTEM_Initialize
		_enableGestureSensor
		_initialize
		_isGestureAvailable
		_wireReadDataByte
 This function is called by:
		Startup code after reset
 This function uses a non-reentrant model


 *************** function _isGestureAvailable *****************
 Defined at:
		line 536 in file "APDS9960.c"
 Parameters:    Size  Location     Type
		None
 Auto vars:     Size  Location     Type
  val             1   10[BANK0 ] unsigned char 
 Return value:  Size  Location     Type
                  1    wreg      _Bool 
 Registers used:
		wreg, status,2, status,0, pclath, cstack
 Tracked objects:
		On entry : 
		On exit  : 
		Unchanged: 
 Data sizes:     COMMON   BANK0   BANK1   BANK2   BANK3   BANK4   BANK5   BANK6   BANK7   BANK8   BANK9  BANK10  BANK11  BANK12
      Params:         0       0       0       0       0       0       0       0       0       0       0       0       0       0
      Locals:         0       1       0       0       0       0       0       0       0       0       0       0       0       0
      Temps:          0       1       0       0       0       0       0       0       0       0       0       0       0       0
      Totals:         0       2       0       0       0       0       0       0       0       0       0       0       0       0
Total ram usage:        2 bytes
 Hardware stack levels used:    1
 Hardware stack levels required when called:    8
 This function calls:
		_wireReadDataByte
 This function is called by:
		_main
		_handleGesture
		_readGesture
 This function uses a non-reentrant model


 *************** function _initialize *****************
 Defined at:
		line 19 in file "APDS9960.c"
 Parameters:    Size  Location     Type
		None
 Auto vars:     Size  Location     Type
  id              1   17[BANK0 ] unsigned char 
 Return value:  Size  Location     Type
                  1    wreg      _Bool 
 Registers used:
		wreg, status,2, status,0, pclath, cstack
 Tracked objects:
		On entry : 
		On exit  : 
		Unchanged: 
 Data sizes:     COMMON   BANK0   BANK1   BANK2   BANK3   BANK4   BANK5   BANK6   BANK7   BANK8   BANK9  BANK10  BANK11  BANK12
      Params:         0       0       0       0       0       0       0       0       0       0       0       0       0       0
      Locals:         0       1       0       0       0       0       0       0       0       0       0       0       0       0
      Temps:          0       1       0       0       0       0       0       0       0       0       0       0       0       0
      Totals:         0       2       0       0       0       0       0       0       0       0       0       0       0       0
Total ram usage:        2 bytes
 Hardware stack levels used:    1
 Hardware stack levels required when called:   10
 This function calls:
		_i2c1_driver_open
		_setAmbientLightGain
		_setGestureEnterThresh
		_setGestureExitThresh
		_setGestureGain
		_setGestureIntEnable
		_setGestureLEDDrive
		_setGestureWaitTime
		_setLEDDrive
		_setLightIntHighThreshold
		_setLightIntLowThreshold
		_setMode
		_setProxIntHighThresh
		_setProxIntLowThresh
		_setProximityGain
		_wireReadDataByte
		_wireWriteDataByte
 This function is called by:
		_main
 This function uses a non-reentrant model


 *************** function _setProximityGain *****************
 Defined at:
		line 191 in file "APDS9960.c"
 Parameters:    Size  Location     Type
  drive           1    wreg     unsigned char 
 Auto vars:     Size  Location     Type
  drive           1   13[BANK0 ] unsigned char 
  val             1   12[BANK0 ] unsigned char 
 Return value:  Size  Location     Type
                  1    wreg      _Bool 
 Registers used:
		wreg, status,2, status,0, pclath, cstack
 Tracked objects:
		On entry : 
		On exit  : 
		Unchanged: 
 Data sizes:     COMMON   BANK0   BANK1   BANK2   BANK3   BANK4   BANK5   BANK6   BANK7   BANK8   BANK9  BANK10  BANK11  BANK12
      Params:         0       0       0       0       0       0       0       0       0       0       0       0       0       0
      Locals:         0       2       0       0       0       0       0       0       0       0       0       0       0       0
      Temps:          0       2       0       0       0       0       0       0       0       0       0       0       0       0
      Totals:         0       4       0       0       0       0       0       0       0       0       0       0       0       0
Total ram usage:        4 bytes
 Hardware stack levels used:    1
 Hardware stack levels required when called:    8
 This function calls:
		_wireReadDataByte
		_wireWriteDataByte
 This function is called by:
		_initialize
 This function uses a non-reentrant model


 *************** function _setProxIntLowThresh *****************
 Defined at:
		line 233 in file "APDS9960.c"
 Parameters:    Size  Location     Type
  threshold       1    wreg     unsigned char 
 Auto vars:     Size  Location     Type
  threshold       1   11[BANK0 ] unsigned char 
 Return value:  Size  Location     Type
                  1    wreg      _Bool 
 Registers used:
		wreg, status,2, status,0, pclath, cstack
 Tracked objects:
		On entry : 
		On exit  : 
		Unchanged: 
 Data sizes:     COMMON   BANK0   BANK1   BANK2   BANK3   BANK4   BANK5   BANK6   BANK7   BANK8   BANK9  BANK10  BANK11  BANK12
      Params:         0       0       0       0       0       0       0       0       0       0       0       0       0       0
      Locals:         0       1       0       0       0       0       0       0       0       0       0       0       0       0
      Temps:          0       1       0       0       0       0       0       0       0       0       0       0       0       0
      Totals:         0       2       0       0       0       0       0       0       0       0       0       0       0       0
Total ram usage:        2 bytes
 Hardware stack levels used:    1
 Hardware stack levels required when called:    8
 This function calls:
		_wireWriteDataByte
 This function is called by:
		_initialize
 This function uses a non-reentrant model


 *************** function _setProxIntHighThresh *****************
 Defined at:
		line 243 in file "APDS9960.c"
 Parameters:    Size  Location     Type
  threshold       1    wreg     unsigned char 
 Auto vars:     Size  Location     Type
  threshold       1   11[BANK0 ] unsigned char 
 Return value:  Size  Location     Type
                  1    wreg      _Bool 
 Registers used:
		wreg, status,2, status,0, pclath, cstack
 Tracked objects:
		On entry : 
		On exit  : 
		Unchanged: 
 Data sizes:     COMMON   BANK0   BANK1   BANK2   BANK3   BANK4   BANK5   BANK6   BANK7   BANK8   BANK9  BANK10  BANK11  BANK12
[...]
      Totals:         0       0       0       0       0       0       0       0       0       0       0       0       0       0
Total ram usage:        0 bytes
 Hardware stack levels used:    1
 This function calls:
		Nothing
 This function is called by:
		_do_I2C_DO_NACK_STOP
		_do_I2C_DO_NACK_RESTART
 This function uses a non-reentrant model


 *************** function _i2c1_driver_resetBus *****************
 Defined at:
		line 141 in file "mcc_generated_files/i2c1_driver.c"
 Parameters:    Size  Location     Type
		None
 Auto vars:     Size  Location     Type
		None
 Return value:  Size  Location     Type
                  1    wreg      void 
 Registers used:
		None
 Tracked objects:
		On entry : 
		On exit  : 
		Unchanged: 
 Data sizes:     COMMON   BANK0   BANK1   BANK2   BANK3   BANK4   BANK5   BANK6   BANK7   BANK8   BANK9  BANK10  BANK11  BANK12
      Params:         0       0       0       0       0       0       0       0       0       0       0       0       0       0
      Locals:         0       0       0       0       0       0       0       0       0       0       0       0       0       0
      Temps:          0       0       0       0       0       0       0       0       0       0       0       0       0       0
      Totals:         0       0       0       0       0       0       0       0       0       0       0       0       0       0
Total ram usage:        0 bytes
 Hardware stack levels used:    1
 This function calls:
		Nothing
 This function is called by:
		_do_I2C_RESET
 This function uses a non-reentrant model


 *************** function i1_i2c1_driver_startRX *****************
 Defined at:
		line 166 in file "mcc_generated_files/i2c1_driver.c"
 Parameters:    Size  Location     Type
		None
 Auto vars:     Size  Location     Type
		None
 Return value:  Size  Location     Type
                  1    wreg      void 
 Registers used:
		None
 Tracked objects:
		On entry : 
		On exit  : 
		Unchanged: 
 Data sizes:     COMMON   BANK0   BANK1   BANK2   BANK3   BANK4   BANK5   BANK6   BANK7   BANK8   BANK9  BANK10  BANK11  BANK12
      Params:         0       0       0       0       0       0       0       0       0       0       0       0       0       0
      Locals:         0       0       0       0       0       0       0       0       0       0       0       0       0       0
      Temps:          0       0       0       0       0       0       0       0       0       0       0       0       0       0
      Totals:         0       0       0       0       0       0       0       0       0       0       0       0       0       0
Total ram usage:        0 bytes
 Hardware stack levels used:    1
 This function calls:
		Nothing
 This function is called by:
		_do_I2C_RCEN
 This function uses a non-reentrant model


 *************** function _returnReset *****************
 Defined at:
		line 448 in file "mcc_generated_files/drivers/i2c_master.c"
 Parameters:    Size  Location     Type
  p               1    0[COMMON] PTR void 
		 -> NULL(0), 
 Auto vars:     Size  Location     Type
		None
 Return value:  Size  Location     Type
                  1    wreg      enum E6966
 Registers used:
		wreg
 Tracked objects:
		On entry : 
		On exit  : 
		Unchanged: 
 Data sizes:     COMMON   BANK0   BANK1   BANK2   BANK3   BANK4   BANK5   BANK6   BANK7   BANK8   BANK9  BANK10  BANK11  BANK12
      Params:         1       0       0       0       0       0       0       0       0       0       0       0       0       0
      Locals:         0       0       0       0       0       0       0       0       0       0       0       0       0       0
      Temps:          0       0       0       0       0       0       0       0       0       0       0       0       0       0
      Totals:         1       0       0       0       0       0       0       0       0       0       0       0       0       0
Total ram usage:        1 bytes
 Hardware stack levels used:    1
 This function calls:
		Nothing
 This function is called by:
		_i2c_open
		_do_I2C_DO_ADDRESS_NACK
		_do_I2C_TX
		_do_I2C_RX
		_do_I2C_TX_EMPTY
 This function uses a non-reentrant model


 *************** function _returnStop *****************
 Defined at:
		line 443 in file "mcc_generated_files/drivers/i2c_master.c"
 Parameters:    Size  Location     Type
  p               1    0[COMMON] PTR void 
		 -> NULL(0), 
 Auto vars:     Size  Location     Type
		None
 Return value:  Size  Location     Type
                  1    wreg      enum E6966
 Registers used:
		wreg
 Tracked objects:
		On entry : 
		On exit  : 
		Unchanged: 
 Data sizes:     COMMON   BANK0   BANK1   BANK2   BANK3   BANK4   BANK5   BANK6   BANK7   BANK8   BANK9  BANK10  BANK11  BANK12
      Params:         1       0       0       0       0       0       0       0       0       0       0       0       0       0
      Locals:         0       0       0       0       0       0       0       0       0       0       0       0       0       0
      Temps:          0       0       0       0       0       0       0       0       0       0       0       0       0       0
      Totals:         1       0       0       0       0       0       0       0       0       0       0       0       0       0
Total ram usage:        1 bytes
 Hardware stack levels used:    1
 This function calls:
		Nothing
 This function is called by:
		_i2c_open
		_setCallBack
		_do_I2C_DO_ADDRESS_NACK
		_do_I2C_TX
		_do_I2C_RX
		_do_I2C_TX_EMPTY
 This function uses a non-reentrant model


 *************** function i1_i2c1_driver_stop *****************
 Defined at:
		line 156 in file "mcc_generated_files/i2c1_driver.c"
 Parameters:    Size  Location     Type
		None
 Auto vars:     Size  Location     Type
		None
 Return value:  Size  Location     Type
                  1    wreg      void 
 Registers used:
		None
 Tracked objects:
		On entry : 
		On exit  : 
		Unchanged: 
 Data sizes:     COMMON   BANK0   BANK1   BANK2   BANK3   BANK4   BANK5   BANK6   BANK7   BANK8   BANK9  BANK10  BANK11  BANK12
      Params:         0       0       0       0       0       0       0       0       0       0       0       0       0       0
      Locals:         0       0       0       0       0       0       0       0       0       0       0       0       0       0
      Temps:          0       0       0       0       0       0       0       0       0       0       0       0       0       0
      Totals:         0       0       0       0       0       0       0       0       0       0       0       0       0       0
Total ram usage:        0 bytes
 Hardware stack levels used:    1
 This function calls:
		Nothing
 This function is called by:
		_do_I2C_SEND_STOP
 This function uses a non-reentrant model


 *************** function i1_i2c1_driver_restart *****************
 Defined at:
		line 151 in file "mcc_generated_files/i2c1_driver.c"
 Parameters:    Size  Location     Type
		None
 Auto vars:     Size  Location     Type
		None
 Return value:  Size  Location     Type
                  1    wreg      void 
 Registers used:
		None
 Tracked objects:
		On entry : 
		On exit  : 
		Unchanged: 
 Data sizes:     COMMON   BANK0   BANK1   BANK2   BANK3   BANK4   BANK5   BANK6   BANK7   BANK8   BANK9  BANK10  BANK11  BANK12
      Params:         0       0       0       0       0       0       0       0       0       0       0       0       0       0
      Locals:         0       0       0       0       0       0       0       0       0       0       0       0       0       0
      Temps:          0       0       0       0       0       0       0       0       0       0       0       0       0       0
      Totals:         0       0       0       0       0       0       0       0       0       0       0       0       0       0
Total ram usage:        0 bytes
 Hardware stack levels used:    1
 This function calls:
		Nothing
 This function is called by:
		_do_I2C_SEND_RESTART_READ
		_do_I2C_SEND_RESTART_WRITE
		_do_I2C_SEND_RESTART
 This function uses a non-reentrant model


 *************** function _i2c1_driver_sendACK *****************
 Defined at:
		line 196 in file "mcc_generated_files/i2c1_driver.c"
 Parameters:    Size  Location     Type
		None
 Auto vars:     Size  Location     Type
		None
 Return value:  Size  Location     Type
                  1    wreg      void 
 Registers used:
		None
 Tracked objects:
		On entry : 
		On exit  : 
		Unchanged: 
 Data sizes:     COMMON   BANK0   BANK1   BANK2   BANK3   BANK4   BANK5   BANK6   BANK7   BANK8   BANK9  BANK10  BANK11  BANK12
      Params:         0       0       0       0       0       0       0       0       0       0       0       0       0       0
      Locals:         0       0       0       0       0       0       0       0       0       0       0       0       0       0
      Temps:          0       0       0       0       0       0       0       0       0       0       0       0       0       0
      Totals:         0       0       0       0       0       0       0       0       0       0       0       0       0       0
Total ram usage:        0 bytes
 Hardware stack levels used:    1
 This function calls:
		Nothing
 This function is called by:
		_do_I2C_DO_ACK
		_do_I2C_RX
		_I2C_Send_ACK
 This function uses a non-reentrant model


 *************** function _PIN_MANAGER_IOC *****************
 Defined at:
		line 127 in file "mcc_generated_files/pin_manager.c"
 Parameters:    Size  Location     Type
		None
 Auto vars:     Size  Location     Type
		None
 Return value:  Size  Location     Type
                  1    wreg      void 
 Registers used:
		wreg, status,2, status,0, pclath, cstack
 Tracked objects:
		On entry : 
		On exit  : 
		Unchanged: 
 Data sizes:     COMMON   BANK0   BANK1   BANK2   BANK3   BANK4   BANK5   BANK6   BANK7   BANK8   BANK9  BANK10  BANK11  BANK12
      Params:         0       0       0       0       0       0       0       0       0       0       0       0       0       0
      Locals:         0       0       0       0       0       0       0       0       0       0       0       0       0       0
      Temps:          0       0       0       0       0       0       0       0       0       0       0       0       0       0
      Totals:         0       0       0       0       0       0       0       0       0       0       0       0       0       0
Total ram usage:        0 bytes
 Hardware stack levels used:    1
 Hardware stack levels required when called:    2
 This function calls:
		_IOCCF1_ISR
 This function is called by:
		_INTERRUPT_InterruptManager
 This function uses a non-reentrant model


 *************** function _IOCCF1_ISR *****************
 Defined at:
		line 139 in file "mcc_generated_files/pin_manager.c"
 Parameters:    Size  Location     Type
		None
 Auto vars:     Size  Location     Type
		None
 Return value:  Size  Location     Type
                  1    wreg      void 
 Registers used:
		wreg, status,2, status,0, pclath, cstack
 Tracked objects:
		On entry : 
		On exit  : 
		Unchanged: 
 Data sizes:     COMMON   BANK0   BANK1   BANK2   BANK3   BANK4   BANK5   BANK6   BANK7   BANK8   BANK9  BANK10  BANK11  BANK12
      Params:         0       0       0       0       0       0       0       0       0       0       0       0       0       0
      Locals:         0       0       0       0       0       0       0       0       0       0       0       0       0       0
      Temps:          0       0       0       0       0       0       0       0       0       0       0       0       0       0
      Totals:         0       0       0       0       0       0       0       0       0       0       0       0       0       0
Total ram usage:        0 bytes
 Hardware stack levels used:    1
 Hardware stack levels required when called:    1
 This function calls:
		Absolute function
		_GestureInterruptHandler
		_IOCCF1_DefaultInterruptHandler
 This function is called by:
		_PIN_MANAGER_IOC
 This function uses a non-reentrant model


 *************** function _GestureInterruptHandler *****************
 Defined at:
		line 54 in file "main.c"
 Parameters:    Size  Location     Type
		None
 Auto vars:     Size  Location     Type
		None
 Return value:  Size  Location     Type
                  1    wreg      void 
 Registers used:
		None
 Tracked objects:
		On entry : 
		On exit  : 
		Unchanged: 
 Data sizes:     COMMON   BANK0   BANK1   BANK2   BANK3   BANK4   BANK5   BANK6   BANK7   BANK8   BANK9  BANK10  BANK11  BANK12
      Params:         0       0       0       0       0       0       0       0       0       0       0       0       0       0
      Locals:         0       0       0       0       0       0       0       0       0       0       0       0       0       0
      Temps:          0       0       0       0       0       0       0       0       0       0       0       0       0       0
      Totals:         0       0       0       0       0       0       0       0       0       0       0       0       0       0
Total ram usage:        0 bytes
 Hardware stack levels used:    1
 This function calls:
		Nothing
 This function is called by:
		_main
		_IOCCF1_ISR
 This function uses a non-reentrant model


 *************** function _IOCCF1_DefaultInterruptHandler *****************
 Defined at:
		line 161 in file "mcc_generated_files/pin_manager.c"
 Parameters:    Size  Location     Type
		None
 Auto vars:     Size  Location     Type
		None
 Return value:  Size  Location     Type
                  1    wreg      void 
 Registers used:
		None
 Tracked objects:
		On entry : 
		On exit  : 
		Unchanged: 
 Data sizes:     COMMON   BANK0   BANK1   BANK2   BANK3   BANK4   BANK5   BANK6   BANK7   BANK8   BANK9  BANK10  BANK11  BANK12
      Params:         0       0       0       0       0       0       0       0       0       0       0       0       0       0
      Locals:         0       0       0       0       0       0       0       0       0       0       0       0       0       0
      Temps:          0       0       0       0       0       0       0       0       0       0       0       0       0       0
      Totals:         0       0       0       0       0       0       0       0       0       0       0       0       0       0
Total ram usage:        0 bytes
 Hardware stack levels used:    1
 This function calls:
		Nothing
 This function is called by:
		_PIN_MANAGER_Initialize
		_IOCCF1_ISR
 This function uses a non-reentrant model



MODULE INFORMATION

Module		Function		Class		Link	Load	Size
mcc_generated_files/interrupt_manager.c
		_INTERRUPT_InterruptManager		CODE           	0004	0000	40

mcc_generated_files/interrupt_manager.c estimated size: 40

i2c.c
		_I2C_Stop      		CODE           	071F	0000	4
		_I2C_Write_Byte		CODE           	05A1	0000	29
		_I2C_Read_Byte 		CODE           	0673	0000	12
		_I2C_Send_NACK 		CODE           	072B	0000	4
		_I2C_Start     		CODE           	0725	0000	4
		_I2C_ReStart   		CODE           	0734	0000	4

i2c.c estimated size: 57

mcc_generated_files/pin_manager.c
		_PIN_MANAGER_Initialize		CODE           	02A1	0000	60
		_IOCCF1_DefaultInterruptHandler		CODE           	0757	0000	2
		_IOCCF1_ISR    		CODE           	065A	0000	14
		_PIN_MANAGER_IOC		CODE           	06DF	0000	7
		_IOCCF1_SetInterruptHandler		CODE           	06D3	0000	7

mcc_generated_files/pin_manager.c estimated size: 90

shared
		i1_i2c1_driver_sendNACK		CODE           	0713	0000	5
		__initialization		CODE           	002D	0000	22
		i1_i2c1_driver_restart		CODE           	074F	0000	4
		i1_i2c1_driver_stop		CODE           	074C	0000	4
		i1_i2c1_driver_startRX		CODE           	0749	0000	4
		_fsmStateTable 		STRCODE        	0563	0000	33
		i1_i2c1_driver_getRXData		CODE           	0746	0000	4
		i1_i2c1_driver_TXData		CODE           	06EA	0000	6

shared estimated size: 82

mcc_generated_files/mcc.c
		_WDT_Initialize		CODE           	06F3	0000	5
		_PMD_Initialize		CODE           	069A	0000	9
		_OSCILLATOR_Initialize		CODE           	0691	0000	10
		_SYSTEM_Initialize		CODE           	0667	0000	13

mcc_generated_files/mcc.c estimated size: 37

mcc_generated_files/drivers/i2c_master.c
		_returnStop    		CODE           	0754	0000	3
		_i2c_busCollisionISR		CODE           	073A	0000	4
		_i2c_ISR       		CODE           	0519	0000	39
		_do_I2C_TX_EMPTY		CODE           	03A6	0000	49
		_returnReset   		CODE           	0752	0000	3
		_do_I2C_SEND_RESTART_WRITE		CODE           	070B	0000	5
		_do_I2C_DO_NACK_RESTART		CODE           	06F7	0000	5
		_do_I2C_SEND_RESTART_READ		CODE           	070F	0000	5
		_do_I2C_SEND_ADR_WRITE		CODE           	06B9	0000	8
		_do_I2C_SEND_STOP		CODE           	0703	0000	5
		_do_I2C_SEND_ADR_READ		CODE           	06A2	0000	9
		_do_I2C_DO_NACK_STOP		CODE           	06FB	0000	5
		_do_I2C_SEND_RESTART		CODE           	0707	0000	5
		_do_I2C_RX     		CODE           	025C	0000	70
		_do_I2C_TX     		CODE           	020F	0000	78
		_do_I2C_IDLE   		CODE           	06E5	0000	6
		_do_I2C_RCEN   		CODE           	06D9	0000	7
		_do_I2C_DO_ADDRESS_NACK		CODE           	0401	0000	43
		_do_I2C_RESET  		CODE           	06C0	0000	8
		_do_I2C_DO_ACK 		CODE           	06FF	0000	5

mcc_generated_files/drivers/i2c_master.c estimated size: 362

mcc_generated_files/i2c1_driver.c
		_i2c1_driver_isBufferFull		CODE           	06B2	0000	8
		_i2c1_driver_open		CODE           	067E	0000	11
		_i2c1_driver_isNACK		CODE           	06AA	0000	9
		_i2c1_driver_stop		CODE           	0722	0000	4
		_i2c1_driver_getRXData		CODE           	0731	0000	4
		_i2c1_driver_TXData		CODE           	06CD	0000	7
		_i2c1_driver_start		CODE           	0728	0000	4
		_i2c1_driver_sendACK		CODE           	0717	0000	5
		_mssp1_setIRQ  		CODE           	0743	0000	4
		_i2c1_driver_sendNACK		CODE           	06EF	0000	5
		_i2c1_driver_restart		CODE           	0737	0000	4
		_i2c1_driver_resetBus		CODE           	0756	0000	2
		_i2c1_driver_clearBusCollision		CODE           	073D	0000	4
		_mssp1_clearIRQ		CODE           	0740	0000	4
		_i2c1_driver_startRX		CODE           	072E	0000	4

mcc_generated_files/i2c1_driver.c estimated size: 79

APDS9960.c
		_setGestureEnterThresh		CODE           	0639	0000	20
		_setProxIntHighThresh		CODE           	0613	0000	20
		_setMode       		CODE           	01C0	0000	80
		_setLEDDrive   		CODE           	0454	0000	42
		_setGestureIntEnable		CODE           	03D6	0000	44
		_setLightIntHighThreshold		CODE           	04A4	0000	40
		_resetGestureParameters		CODE           	05D8	0000	22
		_setLightIntLowThreshold		CODE           	047D	0000	40
		_enablePower   		CODE           	064C	0000	15
		_setGestureMode		CODE           	04F2	0000	40
		_setGestureGain		CODE           	0342	0000	51
		_setGestureExitThresh		CODE           	0626	0000	20
		_setLEDBoost   		CODE           	0374	0000	51
		_setGestureWaitTime		CODE           	04CB	0000	40
		_setAmbientLightGain		CODE           	0583	0000	31
		_initialize    		CODE           	0046	0000	279
		_setGestureLEDDrive		CODE           	0310	0000	51
		_setProximityGain		CODE           	042B	0000	42
		_wireWriteDataByte		CODE           	05BD	0000	28
		_setProxIntLowThresh		CODE           	0600	0000	20
		_wireReadDataByte		CODE           	053F	0000	37
		_enableGestureSensor		CODE           	015C	0000	101
		_getMode       		CODE           	0688	0000	10
		_isGestureAvailable		CODE           	05ED	0000	20

APDS9960.c estimated size: 1144

main.c
		_main          		CODE           	02DC	0000	53
		_GestureInterruptHandler		CODE           	071B	0000	5

main.c estimated size: 58

