Microchip MPLAB XC8 Compiler V2.05 ()

Linker command line:

-W-3 --edf=C:\Program Files (x86)\Microchip\xc8\v2.05\pic\dat\en_msgs.txt \
  -cs -h+dist/default/production\I2Gesture.X.production.sym \
  --cmf=dist/default/production\I2Gesture.X.production.cmf -z -Q16F18345 \
  -oC:\Users\ALEXAN~1\AppData\Local\Temp\sc80.2 --defsym=__MPLAB_BUILD=1 \
  -Mdist/default/production/I2Gesture.X.production.map -E1 -ver=XC8 \
  --acfsm=1493 -ASTACK=021B0h-023EFh -pstack=STACK -ACODE=00h-07FFhx4 \
  -ASTRCODE=00h-01FFFh -ASTRING=00h-0FFhx32 -ACONST=00h-0FFhx32 \
  -AENTRY=00h-0FFhx32 -ACOMMON=070h-07Fh -ABANK0=020h-06Fh \
  -ABANK1=0A0h-0EFh -ABANK2=0120h-016Fh -ABANK3=01A0h-01EFh \
  -ABANK4=0220h-026Fh -ABANK5=02A0h-02EFh -ABANK6=0320h-036Fh \
  -ABANK7=03A0h-03EFh -ABANK8=0420h-046Fh -ABANK9=04A0h-04EFh \
  -ABANK10=0520h-056Fh -ABANK11=05A0h-05EFh -ABANK12=0620h-064Fh \
  -ABIGRAM=02000h-023EFh \
  -ARAM=020h-06Fh,0A0h-0EFh,0120h-016Fh,01A0h-01EFh,0220h-026Fh,02A0h-02EFh,0320h-036Fh,03A0h-03EFh,0420h-046Fh,04A0h-04EFh,0520h-056Fh,05A0h-05EFh,0620h-064Fh \
  -AABS1=020h-07Fh,0A0h-0EFh,0120h-016Fh,01A0h-01EFh,0220h-026Fh,02A0h-02EFh,0320h-036Fh,03A0h-03EFh,0420h-046Fh,04A0h-04EFh,0520h-056Fh,05A0h-05EFh,0620h-064Fh \
  -ASFR0=00h-01Fh -ASFR1=080h-09Fh -ASFR2=0100h-011Fh -ASFR3=0180h-019Fh \
  -ASFR4=0200h-021Fh -ASFR5=0280h-029Fh -ASFR6=0300h-031Fh \
  -ASFR7=0380h-039Fh -ASFR8=0400h-041Fh -ASFR9=0480h-049Fh \
  -ASFR10=0500h-051Fh -ASFR11=0580h-059Fh -ASFR12=0600h-061Fh \
  -ASFR13=0680h-06EFh -ASFR14=0700h-076Fh -ASFR15=0780h-07EFh \
  -ASFR16=0800h-086Fh -ASFR17=0880h-08EFh -ASFR18=0900h-096Fh \
  -ASFR19=0980h-09EFh -ASFR20=0A00h-0A6Fh -ASFR21=0A80h-0AEFh \
  -ASFR22=0B00h-0B6Fh -ASFR23=0B80h-0BEFh -ASFR24=0C00h-0C6Fh \
  -ASFR25=0C80h-0CEFh -ASFR26=0D00h-0D6Fh -ASFR27=0D80h-0DEFh \
  -ASFR28=0E00h-0E6Fh -ASFR29=0E80h-0EEFh -ASFR30=0F00h-0F6Fh \
  -ASFR31=0F80h-0FEFh -preset_vec=00h,intentry=04h,init,end_init \
  -ppowerup=CODE -pcinit=CODE -pfunctab=ENTRY -ACONFIG=08007h-0800Ah \
  -pconfig=CONFIG -DCONFIG=2 -AIDLOC=08000h-08003h -pidloc=IDLOC -DIDLOC=2 \
  -AEEDATA=00h-0FFh/0F000h -peeprom_data=EEDATA -DEEDATA=2 -DCODE=2 \
  -DSTRCODE=2 -DSTRING=2 -DCONST=2 -DENTRY=2 -k \
  C:\Users\ALEXAN~1\AppData\Local\Temp\sc80.o \
  dist/default/production\I2Gesture.X.production.o 

Object code version is 3.11

Machine type is 16F18345



                Name                               Link     Load   Length Selector   Space Scale
C:\Users\ALEXAN~1\AppData\Local\Temp\sc80.o
                end_init                             47       47        2        8       0
                reset_vec                             0        0        2        0       0
                config                             8007     8007        4    1000E       0
dist/default/production\I2Gesture.X.production.o
                cinit                                49       49       4B        8       0
                intentry                              4        4       43        8       0
                text128                            12F6     12F6       18     25EC       0
                text127                            10D4     10D4        3     21A8       0
                text126                            10CC     10CC        1     2198       0
                text125                            110A     110A        4     2214       0
                text124                            16D7     16D7       36     2DAE       0
                text123                            13E6     13E6       20     27CC       0
                text122                            10CD     10CD        1     219A       0
                text121                            110E     110E        4     221C       0
                text120                            10D7     10D7        3     21AE       0
                text119                            10DA     10DA        3     21B4       0
                text118                            10D0     10D0        2     21A0       0
                text117                            10D2     10D2        2     21A4       0
                text116                            10DD     10DD        3     21BA       0
                text115                            10CE     10CE        1     219C       0
                text114                            1112     1112        4     2224       0
                text113                            10E0     10E0        3     21C0       0
                text112                            113E     113E        5     227C       0
                text111                            1182     1182        8     2304       0
                text110                            10E3     10E3        3     21C6       0
                text109                            15DB     15DB       31     2BB6       0
                text108                            1166     1166        7     22CC       0
                text107                            1143     1143        5     2286       0
                text106                            1116     1116        4     222C       0
                text105                            111A     111A        4     2234       0
                text104                            111E     111E        4     223C       0
                text103                            1122     1122        4     2244       0
                text102                            118A     118A        8     2314       0
                text101                            116D     116D        7     22DA       0
                text100                            1148     1148        6     2290       0
                text99                             1126     1126        4     224C       0
                text98                             112A     112A        4     2254       0
                text97                             112E     112E        4     225C       0
                text96                             1585     1585       2B     2B0A       0
                text95                              8BF      8BF       4F     117E       0
                text94                             17BA     17BA       46     2F74       0
                text93                             10E6     10E6        3     21CC       0
                text92                             144B     144B       26     2896       0
                text91                             10E9     10E9        3     21D2       0
                text90                             10EC     10EC        3     21D8       0
                text88                             1234     1234        F     2468       0
                text87                             12B3     12B3       15     2566       0
                text86                             1243     1243       11     2486       0
                text85                             13AA     13AA       1E     2754       0
                text84                             10EF     10EF        3     21DE       0
                text83                             1132     1132        4     2264       0
                text82                             130E     130E       18     261C       0
                text81                              95D      95D       50     12BA       0
                text80                             11BA     11BA        9     2374       0
                text79                              E13      E13       F6     1C26       0
                text78                             177D     177D       3D     2EFA       0
                text77                             120E     120E        C     241C       0
                text76                             1192     1192        8     2324       0
                text75                             11C3     11C3        9     2386       0
                text74                             11CC     11CC        9     2398       0
                text73                             11D5     11D5        9     23AA       0
                text72                             11DE     11DE        9     23BC       0
                text71                             11E7     11E7        9     23CE       0
                text70                              82F      82F       46     105E       0
                text69                             119A     119A        8     2334       0
                text68                             1744     1744       39     2E88       0
                text67                             11A2     11A2        8     2344       0
                text66                             121A     121A        C     2434       0
                text65                             1174     1174        7     22E8       0
                text64                             11AA     11AA        8     2354       0
                text63                             1136     1136        4     226C       0
                text62                             1357     1357       1B     26AE       0
                text61                              F09      F09       F7     1E12       0
                text60                              C41      C41       DF     1882       0
                text59                             133E     133E       19     267C       0
                text58                              803      803       2C     1006       0
                text57                             114E     114E        6     229C       0
                text56                             170D     170D       37     2E1A       0
                text55                             1471     1471       26     28E2       0
                text54                              9FF      9FF       53     13FE       0
                text53                              501      501      151        8       0
                text52                              B70      B70       D1     16E0       0
                text51                             16A2     16A2       35     2D44       0
                text50                             1406     1406       21     280C       0
                text49                             1326     1326       18     264C       0
                text48                             12C8     12C8       17     2590       0
                text47                              B02      B02       6E     1604       0
                text46                             10F2     10F2        3     21E4       0
                text45                             10F5     10F5        3     21EA       0
                text44                             10F8     10F8        3     21F0       0
                text43                             117B     117B        7     22F6       0
                text42                             10FB     10FB        3     21F6       0
                text41                             1203     1203        B     2406       0
                text40                             113A     113A        4     2274       0
                text39                             10FE     10FE        3     21FC       0
                text38                             1101     1101        3     2202       0
                text37                             1104     1104        3     2208       0
                text36                             1107     1107        3     220E       0
                text35                              800      800        3        8       0
                text34                             1154     1154        6     22A8       0
                text33                             1372     1372       1C     26E4       0
                text32                             1427     1427       24     284E       0
                text31                             11F0     11F0        9     23E0       0
                text30                              7E5      7E5       1B        8       0
                text29                              90E      90E       4F     121C       0
                text28                             1226     1226        E     244C       0
                text27                             12DF     12DF       17     25BE       0
                text26                             15B0     15B0       2B     2B60       0
                text25                             1497     1497       27     292E       0
                text24                             160C     160C       32     2C18       0
                text23                              AA6      AA6       5C     154C       0
                text22                              36E      36E      193        8       0
                text21                             1254     1254       13     24A8       0
                text20                              9AD      9AD       52     135A       0
                text19                             138E     138E       1C     271C       0
                text18                               94       94      2DA        8       0
                text17                              875      875       4A     10EA       0
                text16                              D20      D20       F3     1A40       0
                text15                              761      761       84        8       0
                text14                             11F9     11F9        A     23F2       0
                text13                             13C8     13C8       1E     2790       0
                text12                             1267     1267       13     24CE       0
                text11                             127A     127A       13     24F4       0
                text10                             163E     163E       32     2C7C       0
                text9                              1670     1670       32     2CE0       0
                text8                              14BE     14BE       27     297C       0
                text7                              1533     1533       29     2A66       0
                text6                              14E5     14E5       27     29CA       0
                text5                              150C     150C       27     2A18       0
                text4                              128D     128D       13     251A       0
                text3                              12A0     12A0       13     2540       0
                text2                              155C     155C       29     2AB8       0
                text1                               652      652      10F        8       0
                maintext                            A52      A52       54     14A4       0
                cstackBANK0                          20       20       50       20       1
                cstackCOMMON                         76       76        6       70       1
                cstackBANK1                          A0       A0       46       A0       1
                cstackBANK2                         120      120       40      120       1
                clrtext                            115A     115A        6     22B4       0
                inittext                           1160     1160        6     22C0       0
                bssBANK5                            2A0      2A0       20      2A0       1
                bssBANK4                            220      220       44      220       1
                dataBANK3                           1E3      1E3        8      1A0       1
                bssBANK3                            1A0      1A0       43      1A0       1
                dataBANK2                           16E      16E        2      120       1
                bssBANK2                            160      160        E      120       1
                dataBANK1                            EF       EF        1       A0       1
                bssBANK1                             E6       E6        9       A0       1
                bssCOMMON                            70       70        6       70       1
                stringtext6                        1854     1854        3     3000       0
                stringtext5                        1849     1849        B     3000       0
                stringtext4                        183D     183D        C     3000       0
                stringtext3                        1830     1830        D     3000       0
                stringtext2                        1820     1820       10     3000       0
                nvBANK4                             264      264        6      220       1
                nvBANK3                             1EB      1EB        5      1A0       1
                stringtext1                        1800     1800       20     3000       0
                idataBANK3                         11B2     11B2        8     2364       0
                idataBANK2                            2        2        2        0       0
                idataBANK1                         10CF     10CF        1     219E       0

TOTAL           Name                               Link     Load   Length     Space
        CLASS   STACK          

        CLASS   CODE           
                end_init                             47       47        2         0
                cinit                                49       49       4B         0
                intentry                              4        4       43         0
                reset_vec                             0        0        2         0
                text128                            12F6     12F6       18         0
                text127                            10D4     10D4        3         0
                text126                            10CC     10CC        1         0
                text125                            110A     110A        4         0
                text124                            16D7     16D7       36         0
                text123                            13E6     13E6       20         0
                text122                            10CD     10CD        1         0
                text121                            110E     110E        4         0
                text120                            10D7     10D7        3         0
                text119                            10DA     10DA        3         0
                text118                            10D0     10D0        2         0
                text117                            10D2     10D2        2         0
                text116                            10DD     10DD        3         0
                text115                            10CE     10CE        1         0
                text114                            1112     1112        4         0
                text113                            10E0     10E0        3         0
                text112                            113E     113E        5         0
                text111                            1182     1182        8         0
                text110                            10E3     10E3        3         0
                text109                            15DB     15DB       31         0
                text108                            1166     1166        7         0
                text107                            1143     1143        5         0
                text106                            1116     1116        4         0
                text105                            111A     111A        4         0
                text104                            111E     111E        4         0
                text103                            1122     1122        4         0
                text102                            118A     118A        8         0
                text101                            116D     116D        7         0
                text100                            1148     1148        6         0
                text99                             1126     1126        4         0
                text98                             112A     112A        4         0
                text97                             112E     112E        4         0
                text96                             1585     1585       2B         0
                text95                              8BF      8BF       4F         0
                text94                             17BA     17BA       46         0
                text93                             10E6     10E6        3         0
                text92                             144B     144B       26         0
                text91                             10E9     10E9        3         0
                text90                             10EC     10EC        3         0
                text88                             1234     1234        F         0
                text87                             12B3     12B3       15         0
                text86                             1243     1243       11         0
                text85                             13AA     13AA       1E         0
                text84                             10EF     10EF        3         0
                text83                             1132     1132        4         0
                text82                             130E     130E       18         0
                text81                              95D      95D       50         0
                text80                             11BA     11BA        9         0
                text79                              E13      E13       F6         0
                text78                             177D     177D       3D         0
                text77                             120E     120E        C         0
                text76                             1192     1192        8         0
                text75                             11C3     11C3        9         0
                text74                             11CC     11CC        9         0
                text73                             11D5     11D5        9         0
                text72                             11DE     11DE        9         0
                text71                             11E7     11E7        9         0
                text70                              82F      82F       46         0
                text69                             119A     119A        8         0
                text68                             1744     1744       39         0
                text67                             11A2     11A2        8         0
                text66                             121A     121A        C         0
                text65                             1174     1174        7         0
                text64                             11AA     11AA        8         0
                text63                             1136     1136        4         0
                text62                             1357     1357       1B         0
                text61                              F09      F09       F7         0
                text60                              C41      C41       DF         0
                text59                             133E     133E       19         0
                text58                              803      803       2C         0
                text57                             114E     114E        6         0
                text56                             170D     170D       37         0
                text55                             1471     1471       26         0
                text54                              9FF      9FF       53         0
                text53                              501      501      151         0
                text52                              B70      B70       D1         0
                text51                             16A2     16A2       35         0
                text50                             1406     1406       21         0
                text49                             1326     1326       18         0
                text48                             12C8     12C8       17         0
                text47                              B02      B02       6E         0
                text46                             10F2     10F2        3         0
                text45                             10F5     10F5        3         0
                text44                             10F8     10F8        3         0
                text43                             117B     117B        7         0
                text42                             10FB     10FB        3         0
                text41                             1203     1203        B         0
                text40                             113A     113A        4         0
                text39                             10FE     10FE        3         0
                text38                             1101     1101        3         0
                text37                             1104     1104        3         0
                text36                             1107     1107        3         0
                text35                              800      800        3         0
                text34                             1154     1154        6         0
                text33                             1372     1372       1C         0
                text32                             1427     1427       24         0
                text31                             11F0     11F0        9         0
                text30                              7E5      7E5       1B         0
                text29                              90E      90E       4F         0
                text28                             1226     1226        E         0
                text27                             12DF     12DF       17         0
                text26                             15B0     15B0       2B         0
                text25                             1497     1497       27         0
                text24                             160C     160C       32         0
                text23                              AA6      AA6       5C         0
                text22                              36E      36E      193         0
                text21                             1254     1254       13         0
                text20                              9AD      9AD       52         0
                text19                             138E     138E       1C         0
                text18                               94       94      2DA         0
                text17                              875      875       4A         0
                text16                              D20      D20       F3         0
                text15                              761      761       84         0
                text14                             11F9     11F9        A         0
                text13                             13C8     13C8       1E         0
                text12                             1267     1267       13         0
                text11                             127A     127A       13         0
                text10                             163E     163E       32         0
                text9                              1670     1670       32         0
                text8                              14BE     14BE       27         0
                text7                              1533     1533       29         0
                text6                              14E5     14E5       27         0
                text5                              150C     150C       27         0
                text4                              128D     128D       13         0
                text3                              12A0     12A0       13         0
                text2                              155C     155C       29         0
                text1                               652      652      10F         0
                maintext                            A52      A52       54         0
                clrtext                            115A     115A        6         0
                inittext                           1160     1160        6         0
                idataBANK3                         11B2     11B2        8         0
                idataBANK2                            2        2        2         0
                idataBANK1                         10CF     10CF        1         0

        CLASS   STRCODE        
                stringtext6                        1854     1854        3         0
                stringtext5                        1849     1849        B         0
                stringtext4                        183D     183D        C         0
                stringtext3                        1830     1830        D         0
                stringtext2                        1820     1820       10         0
                stringtext1                        1800     1800       20         0

        CLASS   STRING         

        CLASS   CONST          

        CLASS   ENTRY          

        CLASS   COMMON         
                cstackCOMMON                         76       76        6         1
                bssCOMMON                            70       70        6         1

        CLASS   BANK0          
                cstackBANK0                          20       20       50         1

        CLASS   BANK1          
                cstackBANK1                          A0       A0       46         1
                dataBANK1                            EF       EF        1         1
                bssBANK1                             E6       E6        9         1

        CLASS   BANK2          
                cstackBANK2                         120      120       40         1
                dataBANK2                           16E      16E        2         1
                bssBANK2                            160      160        E         1

        CLASS   BANK3          
                dataBANK3                           1E3      1E3        8         1
                bssBANK3                            1A0      1A0       43         1
                nvBANK3                             1EB      1EB        5         1

        CLASS   BANK4          
                bssBANK4                            220      220       44         1
                nvBANK4                             264      264        6         1

        CLASS   BANK5          
                bssBANK5                            2A0      2A0       20         1

        CLASS   BANK6          

        CLASS   BANK7          

        CLASS   BANK8          

        CLASS   BANK9          

        CLASS   BANK10         

        CLASS   BANK11         

        CLASS   BANK12         

        CLASS   BIGRAM         

        CLASS   RAM            

        CLASS   ABS1           
                abs_s1                               7E       7E        2         1

        CLASS   SFR0           

        CLASS   SFR1           

        CLASS   SFR2           

        CLASS   SFR3           

        CLASS   SFR4           

        CLASS   SFR5           

        CLASS   SFR6           

        CLASS   SFR7           

        CLASS   SFR8           

        CLASS   SFR9           

        CLASS   SFR10          

        CLASS   SFR11          

        CLASS   SFR12          

        CLASS   SFR13          

        CLASS   SFR14          

        CLASS   SFR15          

        CLASS   SFR16          

        CLASS   SFR17          

        CLASS   SFR18          

        CLASS   SFR19          

        CLASS   SFR20          

        CLASS   SFR21          

        CLASS   SFR22          

        CLASS   SFR23          

        CLASS   SFR24          

        CLASS   SFR25          

        CLASS   SFR26          

        CLASS   SFR27          

        CLASS   SFR28          

        CLASS   SFR29          

        CLASS   SFR30          

        CLASS   SFR31          

        CLASS   CONFIG         
                config                             8007     8007        4         0

        CLASS   IDLOC          

        CLASS   EEDATA         

        CLASS   BANK31         

        CLASS   BANK30         

        CLASS   BANK29         

        CLASS   BANK28         

        CLASS   BANK27         

        CLASS   BANK26         

        CLASS   BANK25         

        CLASS   BANK24         

        CLASS   BANK23         

        CLASS   BANK22         

        CLASS   BANK21         

        CLASS   BANK20         

        CLASS   BANK19         

        CLASS   BANK18         

        CLASS   BANK17         

        CLASS   BANK16         

        CLASS   BANK15         

        CLASS   BANK14         

        CLASS   BANK13         



SEGMENTS        Name                           Load    Length   Top    Selector   Space  Class     Delta

                reset_vec                      000000  000004  000004         0       0  CODE        2
                intentry                       000004  0007FF  000803         8       0  CODE        2
                cstackBANK0                    000020  000050  000070        20       1  BANK0       1
                bssCOMMON                      000070  00000C  00007C        70       1  COMMON      1
                cstackBANK1                    0000A0  000050  0000F0        A0       1  BANK1       1
                cstackBANK2                    000120  000050  000170       120       1  BANK2       1
                bssBANK3                       0001A0  000050  0001F0       1A0       1  BANK3       1
                bssBANK4                       000220  00004A  00026A       220       1  BANK4       1
                bssBANK5                       0002A0  000020  0002C0       2A0       1  BANK5       1
                text58                         000803  00002C  00082F      1006       0  CODE        2
                text70                         00082F  000046  000875      105E       0  CODE        2
                text17                         000875  00004A  0008BF      10EA       0  CODE        2
                text95                         0008BF  00004F  00090E      117E       0  CODE        2
                text29                         00090E  00004F  00095D      121C       0  CODE        2
                text81                         00095D  000050  0009AD      12BA       0  CODE        2
                text20                         0009AD  000052  0009FF      135A       0  CODE        2
                text54                         0009FF  000053  000A52      13FE       0  CODE        2
                maintext                       000A52  000054  000AA6      14A4       0  CODE        2
                text23                         000AA6  00005C  000B02      154C       0  CODE        2
                text47                         000B02  00006E  000B70      1604       0  CODE        2
                text52                         000B70  0000D1  000C41      16E0       0  CODE        2
                text60                         000C41  0000DF  000D20      1882       0  CODE        2
                text16                         000D20  0000F3  000E13      1A40       0  CODE        2
                text79                         000E13  0000F6  000F09      1C26       0  CODE        2
                text61                         000F09  0000F7  001000      1E12       0  CODE        2
                text126                        0010CC  000001  0010CD      2198       0  CODE        2
                text122                        0010CD  000001  0010CE      219A       0  CODE        2
                text115                        0010CE  000001  0010CF      219C       0  CODE        2
                idataBANK1                     0010CF  000001  0010D0      219E       0  CODE        2
                text118                        0010D0  000002  0010D2      21A0       0  CODE        2
                text117                        0010D2  000002  0010D4      21A4       0  CODE        2
                text127                        0010D4  000003  0010D7      21A8       0  CODE        2
                text120                        0010D7  000003  0010DA      21AE       0  CODE        2
                text119                        0010DA  000003  0010DD      21B4       0  CODE        2
                text116                        0010DD  000003  0010E0      21BA       0  CODE        2
                text113                        0010E0  000003  0010E3      21C0       0  CODE        2
                text110                        0010E3  000003  0010E6      21C6       0  CODE        2
                text93                         0010E6  000003  0010E9      21CC       0  CODE        2
                text91                         0010E9  000003  0010EC      21D2       0  CODE        2
                text90                         0010EC  000003  0010EF      21D8       0  CODE        2
                text84                         0010EF  000003  0010F2      21DE       0  CODE        2
                text46                         0010F2  000003  0010F5      21E4       0  CODE        2
                text45                         0010F5  000003  0010F8      21EA       0  CODE        2
                text44                         0010F8  000003  0010FB      21F0       0  CODE        2
                text42                         0010FB  000003  0010FE      21F6       0  CODE        2
                text39                         0010FE  000003  001101      21FC       0  CODE        2
                text38                         001101  000003  001104      2202       0  CODE        2
                text37                         001104  000003  001107      2208       0  CODE        2
                text36                         001107  000003  00110A      220E       0  CODE        2
                text125                        00110A  000004  00110E      2214       0  CODE        2
                text121                        00110E  000004  001112      221C       0  CODE        2
                text114                        001112  000004  001116      2224       0  CODE        2
                text106                        001116  000004  00111A      222C       0  CODE        2
                text105                        00111A  000004  00111E      2234       0  CODE        2
                text104                        00111E  000004  001122      223C       0  CODE        2
                text103                        001122  000004  001126      2244       0  CODE        2
                text99                         001126  000004  00112A      224C       0  CODE        2
                text98                         00112A  000004  00112E      2254       0  CODE        2
                text97                         00112E  000004  001132      225C       0  CODE        2
                text83                         001132  000004  001136      2264       0  CODE        2
                text63                         001136  000004  00113A      226C       0  CODE        2
                text40                         00113A  000004  00113E      2274       0  CODE        2
                text112                        00113E  000005  001143      227C       0  CODE        2
                text107                        001143  000005  001148      2286       0  CODE        2
                text100                        001148  000006  00114E      2290       0  CODE        2
                text57                         00114E  000006  001154      229C       0  CODE        2
                text34                         001154  000006  00115A      22A8       0  CODE        2
                clrtext                        00115A  000006  001160      22B4       0  CODE        2
                inittext                       001160  000006  001166      22C0       0  CODE        2
                text108                        001166  000007  00116D      22CC       0  CODE        2
                text101                        00116D  000007  001174      22DA       0  CODE        2
                text65                         001174  000007  00117B      22E8       0  CODE        2
                text43                         00117B  000007  001182      22F6       0  CODE        2
                text111                        001182  000008  00118A      2304       0  CODE        2
                text102                        00118A  000008  001192      2314       0  CODE        2
                text76                         001192  000008  00119A      2324       0  CODE        2
                text69                         00119A  000008  0011A2      2334       0  CODE        2
                text67                         0011A2  000008  0011AA      2344       0  CODE        2
                text64                         0011AA  000008  0011B2      2354       0  CODE        2
                idataBANK3                     0011B2  000008  0011BA      2364       0  CODE        2
                text80                         0011BA  000009  0011C3      2374       0  CODE        2
                text75                         0011C3  000009  0011CC      2386       0  CODE        2
                text74                         0011CC  000009  0011D5      2398       0  CODE        2
                text73                         0011D5  000009  0011DE      23AA       0  CODE        2
                text72                         0011DE  000009  0011E7      23BC       0  CODE        2
                text71                         0011E7  000009  0011F0      23CE       0  CODE        2
                text31                         0011F0  000009  0011F9      23E0       0  CODE        2
                text14                         0011F9  00000A  001203      23F2       0  CODE        2
                text41                         001203  00000B  00120E      2406       0  CODE        2
                text77                         00120E  00000C  00121A      241C       0  CODE        2
                text66                         00121A  00000C  001226      2434       0  CODE        2
                text28                         001226  00000E  001234      244C       0  CODE        2
                text88                         001234  00000F  001243      2468       0  CODE        2
                text86                         001243  000011  001254      2486       0  CODE        2
                text21                         001254  000013  001267      24A8       0  CODE        2
                text12                         001267  000013  00127A      24CE       0  CODE        2
                text11                         00127A  000013  00128D      24F4       0  CODE        2
                text4                          00128D  000013  0012A0      251A       0  CODE        2
                text3                          0012A0  000013  0012B3      2540       0  CODE        2
                text87                         0012B3  000015  0012C8      2566       0  CODE        2
                text48                         0012C8  000017  0012DF      2590       0  CODE        2
                text27                         0012DF  000017  0012F6      25BE       0  CODE        2
                text128                        0012F6  000018  00130E      25EC       0  CODE        2
                text82                         00130E  000018  001326      261C       0  CODE        2
                text49                         001326  000018  00133E      264C       0  CODE        2
                text59                         00133E  000019  001357      267C       0  CODE        2
                text62                         001357  00001B  001372      26AE       0  CODE        2
                text33                         001372  00001C  00138E      26E4       0  CODE        2
                text19                         00138E  00001C  0013AA      271C       0  CODE        2
                text85                         0013AA  00001E  0013C8      2754       0  CODE        2
                text13                         0013C8  00001E  0013E6      2790       0  CODE        2
                text123                        0013E6  000020  001406      27CC       0  CODE        2
                text50                         001406  000021  001427      280C       0  CODE        2
                text32                         001427  000024  00144B      284E       0  CODE        2
                text92                         00144B  000026  001471      2896       0  CODE        2
                text55                         001471  000026  001497      28E2       0  CODE        2
                text25                         001497  000027  0014BE      292E       0  CODE        2
                text8                          0014BE  000027  0014E5      297C       0  CODE        2
                text6                          0014E5  000027  00150C      29CA       0  CODE        2
                text5                          00150C  000027  001533      2A18       0  CODE        2
                text7                          001533  000029  00155C      2A66       0  CODE        2
                text2                          00155C  000029  001585      2AB8       0  CODE        2
                text96                         001585  00002B  0015B0      2B0A       0  CODE        2
                text26                         0015B0  00002B  0015DB      2B60       0  CODE        2
                text109                        0015DB  000031  00160C      2BB6       0  CODE        2
                text24                         00160C  000032  00163E      2C18       0  CODE        2
                text10                         00163E  000032  001670      2C7C       0  CODE        2
                text9                          001670  000032  0016A2      2CE0       0  CODE        2
                text51                         0016A2  000035  0016D7      2D44       0  CODE        2
                text124                        0016D7  000036  00170D      2DAE       0  CODE        2
                text56                         00170D  000037  001744      2E1A       0  CODE        2
                text68                         001744  000039  00177D      2E88       0  CODE        2
                text78                         00177D  00003D  0017BA      2EFA       0  CODE        2
                text94                         0017BA  000046  001800      2F74       0  CODE        2
                stringtext1                    001800  000057  001857      3000       0  STRCODE     2
                config                         008007  000004  00800B     1000E       0  CONFIG      2


UNUSED ADDRESS RANGES

        Name                Unused          Largest block    Delta
        BANK10           00520-0056F              50           1
        BANK11           005A0-005EF              50           1
        BANK12           00620-0064F              30           1
        BANK4            0026A-0026F               6           1
        BANK5            002C0-002EF              30           1
        BANK6            00320-0036F              50           1
        BANK7            003A0-003EF              50           1
        BANK8            00420-0046F              50           1
        BANK9            004A0-004EF              50           1
        BIGRAM           02000-023EF             3F0           1
        CODE             01000-010CB              CC           2
                         01857-01FFF             7A9
        COMMON           0007C-0007D               2           1
        CONST            01000-010CB              CC           2
                         01857-01FFF             100
        EEDATA           0F000-0F0FF             100           2
        ENTRY            01000-010CB              CC           2
                         01857-01FFF             100
        IDLOC            08000-08003               4           2
        RAM              0026A-0026F               6           1
                         002C0-002EF              30
                         00320-0036F              50
                         003A0-003EF              50
                         00420-0046F              50
                         004A0-004EF              50
                         00520-0056F              50
                         005A0-005EF              50
                         00620-0064F              30
        SFR0             00000-0001F              20           1
        SFR1             00080-0009F              20           1
        SFR10            00500-0051F              20           1
        SFR11            00580-0059F              20           1
        SFR12            00600-0061F              20           1
        SFR13            00680-006EF              70           1
        SFR14            00700-0076F              70           1
        SFR15            00780-007EF              70           1
        SFR16            00800-0086F              70           1
        SFR17            00880-008EF              70           1
        SFR18            00900-0096F              70           1
        SFR19            00980-009EF              70           1
        SFR2             00100-0011F              20           1
        SFR20            00A00-00A6F              70           1
        SFR21            00A80-00AEF              70           1
        SFR22            00B00-00B6F              70           1
        SFR23            00B80-00BEF              70           1
        SFR24            00C00-00C6F              70           1
        SFR25            00C80-00CEF              70           1
        SFR26            00D00-00D6F              70           1
        SFR27            00D80-00DEF              70           1
        SFR28            00E00-00E6F              70           1
        SFR29            00E80-00EEF              70           1
        SFR3             00180-0019F              20           1
        SFR30            00F00-00F6F              70           1
        SFR31            00F80-00FEF              70           1
        SFR4             00200-0021F              20           1
        SFR5             00280-0029F              20           1
        SFR6             00300-0031F              20           1
        SFR7             00380-0039F              20           1
        SFR8             00400-0041F              20           1
        SFR9             00480-0049F              20           1
        STACK            021B0-023EF             240           1
        STRCODE          01000-010CB              CC           2
                         01857-01FFF             7A9
        STRING           01000-010CB              CC           2
                         01857-01FFF             100

                                  Symbol Table

?_ADC_GetConversion                            cstackBANK0  00020
?___aodiv                                      cstackBANK0  00020
?___aomod                                      cstackBANK0  00020
?___awdiv                                      cstackBANK0  00026
?___wmul                                       cstackBANK0  00020
?_abs                                          cstackBANK0  00033
?_dtoa                                         cstackBANK0  0003C
?_pad                                          cstackBANK0  00033
?_readGesture                                  cstackBANK0  0004F
?_sprintf                                      cstackBANK1  000A3
?_strlen                                       cstackBANK0  00020
?_vfpfcnvrt                                    cstackBANK0  0005A
?_vfprintf                                     cstackBANK0  0006A
?_wireReadDataBlock                            cstackBANK0  00026
?_wireWriteDataByte                            cstackBANK0  00026
ADC_GetConversion@channel                      cstackBANK0  00023
Display_Name@i                                 cstackBANK0  0002A
Display_Name@length                            cstackBANK0  00028
Display_Name@string1                           cstackBANK0  00025
EUSART_SetErrorHandler@interruptHandler        cstackBANK0  00020
EUSART_SetFramingErrorHandler@interruptHandler cstackBANK0  00020
EUSART_SetOverrunErrorHandler@interruptHandler cstackBANK0  00020
EUSART_SetRxInterruptHandler@interruptHandler  cstackBANK0  00020
EUSART_SetTxInterruptHandler@interruptHandler  cstackBANK0  00020
EUSART_Write@txData                            cstackBANK0  00021
Get_ADC@val                                    cstackBANK0  0002F
I2C_Write_Byte@Byte                            cstackBANK0  00023
I2C_Write_Byte@count                           cstackBANK0  00024
On_Off@val                                     cstackBANK0  00027
SPI2_Exchange8bit@data                         cstackBANK0  00020
SPI_Write@incoming                             cstackBANK0  00022
UART_Byte@bits                                 cstackBANK1  000B2
UART_Byte@brightStr                            cstackBANK1  000BC
UART_Byte@onStr                                cstackBANK1  000B9
UART_Byte@profileStr                           cstackBANK1  000BB
UART_Byte@proxStr                              cstackBANK1  000BA
_ADACT                                         (abs)        0009F
_ADCON0                                        (abs)        0009D
_ADCON0bits                                    (abs)        0009D
_ADCON1                                        (abs)        0009E
_ADC_GetConversion                             text85       013AA
_ADC_Initialize                                text76       01192
_ADRESH                                        (abs)        0009C
_ADRESL                                        (abs)        0009B
_ANSELA                                        (abs)        0018C
_ANSELB                                        (abs)        0018D
_ANSELC                                        (abs)        0018E
_BAUD1CON                                      (abs)        0019F
_CCP1CON                                       (abs)        00293
_CCP1CONbits                                   (abs)        00293
_CCPR1H                                        (abs)        00292
_CCPR1L                                        (abs)        00291
_CCPTMRSbits                                   (abs)        0029F
_Display_Clear                                 text86       01243
_Display_Name                                  text81       0095D
_EUSART_DefaultErrorHandler                    text127      010D4
_EUSART_DefaultFramingErrorHandler             text126      010CC
_EUSART_DefaultOverrunErrorHandler             text125      0110A
_EUSART_ErrorHandler                           nvBANK4      00264
_EUSART_FramingErrorHandler                    nvBANK4      00268
_EUSART_Initialize                             text70       0082F
_EUSART_OverrunErrorHandler                    nvBANK4      00266
_EUSART_Receive_ISR                            text124      016D7
_EUSART_RxDataHandler                          text128      012F6
_EUSART_RxDefaultInterruptHandler              nvBANK3      001EB
_EUSART_SetErrorHandler                        text75       011C3
_EUSART_SetFramingErrorHandler                 text74       011CC
_EUSART_SetOverrunErrorHandler                 text73       011D5
_EUSART_SetRxInterruptHandler                  text72       011DE
_EUSART_SetTxInterruptHandler                  text71       011E7
_EUSART_Transmit_ISR                           text123      013E6
_EUSART_TxDefaultInterruptHandler              nvBANK3      001ED
_EUSART_Write                                  text58       00803
_Get_ADC                                       text79       00E13
_I2C_ReStart                                   text45       010F5
_I2C_Read_Byte                                 text41       01203
_I2C_Send_NACK                                 text39       010FE
_I2C_Start                                     text37       01104
_I2C_Stop                                      text35       00800
_I2C_Write_Byte                                text33       01372
_INTCONbits                                    (abs)        0000B
_INTERRUPT_InterruptManager                    intentry     00004
_LATA                                          (abs)        0010C
_LATB                                          (abs)        0010D
_LATC                                          (abs)        0010E
_LATCbits                                      (abs)        0010E
_ODCONA                                        (abs)        0028C
_ODCONB                                        (abs)        0028D
_ODCONC                                        (abs)        0028E
_OSCCON1                                       (abs)        00919
_OSCCON3                                       (abs)        0091B
_OSCEN                                         (abs)        0091D
_OSCFRQ                                        (abs)        0091F
_OSCILLATOR_Initialize                         text69       0119A
_OSCTUNE                                       (abs)        0091E
_On_Off                                        text78       0177D
_PIE0bits                                      (abs)        00090
_PIE1bits                                      (abs)        00091
_PIN_MANAGER_IOC                               text122      010CD
_PIN_MANAGER_Initialize                        text68       01744
_PIR0bits                                      (abs)        00010
_PIR1bits                                      (abs)        00011
_PIR_Sensor                                    text77       0120E
_PMD0                                          (abs)        00911
_PMD1                                          (abs)        00912
_PMD2                                          (abs)        00913
_PMD3                                          (abs)        00914
_PMD4                                          (abs)        00915
_PMD5                                          (abs)        00916
_PMD_Initialize                                text67       011A2
_PORTCbits                                     (abs)        0000E
_PR2                                           (abs)        0001E
_PWM1_Initialize                               text66       0121A
_PWM_Output_Disable                            text84       010EF
_PWM_Output_Enable                             text83       01132
_RB5PPS                                        (abs)        00E9D
_RB6PPS                                        (abs)        00E9E
_RB7PPS                                        (abs)        00E9F
_RC1REG                                        (abs)        00199
_RC1STA                                        (abs)        0019D
_RC1STAbits                                    (abs)        0019D
_RC2PPS                                        (abs)        00EA2
_RC5PPS                                        (abs)        00EA5
_RC6PPS                                        (abs)        00EA6
_RXPPS                                         (abs)        00E24
_SLRCONA                                       (abs)        0030C
_SLRCONB                                       (abs)        0030D
_SLRCONC                                       (abs)        0030E
_SP1BRGH                                       (abs)        0019C
_SP1BRGL                                       (abs)        0019B
_SPI2_Exchange8bit                             text88       01234
_SPI2_Initialize                               text65       01174
_SPI_Write                                     text87       012B3
_SSP1ADD                                       (abs)        00212
_SSP1BUF                                       (abs)        00211
_SSP1CLKPPS                                    (abs)        00E20
_SSP1CON1                                      (abs)        00215
_SSP1CON1bits                                  (abs)        00215
_SSP1CON2                                      (abs)        00216
_SSP1CON2bits                                  (abs)        00216
_SSP1DATPPS                                    (abs)        00E21
_SSP1MSK                                       (abs)        00213
_SSP1STAT                                      (abs)        00214
_SSP1STATbits                                  (abs)        00214
_SSP2ADD                                       (abs)        0021A
_SSP2BUF                                       (abs)        00219
_SSP2CLKPPS                                    (abs)        00E1D
_SSP2CON1                                      (abs)        0021D
_SSP2CON1bits                                  (abs)        0021D
_SSP2DATPPS                                    (abs)        00E1E
_SSP2STAT                                      (abs)        0021C
_SSP2STATbits                                  (abs)        0021C
_SYSTEM_Initialize                             text62       01357
_T2CON                                         (abs)        0001F
_T2CONbits                                     (abs)        0001F
_TMR2                                          (abs)        0001D
_TMR2_Initialize                               text64       011AA
_TRISA                                         (abs)        0008C
_TRISB                                         (abs)        0008D
_TRISC                                         (abs)        0008E
_TX1REG                                        (abs)        0019A
_TX1STA                                        (abs)        0019E
_TX1STAbits                                    (abs)        0019E
_TXREG1                                        (abs)        0019A
_TXSTA1bits                                    (abs)        0019E
_Toggle                                        text80       011BA
_UART_Byte                                     text47       00B02
_WDTCON                                        (abs)        00097
_WDT_Initialize                                text63       01136
_WPUA                                          (abs)        0020C
_WPUB                                          (abs)        0020D
_WPUC                                          (abs)        0020E
__CFG_BOREN$ON                                 (abs)        00000
__CFG_BORV$LOW                                 (abs)        00000
__CFG_CLKOUTEN$OFF                             (abs)        00000
__CFG_CP$OFF                                   (abs)        00000
__CFG_CPD$OFF                                  (abs)        00000
__CFG_CSWEN$ON                                 (abs)        00000
__CFG_DEBUG$OFF                                (abs)        00000
__CFG_FCMEN$ON                                 (abs)        00000
__CFG_FEXTOSC$OFF                              (abs)        00000
__CFG_LPBOREN$OFF                              (abs)        00000
__CFG_LVP$ON                                   (abs)        00000
__CFG_MCLRE$ON                                 (abs)        00000
__CFG_PPS1WAY$ON                               (abs)        00000
__CFG_PWRTE$OFF                                (abs)        00000
__CFG_RSTOSC$HFINT1                            (abs)        00000
__CFG_STVREN$ON                                (abs)        00000
__CFG_WDTE$SWDTEN                              (abs)        00000
__CFG_WRT$OFF                                  (abs)        00000
__Habs1                                        abs1         00000
__Hbank0                                       bank0        00000
__Hbank1                                       bank1        00000
__Hbank10                                      bank10       00000
__Hbank11                                      bank11       00000
__Hbank12                                      bank12       00000
__Hbank13                                      bank13       00000
__Hbank14                                      bank14       00000
__Hbank15                                      bank15       00000
__Hbank16                                      bank16       00000
__Hbank17                                      bank17       00000
__Hbank18                                      bank18       00000
__Hbank19                                      bank19       00000
__Hbank2                                       bank2        00000
__Hbank20                                      bank20       00000
__Hbank21                                      bank21       00000
__Hbank22                                      bank22       00000
__Hbank23                                      bank23       00000
__Hbank24                                      bank24       00000
__Hbank25                                      bank25       00000
__Hbank26                                      bank26       00000
__Hbank27                                      bank27       00000
__Hbank28                                      bank28       00000
__Hbank29                                      bank29       00000
__Hbank3                                       bank3        00000
__Hbank30                                      bank30       00000
__Hbank31                                      bank31       00000
__Hbank4                                       bank4        00000
__Hbank5                                       bank5        00000
__Hbank6                                       bank6        00000
__Hbank7                                       bank7        00000
__Hbank8                                       bank8        00000
__Hbank9                                       bank9        00000
__Hbigram                                      bigram       00000
__HbssBANK1                                    bssBANK1     00000
__HbssBANK2                                    bssBANK2     00000
__HbssBANK3                                    bssBANK3     00000
__HbssBANK4                                    bssBANK4     00000
__HbssBANK5                                    bssBANK5     00000
__HbssCOMMON                                   bssCOMMON    00000
__Hcinit                                       cinit        00094
__Hclrtext                                     clrtext      00000
__Hcode                                        code         00000
__Hcommon                                      common       00000
__Hconfig                                      config       0800B
__HcstackBANK0                                 cstackBANK0  00000
__HcstackBANK1                                 cstackBANK1  00000
__HcstackBANK2                                 cstackBANK2  00000
__HcstackCOMMON                                cstackCOMMON 00000
__HdataBANK1                                   dataBANK1    00000
__HdataBANK2                                   dataBANK2    00000
__HdataBANK3                                   dataBANK3    00000
__Heeprom_data                                 eeprom_data  00000
__Hend_init                                    end_init     00049
__Hfunctab                                     functab      00000
__HidataBANK1                                  idataBANK1   00000
__HidataBANK2                                  idataBANK2   00000
__HidataBANK3                                  idataBANK3   00000
__Hidloc                                       idloc        00000
__Hinit                                        init         00047
__Hinittext                                    inittext     00000
__Hintentry                                    intentry     00047
__Hmaintext                                    maintext     00000
__HnvBANK3                                     nvBANK3      00000
__HnvBANK4                                     nvBANK4      00000
__Hpowerup                                     powerup      00000
__Hram                                         ram          00000
__Hreset_vec                                   reset_vec    00002
__Hsfr0                                        sfr0         00000
__Hsfr1                                        sfr1         00000
__Hsfr10                                       sfr10        00000
__Hsfr11                                       sfr11        00000
__Hsfr12                                       sfr12        00000
__Hsfr13                                       sfr13        00000
__Hsfr14                                       sfr14        00000
__Hsfr15                                       sfr15        00000
__Hsfr16                                       sfr16        00000
__Hsfr17                                       sfr17        00000
__Hsfr18                                       sfr18        00000
__Hsfr19                                       sfr19        00000
__Hsfr2                                        sfr2         00000
__Hsfr20                                       sfr20        00000
__Hsfr21                                       sfr21        00000
__Hsfr22                                       sfr22        00000
__Hsfr23                                       sfr23        00000
__Hsfr24                                       sfr24        00000
__Hsfr25                                       sfr25        00000
__Hsfr26                                       sfr26        00000
__Hsfr27                                       sfr27        00000
__Hsfr28                                       sfr28        00000
__Hsfr29                                       sfr29        00000
__Hsfr3                                        sfr3         00000
__Hsfr30                                       sfr30        00000
__Hsfr31                                       sfr31        00000
__Hsfr4                                        sfr4         00000
__Hsfr5                                        sfr5         00000
__Hsfr6                                        sfr6         00000
__Hsfr7                                        sfr7         00000
__Hsfr8                                        sfr8         00000
__Hsfr9                                        sfr9         00000
__Hspace_0                                     (abs)        0800B
__Hspace_1                                     (abs)        002C0
__Hspace_2                                     (abs)        00000
__Hspace_3                                     (abs)        00000
__Hstack                                       stack        00000
__Hstrings                                     strings      00000
__Hstringtext1                                 stringtext1  00000
__Hstringtext2                                 stringtext2  00000
__Hstringtext3                                 stringtext3  00000
__Hstringtext4                                 stringtext4  00000
__Hstringtext5                                 stringtext5  00000
__Hstringtext6                                 stringtext6  00000
__Hstringtext7                                 stringtext7  00000
__Htext                                        text         00000
__Labs1                                        abs1         00000
__Lbank0                                       bank0        00000
__Lbank1                                       bank1        00000
__Lbank10                                      bank10       00000
__Lbank11                                      bank11       00000
__Lbank12                                      bank12       00000
__Lbank13                                      bank13       00000
__Lbank14                                      bank14       00000
__Lbank15                                      bank15       00000
__Lbank16                                      bank16       00000
__Lbank17                                      bank17       00000
__Lbank18                                      bank18       00000
__Lbank19                                      bank19       00000
__Lbank2                                       bank2        00000
__Lbank20                                      bank20       00000
__Lbank21                                      bank21       00000
__Lbank22                                      bank22       00000
__Lbank23                                      bank23       00000
__Lbank24                                      bank24       00000
__Lbank25                                      bank25       00000
__Lbank26                                      bank26       00000
__Lbank27                                      bank27       00000
__Lbank28                                      bank28       00000
__Lbank29                                      bank29       00000
__Lbank3                                       bank3        00000
__Lbank30                                      bank30       00000
__Lbank31                                      bank31       00000
__Lbank4                                       bank4        00000
__Lbank5                                       bank5        00000
__Lbank6                                       bank6        00000
__Lbank7                                       bank7        00000
__Lbank8                                       bank8        00000
__Lbank9                                       bank9        00000
__Lbigram                                      bigram       00000
__LbssBANK1                                    bssBANK1     00000
__LbssBANK2                                    bssBANK2     00000
__LbssBANK3                                    bssBANK3     00000
__LbssBANK4                                    bssBANK4     00000
__LbssBANK5                                    bssBANK5     00000
__LbssCOMMON                                   bssCOMMON    00000
__Lcinit                                       cinit        00049
__Lclrtext                                     clrtext      00000
__Lcode                                        code         00000
__Lcommon                                      common       00000
__Lconfig                                      config       08007
__LcstackBANK0                                 cstackBANK0  00000
__LcstackBANK1                                 cstackBANK1  00000
__LcstackBANK2                                 cstackBANK2  00000
__LcstackCOMMON                                cstackCOMMON 00000
__LdataBANK1                                   dataBANK1    00000
__LdataBANK2                                   dataBANK2    00000
__LdataBANK3                                   dataBANK3    00000
__Leeprom_data                                 eeprom_data  00000
__Lend_init                                    end_init     00047
__Lfunctab                                     functab      00000
__LidataBANK1                                  idataBANK1   00000
__LidataBANK2                                  idataBANK2   00000
__LidataBANK3                                  idataBANK3   00000
__Lidloc                                       idloc        00000
__Linit                                        init         00047
__Linittext                                    inittext     00000
__Lintentry                                    intentry     00004
__Lmaintext                                    maintext     00000
__LnvBANK3                                     nvBANK3      00000
__LnvBANK4                                     nvBANK4      00000
__Lpowerup                                     powerup      00000
__Lram                                         ram          00000
__Lreset_vec                                   reset_vec    00000
__Lsfr0                                        sfr0         00000
__Lsfr1                                        sfr1         00000
__Lsfr10                                       sfr10        00000
__Lsfr11                                       sfr11        00000
__Lsfr12                                       sfr12        00000
__Lsfr13                                       sfr13        00000
__Lsfr14                                       sfr14        00000
__Lsfr15                                       sfr15        00000
__Lsfr16                                       sfr16        00000
__Lsfr17                                       sfr17        00000
__Lsfr18                                       sfr18        00000
__Lsfr19                                       sfr19        00000
__Lsfr2                                        sfr2         00000
__Lsfr20                                       sfr20        00000
__Lsfr21                                       sfr21        00000
__Lsfr22                                       sfr22        00000
__Lsfr23                                       sfr23        00000
__Lsfr24                                       sfr24        00000
__Lsfr25                                       sfr25        00000
__Lsfr26                                       sfr26        00000
__Lsfr27                                       sfr27        00000
__Lsfr28                                       sfr28        00000
__Lsfr29                                       sfr29        00000
__Lsfr3                                        sfr3         00000
__Lsfr30                                       sfr30        00000
__Lsfr31                                       sfr31        00000
__Lsfr4                                        sfr4         00000
__Lsfr5                                        sfr5         00000
__Lsfr6                                        sfr6         00000
__Lsfr7                                        sfr7         00000
__Lsfr8                                        sfr8         00000
__Lsfr9                                        sfr9         00000
__Lspace_0                                     (abs)        00000
__Lspace_1                                     (abs)        00000
__Lspace_2                                     (abs)        00000
__Lspace_3                                     (abs)        00000
__Lstack                                       stack        00000
__Lstrings                                     strings      00000
__Lstringtext1                                 stringtext1  00000
__Lstringtext2                                 stringtext2  00000
__Lstringtext3                                 stringtext3  00000
__Lstringtext4                                 stringtext4  00000
__Lstringtext5                                 stringtext5  00000
[...]
      Temps:          0       0       0       0       0       0       0       0       0       0       0       0       0       0
      Totals:         0       0       0       0       0       0       0       0       0       0       0       0       0       0
Total ram usage:        0 bytes
 Hardware stack levels used:    1
 This function calls:
		Nothing
 This function is called by:
		_do_I2C_DO_ACK
		_do_I2C_RX
		_I2C_Send_ACK
 This function uses a non-reentrant model


 *************** function _PIN_MANAGER_IOC *****************
 Defined at:
		line 120 in file "mcc_generated_files/pin_manager.c"
 Parameters:    Size  Location     Type
		None
 Auto vars:     Size  Location     Type
		None
 Return value:  Size  Location     Type
                  1    wreg      void 
 Registers used:
		None
 Tracked objects:
		On entry : 
		On exit  : 
		Unchanged: 
 Data sizes:     COMMON   BANK0   BANK1   BANK2   BANK3   BANK4   BANK5   BANK6   BANK7   BANK8   BANK9  BANK10  BANK11  BANK12
      Params:         0       0       0       0       0       0       0       0       0       0       0       0       0       0
      Locals:         0       0       0       0       0       0       0       0       0       0       0       0       0       0
      Temps:          0       0       0       0       0       0       0       0       0       0       0       0       0       0
      Totals:         0       0       0       0       0       0       0       0       0       0       0       0       0       0
Total ram usage:        0 bytes
 Hardware stack levels used:    1
 This function calls:
		Nothing
 This function is called by:
		_INTERRUPT_InterruptManager
 This function uses a non-reentrant model


 *************** function _EUSART_Transmit_ISR *****************
 Defined at:
		line 205 in file "mcc_generated_files/eusart.c"
 Parameters:    Size  Location     Type
		None
 Auto vars:     Size  Location     Type
		None
 Return value:  Size  Location     Type
                  1    wreg      void 
 Registers used:
		wreg, fsr1l, fsr1h, status,2, status,0
 Tracked objects:
		On entry : 
		On exit  : 
		Unchanged: 
 Data sizes:     COMMON   BANK0   BANK1   BANK2   BANK3   BANK4   BANK5   BANK6   BANK7   BANK8   BANK9  BANK10  BANK11  BANK12
      Params:         0       0       0       0       0       0       0       0       0       0       0       0       0       0
      Locals:         0       0       0       0       0       0       0       0       0       0       0       0       0       0
      Temps:          1       0       0       0       0       0       0       0       0       0       0       0       0       0
      Totals:         1       0       0       0       0       0       0       0       0       0       0       0       0       0
Total ram usage:        1 bytes
 Hardware stack levels used:    1
 This function calls:
		Nothing
 This function is called by:
		_EUSART_Initialize
		_INTERRUPT_InterruptManager
 This function uses a non-reentrant model


 *************** function _EUSART_Receive_ISR *****************
 Defined at:
		line 224 in file "mcc_generated_files/eusart.c"
 Parameters:    Size  Location     Type
		None
 Auto vars:     Size  Location     Type
		None
 Return value:  Size  Location     Type
                  1    wreg      void 
 Registers used:
		wreg, fsr1l, fsr1h, status,2, status,0, pclath, cstack
 Tracked objects:
		On entry : 
		On exit  : 
		Unchanged: 
 Data sizes:     COMMON   BANK0   BANK1   BANK2   BANK3   BANK4   BANK5   BANK6   BANK7   BANK8   BANK9  BANK10  BANK11  BANK12
      Params:         0       0       0       0       0       0       0       0       0       0       0       0       0       0
      Locals:         0       0       0       0       0       0       0       0       0       0       0       0       0       0
      Temps:          0       0       0       0       0       0       0       0       0       0       0       0       0       0
      Totals:         0       0       0       0       0       0       0       0       0       0       0       0       0       0
Total ram usage:        0 bytes
 Hardware stack levels used:    1
 Hardware stack levels required when called:    2
 This function calls:
		Absolute function
		_EUSART_DefaultErrorHandler
		_EUSART_DefaultFramingErrorHandler
		_EUSART_DefaultOverrunErrorHandler
		_EUSART_RxDataHandler
 This function is called by:
		_EUSART_Initialize
		_INTERRUPT_InterruptManager
 This function uses a non-reentrant model


 *************** function _EUSART_DefaultOverrunErrorHandler *****************
 Defined at:
		line 260 in file "mcc_generated_files/eusart.c"
 Parameters:    Size  Location     Type
		None
 Auto vars:     Size  Location     Type
		None
 Return value:  Size  Location     Type
                  1    wreg      void 
 Registers used:
		None
 Tracked objects:
		On entry : 
		On exit  : 
		Unchanged: 
 Data sizes:     COMMON   BANK0   BANK1   BANK2   BANK3   BANK4   BANK5   BANK6   BANK7   BANK8   BANK9  BANK10  BANK11  BANK12
      Params:         0       0       0       0       0       0       0       0       0       0       0       0       0       0
      Locals:         0       0       0       0       0       0       0       0       0       0       0       0       0       0
      Temps:          0       0       0       0       0       0       0       0       0       0       0       0       0       0
      Totals:         0       0       0       0       0       0       0       0       0       0       0       0       0       0
Total ram usage:        0 bytes
 Hardware stack levels used:    1
 This function calls:
		Nothing
 This function is called by:
		_EUSART_Initialize
		_EUSART_Receive_ISR
 This function uses a non-reentrant model


 *************** function _EUSART_DefaultFramingErrorHandler *****************
 Defined at:
		line 258 in file "mcc_generated_files/eusart.c"
 Parameters:    Size  Location     Type
		None
 Auto vars:     Size  Location     Type
		None
 Return value:  Size  Location     Type
                  1    wreg      void 
 Registers used:
		None
 Tracked objects:
		On entry : 
		On exit  : 
		Unchanged: 
 Data sizes:     COMMON   BANK0   BANK1   BANK2   BANK3   BANK4   BANK5   BANK6   BANK7   BANK8   BANK9  BANK10  BANK11  BANK12
      Params:         0       0       0       0       0       0       0       0       0       0       0       0       0       0
      Locals:         0       0       0       0       0       0       0       0       0       0       0       0       0       0
      Temps:          0       0       0       0       0       0       0       0       0       0       0       0       0       0
      Totals:         0       0       0       0       0       0       0       0       0       0       0       0       0       0
Total ram usage:        0 bytes
 Hardware stack levels used:    1
 This function calls:
		Nothing
 This function is called by:
		_EUSART_Initialize
		_EUSART_Receive_ISR
 This function uses a non-reentrant model


 *************** function _EUSART_DefaultErrorHandler *****************
 Defined at:
		line 268 in file "mcc_generated_files/eusart.c"
 Parameters:    Size  Location     Type
		None
 Auto vars:     Size  Location     Type
		None
 Return value:  Size  Location     Type
                  1    wreg      void 
 Registers used:
		wreg, fsr1l, fsr1h, status,2, status,0, pclath, cstack
 Tracked objects:
		On entry : 
		On exit  : 
		Unchanged: 
 Data sizes:     COMMON   BANK0   BANK1   BANK2   BANK3   BANK4   BANK5   BANK6   BANK7   BANK8   BANK9  BANK10  BANK11  BANK12
      Params:         0       0       0       0       0       0       0       0       0       0       0       0       0       0
      Locals:         0       0       0       0       0       0       0       0       0       0       0       0       0       0
      Temps:          0       0       0       0       0       0       0       0       0       0       0       0       0       0
      Totals:         0       0       0       0       0       0       0       0       0       0       0       0       0       0
Total ram usage:        0 bytes
 Hardware stack levels used:    1
 Hardware stack levels required when called:    1
 This function calls:
		_EUSART_RxDataHandler
 This function is called by:
		_EUSART_Initialize
		_EUSART_Receive_ISR
 This function uses a non-reentrant model


 *************** function _EUSART_RxDataHandler *****************
 Defined at:
		line 248 in file "mcc_generated_files/eusart.c"
 Parameters:    Size  Location     Type
		None
 Auto vars:     Size  Location     Type
		None
 Return value:  Size  Location     Type
                  1    wreg      void 
 Registers used:
		wreg, fsr1l, fsr1h, status,2, status,0
 Tracked objects:
		On entry : 
		On exit  : 
		Unchanged: 
 Data sizes:     COMMON   BANK0   BANK1   BANK2   BANK3   BANK4   BANK5   BANK6   BANK7   BANK8   BANK9  BANK10  BANK11  BANK12
      Params:         0       0       0       0       0       0       0       0       0       0       0       0       0       0
      Locals:         0       0       0       0       0       0       0       0       0       0       0       0       0       0
      Temps:          1       0       0       0       0       0       0       0       0       0       0       0       0       0
      Totals:         1       0       0       0       0       0       0       0       0       0       0       0       0       0
Total ram usage:        1 bytes
 Hardware stack levels used:    1
 This function calls:
		Nothing
 This function is called by:
		_EUSART_Receive_ISR
		_EUSART_DefaultErrorHandler
 This function uses a non-reentrant model



MODULE INFORMATION

Module		Function		Class		Link	Load	Size
mcc_generated_files/tmr2.c
		_TMR2_Initialize		CODE           	11AA	0000	9

mcc_generated_files/tmr2.c estimated size: 9

mcc_generated_files/interrupt_manager.c
		_INTERRUPT_InterruptManager		CODE           	0004	0000	68

mcc_generated_files/interrupt_manager.c estimated size: 68

C:\Program Files (x86)\Microchip\xc8\v2.05\pic\sources\c99\common\nf_fputc.c
		_fputc         		CODE           	170D	0000	56

C:\Program Files (x86)\Microchip\xc8\v2.05\pic\sources\c99\common\nf_fputc.c estimated size: 56

C:\Program Files (x86)\Microchip\xc8\v2.05\pic\sources\c99\common\strcat.c
		_strcat        		CODE           	12C8	0000	24

C:\Program Files (x86)\Microchip\xc8\v2.05\pic\sources\c99\common\strcat.c estimated size: 24

i2c.c
		_I2C_Stop      		CODE           	0800	0000	4
		_I2C_Write_Byte		CODE           	1372	0000	29
		_I2C_Read_Byte 		CODE           	1203	0000	12
		_I2C_Send_NACK 		CODE           	10FE	0000	4
		_I2C_Start     		CODE           	1104	0000	4
		_I2C_ReStart   		CODE           	10F5	0000	4

i2c.c estimated size: 57

mcc_generated_files/pin_manager.c
		_PIN_MANAGER_Initialize		CODE           	1744	0000	58
		_PIN_MANAGER_IOC		CODE           	10CD	0000	2

mcc_generated_files/pin_manager.c estimated size: 60

C:\Program Files (x86)\Microchip\xc8\v2.05\pic\sources\c99\common\aodiv.c
		___aodiv       		CODE           	0F09	0000	248

C:\Program Files (x86)\Microchip\xc8\v2.05\pic\sources\c99\common\aodiv.c estimated size: 248

C:\Program Files (x86)\Microchip\xc8\v2.05\pic\sources\c99\common\strlen.c
		_strlen        		CODE           	130E	0000	25

C:\Program Files (x86)\Microchip\xc8\v2.05\pic\sources\c99\common\strlen.c estimated size: 25

mcc_generated_files/adc.c
		_ADC_Initialize		CODE           	1192	0000	9
		_ADC_GetConversion		CODE           	13AA	0000	31

mcc_generated_files/adc.c estimated size: 40

C:\Program Files (x86)\Microchip\xc8\v2.05\pic\sources\c99\common\strcpy.c
		_strcpy        		CODE           	1326	0000	25

C:\Program Files (x86)\Microchip\xc8\v2.05\pic\sources\c99\common\strcpy.c estimated size: 25

C:\Program Files (x86)\Microchip\xc8\v2.05\pic\sources\c99\common\awdiv.c
		___awdiv       		CODE           	09AD	0000	83

C:\Program Files (x86)\Microchip\xc8\v2.05\pic\sources\c99\common\awdiv.c estimated size: 83

C:\Program Files (x86)\Microchip\xc8\v2.05\pic\sources\c99\common\doprnt.c
		_vfpfcnvrt     		CODE           	0B70	0000	210
		_pad           		CODE           	09FF	0000	84
		_dtoa          		CODE           	0501	0000	338
		_vfprintf      		CODE           	16A2	0000	54

C:\Program Files (x86)\Microchip\xc8\v2.05\pic\sources\c99\common\doprnt.c estimated size: 686

shared
		i1_i2c1_driver_sendNACK		CODE           	1112	0000	5
		__initialization		CODE           	0049	0000	72
		i1_i2c1_driver_restart		CODE           	10D7	0000	4
		i1_i2c1_driver_stop		CODE           	10DA	0000	4
		i1_i2c1_driver_startRX		CODE           	10DD	0000	4
		_fsmStateTable 		STRCODE        	1800	0000	33
		i1_i2c1_driver_getRXData		CODE           	10E0	0000	4
		i1_i2c1_driver_TXData		CODE           	113E	0000	6

shared estimated size: 132

mcc_generated_files/mcc.c
		_WDT_Initialize		CODE           	1136	0000	5
		_PMD_Initialize		CODE           	11A2	0000	9
		_OSCILLATOR_Initialize		CODE           	119A	0000	9
		_SYSTEM_Initialize		CODE           	1357	0000	28

mcc_generated_files/mcc.c estimated size: 51

C:\Program Files (x86)\Microchip\xc8\v2.05\pic\sources\c99\common\nf_sprintf.c
		_sprintf       		CODE           	1406	0000	34

C:\Program Files (x86)\Microchip\xc8\v2.05\pic\sources\c99\common\nf_sprintf.c estimated size: 34

C:\Program Files (x86)\Microchip\xc8\v2.05\pic\sources\c99\common\Umul16.c
		___wmul        		CODE           	138E	0000	29

C:\Program Files (x86)\Microchip\xc8\v2.05\pic\sources\c99\common\Umul16.c estimated size: 29

mcc_generated_files/drivers/i2c_master.c
		_returnStop    		CODE           	10D0	0000	3
		_i2c_busCollisionISR		CODE           	10EC	0000	4
		_i2c_ISR       		CODE           	144B	0000	39
		_do_I2C_TX_EMPTY		CODE           	15DB	0000	50
		_returnReset   		CODE           	10D2	0000	3
		_do_I2C_SEND_RESTART_WRITE		CODE           	111A	0000	5
		_do_I2C_DO_NACK_RESTART		CODE           	112E	0000	5
		_do_I2C_SEND_RESTART_READ		CODE           	1116	0000	5
		_do_I2C_SEND_ADR_WRITE		CODE           	116D	0000	8
		_do_I2C_SEND_STOP		CODE           	1122	0000	5
		_do_I2C_SEND_ADR_READ		CODE           	118A	0000	9
		_do_I2C_DO_NACK_STOP		CODE           	112A	0000	5
		_do_I2C_SEND_RESTART		CODE           	111E	0000	5
		_do_I2C_RX     		CODE           	17BA	0000	71
		_do_I2C_TX     		CODE           	08BF	0000	80
		_do_I2C_IDLE   		CODE           	1143	0000	6
		_do_I2C_RCEN   		CODE           	1148	0000	7
		_do_I2C_DO_ADDRESS_NACK		CODE           	1585	0000	44
		_do_I2C_RESET  		CODE           	1166	0000	8
		_do_I2C_DO_ACK 		CODE           	1126	0000	5

mcc_generated_files/drivers/i2c_master.c estimated size: 367

mcc_generated_files/pwm1.c
		_PWM1_Initialize		CODE           	121A	0000	13

mcc_generated_files/pwm1.c estimated size: 13

C:\Program Files (x86)\Microchip\xc8\v2.05\pic\sources\c99\common\abs.c
		_abs           		CODE           	133E	0000	26

C:\Program Files (x86)\Microchip\xc8\v2.05\pic\sources\c99\common\abs.c estimated size: 26

mcc_generated_files/i2c1_driver.c
		_i2c1_driver_isBufferFull		CODE           	117B	0000	8
		_i2c1_driver_open		CODE           	11F9	0000	11
		_i2c1_driver_isNACK		CODE           	1182	0000	9
		_i2c1_driver_stop		CODE           	1107	0000	4
		_i2c1_driver_getRXData		CODE           	10F8	0000	4
		_i2c1_driver_TXData		CODE           	1154	0000	7
		_i2c1_driver_start		CODE           	1101	0000	4
		_i2c1_driver_sendACK		CODE           	110E	0000	5
		_mssp1_setIRQ  		CODE           	10E3	0000	4
		_i2c1_driver_sendNACK		CODE           	113A	0000	5
		_i2c1_driver_restart		CODE           	10F2	0000	4
		_i2c1_driver_resetBus		CODE           	10CE	0000	2
		_i2c1_driver_clearBusCollision		CODE           	10E9	0000	4
		_mssp1_clearIRQ		CODE           	10E6	0000	4
		_i2c1_driver_startRX		CODE           	10FB	0000	4

mcc_generated_files/i2c1_driver.c estimated size: 79

C:\Program Files (x86)\Microchip\xc8\v2.05\pic\sources\c99\common\nf_fputs.c
		_fputs         		CODE           	1471	0000	39

C:\Program Files (x86)\Microchip\xc8\v2.05\pic\sources\c99\common\nf_fputs.c estimated size: 39

mcc_generated_files/eusart.c
		_EUSART_SetRxInterruptHandler		CODE           	11DE	0000	10
		_EUSART_SetTxInterruptHandler		CODE           	11E7	0000	10
		_putch         		CODE           	114E	0000	7
		_EUSART_DefaultOverrunErrorHandler		CODE           	110A	0000	5
		_EUSART_Write  		CODE           	0803	0000	45
		_EUSART_DefaultErrorHandler		CODE           	10D4	0000	4
		_EUSART_Transmit_ISR		CODE           	13E6	0000	33
		_EUSART_Initialize		CODE           	082F	0000	71
		_EUSART_SetFramingErrorHandler		CODE           	11CC	0000	10
		_EUSART_SetErrorHandler		CODE           	11C3	0000	10
		_EUSART_SetOverrunErrorHandler		CODE           	11D5	0000	10
		_EUSART_Receive_ISR		CODE           	16D7	0000	55
		_EUSART_RxDataHandler		CODE           	12F6	0000	25
		_EUSART_DefaultFramingErrorHandler		CODE           	10CC	0000	2

mcc_generated_files/eusart.c estimated size: 297

mcc_generated_files/spi2.c
		_SPI2_Exchange8bit		CODE           	1234	0000	16
		_SPI2_Initialize		CODE           	1174	0000	8

mcc_generated_files/spi2.c estimated size: 24

APDS9960.c
		_wireReadDataBlock		CODE           	0875	0000	75
		_setGestureEnterThresh		CODE           	1267	0000	20
		_setProxIntHighThresh		CODE           	128D	0000	20
		_decodeGesture 		CODE           	036E	0000	404
		_setMode       		CODE           	090E	0000	80
		_setLEDDrive   		CODE           	1533	0000	42
		_setGestureIntEnable		CODE           	15B0	0000	44
		_setLightIntHighThreshold		CODE           	14E5	0000	40
		_resetGestureParameters		CODE           	12DF	0000	24
		_readGesture   		CODE           	0D20	0000	244
		_processGestureData		CODE           	0094	0000	731
		_setLightIntLowThreshold		CODE           	150C	0000	40
		_enablePower   		CODE           	1226	0000	15
		_setGestureMode		CODE           	1497	0000	40
		_setGestureGain		CODE           	163E	0000	51
		_setGestureExitThresh		CODE           	127A	0000	20
		_setLEDBoost   		CODE           	160C	0000	51
		_setGestureWaitTime		CODE           	14BE	0000	40
		_setAmbientLightGain		CODE           	13C8	0000	31
		_initialize    		CODE           	0652	0000	272
		_setGestureLEDDrive		CODE           	1670	0000	51
		_setProximityGain		CODE           	155C	0000	42
		_wireWriteDataByte		CODE           	07E5	0000	28
		_setProxIntLowThresh		CODE           	12A0	0000	20
		_wireReadDataByte		CODE           	1427	0000	37
		_enableGestureSensor		CODE           	0AA6	0000	93
		_getMode       		CODE           	11F0	0000	10
		_isGestureAvailable		CODE           	1254	0000	20

APDS9960.c estimated size: 2585

main.c
		_PWM_Output_Enable		CODE           	1132	0000	5
		_main          		CODE           	0A52	0000	85
		_PWM_Output_Disable		CODE           	10EF	0000	4
		_SPI_Write     		CODE           	12B3	0000	22
		_UART_Byte     		CODE           	0B02	0000	111
		_On_Off        		CODE           	177D	0000	62
		_Get_ADC       		CODE           	0E13	0000	247
		_Display_Name  		CODE           	095D	0000	81
		_PIR_Sensor    		CODE           	120E	0000	13
		_handleGesture 		CODE           	0761	0000	133
		_Display_Clear 		CODE           	1243	0000	18
		_Toggle        		CODE           	11BA	0000	10

main.c estimated size: 791

C:\Program Files (x86)\Microchip\xc8\v2.05\pic\sources\c99\common\aomod.c
		___aomod       		CODE           	0C41	0000	224

C:\Program Files (x86)\Microchip\xc8\v2.05\pic\sources\c99\common\aomod.c estimated size: 224

