Microchip MPLAB XC8 Compiler V2.05 ()

Linker command line:

-W-3 --edf=C:\Program Files (x86)\Microchip\xc8\v2.05\pic\dat\en_msgs.txt \
  -cs -h+dist/default/production\I2Gesture.X.production.sym \
  --cmf=dist/default/production\I2Gesture.X.production.cmf -z -Q16F18345 \
  -oC:\Users\NOELLE~1\AppData\Local\Temp\sfq8.2 --defsym=__MPLAB_BUILD=1 \
  -Mdist/default/production/I2Gesture.X.production.map -E1 -ver=XC8 \
  --acfsm=1493 -ASTACK=02184h-023EFh -pstack=STACK -ACODE=00h-07FFhx4 \
  -ASTRCODE=00h-01FFFh -ASTRING=00h-0FFhx32 -ACONST=00h-0FFhx32 \
  -AENTRY=00h-0FFhx32 -ACOMMON=070h-07Fh -ABANK0=020h-06Fh \
  -ABANK1=0A0h-0EFh -ABANK2=0120h-016Fh -ABANK3=01A0h-01EFh \
  -ABANK4=0220h-026Fh -ABANK5=02A0h-02EFh -ABANK6=0320h-036Fh \
  -ABANK7=03A0h-03EFh -ABANK8=0420h-046Fh -ABANK9=04A0h-04EFh \
  -ABANK10=0520h-056Fh -ABANK11=05A0h-05EFh -ABANK12=0620h-064Fh \
  -ABIGRAM=02000h-023EFh \
  -ARAM=020h-06Fh,0A0h-0EFh,0120h-016Fh,01A0h-01EFh,0220h-026Fh,02A0h-02EFh,0320h-036Fh,03A0h-03EFh,0420h-046Fh,04A0h-04EFh,0520h-056Fh,05A0h-05EFh,0620h-064Fh \
  -AABS1=020h-07Fh,0A0h-0EFh,0120h-016Fh,01A0h-01EFh,0220h-026Fh,02A0h-02EFh,0320h-036Fh,03A0h-03EFh,0420h-046Fh,04A0h-04EFh,0520h-056Fh,05A0h-05EFh,0620h-064Fh \
  -ASFR0=00h-01Fh -ASFR1=080h-09Fh -ASFR2=0100h-011Fh -ASFR3=0180h-019Fh \
  -ASFR4=0200h-021Fh -ASFR5=0280h-029Fh -ASFR6=0300h-031Fh \
  -ASFR7=0380h-039Fh -ASFR8=0400h-041Fh -ASFR9=0480h-049Fh \
  -ASFR10=0500h-051Fh -ASFR11=0580h-059Fh -ASFR12=0600h-061Fh \
  -ASFR13=0680h-06EFh -ASFR14=0700h-076Fh -ASFR15=0780h-07EFh \
  -ASFR16=0800h-086Fh -ASFR17=0880h-08EFh -ASFR18=0900h-096Fh \
  -ASFR19=0980h-09EFh -ASFR20=0A00h-0A6Fh -ASFR21=0A80h-0AEFh \
  -ASFR22=0B00h-0B6Fh -ASFR23=0B80h-0BEFh -ASFR24=0C00h-0C6Fh \
  -ASFR25=0C80h-0CEFh -ASFR26=0D00h-0D6Fh -ASFR27=0D80h-0DEFh \
  -ASFR28=0E00h-0E6Fh -ASFR29=0E80h-0EEFh -ASFR30=0F00h-0F6Fh \
  -ASFR31=0F80h-0FEFh -preset_vec=00h,intentry=04h,init,end_init \
  -ppowerup=CODE -pcinit=CODE -pfunctab=ENTRY -ACONFIG=08007h-0800Ah \
  -pconfig=CONFIG -DCONFIG=2 -AIDLOC=08000h-08003h -pidloc=IDLOC -DIDLOC=2 \
  -AEEDATA=00h-0FFh/0F000h -peeprom_data=EEDATA -DEEDATA=2 -DCODE=2 \
  -DSTRCODE=2 -DSTRING=2 -DCONST=2 -DENTRY=2 -k \
  C:\Users\NOELLE~1\AppData\Local\Temp\sfq8.o \
  dist/default/production\I2Gesture.X.production.o 

Object code version is 3.11

Machine type is 16F18345



                Name                               Link     Load   Length Selector   Space Scale
C:\Users\NOELLE~1\AppData\Local\Temp\sfq8.o
                end_init                             47       47        2        8       0
                reset_vec                             0        0        2        0       0
                config                             8007     8007        4    1000E       0
dist/default/production\I2Gesture.X.production.o
                cinit                                49       49       41        8       0
                intentry                              4        4       43        8       0
                text110                             96B      96B       17     12D6       0
                text109                            178A     178A        3     2F14       0
                text108                            1784     1784        1     2F08       0
                text107                            17BA     17BA        4     2F74       0
                text106                             CB0      CB0       35     1960       0
                text105                             A1F      A1F       1E     143E       0
                text104                            1785     1785        1     2F0A       0
                text103                            17BE     17BE        4     2F7C       0
                text102                            178D     178D        3     2F1A       0
                text101                            1790     1790        3     2F20       0
                text100                            1788     1788        2     2F10       0
                text99                                2        2        2        0       0
                text98                             1793     1793        3     2F26       0
                text97                             1786     1786        1     2F0C       0
                text96                             17C2     17C2        4     2F84       0
                text95                             1796     1796        3     2F2C       0
                text94                             17EA     17EA        5     2FD4       0
                text93                              82B      82B        8     1056       0
                text92                             1799     1799        3     2F32       0
                text91                              BE9      BE9       31     17D2       0
                text90                              80F      80F        7     101E       0
                text89                             17EF     17EF        5     2FDE       0
                text88                             17C6     17C6        4     2F8C       0
                text87                             17CA     17CA        4     2F94       0
                text86                             17CE     17CE        4     2F9C       0
                text85                             17D2     17D2        4     2FA4       0
                text84                              833      833        8     1066       0
                text83                              816      816        7     102C       0
                text82                             17F4     17F4        6     2FE8       0
                text81                             17D6     17D6        4     2FAC       0
                text80                             17DA     17DA        4     2FB4       0
                text79                             17DE     17DE        4     2FBC       0
                text78                              B93      B93       2B     1726       0
                text77                              EB8      EB8       4F     1D70       0
                text76                              E28      E28       46     1C50       0
                text75                             179C     179C        3     2F38       0
                text74                              A7F      A7F       26     14FE       0
                text73                             179F     179F        3     2F3E       0
                text72                             17A2     17A2        3     2F44       0
                text70                              A3D      A3D       1E     147A       0
                text69                              8C8      8C8        F     1190       0
                text68                              956      956       15     12AC       0
                text67                              8E6      8E6       11     11CC       0
                text66                              DE4      DE4       44     1BC8       0
                text65                              8D7      8D7        F     11AE       0
                text64                              83B      83B        8     1076       0
                text63                              863      863        9     10C6       0
                text62                              86C      86C        9     10D8       0
                text61                              875      875        9     10EA       0
                text60                              87E      87E        9     10FC       0
                text59                              887      887        9     110E       0
                text58                              DA1      DA1       43     1B42       0
                text57                              843      843        8     1086       0
                text56                              CE5      CE5       39     19CA       0
                text55                              84B      84B        8     1096       0
                text54                              8AE      8AE        C     115C       0
                text53                              81D      81D        7     103A       0
                text52                              853      853        8     10A6       0
                text51                             17E2     17E2        4     2FC4       0
                text50                              9B1      9B1       1B     1362       0
                text49                              999      999       18     1332       0
                text48                              FA8      FA8       58     1F50       0
                text47                             17A5     17A5        3     2F4A       0
                text46                             17A8     17A8        3     2F50       0
                text45                             17AB     17AB        3     2F56       0
                text44                              824      824        7     1048       0
                text43                             17AE     17AE        3     2F5C       0
                text42                              8A3      8A3        B     1146       0
                text41                             17E6     17E6        4     2FCC       0
                text40                             17B1     17B1        3     2F62       0
                text39                             17B4     17B4        3     2F68       0
                text38                             17B7     17B7        3     2F6E       0
                text37                              800      800        3        8       0
                text36                              7FD      7FD        3        8       0
                text35                             17FA     17FA        6     2FF4       0
                text34                              9E7      9E7       1C     13CE       0
                text33                              A5B      A5B       24     14B6       0
                text32                              890      890        9     1120       0
                text31                              9CC      9CC       1B     1398       0
                text30                              F07      F07       4F     1E0E       0
                text29                              8BA      8BA        E     1174       0
                text28                              982      982       17     1304       0
                text27                              BBE      BBE       2B     177C       0
                text26                              AA5      AA5       27     154A       0
                text25                              C1A      C1A       32     1834       0
                text24                              77B      77B       64        8       0
                text23                              D1E      D1E       41     1A3C       0
                text22                              361      361      191        8       0
                text21                              8F7      8F7       13     11EE       0
                text20                              F56      F56       52     1EAC       0
                text19                              A03      A03       1C     1406       0
                text18                               8A       8A      2D7        8       0
                text17                              E6E      E6E       4A     1CDC       0
                text16                              608      608       F3        8       0
                text15                              6FB      6FB       80        8       0
                text14                              899      899        A     1132       0
                text13                              7DF      7DF       1E        8       0
                text12                              90A      90A       13     1214       0
                text11                              91D      91D       13     123A       0
                text10                              C4C      C4C       32     1898       0
                text9                               C7E      C7E       32     18FC       0
                text8                               ACC      ACC       27     1598       0
                text7                               B41      B41       29     1682       0
                text6                               AF3      AF3       27     15E6       0
                text5                               B1A      B1A       27     1634       0
                text4                               930      930       13     1260       0
                text3                               943      943       13     1286       0
                text2                               B6A      B6A       29     16D4       0
                text1                               4F2      4F2      116        8       0
                maintext                            D5F      D5F       42     1ABE       0
                cstackBANK0                          20       20       3C       20       1
                cstackCOMMON                         76       76        6       70       1
                cstackBANK1                          A0       A0       40       A0       1
                cstackBANK2                         120      120       40      120       1
                clrtext                             803      803        6     1006       0
                inittext                            809      809        6     1012       0
                bssBANK4                            220      220       44      220       1
                dataBANK3                           1CD      1CD        8      1A0       1
                bssBANK3                            1A0      1A0       2D      1A0       1
                bssBANK2                            160      160        A      120       1
                bssBANK1                             E0       E0       10       A0       1
                dataBANK0                            6F       6F        1       20       1
                bssBANK0                             5C       5C       12       20       1
                bssCOMMON                            70       70        6       70       1
                stringtext6                        1054     1054        7     2000       0
                stringtext5                        1049     1049        B     2000       0
                stringtext4                        103D     103D        C     2000       0
                stringtext3                        1030     1030        D     2000       0
                stringtext2                        1020     1020       10     2000       0
                nvBANK3                             1D5      1D5        4      1A0       1
                nvBANK2                             16A      16A        6      120       1
                nvBANK0                              6E       6E        1       20       1
                stringtext1                        1000     1000       20     2000       0
                idataBANK3                          85B      85B        8     10B6       0
                idataBANK0                         1787     1787        1     2F0E       0

TOTAL           Name                               Link     Load   Length     Space
        CLASS   STACK          

        CLASS   CODE           
                end_init                             47       47        2         0
                cinit                                49       49       41         0
                intentry                              4        4       43         0
                reset_vec                             0        0        2         0
                text110                             96B      96B       17         0
                text109                            178A     178A        3         0
                text108                            1784     1784        1         0
                text107                            17BA     17BA        4         0
                text106                             CB0      CB0       35         0
                text105                             A1F      A1F       1E         0
                text104                            1785     1785        1         0
                text103                            17BE     17BE        4         0
                text102                            178D     178D        3         0
                text101                            1790     1790        3         0
                text100                            1788     1788        2         0
                text99                                2        2        2         0
                text98                             1793     1793        3         0
                text97                             1786     1786        1         0
                text96                             17C2     17C2        4         0
                text95                             1796     1796        3         0
                text94                             17EA     17EA        5         0
                text93                              82B      82B        8         0
                text92                             1799     1799        3         0
                text91                              BE9      BE9       31         0
                text90                              80F      80F        7         0
                text89                             17EF     17EF        5         0
                text88                             17C6     17C6        4         0
                text87                             17CA     17CA        4         0
                text86                             17CE     17CE        4         0
                text85                             17D2     17D2        4         0
                text84                              833      833        8         0
                text83                              816      816        7         0
                text82                             17F4     17F4        6         0
                text81                             17D6     17D6        4         0
                text80                             17DA     17DA        4         0
                text79                             17DE     17DE        4         0
                text78                              B93      B93       2B         0
                text77                              EB8      EB8       4F         0
                text76                              E28      E28       46         0
                text75                             179C     179C        3         0
                text74                              A7F      A7F       26         0
                text73                             179F     179F        3         0
                text72                             17A2     17A2        3         0
                text70                              A3D      A3D       1E         0
                text69                              8C8      8C8        F         0
                text68                              956      956       15         0
                text67                              8E6      8E6       11         0
                text66                              DE4      DE4       44         0
                text65                              8D7      8D7        F         0
                text64                              83B      83B        8         0
                text63                              863      863        9         0
                text62                              86C      86C        9         0
                text61                              875      875        9         0
                text60                              87E      87E        9         0
                text59                              887      887        9         0
                text58                              DA1      DA1       43         0
                text57                              843      843        8         0
                text56                              CE5      CE5       39         0
                text55                              84B      84B        8         0
                text54                              8AE      8AE        C         0
                text53                              81D      81D        7         0
                text52                              853      853        8         0
                text51                             17E2     17E2        4         0
                text50                              9B1      9B1       1B         0
                text49                              999      999       18         0
                text48                              FA8      FA8       58         0
                text47                             17A5     17A5        3         0
                text46                             17A8     17A8        3         0
                text45                             17AB     17AB        3         0
                text44                              824      824        7         0
                text43                             17AE     17AE        3         0
                text42                              8A3      8A3        B         0
                text41                             17E6     17E6        4         0
                text40                             17B1     17B1        3         0
                text39                             17B4     17B4        3         0
                text38                             17B7     17B7        3         0
                text37                              800      800        3         0
                text36                              7FD      7FD        3         0
                text35                             17FA     17FA        6         0
                text34                              9E7      9E7       1C         0
                text33                              A5B      A5B       24         0
                text32                              890      890        9         0
                text31                              9CC      9CC       1B         0
                text30                              F07      F07       4F         0
                text29                              8BA      8BA        E         0
                text28                              982      982       17         0
                text27                              BBE      BBE       2B         0
                text26                              AA5      AA5       27         0
                text25                              C1A      C1A       32         0
                text24                              77B      77B       64         0
                text23                              D1E      D1E       41         0
                text22                              361      361      191         0
                text21                              8F7      8F7       13         0
                text20                              F56      F56       52         0
                text19                              A03      A03       1C         0
                text18                               8A       8A      2D7         0
                text17                              E6E      E6E       4A         0
                text16                              608      608       F3         0
                text15                              6FB      6FB       80         0
                text14                              899      899        A         0
                text13                              7DF      7DF       1E         0
                text12                              90A      90A       13         0
                text11                              91D      91D       13         0
                text10                              C4C      C4C       32         0
                text9                               C7E      C7E       32         0
                text8                               ACC      ACC       27         0
                text7                               B41      B41       29         0
                text6                               AF3      AF3       27         0
                text5                               B1A      B1A       27         0
                text4                               930      930       13         0
                text3                               943      943       13         0
                text2                               B6A      B6A       29         0
                text1                               4F2      4F2      116         0
                maintext                            D5F      D5F       42         0
                clrtext                             803      803        6         0
                inittext                            809      809        6         0
                idataBANK3                          85B      85B        8         0
                idataBANK0                         1787     1787        1         0

        CLASS   STRCODE        
                stringtext6                        1054     1054        7         0
                stringtext5                        1049     1049        B         0
                stringtext4                        103D     103D        C         0
                stringtext3                        1030     1030        D         0
                stringtext2                        1020     1020       10         0
                stringtext1                        1000     1000       20         0

        CLASS   STRING         

        CLASS   CONST          

        CLASS   ENTRY          

        CLASS   COMMON         
                cstackCOMMON                         76       76        6         1
                bssCOMMON                            70       70        6         1

        CLASS   BANK0          
                cstackBANK0                          20       20       3C         1
                dataBANK0                            6F       6F        1         1
                bssBANK0                             5C       5C       12         1
                nvBANK0                              6E       6E        1         1

        CLASS   BANK1          
                cstackBANK1                          A0       A0       40         1
                bssBANK1                             E0       E0       10         1

        CLASS   BANK2          
                cstackBANK2                         120      120       40         1
                bssBANK2                            160      160        A         1
                nvBANK2                             16A      16A        6         1

        CLASS   BANK3          
                dataBANK3                           1CD      1CD        8         1
                bssBANK3                            1A0      1A0       2D         1
                nvBANK3                             1D5      1D5        4         1

        CLASS   BANK4          
                bssBANK4                            220      220       44         1

        CLASS   BANK5          

        CLASS   BANK6          

        CLASS   BANK7          

        CLASS   BANK8          

        CLASS   BANK9          

        CLASS   BANK10         

        CLASS   BANK11         

        CLASS   BANK12         

        CLASS   BIGRAM         

        CLASS   RAM            

        CLASS   ABS1           
                abs_s1                               7E       7E        2         1

        CLASS   SFR0           

        CLASS   SFR1           

        CLASS   SFR2           

        CLASS   SFR3           

        CLASS   SFR4           

        CLASS   SFR5           

        CLASS   SFR6           

        CLASS   SFR7           

        CLASS   SFR8           

        CLASS   SFR9           

        CLASS   SFR10          

        CLASS   SFR11          

        CLASS   SFR12          

        CLASS   SFR13          

        CLASS   SFR14          

        CLASS   SFR15          

        CLASS   SFR16          

        CLASS   SFR17          

        CLASS   SFR18          

        CLASS   SFR19          

        CLASS   SFR20          

        CLASS   SFR21          

        CLASS   SFR22          

        CLASS   SFR23          

        CLASS   SFR24          

        CLASS   SFR25          

        CLASS   SFR26          

        CLASS   SFR27          

        CLASS   SFR28          

        CLASS   SFR29          

        CLASS   SFR30          

        CLASS   SFR31          

        CLASS   CONFIG         
                config                             8007     8007        4         0

        CLASS   IDLOC          

        CLASS   EEDATA         

        CLASS   BANK31         

        CLASS   BANK30         

        CLASS   BANK29         

        CLASS   BANK28         

        CLASS   BANK27         

        CLASS   BANK26         

        CLASS   BANK25         

        CLASS   BANK24         

        CLASS   BANK23         

        CLASS   BANK22         

        CLASS   BANK21         

        CLASS   BANK20         

        CLASS   BANK19         

        CLASS   BANK18         

        CLASS   BANK17         

        CLASS   BANK16         

        CLASS   BANK15         

        CLASS   BANK14         

        CLASS   BANK13         



SEGMENTS        Name                           Load    Length   Top    Selector   Space  Class     Delta

                reset_vec                      000000  000004  000004         0       0  CODE        2
                intentry                       000004  0007FF  000803         8       0  CODE        2
                cstackBANK0                    000020  000050  000070        20       1  BANK0       1
                bssCOMMON                      000070  00000C  00007C        70       1  COMMON      1
                cstackBANK1                    0000A0  000050  0000F0        A0       1  BANK1       1
                cstackBANK2                    000120  000050  000170       120       1  BANK2       1
                bssBANK3                       0001A0  000039  0001D9       1A0       1  BANK3       1
                bssBANK4                       000220  000044  000264       220       1  BANK4       1
                clrtext                        000803  000006  000809      1006       0  CODE        2
                inittext                       000809  000006  00080F      1012       0  CODE        2
                text90                         00080F  000007  000816      101E       0  CODE        2
                text83                         000816  000007  00081D      102C       0  CODE        2
                text53                         00081D  000007  000824      103A       0  CODE        2
                text44                         000824  000007  00082B      1048       0  CODE        2
                text93                         00082B  000008  000833      1056       0  CODE        2
                text84                         000833  000008  00083B      1066       0  CODE        2
                text64                         00083B  000008  000843      1076       0  CODE        2
                text57                         000843  000008  00084B      1086       0  CODE        2
                text55                         00084B  000008  000853      1096       0  CODE        2
                text52                         000853  000008  00085B      10A6       0  CODE        2
                idataBANK3                     00085B  000008  000863      10B6       0  CODE        2
                text63                         000863  000009  00086C      10C6       0  CODE        2
                text62                         00086C  000009  000875      10D8       0  CODE        2
                text61                         000875  000009  00087E      10EA       0  CODE        2
                text60                         00087E  000009  000887      10FC       0  CODE        2
                text59                         000887  000009  000890      110E       0  CODE        2
                text32                         000890  000009  000899      1120       0  CODE        2
                text14                         000899  00000A  0008A3      1132       0  CODE        2
                text42                         0008A3  00000B  0008AE      1146       0  CODE        2
                text54                         0008AE  00000C  0008BA      115C       0  CODE        2
                text29                         0008BA  00000E  0008C8      1174       0  CODE        2
                text69                         0008C8  00000F  0008D7      1190       0  CODE        2
                text65                         0008D7  00000F  0008E6      11AE       0  CODE        2
                text67                         0008E6  000011  0008F7      11CC       0  CODE        2
                text21                         0008F7  000013  00090A      11EE       0  CODE        2
                text12                         00090A  000013  00091D      1214       0  CODE        2
                text11                         00091D  000013  000930      123A       0  CODE        2
                text4                          000930  000013  000943      1260       0  CODE        2
                text3                          000943  000013  000956      1286       0  CODE        2
                text68                         000956  000015  00096B      12AC       0  CODE        2
                text110                        00096B  000017  000982      12D6       0  CODE        2
                text28                         000982  000017  000999      1304       0  CODE        2
                text49                         000999  000018  0009B1      1332       0  CODE        2
                text50                         0009B1  00001B  0009CC      1362       0  CODE        2
                text31                         0009CC  00001B  0009E7      1398       0  CODE        2
                text34                         0009E7  00001C  000A03      13CE       0  CODE        2
                text19                         000A03  00001C  000A1F      1406       0  CODE        2
                text105                        000A1F  00001E  000A3D      143E       0  CODE        2
                text70                         000A3D  00001E  000A5B      147A       0  CODE        2
                text33                         000A5B  000024  000A7F      14B6       0  CODE        2
                text74                         000A7F  000026  000AA5      14FE       0  CODE        2
                text26                         000AA5  000027  000ACC      154A       0  CODE        2
                text8                          000ACC  000027  000AF3      1598       0  CODE        2
                text6                          000AF3  000027  000B1A      15E6       0  CODE        2
                text5                          000B1A  000027  000B41      1634       0  CODE        2
                text7                          000B41  000029  000B6A      1682       0  CODE        2
                text2                          000B6A  000029  000B93      16D4       0  CODE        2
                text78                         000B93  00002B  000BBE      1726       0  CODE        2
                text27                         000BBE  00002B  000BE9      177C       0  CODE        2
                text91                         000BE9  000031  000C1A      17D2       0  CODE        2
                text25                         000C1A  000032  000C4C      1834       0  CODE        2
                text10                         000C4C  000032  000C7E      1898       0  CODE        2
                text9                          000C7E  000032  000CB0      18FC       0  CODE        2
                text106                        000CB0  000035  000CE5      1960       0  CODE        2
                text56                         000CE5  000039  000D1E      19CA       0  CODE        2
                text23                         000D1E  000041  000D5F      1A3C       0  CODE        2
                maintext                       000D5F  000042  000DA1      1ABE       0  CODE        2
                text58                         000DA1  000043  000DE4      1B42       0  CODE        2
                text66                         000DE4  000044  000E28      1BC8       0  CODE        2
                text76                         000E28  000046  000E6E      1C50       0  CODE        2
                text17                         000E6E  00004A  000EB8      1CDC       0  CODE        2
                text77                         000EB8  00004F  000F07      1D70       0  CODE        2
                text30                         000F07  00004F  000F56      1E0E       0  CODE        2
                text20                         000F56  000052  000FA8      1EAC       0  CODE        2
                text48                         000FA8  000058  001000      1F50       0  CODE        2
                stringtext1                    001000  00005B  00105B      2000       0  STRCODE     2
                text108                        001784  000001  001785      2F08       0  CODE        2
                text104                        001785  000001  001786      2F0A       0  CODE        2
                text97                         001786  000001  001787      2F0C       0  CODE        2
                idataBANK0                     001787  000001  001788      2F0E       0  CODE        2
                text100                        001788  000002  00178A      2F10       0  CODE        2
                text109                        00178A  000003  00178D      2F14       0  CODE        2
                text102                        00178D  000003  001790      2F1A       0  CODE        2
                text101                        001790  000003  001793      2F20       0  CODE        2
                text98                         001793  000003  001796      2F26       0  CODE        2
                text95                         001796  000003  001799      2F2C       0  CODE        2
                text92                         001799  000003  00179C      2F32       0  CODE        2
                text75                         00179C  000003  00179F      2F38       0  CODE        2
                text73                         00179F  000003  0017A2      2F3E       0  CODE        2
                text72                         0017A2  000003  0017A5      2F44       0  CODE        2
                text47                         0017A5  000003  0017A8      2F4A       0  CODE        2
                text46                         0017A8  000003  0017AB      2F50       0  CODE        2
                text45                         0017AB  000003  0017AE      2F56       0  CODE        2
                text43                         0017AE  000003  0017B1      2F5C       0  CODE        2
                text40                         0017B1  000003  0017B4      2F62       0  CODE        2
                text39                         0017B4  000003  0017B7      2F68       0  CODE        2
                text38                         0017B7  000003  0017BA      2F6E       0  CODE        2
                text107                        0017BA  000004  0017BE      2F74       0  CODE        2
                text103                        0017BE  000004  0017C2      2F7C       0  CODE        2
                text96                         0017C2  000004  0017C6      2F84       0  CODE        2
                text88                         0017C6  000004  0017CA      2F8C       0  CODE        2
                text87                         0017CA  000004  0017CE      2F94       0  CODE        2
                text86                         0017CE  000004  0017D2      2F9C       0  CODE        2
                text85                         0017D2  000004  0017D6      2FA4       0  CODE        2
                text81                         0017D6  000004  0017DA      2FAC       0  CODE        2
                text80                         0017DA  000004  0017DE      2FB4       0  CODE        2
                text79                         0017DE  000004  0017E2      2FBC       0  CODE        2
                text51                         0017E2  000004  0017E6      2FC4       0  CODE        2
                text41                         0017E6  000004  0017EA      2FCC       0  CODE        2
                text94                         0017EA  000005  0017EF      2FD4       0  CODE        2
                text89                         0017EF  000005  0017F4      2FDE       0  CODE        2
                text82                         0017F4  000006  0017FA      2FE8       0  CODE        2
                text35                         0017FA  000006  001800      2FF4       0  CODE        2
                config                         008007  000004  00800B     1000E       0  CONFIG      2


UNUSED ADDRESS RANGES

        Name                Unused          Largest block    Delta
        BANK10           00520-0056F              50           1
        BANK11           005A0-005EF              50           1
        BANK12           00620-0064F              30           1
        BANK3            001D9-001EF              17           1
        BANK4            00264-0026F               C           1
        BANK5            002A0-002EF              50           1
        BANK6            00320-0036F              50           1
        BANK7            003A0-003EF              50           1
        BANK8            00420-0046F              50           1
        BANK9            004A0-004EF              50           1
        BIGRAM           02000-023EF             3F0           1
        CODE             0105B-01783             729           2
                         01800-01FFF             800
        COMMON           0007C-0007D               2           1
        CONST            0105B-01783             100           2
                         01800-01FFF             100
        EEDATA           0F000-0F0FF             100           2
        ENTRY            0105B-01783             100           2
                         01800-01FFF             100
        IDLOC            08000-08003               4           2
        RAM              001D9-001EF              17           1
                         00264-0026F               C
                         002A0-002EF              50
                         00320-0036F              50
                         003A0-003EF              50
                         00420-0046F              50
                         004A0-004EF              50
                         00520-0056F              50
                         005A0-005EF              50
                         00620-0064F              30
        SFR0             00000-0001F              20           1
        SFR1             00080-0009F              20           1
        SFR10            00500-0051F              20           1
        SFR11            00580-0059F              20           1
        SFR12            00600-0061F              20           1
        SFR13            00680-006EF              70           1
        SFR14            00700-0076F              70           1
        SFR15            00780-007EF              70           1
        SFR16            00800-0086F              70           1
        SFR17            00880-008EF              70           1
        SFR18            00900-0096F              70           1
        SFR19            00980-009EF              70           1
        SFR2             00100-0011F              20           1
        SFR20            00A00-00A6F              70           1
        SFR21            00A80-00AEF              70           1
        SFR22            00B00-00B6F              70           1
        SFR23            00B80-00BEF              70           1
        SFR24            00C00-00C6F              70           1
        SFR25            00C80-00CEF              70           1
        SFR26            00D00-00D6F              70           1
        SFR27            00D80-00DEF              70           1
        SFR28            00E00-00E6F              70           1
        SFR29            00E80-00EEF              70           1
        SFR3             00180-0019F              20           1
        SFR30            00F00-00F6F              70           1
        SFR31            00F80-00FEF              70           1
        SFR4             00200-0021F              20           1
        SFR5             00280-0029F              20           1
        SFR6             00300-0031F              20           1
        SFR7             00380-0039F              20           1
        SFR8             00400-0041F              20           1
        SFR9             00480-0049F              20           1
        STACK            02184-023EF             26C           1
        STRCODE          0105B-01783             729           2
                         01800-01FFF             800
        STRING           0105B-01783             100           2
                         01800-01FFF             100

                                  Symbol Table

?_ADC_GetConversion                            cstackBANK0  00020
?___awdiv                                      cstackBANK0  00026
?___wmul                                       cstackBANK0  00020
?_readGesture                                  cstackBANK0  0004F
?_strlen                                       cstackBANK0  00020
?_wireReadDataBlock                            cstackBANK0  00026
?_wireWriteDataByte                            cstackBANK0  00026
ADC_GetConversion@channel                      cstackBANK0  00023
Display_Name@i                                 cstackBANK0  0002A
Display_Name@length                            cstackBANK0  00028
Display_Name@string1                           cstackBANK0  00025
EUSART_SetErrorHandler@interruptHandler        cstackBANK0  00020
EUSART_SetFramingErrorHandler@interruptHandler cstackBANK0  00020
EUSART_SetOverrunErrorHandler@interruptHandler cstackBANK0  00020
EUSART_SetRxInterruptHandler@interruptHandler  cstackBANK0  00020
EUSART_SetTxInterruptHandler@interruptHandler  cstackBANK0  00020
I2C_Write_Byte@Byte                            cstackBANK0  00023
I2C_Write_Byte@count                           cstackBANK0  00024
On_Off@val                                     cstackBANK0  00027
SPI2_Exchange8bit@data                         cstackBANK0  00020
SPI_Write@incoming                             cstackBANK0  00022
UART_Byte@bits                                 cstackBANK0  0002E
UART_Byte@i                                    cstackBANK0  00032
UART_Byte@tempBright                           cstackBANK0  0002C
UART_Byte@tempName                             cstackBANK0  0002A
UART_Byte@tempOn                               cstackBANK0  00026
UART_Byte@tempProx                             cstackBANK0  00028
_ADACT                                         (abs)        0009F
_ADCON0                                        (abs)        0009D
_ADCON0bits                                    (abs)        0009D
_ADCON1                                        (abs)        0009E
_ADC_GetConversion                             text70       00A3D
_ADC_Initialize                                text64       0083B
_ADRESH                                        (abs)        0009C
_ADRESL                                        (abs)        0009B
_ANSELA                                        (abs)        0018C
_ANSELB                                        (abs)        0018D
_ANSELC                                        (abs)        0018E
_BAUD1CON                                      (abs)        0019F
_CCP1CON                                       (abs)        00293
_CCP1CONbits                                   (abs)        00293
_CCPR1H                                        (abs)        00292
_CCPR1L                                        (abs)        00291
_CCPTMRSbits                                   (abs)        0029F
_Display_Clear                                 text67       008E6
_Display_Name                                  text23       00D1E
_EUSART_DefaultErrorHandler                    text109      0178A
_EUSART_DefaultFramingErrorHandler             text108      01784
_EUSART_DefaultOverrunErrorHandler             text107      017BA
_EUSART_ErrorHandler                           nvBANK3      001D5
_EUSART_FramingErrorHandler                    nvBANK2      0016A
_EUSART_Initialize                             text58       00DA1
_EUSART_OverrunErrorHandler                    nvBANK3      001D7
_EUSART_Receive_ISR                            text106      00CB0
_EUSART_RxDataHandler                          text110      0096B
_EUSART_RxDefaultInterruptHandler              nvBANK2      0016C
_EUSART_SetErrorHandler                        text63       00863
_EUSART_SetFramingErrorHandler                 text62       0086C
_EUSART_SetOverrunErrorHandler                 text61       00875
_EUSART_SetRxInterruptHandler                  text60       0087E
_EUSART_SetTxInterruptHandler                  text59       00887
_EUSART_Transmit_ISR                           text105      00A1F
_EUSART_TxDefaultInterruptHandler              nvBANK2      0016E
_I2C_ReStart                                   text46       017A8
_I2C_Read_Byte                                 text42       008A3
_I2C_Send_NACK                                 text40       017B1
_I2C_Start                                     text38       017B7
_I2C_Stop                                      text36       007FD
_I2C_Write_Byte                                text34       009E7
_INTCONbits                                    (abs)        0000B
_INTERRUPT_InterruptManager                    intentry     00004
_LATA                                          (abs)        0010C
_LATB                                          (abs)        0010D
_LATC                                          (abs)        0010E
_LATCbits                                      (abs)        0010E
_ODCONA                                        (abs)        0028C
_ODCONB                                        (abs)        0028D
_ODCONC                                        (abs)        0028E
_OSCCON1                                       (abs)        00919
_OSCCON3                                       (abs)        0091B
_OSCEN                                         (abs)        0091D
_OSCFRQ                                        (abs)        0091F
_OSCILLATOR_Initialize                         text57       00843
_OSCTUNE                                       (abs)        0091E
_On_Off                                        text66       00DE4
_PIE0bits                                      (abs)        00090
_PIE1bits                                      (abs)        00091
_PIN_MANAGER_IOC                               text104      01785
_PIN_MANAGER_Initialize                        text56       00CE5
_PIR0bits                                      (abs)        00010
_PIR1bits                                      (abs)        00011
_PIR_Sensor                                    text65       008D7
_PMD0                                          (abs)        00911
_PMD1                                          (abs)        00912
_PMD2                                          (abs)        00913
_PMD3                                          (abs)        00914
_PMD4                                          (abs)        00915
_PMD5                                          (abs)        00916
_PMD_Initialize                                text55       0084B
_PORTCbits                                     (abs)        0000E
_PR2                                           (abs)        0001E
_PWM1_Initialize                               text54       008AE
_RB5PPS                                        (abs)        00E9D
_RB6PPS                                        (abs)        00E9E
_RB7PPS                                        (abs)        00E9F
_RC1REG                                        (abs)        00199
_RC1STA                                        (abs)        0019D
_RC1STAbits                                    (abs)        0019D
_RC2PPS                                        (abs)        00EA2
_RC5PPS                                        (abs)        00EA5
_RXPPS                                         (abs)        00E24
_SLRCONA                                       (abs)        0030C
_SLRCONB                                       (abs)        0030D
_SLRCONC                                       (abs)        0030E
_SP1BRGH                                       (abs)        0019C
_SP1BRGL                                       (abs)        0019B
_SPI2_Exchange8bit                             text69       008C8
_SPI2_Initialize                               text53       0081D
_SPI_Write                                     text68       00956
_SSP1ADD                                       (abs)        00212
_SSP1BUF                                       (abs)        00211
_SSP1CLKPPS                                    (abs)        00E20
_SSP1CON1                                      (abs)        00215
_SSP1CON1bits                                  (abs)        00215
_SSP1CON2                                      (abs)        00216
_SSP1CON2bits                                  (abs)        00216
_SSP1DATPPS                                    (abs)        00E21
_SSP1MSK                                       (abs)        00213
_SSP1STAT                                      (abs)        00214
_SSP1STATbits                                  (abs)        00214
_SSP2ADD                                       (abs)        0021A
_SSP2BUF                                       (abs)        00219
_SSP2CLKPPS                                    (abs)        00E1D
_SSP2CON1                                      (abs)        0021D
_SSP2CON1bits                                  (abs)        0021D
_SSP2DATPPS                                    (abs)        00E1E
_SSP2STAT                                      (abs)        0021C
_SSP2STATbits                                  (abs)        0021C
_SYSTEM_Initialize                             text50       009B1
_T2CON                                         (abs)        0001F
_T2CONbits                                     (abs)        0001F
_TMR2                                          (abs)        0001D
_TMR2_Initialize                               text52       00853
_TRISA                                         (abs)        0008C
_TRISB                                         (abs)        0008D
_TRISC                                         (abs)        0008E
_TX1REG                                        (abs)        0019A
_TX1STA                                        (abs)        0019E
_TX1STAbits                                    (abs)        0019E
_TXREG1                                        (abs)        0019A
_TXSTA1bits                                    (abs)        0019E
_UART_Byte                                     text48       00FA8
_WDTCON                                        (abs)        00097
_WDT_Initialize                                text51       017E2
_WPUA                                          (abs)        0020C
_WPUB                                          (abs)        0020D
_WPUC                                          (abs)        0020E
__CFG_BOREN$ON                                 (abs)        00000
__CFG_BORV$LOW                                 (abs)        00000
__CFG_CLKOUTEN$OFF                             (abs)        00000
__CFG_CP$OFF                                   (abs)        00000
__CFG_CPD$OFF                                  (abs)        00000
__CFG_CSWEN$ON                                 (abs)        00000
__CFG_DEBUG$OFF                                (abs)        00000
__CFG_FCMEN$ON                                 (abs)        00000
__CFG_FEXTOSC$OFF                              (abs)        00000
__CFG_LPBOREN$OFF                              (abs)        00000
__CFG_LVP$ON                                   (abs)        00000
__CFG_MCLRE$ON                                 (abs)        00000
__CFG_PPS1WAY$ON                               (abs)        00000
__CFG_PWRTE$OFF                                (abs)        00000
__CFG_RSTOSC$HFINT1                            (abs)        00000
__CFG_STVREN$ON                                (abs)        00000
__CFG_WDTE$SWDTEN                              (abs)        00000
__CFG_WRT$OFF                                  (abs)        00000
__Habs1                                        abs1         00000
__Hbank0                                       bank0        00000
__Hbank1                                       bank1        00000
__Hbank10                                      bank10       00000
__Hbank11                                      bank11       00000
__Hbank12                                      bank12       00000
__Hbank13                                      bank13       00000
__Hbank14                                      bank14       00000
__Hbank15                                      bank15       00000
__Hbank16                                      bank16       00000
__Hbank17                                      bank17       00000
__Hbank18                                      bank18       00000
__Hbank19                                      bank19       00000
__Hbank2                                       bank2        00000
__Hbank20                                      bank20       00000
__Hbank21                                      bank21       00000
__Hbank22                                      bank22       00000
__Hbank23                                      bank23       00000
__Hbank24                                      bank24       00000
__Hbank25                                      bank25       00000
__Hbank26                                      bank26       00000
__Hbank27                                      bank27       00000
__Hbank28                                      bank28       00000
__Hbank29                                      bank29       00000
__Hbank3                                       bank3        00000
__Hbank30                                      bank30       00000
__Hbank31                                      bank31       00000
__Hbank4                                       bank4        00000
__Hbank5                                       bank5        00000
__Hbank6                                       bank6        00000
__Hbank7                                       bank7        00000
__Hbank8                                       bank8        00000
__Hbank9                                       bank9        00000
__Hbigram                                      bigram       00000
__HbssBANK0                                    bssBANK0     00000
__HbssBANK1                                    bssBANK1     00000
__HbssBANK2                                    bssBANK2     00000
__HbssBANK3                                    bssBANK3     00000
__HbssBANK4                                    bssBANK4     00000
__HbssCOMMON                                   bssCOMMON    00000
__Hcinit                                       cinit        0008A
__Hclrtext                                     clrtext      00000
__Hcode                                        code         00000
__Hcommon                                      common       00000
__Hconfig                                      config       0800B
__HcstackBANK0                                 cstackBANK0  00000
__HcstackBANK1                                 cstackBANK1  00000
__HcstackBANK2                                 cstackBANK2  00000
__HcstackCOMMON                                cstackCOMMON 00000
__HdataBANK0                                   dataBANK0    00000
__HdataBANK3                                   dataBANK3    00000
__Heeprom_data                                 eeprom_data  00000
__Hend_init                                    end_init     00049
__Hfunctab                                     functab      00000
__HidataBANK0                                  idataBANK0   00000
__HidataBANK3                                  idataBANK3   00000
__Hidloc                                       idloc        00000
__Hinit                                        init         00047
__Hinittext                                    inittext     00000
__Hintentry                                    intentry     00047
__Hmaintext                                    maintext     00000
__HnvBANK0                                     nvBANK0      00000
__HnvBANK2                                     nvBANK2      00000
__HnvBANK3                                     nvBANK3      00000
__Hpowerup                                     powerup      00000
__Hram                                         ram          00000
__Hreset_vec                                   reset_vec    00002
__Hsfr0                                        sfr0         00000
__Hsfr1                                        sfr1         00000
__Hsfr10                                       sfr10        00000
__Hsfr11                                       sfr11        00000
__Hsfr12                                       sfr12        00000
__Hsfr13                                       sfr13        00000
__Hsfr14                                       sfr14        00000
__Hsfr15                                       sfr15        00000
__Hsfr16                                       sfr16        00000
__Hsfr17                                       sfr17        00000
__Hsfr18                                       sfr18        00000
__Hsfr19                                       sfr19        00000
__Hsfr2                                        sfr2         00000
__Hsfr20                                       sfr20        00000
__Hsfr21                                       sfr21        00000
__Hsfr22                                       sfr22        00000
__Hsfr23                                       sfr23        00000
__Hsfr24                                       sfr24        00000
__Hsfr25                                       sfr25        00000
__Hsfr26                                       sfr26        00000
__Hsfr27                                       sfr27        00000
__Hsfr28                                       sfr28        00000
__Hsfr29                                       sfr29        00000
__Hsfr3                                        sfr3         00000
__Hsfr30                                       sfr30        00000
__Hsfr31                                       sfr31        00000
__Hsfr4                                        sfr4         00000
__Hsfr5                                        sfr5         00000
__Hsfr6                                        sfr6         00000
__Hsfr7                                        sfr7         00000
__Hsfr8                                        sfr8         00000
__Hsfr9                                        sfr9         00000
__Hspace_0                                     (abs)        0800B
__Hspace_1                                     (abs)        00264
__Hspace_2                                     (abs)        00000
__Hspace_3                                     (abs)        00000
__Hstack                                       stack        00000
__Hstrings                                     strings      00000
__Hstringtext1                                 stringtext1  00000
__Hstringtext2                                 stringtext2  00000
__Hstringtext3                                 stringtext3  00000
__Hstringtext4                                 stringtext4  00000
__Hstringtext5                                 stringtext5  00000
__Hstringtext6                                 stringtext6  00000
__Hstringtext7                                 stringtext7  00000
__Htext                                        text         00000
__Labs1                                        abs1         00000
__Lbank0                                       bank0        00000
__Lbank1                                       bank1        00000
__Lbank10                                      bank10       00000
__Lbank11                                      bank11       00000
__Lbank12                                      bank12       00000
__Lbank13                                      bank13       00000
__Lbank14                                      bank14       00000
__Lbank15                                      bank15       00000
__Lbank16                                      bank16       00000
__Lbank17                                      bank17       00000
__Lbank18                                      bank18       00000
__Lbank19                                      bank19       00000
__Lbank2                                       bank2        00000
__Lbank20                                      bank20       00000
__Lbank21                                      bank21       00000
__Lbank22                                      bank22       00000
__Lbank23                                      bank23       00000
__Lbank24                                      bank24       00000
__Lbank25                                      bank25       00000
__Lbank26                                      bank26       00000
__Lbank27                                      bank27       00000
__Lbank28                                      bank28       00000
__Lbank29                                      bank29       00000
__Lbank3                                       bank3        00000
__Lbank30                                      bank30       00000
__Lbank31                                      bank31       00000
__Lbank4                                       bank4        00000
__Lbank5                                       bank5        00000
__Lbank6                                       bank6        00000
__Lbank7                                       bank7        00000
__Lbank8                                       bank8        00000
__Lbank9                                       bank9        00000
__Lbigram                                      bigram       00000
__LbssBANK0                                    bssBANK0     00000
__LbssBANK1                                    bssBANK1     00000
__LbssBANK2                                    bssBANK2     00000
__LbssBANK3                                    bssBANK3     00000
__LbssBANK4                                    bssBANK4     00000
__LbssCOMMON                                   bssCOMMON    00000
__Lcinit                                       cinit        00049
__Lclrtext                                     clrtext      00000
__Lcode                                        code         00000
__Lcommon                                      common       00000
__Lconfig                                      config       08007
__LcstackBANK0                                 cstackBANK0  00000
__LcstackBANK1                                 cstackBANK1  00000
__LcstackBANK2                                 cstackBANK2  00000
__LcstackCOMMON                                cstackCOMMON 00000
__LdataBANK0                                   dataBANK0    00000
__LdataBANK3                                   dataBANK3    00000
__Leeprom_data                                 eeprom_data  00000
__Lend_init                                    end_init     00047
__Lfunctab                                     functab      00000
__LidataBANK0                                  idataBANK0   00000
__LidataBANK3                                  idataBANK3   00000
__Lidloc                                       idloc        00000
__Linit                                        init         00047
__Linittext                                    inittext     00000
__Lintentry                                    intentry     00004
__Lmaintext                                    maintext     00000
__LnvBANK0                                     nvBANK0      00000
__LnvBANK2                                     nvBANK2      00000
__LnvBANK3                                     nvBANK3      00000
__Lpowerup                                     powerup      00000
__Lram                                         ram          00000
__Lreset_vec                                   reset_vec    00000
__Lsfr0                                        sfr0         00000
__Lsfr1                                        sfr1         00000
__Lsfr10                                       sfr10        00000
__Lsfr11                                       sfr11        00000
__Lsfr12                                       sfr12        00000
__Lsfr13                                       sfr13        00000
__Lsfr14                                       sfr14        00000
__Lsfr15                                       sfr15        00000
__Lsfr16                                       sfr16        00000
__Lsfr17                                       sfr17        00000
__Lsfr18                                       sfr18        00000
__Lsfr19                                       sfr19        00000
__Lsfr2                                        sfr2         00000
__Lsfr20                                       sfr20        00000
__Lsfr21                                       sfr21        00000
__Lsfr22                                       sfr22        00000
__Lsfr23                                       sfr23        00000
__Lsfr24                                       sfr24        00000
__Lsfr25                                       sfr25        00000
__Lsfr26                                       sfr26        00000
__Lsfr27                                       sfr27        00000
__Lsfr28                                       sfr28        00000
__Lsfr29                                       sfr29        00000
__Lsfr3                                        sfr3         00000
__Lsfr30                                       sfr30        00000
__Lsfr31                                       sfr31        00000
__Lsfr4                                        sfr4         00000
__Lsfr5                                        sfr5         00000
__Lsfr6                                        sfr6         00000
__Lsfr7                                        sfr7         00000
__Lsfr8                                        sfr8         00000
__Lsfr9                                        sfr9         00000
__Lspace_0                                     (abs)        00000
__Lspace_1                                     (abs)        00000
__Lspace_2                                     (abs)        00000
__Lspace_3                                     (abs)        00000
__Lstack                                       stack        00000
__Lstrings                                     strings      00000
__Lstringtext1                                 stringtext1  00000
__Lstringtext2                                 stringtext2  00000
__Lstringtext3                                 stringtext3  00000
__Lstringtext4                                 stringtext4  00000
__Lstringtext5                                 stringtext5  00000
__Lstringtext6                                 stringtext6  00000
__Lstringtext7                                 stringtext7  00000
__Ltext                                        text         00000
__S0                                           (abs)        0800B
__S1                                           (abs)        00264
__S2                                           (abs)        00000
__S3                                           (abs)        00000
___awdiv                                       text20       00F56
___awdiv@counter                               cstackBANK0  0002B
___awdiv@dividend                              cstackBANK0  00028
___awdiv@divisor                               cstackBANK0  00026
___awdiv@quotient                              cstackBANK0  0002D
___awdiv@sign                                  cstackBANK0  0002C
___int_sp                                      stack        00000
___latbits                                     (abs)        00002
___sp                                          stack        00000
___stackhi                                     (abs)        023EF
___stacklo                                     (abs)        02184
___wmul                                        text19       00A03
___wmul@multiplicand                           cstackBANK0  00022
___wmul@multiplier                             cstackBANK0  00020
___wmul@product                                cstackBANK0  00024
__end_of_ADC_GetConversion                     text70       00A5B
__end_of_ADC_Initialize                        text64       00843
__end_of_Display_Clear                         text67       008F7
__end_of_Display_Name                          text23       00D5F
__end_of_EUSART_DefaultErrorHandler            text109      0178D
__end_of_EUSART_DefaultFramingErrorHandler     text108      01785
__end_of_EUSART_DefaultOverrunErrorHandler     text107      017BE
__end_of_EUSART_Initialize                     text58       00DE4
__end_of_EUSART_Receive_ISR                    text106      00CE5
__end_of_EUSART_RxDataHandler                  text110      00982
__end_of_EUSART_SetErrorHandler                text63       0086C
__end_of_EUSART_SetFramingErrorHandler         text62       00875
__end_of_EUSART_SetOverrunErrorHandler         text61       0087E
__end_of_EUSART_SetRxInterruptHandler          text60       00887
__end_of_EUSART_SetTxInterruptHandler          text59       00890
__end_of_EUSART_Transmit_ISR                   text105      00A3D
__end_of_I2C_ReStart                           text46       017AB
__end_of_I2C_Read_Byte                         text42       008AE
__end_of_I2C_Send_NACK                         text40       017B4
__end_of_I2C_Start                             text38       017BA
__end_of_I2C_Stop                              text36       00800
__end_of_I2C_Write_Byte                        text34       00A03
__end_of_INTERRUPT_InterruptManager            intentry     00047
__end_of_OSCILLATOR_Initialize                 text57       0084B
__end_of_On_Off                                text66       00E28
__end_of_PIN_MANAGER_IOC                       text104      01786
__end_of_PIN_MANAGER_Initialize                text56       00D1E
__end_of_PIR_Sensor                            text65       008E6
__end_of_PMD_Initialize                        text55       00853
__end_of_PWM1_Initialize                       text54       008BA
__end_of_SPI2_Exchange8bit                     text69       008D7
__end_of_SPI2_Initialize                       text53       00824
__end_of_SPI_Write                             text68       0096B
__end_of_SYSTEM_Initialize                     text50       009CC
__end_of_TMR2_Initialize                       text52       0085B
__end_of_UART_Byte                             text48       01000
__end_of_WDT_Initialize                        text51       017E6
__end_of___awdiv                               text20       00FA8
__end_of___wmul                                text19       00A1F
__end_of__initialization                       cinit        00086
__end_of_decodeGesture                         text22       004F2
__end_of_do_I2C_DO_ACK                         text81       017DA
__end_of_do_I2C_DO_ADDRESS_NACK                text78       00BBE
__end_of_do_I2C_DO_NACK_RESTART                text79       017E2
__end_of_do_I2C_DO_NACK_STOP                   text80       017DE
__end_of_do_I2C_IDLE                           text89       017F4
__end_of_do_I2C_RCEN                           text82       017FA
__end_of_do_I2C_RESET                          text90       00816
__end_of_do_I2C_RX                             text76       00E6E
__end_of_do_I2C_SEND_ADR_READ                  text84       0083B
__end_of_do_I2C_SEND_ADR_WRITE                 text83       0081D
__end_of_do_I2C_SEND_RESTART                   text86       017D2
__end_of_do_I2C_SEND_RESTART_READ              text88       017CA
__end_of_do_I2C_SEND_RESTART_WRITE             text87       017CE
__end_of_do_I2C_SEND_STOP                      text85       017D6
__end_of_do_I2C_TX                             text77       00F07
__end_of_do_I2C_TX_EMPTY                       text91       00C1A
__end_of_enableGestureSensor                   text24       007DF
__end_of_enablePower                           text29       008C8
__end_of_fsmStateTable                         stringtext1  01020
__end_of_getMode                               text32       00899
__end_of_handleGesture                         text15       0077B
__end_of_i2c1_driver_TXData                    text35       01800
__end_of_i2c1_driver_clearBusCollision         text73       017A2
__end_of_i2c1_driver_getRXData                 text45       017AE
__end_of_i2c1_driver_isBufferFull              text44       0082B
__end_of_i2c1_driver_isNACK                    text93       00833
__end_of_i2c1_driver_open                      text14       008A3
__end_of_i2c1_driver_resetBus                  text97       01787
__end_of_i2c1_driver_restart                   text47       017A8
__end_of_i2c1_driver_sendACK                   text103      017C2
__end_of_i2c1_driver_sendNACK                  text41       017EA
__end_of_i2c1_driver_start                     text39       017B7
__end_of_i2c1_driver_startRX                   text43       017B1
__end_of_i2c1_driver_stop                      text37       00803
__end_of_i2c_ISR                               text74       00AA5
__end_of_i2c_busCollisionISR                   text72       017A5
__end_of_initialize                            text1        00608
[...]
      Temps:          0       0       0       0       0       0       0       0       0       0       0       0       0       0
      Totals:         0       0       0       0       0       0       0       0       0       0       0       0       0       0
Total ram usage:        0 bytes
 Hardware stack levels used:    1
 This function calls:
		Nothing
 This function is called by:
		_do_I2C_SEND_STOP
 This function uses a non-reentrant model


 *************** function i1_i2c1_driver_restart *****************
 Defined at:
		line 151 in file "mcc_generated_files/i2c1_driver.c"
 Parameters:    Size  Location     Type
		None
 Auto vars:     Size  Location     Type
		None
 Return value:  Size  Location     Type
                  1    wreg      void 
 Registers used:
		None
 Tracked objects:
		On entry : 
		On exit  : 
		Unchanged: 
 Data sizes:     COMMON   BANK0   BANK1   BANK2   BANK3   BANK4   BANK5   BANK6   BANK7   BANK8   BANK9  BANK10  BANK11  BANK12
      Params:         0       0       0       0       0       0       0       0       0       0       0       0       0       0
      Locals:         0       0       0       0       0       0       0       0       0       0       0       0       0       0
      Temps:          0       0       0       0       0       0       0       0       0       0       0       0       0       0
      Totals:         0       0       0       0       0       0       0       0       0       0       0       0       0       0
Total ram usage:        0 bytes
 Hardware stack levels used:    1
 This function calls:
		Nothing
 This function is called by:
		_do_I2C_SEND_RESTART_READ
		_do_I2C_SEND_RESTART_WRITE
		_do_I2C_SEND_RESTART
 This function uses a non-reentrant model


 *************** function _i2c1_driver_sendACK *****************
 Defined at:
		line 196 in file "mcc_generated_files/i2c1_driver.c"
 Parameters:    Size  Location     Type
		None
 Auto vars:     Size  Location     Type
		None
 Return value:  Size  Location     Type
                  1    wreg      void 
 Registers used:
		None
 Tracked objects:
		On entry : 
		On exit  : 
		Unchanged: 
 Data sizes:     COMMON   BANK0   BANK1   BANK2   BANK3   BANK4   BANK5   BANK6   BANK7   BANK8   BANK9  BANK10  BANK11  BANK12
      Params:         0       0       0       0       0       0       0       0       0       0       0       0       0       0
      Locals:         0       0       0       0       0       0       0       0       0       0       0       0       0       0
      Temps:          0       0       0       0       0       0       0       0       0       0       0       0       0       0
      Totals:         0       0       0       0       0       0       0       0       0       0       0       0       0       0
Total ram usage:        0 bytes
 Hardware stack levels used:    1
 This function calls:
		Nothing
 This function is called by:
		_do_I2C_DO_ACK
		_do_I2C_RX
		_I2C_Send_ACK
 This function uses a non-reentrant model


 *************** function _PIN_MANAGER_IOC *****************
 Defined at:
		line 120 in file "mcc_generated_files/pin_manager.c"
 Parameters:    Size  Location     Type
		None
 Auto vars:     Size  Location     Type
		None
 Return value:  Size  Location     Type
                  1    wreg      void 
 Registers used:
		None
 Tracked objects:
		On entry : 
		On exit  : 
		Unchanged: 
 Data sizes:     COMMON   BANK0   BANK1   BANK2   BANK3   BANK4   BANK5   BANK6   BANK7   BANK8   BANK9  BANK10  BANK11  BANK12
      Params:         0       0       0       0       0       0       0       0       0       0       0       0       0       0
      Locals:         0       0       0       0       0       0       0       0       0       0       0       0       0       0
      Temps:          0       0       0       0       0       0       0       0       0       0       0       0       0       0
      Totals:         0       0       0       0       0       0       0       0       0       0       0       0       0       0
Total ram usage:        0 bytes
 Hardware stack levels used:    1
 This function calls:
		Nothing
 This function is called by:
		_INTERRUPT_InterruptManager
 This function uses a non-reentrant model


 *************** function _EUSART_Transmit_ISR *****************
 Defined at:
		line 205 in file "mcc_generated_files/eusart.c"
 Parameters:    Size  Location     Type
		None
 Auto vars:     Size  Location     Type
		None
 Return value:  Size  Location     Type
                  1    wreg      void 
 Registers used:
		wreg, fsr1l, fsr1h, status,2, status,0
 Tracked objects:
		On entry : 
		On exit  : 
		Unchanged: 
 Data sizes:     COMMON   BANK0   BANK1   BANK2   BANK3   BANK4   BANK5   BANK6   BANK7   BANK8   BANK9  BANK10  BANK11  BANK12
      Params:         0       0       0       0       0       0       0       0       0       0       0       0       0       0
      Locals:         0       0       0       0       0       0       0       0       0       0       0       0       0       0
      Temps:          1       0       0       0       0       0       0       0       0       0       0       0       0       0
      Totals:         1       0       0       0       0       0       0       0       0       0       0       0       0       0
Total ram usage:        1 bytes
 Hardware stack levels used:    1
 This function calls:
		Nothing
 This function is called by:
		_EUSART_Initialize
		_INTERRUPT_InterruptManager
 This function uses a non-reentrant model


 *************** function _EUSART_Receive_ISR *****************
 Defined at:
		line 224 in file "mcc_generated_files/eusart.c"
 Parameters:    Size  Location     Type
		None
 Auto vars:     Size  Location     Type
		None
 Return value:  Size  Location     Type
                  1    wreg      void 
 Registers used:
		wreg, fsr1l, fsr1h, status,2, status,0, pclath, cstack
 Tracked objects:
		On entry : 
		On exit  : 
		Unchanged: 
 Data sizes:     COMMON   BANK0   BANK1   BANK2   BANK3   BANK4   BANK5   BANK6   BANK7   BANK8   BANK9  BANK10  BANK11  BANK12
      Params:         0       0       0       0       0       0       0       0       0       0       0       0       0       0
      Locals:         0       0       0       0       0       0       0       0       0       0       0       0       0       0
      Temps:          0       0       0       0       0       0       0       0       0       0       0       0       0       0
      Totals:         0       0       0       0       0       0       0       0       0       0       0       0       0       0
Total ram usage:        0 bytes
 Hardware stack levels used:    1
 Hardware stack levels required when called:    2
 This function calls:
		Absolute function
		_EUSART_DefaultErrorHandler
		_EUSART_DefaultFramingErrorHandler
		_EUSART_DefaultOverrunErrorHandler
		_EUSART_RxDataHandler
 This function is called by:
		_EUSART_Initialize
		_INTERRUPT_InterruptManager
 This function uses a non-reentrant model


 *************** function _EUSART_DefaultOverrunErrorHandler *****************
 Defined at:
		line 260 in file "mcc_generated_files/eusart.c"
 Parameters:    Size  Location     Type
		None
 Auto vars:     Size  Location     Type
		None
 Return value:  Size  Location     Type
                  1    wreg      void 
 Registers used:
		None
 Tracked objects:
		On entry : 
		On exit  : 
		Unchanged: 
 Data sizes:     COMMON   BANK0   BANK1   BANK2   BANK3   BANK4   BANK5   BANK6   BANK7   BANK8   BANK9  BANK10  BANK11  BANK12
      Params:         0       0       0       0       0       0       0       0       0       0       0       0       0       0
      Locals:         0       0       0       0       0       0       0       0       0       0       0       0       0       0
      Temps:          0       0       0       0       0       0       0       0       0       0       0       0       0       0
      Totals:         0       0       0       0       0       0       0       0       0       0       0       0       0       0
Total ram usage:        0 bytes
 Hardware stack levels used:    1
 This function calls:
		Nothing
 This function is called by:
		_EUSART_Initialize
		_EUSART_Receive_ISR
 This function uses a non-reentrant model


 *************** function _EUSART_DefaultFramingErrorHandler *****************
 Defined at:
		line 258 in file "mcc_generated_files/eusart.c"
 Parameters:    Size  Location     Type
		None
 Auto vars:     Size  Location     Type
		None
 Return value:  Size  Location     Type
                  1    wreg      void 
 Registers used:
		None
 Tracked objects:
		On entry : 
		On exit  : 
		Unchanged: 
 Data sizes:     COMMON   BANK0   BANK1   BANK2   BANK3   BANK4   BANK5   BANK6   BANK7   BANK8   BANK9  BANK10  BANK11  BANK12
      Params:         0       0       0       0       0       0       0       0       0       0       0       0       0       0
      Locals:         0       0       0       0       0       0       0       0       0       0       0       0       0       0
      Temps:          0       0       0       0       0       0       0       0       0       0       0       0       0       0
      Totals:         0       0       0       0       0       0       0       0       0       0       0       0       0       0
Total ram usage:        0 bytes
 Hardware stack levels used:    1
 This function calls:
		Nothing
 This function is called by:
		_EUSART_Initialize
		_EUSART_Receive_ISR
 This function uses a non-reentrant model


 *************** function _EUSART_DefaultErrorHandler *****************
 Defined at:
		line 268 in file "mcc_generated_files/eusart.c"
 Parameters:    Size  Location     Type
		None
 Auto vars:     Size  Location     Type
		None
 Return value:  Size  Location     Type
                  1    wreg      void 
 Registers used:
		wreg, fsr1l, fsr1h, status,2, status,0, pclath, cstack
 Tracked objects:
		On entry : 
		On exit  : 
		Unchanged: 
 Data sizes:     COMMON   BANK0   BANK1   BANK2   BANK3   BANK4   BANK5   BANK6   BANK7   BANK8   BANK9  BANK10  BANK11  BANK12
      Params:         0       0       0       0       0       0       0       0       0       0       0       0       0       0
      Locals:         0       0       0       0       0       0       0       0       0       0       0       0       0       0
      Temps:          0       0       0       0       0       0       0       0       0       0       0       0       0       0
      Totals:         0       0       0       0       0       0       0       0       0       0       0       0       0       0
Total ram usage:        0 bytes
 Hardware stack levels used:    1
 Hardware stack levels required when called:    1
 This function calls:
		_EUSART_RxDataHandler
 This function is called by:
		_EUSART_Initialize
		_EUSART_Receive_ISR
 This function uses a non-reentrant model


 *************** function _EUSART_RxDataHandler *****************
 Defined at:
		line 248 in file "mcc_generated_files/eusart.c"
 Parameters:    Size  Location     Type
		None
 Auto vars:     Size  Location     Type
		None
 Return value:  Size  Location     Type
                  1    wreg      void 
 Registers used:
		wreg, fsr1l, fsr1h, status,2, status,0
 Tracked objects:
		On entry : 
		On exit  : 
		Unchanged: 
 Data sizes:     COMMON   BANK0   BANK1   BANK2   BANK3   BANK4   BANK5   BANK6   BANK7   BANK8   BANK9  BANK10  BANK11  BANK12
      Params:         0       0       0       0       0       0       0       0       0       0       0       0       0       0
      Locals:         0       0       0       0       0       0       0       0       0       0       0       0       0       0
      Temps:          1       0       0       0       0       0       0       0       0       0       0       0       0       0
      Totals:         1       0       0       0       0       0       0       0       0       0       0       0       0       0
Total ram usage:        1 bytes
 Hardware stack levels used:    1
 This function calls:
		Nothing
 This function is called by:
		_EUSART_Receive_ISR
		_EUSART_DefaultErrorHandler
 This function uses a non-reentrant model



MODULE INFORMATION

Module		Function		Class		Link	Load	Size
mcc_generated_files/tmr2.c
		_TMR2_Initialize		CODE           	0853	0000	9

mcc_generated_files/tmr2.c estimated size: 9

mcc_generated_files/interrupt_manager.c
		_INTERRUPT_InterruptManager		CODE           	0004	0000	68

mcc_generated_files/interrupt_manager.c estimated size: 68

i2c.c
		_I2C_Stop      		CODE           	07FD	0000	4
		_I2C_Write_Byte		CODE           	09E7	0000	29
		_I2C_Read_Byte 		CODE           	08A3	0000	12
		_I2C_Send_NACK 		CODE           	17B1	0000	4
		_I2C_Start     		CODE           	17B7	0000	4
		_I2C_ReStart   		CODE           	17A8	0000	4

i2c.c estimated size: 57

mcc_generated_files/pin_manager.c
		_PIN_MANAGER_Initialize		CODE           	0CE5	0000	58
		_PIN_MANAGER_IOC		CODE           	1785	0000	2

mcc_generated_files/pin_manager.c estimated size: 60

C:\Program Files (x86)\Microchip\xc8\v2.05\pic\sources\c99\common\strlen.c
		_strlen        		CODE           	0999	0000	25

C:\Program Files (x86)\Microchip\xc8\v2.05\pic\sources\c99\common\strlen.c estimated size: 25

mcc_generated_files/adc.c
		_ADC_Initialize		CODE           	083B	0000	9
		_ADC_GetConversion		CODE           	0A3D	0000	31

mcc_generated_files/adc.c estimated size: 40

C:\Program Files (x86)\Microchip\xc8\v2.05\pic\sources\c99\common\awdiv.c
		___awdiv       		CODE           	0F56	0000	83

C:\Program Files (x86)\Microchip\xc8\v2.05\pic\sources\c99\common\awdiv.c estimated size: 83

shared
		i1_i2c1_driver_sendNACK		CODE           	17C2	0000	5
		__initialization		CODE           	0049	0000	62
		i1_i2c1_driver_restart		CODE           	178D	0000	4
		i1_i2c1_driver_stop		CODE           	1790	0000	4
		i1_i2c1_driver_startRX		CODE           	1793	0000	4
		_fsmStateTable 		STRCODE        	1000	0000	33
		i1_i2c1_driver_getRXData		CODE           	1796	0000	4
		i1_i2c1_driver_TXData		CODE           	17EA	0000	6

shared estimated size: 122

mcc_generated_files/mcc.c
		_WDT_Initialize		CODE           	17E2	0000	5
		_PMD_Initialize		CODE           	084B	0000	9
		_OSCILLATOR_Initialize		CODE           	0843	0000	9
		_SYSTEM_Initialize		CODE           	09B1	0000	28

mcc_generated_files/mcc.c estimated size: 51

C:\Program Files (x86)\Microchip\xc8\v2.05\pic\sources\c99\common\Umul16.c
		___wmul        		CODE           	0A03	0000	29

C:\Program Files (x86)\Microchip\xc8\v2.05\pic\sources\c99\common\Umul16.c estimated size: 29

mcc_generated_files/drivers/i2c_master.c
		_returnStop    		CODE           	1788	0000	3
		_i2c_busCollisionISR		CODE           	17A2	0000	4
		_i2c_ISR       		CODE           	0A7F	0000	39
		_do_I2C_TX_EMPTY		CODE           	0BE9	0000	50
		_returnReset   		CODE           	0002	0000	3
		_do_I2C_SEND_RESTART_WRITE		CODE           	17CA	0000	5
		_do_I2C_DO_NACK_RESTART		CODE           	17DE	0000	5
		_do_I2C_SEND_RESTART_READ		CODE           	17C6	0000	5
		_do_I2C_SEND_ADR_WRITE		CODE           	0816	0000	8
		_do_I2C_SEND_STOP		CODE           	17D2	0000	5
		_do_I2C_SEND_ADR_READ		CODE           	0833	0000	9
		_do_I2C_DO_NACK_STOP		CODE           	17DA	0000	5
		_do_I2C_SEND_RESTART		CODE           	17CE	0000	5
		_do_I2C_RX     		CODE           	0E28	0000	71
		_do_I2C_TX     		CODE           	0EB8	0000	80
		_do_I2C_IDLE   		CODE           	17EF	0000	6
		_do_I2C_RCEN   		CODE           	17F4	0000	7
		_do_I2C_DO_ADDRESS_NACK		CODE           	0B93	0000	44
		_do_I2C_RESET  		CODE           	080F	0000	8
		_do_I2C_DO_ACK 		CODE           	17D6	0000	5

mcc_generated_files/drivers/i2c_master.c estimated size: 367

mcc_generated_files/pwm1.c
		_PWM1_Initialize		CODE           	08AE	0000	13

mcc_generated_files/pwm1.c estimated size: 13

mcc_generated_files/i2c1_driver.c
		_i2c1_driver_isBufferFull		CODE           	0824	0000	8
		_i2c1_driver_open		CODE           	0899	0000	11
		_i2c1_driver_isNACK		CODE           	082B	0000	9
		_i2c1_driver_stop		CODE           	0800	0000	4
		_i2c1_driver_getRXData		CODE           	17AB	0000	4
		_i2c1_driver_TXData		CODE           	17FA	0000	7
		_i2c1_driver_start		CODE           	17B4	0000	4
		_i2c1_driver_sendACK		CODE           	17BE	0000	5
		_mssp1_setIRQ  		CODE           	1799	0000	4
		_i2c1_driver_sendNACK		CODE           	17E6	0000	5
		_i2c1_driver_restart		CODE           	17A5	0000	4
		_i2c1_driver_resetBus		CODE           	1786	0000	2
		_i2c1_driver_clearBusCollision		CODE           	179F	0000	4
		_mssp1_clearIRQ		CODE           	179C	0000	4
		_i2c1_driver_startRX		CODE           	17AE	0000	4

mcc_generated_files/i2c1_driver.c estimated size: 79

mcc_generated_files/spi2.c
		_SPI2_Exchange8bit		CODE           	08C8	0000	16
		_SPI2_Initialize		CODE           	081D	0000	8

mcc_generated_files/spi2.c estimated size: 24

mcc_generated_files/eusart.c
		_EUSART_SetRxInterruptHandler		CODE           	087E	0000	10
		_EUSART_SetTxInterruptHandler		CODE           	0887	0000	10
		_EUSART_DefaultOverrunErrorHandler		CODE           	17BA	0000	5
		_EUSART_DefaultErrorHandler		CODE           	178A	0000	4
		_EUSART_Transmit_ISR		CODE           	0A1F	0000	31
		_EUSART_Initialize		CODE           	0DA1	0000	68
		_EUSART_SetFramingErrorHandler		CODE           	086C	0000	10
		_EUSART_SetErrorHandler		CODE           	0863	0000	10
		_EUSART_SetOverrunErrorHandler		CODE           	0875	0000	10
		_EUSART_Receive_ISR		CODE           	0CB0	0000	54
		_EUSART_RxDataHandler		CODE           	096B	0000	24
		_EUSART_DefaultFramingErrorHandler		CODE           	1784	0000	2

mcc_generated_files/eusart.c estimated size: 238

APDS9960.c
		_wireReadDataBlock		CODE           	0E6E	0000	75
		_setGestureEnterThresh		CODE           	090A	0000	20
		_setProxIntHighThresh		CODE           	0930	0000	20
		_decodeGesture 		CODE           	0361	0000	402
		_setMode       		CODE           	0F07	0000	80
		_setLEDDrive   		CODE           	0B41	0000	42
		_setGestureIntEnable		CODE           	0BBE	0000	44
		_setLightIntHighThreshold		CODE           	0AF3	0000	40
		_resetGestureParameters		CODE           	0982	0000	24
		_readGesture   		CODE           	0608	0000	244
		_processGestureData		CODE           	008A	0000	728
		_setLightIntLowThreshold		CODE           	0B1A	0000	40
		_enablePower   		CODE           	08BA	0000	15
		_setGestureMode		CODE           	0AA5	0000	40
		_setGestureGain		CODE           	0C4C	0000	51
		_setGestureExitThresh		CODE           	091D	0000	20
		_setLEDBoost   		CODE           	0C1A	0000	51
		_setGestureWaitTime		CODE           	0ACC	0000	40
		_setAmbientLightGain		CODE           	07DF	0000	31
		_initialize    		CODE           	04F2	0000	279
		_setGestureLEDDrive		CODE           	0C7E	0000	51
		_setProximityGain		CODE           	0B6A	0000	42
		_wireWriteDataByte		CODE           	09CC	0000	28
		_setProxIntLowThresh		CODE           	0943	0000	20
		_wireReadDataByte		CODE           	0A5B	0000	37
		_enableGestureSensor		CODE           	077B	0000	101
		_getMode       		CODE           	0890	0000	10
		_isGestureAvailable		CODE           	08F7	0000	20

APDS9960.c estimated size: 2595

main.c
		_main          		CODE           	0D5F	0000	67
		_SPI_Write     		CODE           	0956	0000	22
		_UART_Byte     		CODE           	0FA8	0000	89
		_On_Off        		CODE           	0DE4	0000	69
		_Display_Name  		CODE           	0D1E	0000	66
		_PIR_Sensor    		CODE           	08D7	0000	16
		_handleGesture 		CODE           	06FB	0000	129
		_Display_Clear 		CODE           	08E6	0000	18

main.c estimated size: 476

