Microchip MPLAB XC8 Compiler V2.05 ()

Linker command line:

-W-3 --edf=C:\Program Files (x86)\Microchip\xc8\v2.05\pic\dat\en_msgs.txt \
  -cs -h+dist/default/production\I2Gesture.X.production.sym \
  --cmf=dist/default/production\I2Gesture.X.production.cmf -z -Q16F18345 \
  -oC:\Users\NOELLE~1\AppData\Local\Temp\sfls.2 --defsym=__MPLAB_BUILD=1 \
  -Mdist/default/production/I2Gesture.X.production.map -E1 -ver=XC8 \
  --acfsm=1493 -ASTACK=02184h-023EFh -pstack=STACK -ACODE=00h-07FFhx4 \
  -ASTRCODE=00h-01FFFh -ASTRING=00h-0FFhx32 -ACONST=00h-0FFhx32 \
  -AENTRY=00h-0FFhx32 -ACOMMON=070h-07Fh -ABANK0=020h-06Fh \
  -ABANK1=0A0h-0EFh -ABANK2=0120h-016Fh -ABANK3=01A0h-01EFh \
  -ABANK4=0220h-026Fh -ABANK5=02A0h-02EFh -ABANK6=0320h-036Fh \
  -ABANK7=03A0h-03EFh -ABANK8=0420h-046Fh -ABANK9=04A0h-04EFh \
  -ABANK10=0520h-056Fh -ABANK11=05A0h-05EFh -ABANK12=0620h-064Fh \
  -ABIGRAM=02000h-023EFh \
  -ARAM=020h-06Fh,0A0h-0EFh,0120h-016Fh,01A0h-01EFh,0220h-026Fh,02A0h-02EFh,0320h-036Fh,03A0h-03EFh,0420h-046Fh,04A0h-04EFh,0520h-056Fh,05A0h-05EFh,0620h-064Fh \
  -AABS1=020h-07Fh,0A0h-0EFh,0120h-016Fh,01A0h-01EFh,0220h-026Fh,02A0h-02EFh,0320h-036Fh,03A0h-03EFh,0420h-046Fh,04A0h-04EFh,0520h-056Fh,05A0h-05EFh,0620h-064Fh \
  -ASFR0=00h-01Fh -ASFR1=080h-09Fh -ASFR2=0100h-011Fh -ASFR3=0180h-019Fh \
  -ASFR4=0200h-021Fh -ASFR5=0280h-029Fh -ASFR6=0300h-031Fh \
  -ASFR7=0380h-039Fh -ASFR8=0400h-041Fh -ASFR9=0480h-049Fh \
  -ASFR10=0500h-051Fh -ASFR11=0580h-059Fh -ASFR12=0600h-061Fh \
  -ASFR13=0680h-06EFh -ASFR14=0700h-076Fh -ASFR15=0780h-07EFh \
  -ASFR16=0800h-086Fh -ASFR17=0880h-08EFh -ASFR18=0900h-096Fh \
  -ASFR19=0980h-09EFh -ASFR20=0A00h-0A6Fh -ASFR21=0A80h-0AEFh \
  -ASFR22=0B00h-0B6Fh -ASFR23=0B80h-0BEFh -ASFR24=0C00h-0C6Fh \
  -ASFR25=0C80h-0CEFh -ASFR26=0D00h-0D6Fh -ASFR27=0D80h-0DEFh \
  -ASFR28=0E00h-0E6Fh -ASFR29=0E80h-0EEFh -ASFR30=0F00h-0F6Fh \
  -ASFR31=0F80h-0FEFh -preset_vec=00h,intentry=04h,init,end_init \
  -ppowerup=CODE -pcinit=CODE -pfunctab=ENTRY -ACONFIG=08007h-0800Ah \
  -pconfig=CONFIG -DCONFIG=2 -AIDLOC=08000h-08003h -pidloc=IDLOC -DIDLOC=2 \
  -AEEDATA=00h-0FFh/0F000h -peeprom_data=EEDATA -DEEDATA=2 -DCODE=2 \
  -DSTRCODE=2 -DSTRING=2 -DCONST=2 -DENTRY=2 -k \
  C:\Users\NOELLE~1\AppData\Local\Temp\sfls.o \
  dist/default/production\I2Gesture.X.production.o 

Object code version is 3.11

Machine type is 16F18345



                Name                               Link     Load   Length Selector   Space Scale
C:\Users\NOELLE~1\AppData\Local\Temp\sfls.o
                end_init                             2B       2B        2        8       0
                reset_vec                             0        0        2        0       0
                config                             8007     8007        4    1000E       0
dist/default/production\I2Gesture.X.production.o
                cinit                                2D       2D       38        8       0
                intentry                              4        4       27        8       0
                text98                              96E      96E        1     12DC       0
                text97                              A87      A87        D     150E       0
                text96                              9E2      9E2        6     13C4       0
                text95                              9A8      9A8        4     1350       0
                text94                              972      972        3     12E4       0
                text93                              975      975        3     12EA       0
                text92                              970      970        2     12E0       0
                text91                                2        2        2        0       0
                text90                              978      978        3     12F0       0
                text89                              96F      96F        1     12DE       0
                text88                              9AC      9AC        4     1358       0
                text87                              97B      97B        3     12F6       0
                text86                              9D8      9D8        5     13B0       0
                text85                              A1C      A1C        8     1438       0
                text84                              97E      97E        3     12FC       0
                text83                              D89      D89       31     1B12       0
                text82                              A00      A00        7     1400       0
                text81                              9DD      9DD        5     13BA       0
                text80                              9B0      9B0        4     1360       0
                text79                              9B4      9B4        4     1368       0
                text78                              9B8      9B8        4     1370       0
                text77                              9BC      9BC        4     1378       0
                text76                              A24      A24        8     1448       0
                text75                              A07      A07        7     140E       0
                text74                              9E8      9E8        6     13D0       0
                text73                              9C0      9C0        4     1380       0
                text72                              9C4      9C4        4     1388       0
                text71                              9C8      9C8        4     1390       0
                text70                              D03      D03       2B     1A06       0
                text69                              F62      F62       4F     1EC4       0
                text68                              ED2      ED2       46     1DA4       0
                text67                              981      981        3     1302       0
                text66                              BEF      BEF       26     17DE       0
                text65                              984      984        3     1308       0
                text64                              987      987        3     130E       0
                text62                              A2C      A2C        8     1458       0
                text61                              A34      A34        8     1468       0
                text60                              A54      A54        9     14A8       0
                text59                              E50      E50       41     1CA0       0
                text58                              A3C      A3C        8     1478       0
                text57                              A7B      A7B        C     14F6       0
                text56                              A0E      A0E        7     141C       0
                text55                              A44      A44        8     1488       0
                text54                              9CC      9CC        4     1398       0
                text53                              B12      B12       18     1624       0
                text52                              98A      98A        3     1314       0
                text51                              98D      98D        3     131A       0
                text50                              990      990        3     1320       0
                text49                              A15      A15        7     142A       0
                text48                              993      993        3     1326       0
                text47                              A70      A70        B     14E0       0
                text46                              9D0      9D0        4     13A0       0
                text45                              996      996        3     132C       0
                text44                              999      999        3     1332       0
                text43                              99C      99C        3     1338       0
                text42                              99F      99F        3     133E       0
                text41                              9A2      9A2        3     1344       0
                text40                              9EE      9EE        6     13DC       0
                text39                              B75      B75       1C     16EA       0
                text38                              BCB      BCB       24     1796       0
                text37                              A5D      A5D        9     14BA       0
                text36                              B5A      B5A       1B     16B4       0
                text35                              FB1      FB1       4F     1F62       0
                text34                              A94      A94        E     1528       0
                text33                              B2A      B2A       18     1654       0
                text32                              D2E      D2E       2B     1A5C       0
                text31                              C15      C15       27     182A       0
                text30                              DBA      DBA       32     1B74       0
                text29                              736      736       64        8       0
                text28                              AA2      AA2        F     1544       0
                text27                              AFD      AFD       15     15FA       0
                text26                              B42      B42       18     1684       0
                text25                              E91      E91       41     1D22       0
                text24                              9A5      9A5        3     134A       0
                text23                              9D4      9D4        4     13A8       0
                text22                              334      334      190        8       0
                text21                              AB1      AB1       13     1562       0
                text20                              79A      79A       52        8       0
                text19                              B91      B91       1C     1722       0
                text18                               65       65      2CF        8       0
                text17                              F18      F18       4A     1E30       0
                text16                              5DA      5DA       F3        8       0
                text15                              6CD      6CD       69        8       0
                text14                              A66      A66        A     14CC       0
                text13                              BAD      BAD       1E     175A       0
                text12                              AC4      AC4       13     1588       0
                text11                              AD7      AD7       13     15AE       0
                text10                              DEC      DEC       32     1BD8       0
                text9                               E1E      E1E       32     1C3C       0
                text8                               C3C      C3C       27     1878       0
                text7                               CB1      CB1       29     1962       0
                text6                               C63      C63       27     18C6       0
                text5                               C8A      C8A       27     1914       0
                text4                               AEA      AEA       13     15D4       0
                text3                               7EC      7EC       13        8       0
                text2                               CDA      CDA       29     19B4       0
                text1                               4C4      4C4      116        8       0
                maintext                            D59      D59       30     1AB2       0
                cstackBANK0                          20       20       3C       20       1
                cstackCOMMON                         70       70        6       70       1
                cstackBANK1                          A0       A0       40       A0       1
                cstackBANK2                         120      120       40      120       1
                clrtext                             9F4      9F4        6     13E8       0
                inittext                            9FA      9FA        6     13F4       0
                bssBANK4                            220      220       44      220       1
                bssBANK3                            1A0      1A0       1D      1A0       1
                dataBANK2                           160      160        8      120       1
                bssBANK2                            168      168        2      120       1
                bssBANK1                             E0       E0        4       A0       1
                dataBANK0                            6F       6F        1       20       1
                bssBANK0                             5C       5C       13       20       1
                bssCOMMON                            76       76        5       70       1
                stringtext6                        1054     1054        6     2000       0
                stringtext5                        1049     1049        B     2000       0
                stringtext4                        103D     103D        C     2000       0
                stringtext3                        1030     1030        D     2000       0
                stringtext2                        1020     1020       10     2000       0
                nvBANK1                              E4       E4        2       A0       1
                stringtext1                        1000     1000       20     2000       0
                idataBANK2                          A4C      A4C        8     1498       0
                idataBANK0                          7FF      7FF        1        8       0

TOTAL           Name                               Link     Load   Length     Space
        CLASS   STACK          

        CLASS   CODE           
                end_init                             2B       2B        2         0
                cinit                                2D       2D       38         0
                intentry                              4        4       27         0
                reset_vec                             0        0        2         0
                text98                              96E      96E        1         0
                text97                              A87      A87        D         0
                text96                              9E2      9E2        6         0
                text95                              9A8      9A8        4         0
                text94                              972      972        3         0
                text93                              975      975        3         0
                text92                              970      970        2         0
                text91                                2        2        2         0
                text90                              978      978        3         0
                text89                              96F      96F        1         0
                text88                              9AC      9AC        4         0
                text87                              97B      97B        3         0
                text86                              9D8      9D8        5         0
                text85                              A1C      A1C        8         0
                text84                              97E      97E        3         0
                text83                              D89      D89       31         0
                text82                              A00      A00        7         0
                text81                              9DD      9DD        5         0
                text80                              9B0      9B0        4         0
                text79                              9B4      9B4        4         0
                text78                              9B8      9B8        4         0
                text77                              9BC      9BC        4         0
                text76                              A24      A24        8         0
                text75                              A07      A07        7         0
                text74                              9E8      9E8        6         0
                text73                              9C0      9C0        4         0
                text72                              9C4      9C4        4         0
                text71                              9C8      9C8        4         0
                text70                              D03      D03       2B         0
                text69                              F62      F62       4F         0
                text68                              ED2      ED2       46         0
                text67                              981      981        3         0
                text66                              BEF      BEF       26         0
                text65                              984      984        3         0
                text64                              987      987        3         0
                text62                              A2C      A2C        8         0
                text61                              A34      A34        8         0
                text60                              A54      A54        9         0
                text59                              E50      E50       41         0
                text58                              A3C      A3C        8         0
                text57                              A7B      A7B        C         0
                text56                              A0E      A0E        7         0
                text55                              A44      A44        8         0
                text54                              9CC      9CC        4         0
                text53                              B12      B12       18         0
                text52                              98A      98A        3         0
                text51                              98D      98D        3         0
                text50                              990      990        3         0
                text49                              A15      A15        7         0
                text48                              993      993        3         0
                text47                              A70      A70        B         0
                text46                              9D0      9D0        4         0
                text45                              996      996        3         0
                text44                              999      999        3         0
                text43                              99C      99C        3         0
                text42                              99F      99F        3         0
                text41                              9A2      9A2        3         0
                text40                              9EE      9EE        6         0
                text39                              B75      B75       1C         0
                text38                              BCB      BCB       24         0
                text37                              A5D      A5D        9         0
                text36                              B5A      B5A       1B         0
                text35                              FB1      FB1       4F         0
                text34                              A94      A94        E         0
                text33                              B2A      B2A       18         0
                text32                              D2E      D2E       2B         0
                text31                              C15      C15       27         0
                text30                              DBA      DBA       32         0
                text29                              736      736       64         0
                text28                              AA2      AA2        F         0
                text27                              AFD      AFD       15         0
                text26                              B42      B42       18         0
                text25                              E91      E91       41         0
                text24                              9A5      9A5        3         0
                text23                              9D4      9D4        4         0
                text22                              334      334      190         0
                text21                              AB1      AB1       13         0
                text20                              79A      79A       52         0
                text19                              B91      B91       1C         0
                text18                               65       65      2CF         0
                text17                              F18      F18       4A         0
                text16                              5DA      5DA       F3         0
                text15                              6CD      6CD       69         0
                text14                              A66      A66        A         0
                text13                              BAD      BAD       1E         0
                text12                              AC4      AC4       13         0
                text11                              AD7      AD7       13         0
                text10                              DEC      DEC       32         0
                text9                               E1E      E1E       32         0
                text8                               C3C      C3C       27         0
                text7                               CB1      CB1       29         0
                text6                               C63      C63       27         0
                text5                               C8A      C8A       27         0
                text4                               AEA      AEA       13         0
                text3                               7EC      7EC       13         0
                text2                               CDA      CDA       29         0
                text1                               4C4      4C4      116         0
                maintext                            D59      D59       30         0
                clrtext                             9F4      9F4        6         0
                inittext                            9FA      9FA        6         0
                idataBANK2                          A4C      A4C        8         0
                idataBANK0                          7FF      7FF        1         0

        CLASS   STRCODE        
                stringtext6                        1054     1054        6         0
                stringtext5                        1049     1049        B         0
                stringtext4                        103D     103D        C         0
                stringtext3                        1030     1030        D         0
                stringtext2                        1020     1020       10         0
                stringtext1                        1000     1000       20         0

        CLASS   STRING         

        CLASS   CONST          

        CLASS   ENTRY          

        CLASS   COMMON         
                cstackCOMMON                         70       70        6         1
                bssCOMMON                            76       76        5         1

        CLASS   BANK0          
                cstackBANK0                          20       20       3C         1
                dataBANK0                            6F       6F        1         1
                bssBANK0                             5C       5C       13         1

        CLASS   BANK1          
                cstackBANK1                          A0       A0       40         1
                bssBANK1                             E0       E0        4         1
                nvBANK1                              E4       E4        2         1

        CLASS   BANK2          
                cstackBANK2                         120      120       40         1
                dataBANK2                           160      160        8         1
                bssBANK2                            168      168        2         1

        CLASS   BANK3          
                bssBANK3                            1A0      1A0       1D         1

        CLASS   BANK4          
                bssBANK4                            220      220       44         1

        CLASS   BANK5          

        CLASS   BANK6          

        CLASS   BANK7          

        CLASS   BANK8          

        CLASS   BANK9          

        CLASS   BANK10         

        CLASS   BANK11         

        CLASS   BANK12         

        CLASS   BIGRAM         

        CLASS   RAM            

        CLASS   ABS1           
                abs_s1                               7E       7E        2         1

        CLASS   SFR0           

        CLASS   SFR1           

        CLASS   SFR2           

        CLASS   SFR3           

        CLASS   SFR4           

        CLASS   SFR5           

        CLASS   SFR6           

        CLASS   SFR7           

        CLASS   SFR8           

        CLASS   SFR9           

        CLASS   SFR10          

        CLASS   SFR11          

        CLASS   SFR12          

        CLASS   SFR13          

        CLASS   SFR14          

        CLASS   SFR15          

        CLASS   SFR16          

        CLASS   SFR17          

        CLASS   SFR18          

        CLASS   SFR19          

        CLASS   SFR20          

        CLASS   SFR21          

        CLASS   SFR22          

        CLASS   SFR23          

        CLASS   SFR24          

        CLASS   SFR25          

        CLASS   SFR26          

        CLASS   SFR27          

        CLASS   SFR28          

        CLASS   SFR29          

        CLASS   SFR30          

        CLASS   SFR31          

        CLASS   CONFIG         
                config                             8007     8007        4         0

        CLASS   IDLOC          

        CLASS   EEDATA         

        CLASS   BANK31         

        CLASS   BANK30         

        CLASS   BANK29         

        CLASS   BANK28         

        CLASS   BANK27         

        CLASS   BANK26         

        CLASS   BANK25         

        CLASS   BANK24         

        CLASS   BANK23         

        CLASS   BANK22         

        CLASS   BANK21         

        CLASS   BANK20         

        CLASS   BANK19         

        CLASS   BANK18         

        CLASS   BANK17         

        CLASS   BANK16         

        CLASS   BANK15         

        CLASS   BANK14         

        CLASS   BANK13         



SEGMENTS        Name                           Load    Length   Top    Selector   Space  Class     Delta

                reset_vec                      000000  000004  000004         0       0  CODE        2
                intentry                       000004  0007FC  000800         8       0  CODE        2
                cstackBANK0                    000020  000050  000070        20       1  BANK0       1
                cstackCOMMON                   000070  00000B  00007B        70       1  COMMON      1
                cstackBANK1                    0000A0  000046  0000E6        A0       1  BANK1       1
                cstackBANK2                    000120  00004A  00016A       120       1  BANK2       1
                bssBANK3                       0001A0  00001D  0001BD       1A0       1  BANK3       1
                bssBANK4                       000220  000044  000264       220       1  BANK4       1
                text98                         00096E  000001  00096F      12DC       0  CODE        2
                text89                         00096F  000001  000970      12DE       0  CODE        2
                text92                         000970  000002  000972      12E0       0  CODE        2
                text94                         000972  000003  000975      12E4       0  CODE        2
                text93                         000975  000003  000978      12EA       0  CODE        2
                text90                         000978  000003  00097B      12F0       0  CODE        2
                text87                         00097B  000003  00097E      12F6       0  CODE        2
                text84                         00097E  000003  000981      12FC       0  CODE        2
                text67                         000981  000003  000984      1302       0  CODE        2
                text65                         000984  000003  000987      1308       0  CODE        2
                text64                         000987  000003  00098A      130E       0  CODE        2
                text52                         00098A  000003  00098D      1314       0  CODE        2
                text51                         00098D  000003  000990      131A       0  CODE        2
                text50                         000990  000003  000993      1320       0  CODE        2
                text48                         000993  000003  000996      1326       0  CODE        2
                text45                         000996  000003  000999      132C       0  CODE        2
                text44                         000999  000003  00099C      1332       0  CODE        2
                text43                         00099C  000003  00099F      1338       0  CODE        2
                text42                         00099F  000003  0009A2      133E       0  CODE        2
                text41                         0009A2  000003  0009A5      1344       0  CODE        2
                text24                         0009A5  000003  0009A8      134A       0  CODE        2
                text95                         0009A8  000004  0009AC      1350       0  CODE        2
                text88                         0009AC  000004  0009B0      1358       0  CODE        2
                text80                         0009B0  000004  0009B4      1360       0  CODE        2
                text79                         0009B4  000004  0009B8      1368       0  CODE        2
                text78                         0009B8  000004  0009BC      1370       0  CODE        2
                text77                         0009BC  000004  0009C0      1378       0  CODE        2
                text73                         0009C0  000004  0009C4      1380       0  CODE        2
                text72                         0009C4  000004  0009C8      1388       0  CODE        2
                text71                         0009C8  000004  0009CC      1390       0  CODE        2
                text54                         0009CC  000004  0009D0      1398       0  CODE        2
                text46                         0009D0  000004  0009D4      13A0       0  CODE        2
                text23                         0009D4  000004  0009D8      13A8       0  CODE        2
                text86                         0009D8  000005  0009DD      13B0       0  CODE        2
                text81                         0009DD  000005  0009E2      13BA       0  CODE        2
                text96                         0009E2  000006  0009E8      13C4       0  CODE        2
                text74                         0009E8  000006  0009EE      13D0       0  CODE        2
                text40                         0009EE  000006  0009F4      13DC       0  CODE        2
                clrtext                        0009F4  000006  0009FA      13E8       0  CODE        2
                inittext                       0009FA  000006  000A00      13F4       0  CODE        2
                text82                         000A00  000007  000A07      1400       0  CODE        2
                text75                         000A07  000007  000A0E      140E       0  CODE        2
                text56                         000A0E  000007  000A15      141C       0  CODE        2
                text49                         000A15  000007  000A1C      142A       0  CODE        2
                text85                         000A1C  000008  000A24      1438       0  CODE        2
                text76                         000A24  000008  000A2C      1448       0  CODE        2
                text62                         000A2C  000008  000A34      1458       0  CODE        2
                text61                         000A34  000008  000A3C      1468       0  CODE        2
                text58                         000A3C  000008  000A44      1478       0  CODE        2
                text55                         000A44  000008  000A4C      1488       0  CODE        2
                idataBANK2                     000A4C  000008  000A54      1498       0  CODE        2
                text60                         000A54  000009  000A5D      14A8       0  CODE        2
                text37                         000A5D  000009  000A66      14BA       0  CODE        2
                text14                         000A66  00000A  000A70      14CC       0  CODE        2
                text47                         000A70  00000B  000A7B      14E0       0  CODE        2
                text57                         000A7B  00000C  000A87      14F6       0  CODE        2
                text97                         000A87  00000D  000A94      150E       0  CODE        2
                text34                         000A94  00000E  000AA2      1528       0  CODE        2
                text28                         000AA2  00000F  000AB1      1544       0  CODE        2
                text21                         000AB1  000013  000AC4      1562       0  CODE        2
                text12                         000AC4  000013  000AD7      1588       0  CODE        2
                text11                         000AD7  000013  000AEA      15AE       0  CODE        2
                text4                          000AEA  000013  000AFD      15D4       0  CODE        2
                text27                         000AFD  000015  000B12      15FA       0  CODE        2
                text53                         000B12  000018  000B2A      1624       0  CODE        2
                text33                         000B2A  000018  000B42      1654       0  CODE        2
                text26                         000B42  000018  000B5A      1684       0  CODE        2
                text36                         000B5A  00001B  000B75      16B4       0  CODE        2
                text39                         000B75  00001C  000B91      16EA       0  CODE        2
                text19                         000B91  00001C  000BAD      1722       0  CODE        2
                text13                         000BAD  00001E  000BCB      175A       0  CODE        2
                text38                         000BCB  000024  000BEF      1796       0  CODE        2
                text66                         000BEF  000026  000C15      17DE       0  CODE        2
                text31                         000C15  000027  000C3C      182A       0  CODE        2
                text8                          000C3C  000027  000C63      1878       0  CODE        2
                text6                          000C63  000027  000C8A      18C6       0  CODE        2
                text5                          000C8A  000027  000CB1      1914       0  CODE        2
                text7                          000CB1  000029  000CDA      1962       0  CODE        2
                text2                          000CDA  000029  000D03      19B4       0  CODE        2
                text70                         000D03  00002B  000D2E      1A06       0  CODE        2
                text32                         000D2E  00002B  000D59      1A5C       0  CODE        2
                maintext                       000D59  000030  000D89      1AB2       0  CODE        2
                text83                         000D89  000031  000DBA      1B12       0  CODE        2
                text30                         000DBA  000032  000DEC      1B74       0  CODE        2
                text10                         000DEC  000032  000E1E      1BD8       0  CODE        2
                text9                          000E1E  000032  000E50      1C3C       0  CODE        2
                text59                         000E50  000041  000E91      1CA0       0  CODE        2
                text25                         000E91  000041  000ED2      1D22       0  CODE        2
                text68                         000ED2  000046  000F18      1DA4       0  CODE        2
                text17                         000F18  00004A  000F62      1E30       0  CODE        2
                text69                         000F62  00004F  000FB1      1EC4       0  CODE        2
                text35                         000FB1  00004F  001000      1F62       0  CODE        2
                stringtext1                    001000  00005A  00105A      2000       0  STRCODE     2
                config                         008007  000004  00800B     1000E       0  CONFIG      2


UNUSED ADDRESS RANGES

        Name                Unused          Largest block    Delta
        BANK1            000E6-000EF               A           1
        BANK10           00520-0056F              50           1
        BANK11           005A0-005EF              50           1
        BANK12           00620-0064F              30           1
        BANK2            0016A-0016F               6           1
        BANK3            001BD-001EF              33           1
        BANK4            00264-0026F               C           1
        BANK5            002A0-002EF              50           1
        BANK6            00320-0036F              50           1
        BANK7            003A0-003EF              50           1
        BANK8            00420-0046F              50           1
        BANK9            004A0-004EF              50           1
        BIGRAM           02000-023EF             3F0           1
        CODE             00800-0096D             16E           2
                         0105A-01FFF             7A6
        COMMON           0007B-0007D               3           1
        CONST            00800-0096D             100           2
                         0105A-01FFF             100
        EEDATA           0F000-0F0FF             100           2
        ENTRY            00800-0096D             100           2
                         0105A-01FFF             100
        IDLOC            08000-08003               4           2
        RAM              000E6-000EF               A           1
                         0016A-0016F               6
                         001BD-001EF              33
                         00264-0026F               C
                         002A0-002EF              50
                         00320-0036F              50
                         003A0-003EF              50
                         00420-0046F              50
                         004A0-004EF              50
                         00520-0056F              50
                         005A0-005EF              50
                         00620-0064F              30
        SFR0             00000-0001F              20           1
        SFR1             00080-0009F              20           1
        SFR10            00500-0051F              20           1
        SFR11            00580-0059F              20           1
        SFR12            00600-0061F              20           1
        SFR13            00680-006EF              70           1
        SFR14            00700-0076F              70           1
        SFR15            00780-007EF              70           1
        SFR16            00800-0086F              70           1
        SFR17            00880-008EF              70           1
        SFR18            00900-0096F              70           1
        SFR19            00980-009EF              70           1
        SFR2             00100-0011F              20           1
        SFR20            00A00-00A6F              70           1
        SFR21            00A80-00AEF              70           1
        SFR22            00B00-00B6F              70           1
        SFR23            00B80-00BEF              70           1
        SFR24            00C00-00C6F              70           1
        SFR25            00C80-00CEF              70           1
        SFR26            00D00-00D6F              70           1
        SFR27            00D80-00DEF              70           1
        SFR28            00E00-00E6F              70           1
        SFR29            00E80-00EEF              70           1
        SFR3             00180-0019F              20           1
        SFR30            00F00-00F6F              70           1
        SFR31            00F80-00FEF              70           1
        SFR4             00200-0021F              20           1
        SFR5             00280-0029F              20           1
        SFR6             00300-0031F              20           1
        SFR7             00380-0039F              20           1
        SFR8             00400-0041F              20           1
        SFR9             00480-0049F              20           1
        STACK            02184-023EF             26C           1
        STRCODE          00800-0096D             16E           2
                         0105A-01FFF             FA6
        STRING           00800-0096D             100           2
                         0105A-01FFF             100

                                  Symbol Table

?___awdiv                                   cstackBANK0  00026
?___wmul                                    cstackBANK0  00020
?_readGesture                               cstackBANK0  0004F
?_strlen                                    cstackBANK0  00020
?_wireReadDataBlock                         cstackBANK0  00026
?_wireWriteDataByte                         cstackBANK0  00026
Display_Name@i                              cstackBANK0  0002A
Display_Name@length                         cstackBANK0  00028
Display_Name@string1                        cstackBANK0  00025
I2C_Write_Byte@Byte                         cstackBANK0  00023
I2C_Write_Byte@count                        cstackBANK0  00024
IOCCF1_SetInterruptHandler@InterruptHandler cstackBANK0  00020
SPI2_Exchange8bit@data                      cstackBANK0  00020
SPI_Write@incoming                          cstackBANK0  00022
_ADACT                                      (abs)        0009F
_ADCON0                                     (abs)        0009D
_ADCON0bits                                 (abs)        0009D
_ADCON1                                     (abs)        0009E
_ADC_Initialize                             text62       00A2C
_ADRESH                                     (abs)        0009C
_ADRESL                                     (abs)        0009B
_ANSELA                                     (abs)        0018C
_ANSELB                                     (abs)        0018D
_ANSELC                                     (abs)        0018E
_CCP1CON                                    (abs)        00293
_CCP1CONbits                                (abs)        00293
_CCPR1H                                     (abs)        00292
_CCPR1L                                     (abs)        00291
_CCPTMRSbits                                (abs)        0029F
_Display_Name                               text25       00E91
_I2C_ReStart                                text51       0098D
_I2C_Read_Byte                              text47       00A70
_I2C_Send_NACK                              text45       00996
_I2C_Start                                  text43       0099C
_I2C_Stop                                   text41       009A2
_I2C_Write_Byte                             text39       00B75
_INTCONbits                                 (abs)        0000B
_INTERRUPT_InterruptManager                 intentry     00004
_IOCCF1_DefaultInterruptHandler             text98       0096E
_IOCCF1_ISR                                 text97       00A87
_IOCCF1_InterruptHandler                    nvBANK1      000E4
_IOCCF1_SetInterruptHandler                 text60       00A54
_IOCCFbits                                  (abs)        00399
_IOCCNbits                                  (abs)        00398
_IOCCPbits                                  (abs)        00397
_LATA                                       (abs)        0010C
_LATB                                       (abs)        0010D
_LATC                                       (abs)        0010E
_LATCbits                                   (abs)        0010E
_ODCONA                                     (abs)        0028C
_ODCONB                                     (abs)        0028D
_ODCONC                                     (abs)        0028E
_OSCCON1                                    (abs)        00919
_OSCCON3                                    (abs)        0091B
_OSCEN                                      (abs)        0091D
_OSCFRQ                                     (abs)        0091F
_OSCILLATOR_Initialize                      text61       00A34
_OSCTUNE                                    (abs)        0091E
_PIE0bits                                   (abs)        00090
_PIE1bits                                   (abs)        00091
_PIN_MANAGER_IOC                            text96       009E2
_PIN_MANAGER_Initialize                     text59       00E50
_PIR0bits                                   (abs)        00010
_PIR1bits                                   (abs)        00011
_PMD0                                       (abs)        00911
_PMD1                                       (abs)        00912
_PMD2                                       (abs)        00913
_PMD3                                       (abs)        00914
_PMD4                                       (abs)        00915
_PMD5                                       (abs)        00916
_PMD_Initialize                             text58       00A3C
_PR2                                        (abs)        0001E
_PWM1_Initialize                            text57       00A7B
_PWM_Output_Disable                         text24       009A5
_PWM_Output_Enable                          text23       009D4
_RB5PPS                                     (abs)        00E9D
_RB6PPS                                     (abs)        00E9E
_RB7PPS                                     (abs)        00E9F
_RC2PPS                                     (abs)        00EA2
_RC7PPS                                     (abs)        00EA7
_SLRCONA                                    (abs)        0030C
_SLRCONB                                    (abs)        0030D
_SLRCONC                                    (abs)        0030E
_SPI2_Exchange8bit                          text28       00AA2
_SPI2_Initialize                            text56       00A0E
_SPI_Write                                  text27       00AFD
_SSP1ADD                                    (abs)        00212
_SSP1BUF                                    (abs)        00211
_SSP1CLKPPS                                 (abs)        00E20
_SSP1CON1                                   (abs)        00215
_SSP1CON1bits                               (abs)        00215
_SSP1CON2                                   (abs)        00216
_SSP1CON2bits                               (abs)        00216
_SSP1DATPPS                                 (abs)        00E21
_SSP1MSK                                    (abs)        00213
_SSP1STAT                                   (abs)        00214
_SSP1STATbits                               (abs)        00214
_SSP2ADD                                    (abs)        0021A
_SSP2BUF                                    (abs)        00219
_SSP2CLKPPS                                 (abs)        00E1D
_SSP2CON1                                   (abs)        0021D
_SSP2CON1bits                               (abs)        0021D
_SSP2DATPPS                                 (abs)        00E1E
_SSP2STAT                                   (abs)        0021C
_SSP2STATbits                               (abs)        0021C
_SYSTEM_Initialize                          text53       00B12
_T2CON                                      (abs)        0001F
_T2CONbits                                  (abs)        0001F
_TMR2                                       (abs)        0001D
_TMR2_Initialize                            text55       00A44
_TRISA                                      (abs)        0008C
_TRISB                                      (abs)        0008D
_TRISC                                      (abs)        0008E
_WDTCON                                     (abs)        00097
_WDT_Initialize                             text54       009CC
_WPUA                                       (abs)        0020C
_WPUB                                       (abs)        0020D
_WPUC                                       (abs)        0020E
__CFG_BOREN$ON                              (abs)        00000
__CFG_BORV$LOW                              (abs)        00000
__CFG_CLKOUTEN$OFF                          (abs)        00000
__CFG_CP$OFF                                (abs)        00000
__CFG_CPD$OFF                               (abs)        00000
__CFG_CSWEN$ON                              (abs)        00000
__CFG_DEBUG$OFF                             (abs)        00000
__CFG_FCMEN$ON                              (abs)        00000
__CFG_FEXTOSC$OFF                           (abs)        00000
__CFG_LPBOREN$OFF                           (abs)        00000
__CFG_LVP$ON                                (abs)        00000
__CFG_MCLRE$ON                              (abs)        00000
__CFG_PPS1WAY$ON                            (abs)        00000
__CFG_PWRTE$OFF                             (abs)        00000
__CFG_RSTOSC$HFINT1                         (abs)        00000
__CFG_STVREN$ON                             (abs)        00000
__CFG_WDTE$SWDTEN                           (abs)        00000
__CFG_WRT$OFF                               (abs)        00000
__Habs1                                     abs1         00000
__Hbank0                                    bank0        00000
__Hbank1                                    bank1        00000
__Hbank10                                   bank10       00000
__Hbank11                                   bank11       00000
__Hbank12                                   bank12       00000
__Hbank13                                   bank13       00000
__Hbank14                                   bank14       00000
__Hbank15                                   bank15       00000
__Hbank16                                   bank16       00000
__Hbank17                                   bank17       00000
__Hbank18                                   bank18       00000
__Hbank19                                   bank19       00000
__Hbank2                                    bank2        00000
__Hbank20                                   bank20       00000
__Hbank21                                   bank21       00000
__Hbank22                                   bank22       00000
__Hbank23                                   bank23       00000
__Hbank24                                   bank24       00000
__Hbank25                                   bank25       00000
__Hbank26                                   bank26       00000
__Hbank27                                   bank27       00000
__Hbank28                                   bank28       00000
__Hbank29                                   bank29       00000
__Hbank3                                    bank3        00000
__Hbank30                                   bank30       00000
__Hbank31                                   bank31       00000
__Hbank4                                    bank4        00000
__Hbank5                                    bank5        00000
__Hbank6                                    bank6        00000
__Hbank7                                    bank7        00000
__Hbank8                                    bank8        00000
__Hbank9                                    bank9        00000
__Hbigram                                   bigram       00000
__HbssBANK0                                 bssBANK0     00000
__HbssBANK1                                 bssBANK1     00000
__HbssBANK2                                 bssBANK2     00000
__HbssBANK3                                 bssBANK3     00000
__HbssBANK4                                 bssBANK4     00000
__HbssCOMMON                                bssCOMMON    00000
__Hcinit                                    cinit        00065
__Hclrtext                                  clrtext      00000
__Hcode                                     code         00000
__Hcommon                                   common       00000
__Hconfig                                   config       0800B
__HcstackBANK0                              cstackBANK0  00000
__HcstackBANK1                              cstackBANK1  00000
__HcstackBANK2                              cstackBANK2  00000
__HcstackCOMMON                             cstackCOMMON 00000
__HdataBANK0                                dataBANK0    00000
__HdataBANK2                                dataBANK2    00000
__Heeprom_data                              eeprom_data  00000
__Hend_init                                 end_init     0002D
__Hfunctab                                  functab      00000
__HidataBANK0                               idataBANK0   00000
__HidataBANK2                               idataBANK2   00000
__Hidloc                                    idloc        00000
__Hinit                                     init         0002B
__Hinittext                                 inittext     00000
__Hintentry                                 intentry     0002B
__Hmaintext                                 maintext     00000
__HnvBANK1                                  nvBANK1      00000
__Hpowerup                                  powerup      00000
__Hram                                      ram          00000
__Hreset_vec                                reset_vec    00002
__Hsfr0                                     sfr0         00000
__Hsfr1                                     sfr1         00000
__Hsfr10                                    sfr10        00000
__Hsfr11                                    sfr11        00000
__Hsfr12                                    sfr12        00000
__Hsfr13                                    sfr13        00000
__Hsfr14                                    sfr14        00000
__Hsfr15                                    sfr15        00000
__Hsfr16                                    sfr16        00000
__Hsfr17                                    sfr17        00000
__Hsfr18                                    sfr18        00000
__Hsfr19                                    sfr19        00000
__Hsfr2                                     sfr2         00000
__Hsfr20                                    sfr20        00000
__Hsfr21                                    sfr21        00000
__Hsfr22                                    sfr22        00000
__Hsfr23                                    sfr23        00000
__Hsfr24                                    sfr24        00000
__Hsfr25                                    sfr25        00000
__Hsfr26                                    sfr26        00000
__Hsfr27                                    sfr27        00000
__Hsfr28                                    sfr28        00000
__Hsfr29                                    sfr29        00000
__Hsfr3                                     sfr3         00000
__Hsfr30                                    sfr30        00000
__Hsfr31                                    sfr31        00000
__Hsfr4                                     sfr4         00000
__Hsfr5                                     sfr5         00000
__Hsfr6                                     sfr6         00000
__Hsfr7                                     sfr7         00000
__Hsfr8                                     sfr8         00000
__Hsfr9                                     sfr9         00000
__Hspace_0                                  (abs)        0800B
__Hspace_1                                  (abs)        00264
__Hspace_2                                  (abs)        00000
__Hspace_3                                  (abs)        00000
__Hstack                                    stack        00000
__Hstrings                                  strings      00000
__Hstringtext1                              stringtext1  00000
__Hstringtext2                              stringtext2  00000
__Hstringtext3                              stringtext3  00000
__Hstringtext4                              stringtext4  00000
__Hstringtext5                              stringtext5  00000
__Hstringtext6                              stringtext6  00000
__Hstringtext7                              stringtext7  00000
__Htext                                     text         00000
__Labs1                                     abs1         00000
__Lbank0                                    bank0        00000
__Lbank1                                    bank1        00000
__Lbank10                                   bank10       00000
__Lbank11                                   bank11       00000
__Lbank12                                   bank12       00000
__Lbank13                                   bank13       00000
__Lbank14                                   bank14       00000
__Lbank15                                   bank15       00000
__Lbank16                                   bank16       00000
__Lbank17                                   bank17       00000
__Lbank18                                   bank18       00000
__Lbank19                                   bank19       00000
__Lbank2                                    bank2        00000
__Lbank20                                   bank20       00000
__Lbank21                                   bank21       00000
__Lbank22                                   bank22       00000
__Lbank23                                   bank23       00000
__Lbank24                                   bank24       00000
__Lbank25                                   bank25       00000
__Lbank26                                   bank26       00000
__Lbank27                                   bank27       00000
__Lbank28                                   bank28       00000
__Lbank29                                   bank29       00000
__Lbank3                                    bank3        00000
__Lbank30                                   bank30       00000
__Lbank31                                   bank31       00000
__Lbank4                                    bank4        00000
__Lbank5                                    bank5        00000
__Lbank6                                    bank6        00000
__Lbank7                                    bank7        00000
__Lbank8                                    bank8        00000
__Lbank9                                    bank9        00000
__Lbigram                                   bigram       00000
__LbssBANK0                                 bssBANK0     00000
__LbssBANK1                                 bssBANK1     00000
__LbssBANK2                                 bssBANK2     00000
__LbssBANK3                                 bssBANK3     00000
__LbssBANK4                                 bssBANK4     00000
__LbssCOMMON                                bssCOMMON    00000
__Lcinit                                    cinit        0002D
__Lclrtext                                  clrtext      00000
__Lcode                                     code         00000
__Lcommon                                   common       00000
__Lconfig                                   config       08007
__LcstackBANK0                              cstackBANK0  00000
__LcstackBANK1                              cstackBANK1  00000
__LcstackBANK2                              cstackBANK2  00000
__LcstackCOMMON                             cstackCOMMON 00000
__LdataBANK0                                dataBANK0    00000
__LdataBANK2                                dataBANK2    00000
__Leeprom_data                              eeprom_data  00000
__Lend_init                                 end_init     0002B
__Lfunctab                                  functab      00000
__LidataBANK0                               idataBANK0   00000
__LidataBANK2                               idataBANK2   00000
__Lidloc                                    idloc        00000
__Linit                                     init         0002B
__Linittext                                 inittext     00000
__Lintentry                                 intentry     00004
__Lmaintext                                 maintext     00000
__LnvBANK1                                  nvBANK1      00000
__Lpowerup                                  powerup      00000
__Lram                                      ram          00000
__Lreset_vec                                reset_vec    00000
__Lsfr0                                     sfr0         00000
__Lsfr1                                     sfr1         00000
__Lsfr10                                    sfr10        00000
__Lsfr11                                    sfr11        00000
__Lsfr12                                    sfr12        00000
__Lsfr13                                    sfr13        00000
__Lsfr14                                    sfr14        00000
__Lsfr15                                    sfr15        00000
__Lsfr16                                    sfr16        00000
__Lsfr17                                    sfr17        00000
__Lsfr18                                    sfr18        00000
__Lsfr19                                    sfr19        00000
__Lsfr2                                     sfr2         00000
__Lsfr20                                    sfr20        00000
__Lsfr21                                    sfr21        00000
__Lsfr22                                    sfr22        00000
__Lsfr23                                    sfr23        00000
__Lsfr24                                    sfr24        00000
__Lsfr25                                    sfr25        00000
__Lsfr26                                    sfr26        00000
__Lsfr27                                    sfr27        00000
__Lsfr28                                    sfr28        00000
__Lsfr29                                    sfr29        00000
__Lsfr3                                     sfr3         00000
__Lsfr30                                    sfr30        00000
__Lsfr31                                    sfr31        00000
__Lsfr4                                     sfr4         00000
__Lsfr5                                     sfr5         00000
__Lsfr6                                     sfr6         00000
__Lsfr7                                     sfr7         00000
__Lsfr8                                     sfr8         00000
__Lsfr9                                     sfr9         00000
__Lspace_0                                  (abs)        00000
__Lspace_1                                  (abs)        00000
__Lspace_2                                  (abs)        00000
__Lspace_3                                  (abs)        00000
__Lstack                                    stack        00000
__Lstrings                                  strings      00000
__Lstringtext1                              stringtext1  00000
__Lstringtext2                              stringtext2  00000
__Lstringtext3                              stringtext3  00000
__Lstringtext4                              stringtext4  00000
__Lstringtext5                              stringtext5  00000
__Lstringtext6                              stringtext6  00000
__Lstringtext7                              stringtext7  00000
__Ltext                                     text         00000
__S0                                        (abs)        0800B
__S1                                        (abs)        00264
__S2                                        (abs)        00000
__S3                                        (abs)        00000
___awdiv                                    text20       0079A
___awdiv@counter                            cstackBANK0  0002B
___awdiv@dividend                           cstackBANK0  00028
___awdiv@divisor                            cstackBANK0  00026
___awdiv@quotient                           cstackBANK0  0002D
___awdiv@sign                               cstackBANK0  0002C
___int_sp                                   stack        00000
___latbits                                  (abs)        00002
___sp                                       stack        00000
___stackhi                                  (abs)        023EF
___stacklo                                  (abs)        02184
___wmul                                     text19       00B91
___wmul@multiplicand                        cstackBANK0  00022
___wmul@multiplier                          cstackBANK0  00020
___wmul@product                             cstackBANK0  00024
__end_of_ADC_Initialize                     text62       00A34
__end_of_Display_Name                       text25       00ED2
__end_of_I2C_ReStart                        text51       00990
__end_of_I2C_Read_Byte                      text47       00A7B
__end_of_I2C_Send_NACK                      text45       00999
__end_of_I2C_Start                          text43       0099F
__end_of_I2C_Stop                           text41       009A5
__end_of_I2C_Write_Byte                     text39       00B91
__end_of_INTERRUPT_InterruptManager         intentry     0002B
__end_of_IOCCF1_DefaultInterruptHandler     text98       0096F
__end_of_IOCCF1_ISR                         text97       00A94
__end_of_IOCCF1_SetInterruptHandler         text60       00A5D
__end_of_OSCILLATOR_Initialize              text61       00A3C
__end_of_PIN_MANAGER_IOC                    text96       009E8
__end_of_PIN_MANAGER_Initialize             text59       00E91
__end_of_PMD_Initialize                     text58       00A44
__end_of_PWM1_Initialize                    text57       00A87
__end_of_PWM_Output_Disable                 text24       009A8
__end_of_PWM_Output_Enable                  text23       009D8
__end_of_SPI2_Exchange8bit                  text28       00AB1
__end_of_SPI2_Initialize                    text56       00A15
__end_of_SPI_Write                          text27       00B12
__end_of_SYSTEM_Initialize                  text53       00B2A
__end_of_TMR2_Initialize                    text55       00A4C
__end_of_WDT_Initialize                     text54       009D0
__end_of___awdiv                            text20       007EC
__end_of___wmul                             text19       00BAD
__end_of__initialization                    cinit        00061
__end_of_decodeGesture                      text22       004C4
__end_of_do_I2C_DO_ACK                      text73       009C4
__end_of_do_I2C_DO_ADDRESS_NACK             text70       00D2E
__end_of_do_I2C_DO_NACK_RESTART             text71       009CC
__end_of_do_I2C_DO_NACK_STOP                text72       009C8
__end_of_do_I2C_IDLE                        text81       009E2
__end_of_do_I2C_RCEN                        text74       009EE
__end_of_do_I2C_RESET                       text82       00A07
__end_of_do_I2C_RX                          text68       00F18
__end_of_do_I2C_SEND_ADR_READ               text76       00A2C
__end_of_do_I2C_SEND_ADR_WRITE              text75       00A0E
__end_of_do_I2C_SEND_RESTART                text78       009BC
__end_of_do_I2C_SEND_RESTART_READ           text80       009B4
__end_of_do_I2C_SEND_RESTART_WRITE          text79       009B8
__end_of_do_I2C_SEND_STOP                   text77       009C0
__end_of_do_I2C_TX                          text69       00FB1
__end_of_do_I2C_TX_EMPTY                    text83       00DBA
__end_of_enableGestureSensor                text29       0079A
__end_of_enablePower                        text34       00AA2
__end_of_fsmStateTable                      stringtext1  01020
__end_of_getMode                            text37       00A66
__end_of_handleGesture                      text15       00736
__end_of_i2c1_driver_TXData                 text40       009F4
__end_of_i2c1_driver_clearBusCollision      text65       00987
__end_of_i2c1_driver_getRXData              text50       00993
__end_of_i2c1_driver_isBufferFull           text49       00A1C
__end_of_i2c1_driver_isNACK                 text85       00A24
__end_of_i2c1_driver_open                   text14       00A70
__end_of_i2c1_driver_resetBus               text89       00970
__end_of_i2c1_driver_restart                text52       0098D
__end_of_i2c1_driver_sendACK                text95       009AC
__end_of_i2c1_driver_sendNACK               text46       009D4
__end_of_i2c1_driver_start                  text44       0099C
__end_of_i2c1_driver_startRX                text48       00996
__end_of_i2c1_driver_stop                   text42       009A2
__end_of_i2c_ISR                            text66       00C15
__end_of_i2c_busCollisionISR                text64       0098A
__end_of_initialize                         text1        005DA
__end_of_isGestureAvailable                 text21       00AC4
__end_of_main                               maintext     00D89
__end_of_mssp1_clearIRQ                     text67       00984
__end_of_mssp1_setIRQ                       text84       00981
__end_of_processGestureData                 text18       00334
__end_of_readGesture                        text16       006CD
__end_of_resetGestureParameters             text33       00B42
__end_of_returnReset                        text91       00004
__end_of_returnStop                         text92       00972
__end_of_setAmbientLightGain                text13       00BCB
__end_of_setGestureEnterThresh              text12       00AD7
__end_of_setGestureExitThresh               text11       00AEA
__end_of_setGestureGain                     text10       00E1E
__end_of_setGestureIntEnable                text32       00D59
__end_of_setGestureLEDDrive                 text9        00E50
__end_of_setGestureMode                     text31       00C3C
__end_of_setGestureWaitTime                 text8        00C63
__end_of_setLEDBoost                        text30       00DEC
__end_of_setLEDDrive                        text7        00CDA
__end_of_setLightIntHighThreshold           text6        00C8A
__end_of_setLightIntLowThreshold            text5        00CB1
__end_of_setMode                            text35       01000
__end_of_setProxIntHighThresh               text4        00AFD
__end_of_setProxIntLowThresh                text3        007FF
__end_of_setProximityGain                   text2        00D03
__end_of_strlen                             text26       00B5A
__end_of_wireReadDataBlock                  text17       00F62
__end_of_wireReadDataByte                   text38       00BEF
__end_of_wireWriteDataByte                  text36       00B75
__end_ofi1_i2c1_driver_TXData               text86       009DD
__end_ofi1_i2c1_driver_getRXData            text87       0097E
__end_ofi1_i2c1_driver_restart              text94       00975
__end_ofi1_i2c1_driver_sendNACK             text88       009B0
__end_ofi1_i2c1_driver_startRX              text90       0097B
__end_ofi1_i2c1_driver_stop                 text93       00978
__initialization                            cinit        0002D
__pbssBANK0                                 bssBANK0     0005C
__pbssBANK1                                 bssBANK1     000E0
__pbssBANK2                                 bssBANK2     00168
__pbssBANK3                                 bssBANK3     001A0
__pbssBANK4                                 bssBANK4     00220
__pbssCOMMON                                bssCOMMON    00076
__pcstackBANK0                              cstackBANK0  00020
__pcstackBANK1                              cstackBANK1  000A0
__pcstackBANK2                              cstackBANK2  00120
__pcstackCOMMON                             cstackCOMMON 00070
__pdataBANK0                                dataBANK0    0006F
__pdataBANK2                                dataBANK2    00160
__pidataBANK0                               idataBANK0   007FF
__pidataBANK2                               idataBANK2   00A4C
__pintentry                                 intentry     00004
__pmaintext                                 maintext     00D59
__pnvBANK1                                  nvBANK1      000E4
__pstringtext1                              stringtext1  01000
__pstringtext2                              stringtext2  01020
__pstringtext3                              stringtext3  01030
__pstringtext4                              stringtext4  0103D
__pstringtext5                              stringtext5  01049
__pstringtext6                              stringtext6  01054
__pstringtext7                              stringtext7  00000
__ptext1                                    text1        004C4
__ptext10                                   text10       00DEC
__ptext11                                   text11       00AD7
__ptext12                                   text12       00AC4
__ptext13                                   text13       00BAD
__ptext14                                   text14       00A66
__ptext15                                   text15       006CD
__ptext16                                   text16       005DA
__ptext17                                   text17       00F18
__ptext18                                   text18       00065
__ptext19                                   text19       00B91
__ptext2                                    text2        00CDA
__ptext20                                   text20       0079A
__ptext21                                   text21       00AB1
__ptext22                                   text22       00334
__ptext23                                   text23       009D4
__ptext24                                   text24       009A5
__ptext25                                   text25       00E91
__ptext26                                   text26       00B42
__ptext27                                   text27       00AFD
__ptext28                                   text28       00AA2
__ptext29                                   text29       00736
__ptext3                                    text3        007EC
__ptext30                                   text30       00DBA
__ptext31                                   text31       00C15
__ptext32                                   text32       00D2E
__ptext33                                   text33       00B2A
__ptext34                                   text34       00A94
__ptext35                                   text35       00FB1
__ptext36                                   text36       00B5A
__ptext37                                   text37       00A5D
__ptext38                                   text38       00BCB
__ptext39                                   text39       00B75
__ptext4                                    text4        00AEA
__ptext40                                   text40       009EE
__ptext41                                   text41       009A2
__ptext42                                   text42       0099F
__ptext43                                   text43       0099C
__ptext44                                   text44       00999
__ptext45                                   text45       00996
__ptext46                                   text46       009D0
__ptext47                                   text47       00A70
__ptext48                                   text48       00993
__ptext49                                   text49       00A15
__ptext5                                    text5        00C8A
__ptext50                                   text50       00990
__ptext51                                   text51       0098D
__ptext52                                   text52       0098A
__ptext53                                   text53       00B12
__ptext54                                   text54       009CC
__ptext55                                   text55       00A44
__ptext56                                   text56       00A0E
__ptext57                                   text57       00A7B
__ptext58                                   text58       00A3C
__ptext59                                   text59       00E50
__ptext6                                    text6        00C63
__ptext60                                   text60       00A54
__ptext61                                   text61       00A34
__ptext62                                   text62       00A2C
__ptext64                                   text64       00987
__ptext65                                   text65       00984
__ptext66                                   text66       00BEF
__ptext67                                   text67       00981
__ptext68                                   text68       00ED2
__ptext69                                   text69       00F62
__ptext7                                    text7        00CB1
__ptext70                                   text70       00D03
__ptext71                                   text71       009C8
__ptext72                                   text72       009C4
__ptext73                                   text73       009C0
__ptext74                                   text74       009E8
__ptext75                                   text75       00A07
__ptext76                                   text76       00A24
[...]
		_do_I2C_DO_NACK_STOP
		_do_I2C_DO_NACK_RESTART
 This function uses a non-reentrant model


 *************** function _i2c1_driver_resetBus *****************
 Defined at:
		line 141 in file "mcc_generated_files/i2c1_driver.c"
 Parameters:    Size  Location     Type
		None
 Auto vars:     Size  Location     Type
		None
 Return value:  Size  Location     Type
                  1    wreg      void 
 Registers used:
		None
 Tracked objects:
		On entry : 
		On exit  : 
		Unchanged: 
 Data sizes:     COMMON   BANK0   BANK1   BANK2   BANK3   BANK4   BANK5   BANK6   BANK7   BANK8   BANK9  BANK10  BANK11  BANK12
      Params:         0       0       0       0       0       0       0       0       0       0       0       0       0       0
      Locals:         0       0       0       0       0       0       0       0       0       0       0       0       0       0
      Temps:          0       0       0       0       0       0       0       0       0       0       0       0       0       0
      Totals:         0       0       0       0       0       0       0       0       0       0       0       0       0       0
Total ram usage:        0 bytes
 Hardware stack levels used:    1
 This function calls:
		Nothing
 This function is called by:
		_do_I2C_RESET
 This function uses a non-reentrant model


 *************** function i1_i2c1_driver_startRX *****************
 Defined at:
		line 166 in file "mcc_generated_files/i2c1_driver.c"
 Parameters:    Size  Location     Type
		None
 Auto vars:     Size  Location     Type
		None
 Return value:  Size  Location     Type
                  1    wreg      void 
 Registers used:
		None
 Tracked objects:
		On entry : 
		On exit  : 
		Unchanged: 
 Data sizes:     COMMON   BANK0   BANK1   BANK2   BANK3   BANK4   BANK5   BANK6   BANK7   BANK8   BANK9  BANK10  BANK11  BANK12
      Params:         0       0       0       0       0       0       0       0       0       0       0       0       0       0
      Locals:         0       0       0       0       0       0       0       0       0       0       0       0       0       0
      Temps:          0       0       0       0       0       0       0       0       0       0       0       0       0       0
      Totals:         0       0       0       0       0       0       0       0       0       0       0       0       0       0
Total ram usage:        0 bytes
 Hardware stack levels used:    1
 This function calls:
		Nothing
 This function is called by:
		_do_I2C_RCEN
 This function uses a non-reentrant model


 *************** function _returnReset *****************
 Defined at:
		line 448 in file "mcc_generated_files/drivers/i2c_master.c"
 Parameters:    Size  Location     Type
  p               1    0[COMMON] PTR void 
		 -> NULL(0), 
 Auto vars:     Size  Location     Type
		None
 Return value:  Size  Location     Type
                  1    wreg      enum E6966
 Registers used:
		wreg
 Tracked objects:
		On entry : 
		On exit  : 
		Unchanged: 
 Data sizes:     COMMON   BANK0   BANK1   BANK2   BANK3   BANK4   BANK5   BANK6   BANK7   BANK8   BANK9  BANK10  BANK11  BANK12
      Params:         1       0       0       0       0       0       0       0       0       0       0       0       0       0
      Locals:         0       0       0       0       0       0       0       0       0       0       0       0       0       0
      Temps:          0       0       0       0       0       0       0       0       0       0       0       0       0       0
      Totals:         1       0       0       0       0       0       0       0       0       0       0       0       0       0
Total ram usage:        1 bytes
 Hardware stack levels used:    1
 This function calls:
		Nothing
 This function is called by:
		_i2c_open
		_do_I2C_DO_ADDRESS_NACK
		_do_I2C_TX
		_do_I2C_RX
		_do_I2C_TX_EMPTY
 This function uses a non-reentrant model


 *************** function _returnStop *****************
 Defined at:
		line 443 in file "mcc_generated_files/drivers/i2c_master.c"
 Parameters:    Size  Location     Type
  p               1    0[COMMON] PTR void 
		 -> NULL(0), 
 Auto vars:     Size  Location     Type
		None
 Return value:  Size  Location     Type
                  1    wreg      enum E6966
 Registers used:
		wreg
 Tracked objects:
		On entry : 
		On exit  : 
		Unchanged: 
 Data sizes:     COMMON   BANK0   BANK1   BANK2   BANK3   BANK4   BANK5   BANK6   BANK7   BANK8   BANK9  BANK10  BANK11  BANK12
      Params:         1       0       0       0       0       0       0       0       0       0       0       0       0       0
      Locals:         0       0       0       0       0       0       0       0       0       0       0       0       0       0
      Temps:          0       0       0       0       0       0       0       0       0       0       0       0       0       0
      Totals:         1       0       0       0       0       0       0       0       0       0       0       0       0       0
Total ram usage:        1 bytes
 Hardware stack levels used:    1
 This function calls:
		Nothing
 This function is called by:
		_i2c_open
		_setCallBack
		_do_I2C_DO_ADDRESS_NACK
		_do_I2C_TX
		_do_I2C_RX
		_do_I2C_TX_EMPTY
 This function uses a non-reentrant model


 *************** function i1_i2c1_driver_stop *****************
 Defined at:
		line 156 in file "mcc_generated_files/i2c1_driver.c"
 Parameters:    Size  Location     Type
		None
 Auto vars:     Size  Location     Type
		None
 Return value:  Size  Location     Type
                  1    wreg      void 
 Registers used:
		None
 Tracked objects:
		On entry : 
		On exit  : 
		Unchanged: 
 Data sizes:     COMMON   BANK0   BANK1   BANK2   BANK3   BANK4   BANK5   BANK6   BANK7   BANK8   BANK9  BANK10  BANK11  BANK12
      Params:         0       0       0       0       0       0       0       0       0       0       0       0       0       0
      Locals:         0       0       0       0       0       0       0       0       0       0       0       0       0       0
      Temps:          0       0       0       0       0       0       0       0       0       0       0       0       0       0
      Totals:         0       0       0       0       0       0       0       0       0       0       0       0       0       0
Total ram usage:        0 bytes
 Hardware stack levels used:    1
 This function calls:
		Nothing
 This function is called by:
		_do_I2C_SEND_STOP
 This function uses a non-reentrant model


 *************** function i1_i2c1_driver_restart *****************
 Defined at:
		line 151 in file "mcc_generated_files/i2c1_driver.c"
 Parameters:    Size  Location     Type
		None
 Auto vars:     Size  Location     Type
		None
 Return value:  Size  Location     Type
                  1    wreg      void 
 Registers used:
		None
 Tracked objects:
		On entry : 
		On exit  : 
		Unchanged: 
 Data sizes:     COMMON   BANK0   BANK1   BANK2   BANK3   BANK4   BANK5   BANK6   BANK7   BANK8   BANK9  BANK10  BANK11  BANK12
      Params:         0       0       0       0       0       0       0       0       0       0       0       0       0       0
      Locals:         0       0       0       0       0       0       0       0       0       0       0       0       0       0
      Temps:          0       0       0       0       0       0       0       0       0       0       0       0       0       0
      Totals:         0       0       0       0       0       0       0       0       0       0       0       0       0       0
Total ram usage:        0 bytes
 Hardware stack levels used:    1
 This function calls:
		Nothing
 This function is called by:
		_do_I2C_SEND_RESTART_READ
		_do_I2C_SEND_RESTART_WRITE
		_do_I2C_SEND_RESTART
 This function uses a non-reentrant model


 *************** function _i2c1_driver_sendACK *****************
 Defined at:
		line 196 in file "mcc_generated_files/i2c1_driver.c"
 Parameters:    Size  Location     Type
		None
 Auto vars:     Size  Location     Type
		None
 Return value:  Size  Location     Type
                  1    wreg      void 
 Registers used:
		None
 Tracked objects:
		On entry : 
		On exit  : 
		Unchanged: 
 Data sizes:     COMMON   BANK0   BANK1   BANK2   BANK3   BANK4   BANK5   BANK6   BANK7   BANK8   BANK9  BANK10  BANK11  BANK12
      Params:         0       0       0       0       0       0       0       0       0       0       0       0       0       0
      Locals:         0       0       0       0       0       0       0       0       0       0       0       0       0       0
      Temps:          0       0       0       0       0       0       0       0       0       0       0       0       0       0
      Totals:         0       0       0       0       0       0       0       0       0       0       0       0       0       0
Total ram usage:        0 bytes
 Hardware stack levels used:    1
 This function calls:
		Nothing
 This function is called by:
		_do_I2C_DO_ACK
		_do_I2C_RX
		_I2C_Send_ACK
 This function uses a non-reentrant model


 *************** function _PIN_MANAGER_IOC *****************
 Defined at:
		line 131 in file "mcc_generated_files/pin_manager.c"
 Parameters:    Size  Location     Type
		None
 Auto vars:     Size  Location     Type
		None
 Return value:  Size  Location     Type
                  1    wreg      void 
 Registers used:
		wreg, status,2, status,0, pclath, cstack
 Tracked objects:
		On entry : 
		On exit  : 
		Unchanged: 
 Data sizes:     COMMON   BANK0   BANK1   BANK2   BANK3   BANK4   BANK5   BANK6   BANK7   BANK8   BANK9  BANK10  BANK11  BANK12
      Params:         0       0       0       0       0       0       0       0       0       0       0       0       0       0
      Locals:         0       0       0       0       0       0       0       0       0       0       0       0       0       0
      Temps:          0       0       0       0       0       0       0       0       0       0       0       0       0       0
      Totals:         0       0       0       0       0       0       0       0       0       0       0       0       0       0
Total ram usage:        0 bytes
 Hardware stack levels used:    1
 Hardware stack levels required when called:    2
 This function calls:
		_IOCCF1_ISR
 This function is called by:
		_INTERRUPT_InterruptManager
 This function uses a non-reentrant model


 *************** function _IOCCF1_ISR *****************
 Defined at:
		line 143 in file "mcc_generated_files/pin_manager.c"
 Parameters:    Size  Location     Type
		None
 Auto vars:     Size  Location     Type
		None
 Return value:  Size  Location     Type
                  1    wreg      void 
 Registers used:
		wreg, status,2, status,0, pclath, cstack
 Tracked objects:
		On entry : 
		On exit  : 
		Unchanged: 
 Data sizes:     COMMON   BANK0   BANK1   BANK2   BANK3   BANK4   BANK5   BANK6   BANK7   BANK8   BANK9  BANK10  BANK11  BANK12
      Params:         0       0       0       0       0       0       0       0       0       0       0       0       0       0
      Locals:         0       0       0       0       0       0       0       0       0       0       0       0       0       0
      Temps:          0       0       0       0       0       0       0       0       0       0       0       0       0       0
      Totals:         0       0       0       0       0       0       0       0       0       0       0       0       0       0
Total ram usage:        0 bytes
 Hardware stack levels used:    1
 Hardware stack levels required when called:    1
 This function calls:
		Absolute function
		_IOCCF1_DefaultInterruptHandler
 This function is called by:
		_PIN_MANAGER_IOC
 This function uses a non-reentrant model


 *************** function _IOCCF1_DefaultInterruptHandler *****************
 Defined at:
		line 165 in file "mcc_generated_files/pin_manager.c"
 Parameters:    Size  Location     Type
		None
 Auto vars:     Size  Location     Type
		None
 Return value:  Size  Location     Type
                  1    wreg      void 
 Registers used:
		None
 Tracked objects:
		On entry : 
		On exit  : 
		Unchanged: 
 Data sizes:     COMMON   BANK0   BANK1   BANK2   BANK3   BANK4   BANK5   BANK6   BANK7   BANK8   BANK9  BANK10  BANK11  BANK12
      Params:         0       0       0       0       0       0       0       0       0       0       0       0       0       0
      Locals:         0       0       0       0       0       0       0       0       0       0       0       0       0       0
      Temps:          0       0       0       0       0       0       0       0       0       0       0       0       0       0
      Totals:         0       0       0       0       0       0       0       0       0       0       0       0       0       0
Total ram usage:        0 bytes
 Hardware stack levels used:    1
 This function calls:
		Nothing
 This function is called by:
		_PIN_MANAGER_Initialize
		_IOCCF1_ISR
 This function uses a non-reentrant model



MODULE INFORMATION

Module		Function		Class		Link	Load	Size
mcc_generated_files/tmr2.c
		_TMR2_Initialize		CODE           	0A44	0000	9

mcc_generated_files/tmr2.c estimated size: 9

mcc_generated_files/interrupt_manager.c
		_INTERRUPT_InterruptManager		CODE           	0004	0000	40

mcc_generated_files/interrupt_manager.c estimated size: 40

i2c.c
		_I2C_Stop      		CODE           	09A2	0000	4
		_I2C_Write_Byte		CODE           	0B75	0000	29
		_I2C_Read_Byte 		CODE           	0A70	0000	12
		_I2C_Send_NACK 		CODE           	0996	0000	4
		_I2C_Start     		CODE           	099C	0000	4
		_I2C_ReStart   		CODE           	098D	0000	4

i2c.c estimated size: 57

mcc_generated_files/pin_manager.c
		_PIN_MANAGER_Initialize		CODE           	0E50	0000	66
		_IOCCF1_DefaultInterruptHandler		CODE           	096E	0000	2
		_IOCCF1_ISR    		CODE           	0A87	0000	14
		_PIN_MANAGER_IOC		CODE           	09E2	0000	7
		_IOCCF1_SetInterruptHandler		CODE           	0A54	0000	10

mcc_generated_files/pin_manager.c estimated size: 99

C:\Program Files (x86)\Microchip\xc8\v2.05\pic\sources\c99\common\strlen.c
		_strlen        		CODE           	0B42	0000	25

C:\Program Files (x86)\Microchip\xc8\v2.05\pic\sources\c99\common\strlen.c estimated size: 25

mcc_generated_files/adc.c
		_ADC_Initialize		CODE           	0A2C	0000	9

mcc_generated_files/adc.c estimated size: 9

C:\Program Files (x86)\Microchip\xc8\v2.05\pic\sources\c99\common\awdiv.c
		___awdiv       		CODE           	079A	0000	83

C:\Program Files (x86)\Microchip\xc8\v2.05\pic\sources\c99\common\awdiv.c estimated size: 83

shared
		i1_i2c1_driver_sendNACK		CODE           	09AC	0000	5
		__initialization		CODE           	002D	0000	53
		i1_i2c1_driver_restart		CODE           	0972	0000	4
		i1_i2c1_driver_stop		CODE           	0975	0000	4
		i1_i2c1_driver_startRX		CODE           	0978	0000	4
		_fsmStateTable 		STRCODE        	1000	0000	33
		i1_i2c1_driver_getRXData		CODE           	097B	0000	4
		i1_i2c1_driver_TXData		CODE           	09D8	0000	6

shared estimated size: 113

mcc_generated_files/mcc.c
		_WDT_Initialize		CODE           	09CC	0000	5
		_PMD_Initialize		CODE           	0A3C	0000	9
		_OSCILLATOR_Initialize		CODE           	0A34	0000	9
		_SYSTEM_Initialize		CODE           	0B12	0000	25

mcc_generated_files/mcc.c estimated size: 48

C:\Program Files (x86)\Microchip\xc8\v2.05\pic\sources\c99\common\Umul16.c
		___wmul        		CODE           	0B91	0000	29

C:\Program Files (x86)\Microchip\xc8\v2.05\pic\sources\c99\common\Umul16.c estimated size: 29

mcc_generated_files/drivers/i2c_master.c
		_returnStop    		CODE           	0970	0000	3
		_i2c_busCollisionISR		CODE           	0987	0000	4
		_i2c_ISR       		CODE           	0BEF	0000	39
		_do_I2C_TX_EMPTY		CODE           	0D89	0000	50
		_returnReset   		CODE           	0002	0000	3
		_do_I2C_SEND_RESTART_WRITE		CODE           	09B4	0000	5
		_do_I2C_DO_NACK_RESTART		CODE           	09C8	0000	5
		_do_I2C_SEND_RESTART_READ		CODE           	09B0	0000	5
		_do_I2C_SEND_ADR_WRITE		CODE           	0A07	0000	8
		_do_I2C_SEND_STOP		CODE           	09BC	0000	5
		_do_I2C_SEND_ADR_READ		CODE           	0A24	0000	9
		_do_I2C_DO_NACK_STOP		CODE           	09C4	0000	5
		_do_I2C_SEND_RESTART		CODE           	09B8	0000	5
		_do_I2C_RX     		CODE           	0ED2	0000	71
		_do_I2C_TX     		CODE           	0F62	0000	80
		_do_I2C_IDLE   		CODE           	09DD	0000	6
		_do_I2C_RCEN   		CODE           	09E8	0000	7
		_do_I2C_DO_ADDRESS_NACK		CODE           	0D03	0000	44
		_do_I2C_RESET  		CODE           	0A00	0000	8
		_do_I2C_DO_ACK 		CODE           	09C0	0000	5

mcc_generated_files/drivers/i2c_master.c estimated size: 367

mcc_generated_files/pwm1.c
		_PWM1_Initialize		CODE           	0A7B	0000	13

mcc_generated_files/pwm1.c estimated size: 13

mcc_generated_files/i2c1_driver.c
		_i2c1_driver_isBufferFull		CODE           	0A15	0000	8
		_i2c1_driver_open		CODE           	0A66	0000	11
		_i2c1_driver_isNACK		CODE           	0A1C	0000	9
		_i2c1_driver_stop		CODE           	099F	0000	4
		_i2c1_driver_getRXData		CODE           	0990	0000	4
		_i2c1_driver_TXData		CODE           	09EE	0000	7
		_i2c1_driver_start		CODE           	0999	0000	4
		_i2c1_driver_sendACK		CODE           	09A8	0000	5
		_mssp1_setIRQ  		CODE           	097E	0000	4
		_i2c1_driver_sendNACK		CODE           	09D0	0000	5
		_i2c1_driver_restart		CODE           	098A	0000	4
		_i2c1_driver_resetBus		CODE           	096F	0000	2
		_i2c1_driver_clearBusCollision		CODE           	0984	0000	4
		_mssp1_clearIRQ		CODE           	0981	0000	4
		_i2c1_driver_startRX		CODE           	0993	0000	4

mcc_generated_files/i2c1_driver.c estimated size: 79

mcc_generated_files/spi2.c
		_SPI2_Exchange8bit		CODE           	0AA2	0000	16
		_SPI2_Initialize		CODE           	0A0E	0000	8

mcc_generated_files/spi2.c estimated size: 24

APDS9960.c
		_wireReadDataBlock		CODE           	0F18	0000	75
		_setGestureEnterThresh		CODE           	0AC4	0000	20
		_setProxIntHighThresh		CODE           	0AEA	0000	20
		_decodeGesture 		CODE           	0334	0000	401
		_setMode       		CODE           	0FB1	0000	80
		_setLEDDrive   		CODE           	0CB1	0000	42
		_setGestureIntEnable		CODE           	0D2E	0000	44
		_setLightIntHighThreshold		CODE           	0C63	0000	40
		_resetGestureParameters		CODE           	0B2A	0000	25
		_readGesture   		CODE           	05DA	0000	244
		_processGestureData		CODE           	0065	0000	720
		_setLightIntLowThreshold		CODE           	0C8A	0000	40
		_enablePower   		CODE           	0A94	0000	15
		_setGestureMode		CODE           	0C15	0000	40
		_setGestureGain		CODE           	0DEC	0000	51
		_setGestureExitThresh		CODE           	0AD7	0000	20
		_setLEDBoost   		CODE           	0DBA	0000	51
		_setGestureWaitTime		CODE           	0C3C	0000	40
		_setAmbientLightGain		CODE           	0BAD	0000	31
		_initialize    		CODE           	04C4	0000	279
		_setGestureLEDDrive		CODE           	0E1E	0000	51
		_setProximityGain		CODE           	0CDA	0000	42
		_wireWriteDataByte		CODE           	0B5A	0000	28
		_setProxIntLowThresh		CODE           	07EC	0000	20
		_wireReadDataByte		CODE           	0BCB	0000	37
		_enableGestureSensor		CODE           	0736	0000	101
		_getMode       		CODE           	0A5D	0000	10
		_isGestureAvailable		CODE           	0AB1	0000	20

APDS9960.c estimated size: 2587

main.c
		_PWM_Output_Enable		CODE           	09D4	0000	5
		_main          		CODE           	0D59	0000	49
		_PWM_Output_Disable		CODE           	09A5	0000	4
		_SPI_Write     		CODE           	0AFD	0000	22
		_Display_Name  		CODE           	0E91	0000	66
		_handleGesture 		CODE           	06CD	0000	106

main.c estimated size: 252

