Microchip MPLAB XC8 Compiler V2.05 ()

Linker command line:

-W-3 --edf=C:\Program Files (x86)\Microchip\xc8\v2.05\pic\dat\en_msgs.txt \
  -cs -h+dist/default/production\I2Gesture.X.production.sym \
  --cmf=dist/default/production\I2Gesture.X.production.cmf -z -Q16F18345 \
  -oC:\Users\Jeff\AppData\Local\Temp\s468.2 --defsym=__MPLAB_BUILD=1 \
  -Mdist/default/production/I2Gesture.X.production.map -E1 -ver=XC8 \
  --acfsm=1493 -ASTACK=02184h-023EFh -pstack=STACK -ACODE=00h-07FFhx4 \
  -ASTRCODE=00h-01FFFh -ASTRING=00h-0FFhx32 -ACONST=00h-0FFhx32 \
  -AENTRY=00h-0FFhx32 -ACOMMON=070h-07Fh -ABANK0=020h-06Fh \
  -ABANK1=0A0h-0EFh -ABANK2=0120h-016Fh -ABANK3=01A0h-01EFh \
  -ABANK4=0220h-026Fh -ABANK5=02A0h-02EFh -ABANK6=0320h-036Fh \
  -ABANK7=03A0h-03EFh -ABANK8=0420h-046Fh -ABANK9=04A0h-04EFh \
  -ABANK10=0520h-056Fh -ABANK11=05A0h-05EFh -ABANK12=0620h-064Fh \
  -ABIGRAM=02000h-023EFh \
  -ARAM=020h-06Fh,0A0h-0EFh,0120h-016Fh,01A0h-01EFh,0220h-026Fh,02A0h-02EFh,0320h-036Fh,03A0h-03EFh,0420h-046Fh,04A0h-04EFh,0520h-056Fh,05A0h-05EFh,0620h-064Fh \
  -AABS1=020h-07Fh,0A0h-0EFh,0120h-016Fh,01A0h-01EFh,0220h-026Fh,02A0h-02EFh,0320h-036Fh,03A0h-03EFh,0420h-046Fh,04A0h-04EFh,0520h-056Fh,05A0h-05EFh,0620h-064Fh \
  -ASFR0=00h-01Fh -ASFR1=080h-09Fh -ASFR2=0100h-011Fh -ASFR3=0180h-019Fh \
  -ASFR4=0200h-021Fh -ASFR5=0280h-029Fh -ASFR6=0300h-031Fh \
  -ASFR7=0380h-039Fh -ASFR8=0400h-041Fh -ASFR9=0480h-049Fh \
  -ASFR10=0500h-051Fh -ASFR11=0580h-059Fh -ASFR12=0600h-061Fh \
  -ASFR13=0680h-06EFh -ASFR14=0700h-076Fh -ASFR15=0780h-07EFh \
  -ASFR16=0800h-086Fh -ASFR17=0880h-08EFh -ASFR18=0900h-096Fh \
  -ASFR19=0980h-09EFh -ASFR20=0A00h-0A6Fh -ASFR21=0A80h-0AEFh \
  -ASFR22=0B00h-0B6Fh -ASFR23=0B80h-0BEFh -ASFR24=0C00h-0C6Fh \
  -ASFR25=0C80h-0CEFh -ASFR26=0D00h-0D6Fh -ASFR27=0D80h-0DEFh \
  -ASFR28=0E00h-0E6Fh -ASFR29=0E80h-0EEFh -ASFR30=0F00h-0F6Fh \
  -ASFR31=0F80h-0FEFh -preset_vec=00h,intentry=04h,init,end_init \
  -ppowerup=CODE -pcinit=CODE -pfunctab=ENTRY -ACONFIG=08007h-0800Ah \
  -pconfig=CONFIG -DCONFIG=2 -AIDLOC=08000h-08003h -pidloc=IDLOC -DIDLOC=2 \
  -AEEDATA=00h-0FFh/0F000h -peeprom_data=EEDATA -DEEDATA=2 -DCODE=2 \
  -DSTRCODE=2 -DSTRING=2 -DCONST=2 -DENTRY=2 -k \
  C:\Users\Jeff\AppData\Local\Temp\s468.o \
  dist/default/production\I2Gesture.X.production.o 

Object code version is 3.11

Machine type is 16F18345



                Name                               Link     Load   Length Selector   Space Scale
C:\Users\Jeff\AppData\Local\Temp\s468.o
                end_init                             2B       2B        2        8       0
                reset_vec                             0        0        2        0       0
                config                             8007     8007        4    1000E       0
dist/default/production\I2Gesture.X.production.o
                cinit                                2D       2D       21        8       0
                intentry                              4        4       27        8       0
                text90                              A92      A92        1     1524       0
                text89                              A96      A96        3     152C       0
                text88                              B82      B82        D     1704       0
                text87                              AFE      AFE        6     15FC       0
                text86                              ACC      ACC        4     1598       0
                text85                              A99      A99        3     1532       0
                text84                              A9C      A9C        3     1538       0
                text83                              A94      A94        2     1528       0
                text82                                2        2        2        0       0
                text81                              A9F      A9F        3     153E       0
                text80                              A93      A93        1     1526       0
                text79                              AD0      AD0        4     15A0       0
                text78                              AA2      AA2        3     1544       0
                text77                              AF4      AF4        5     15E8       0
                text76                              B37      B37        8     166E       0
                text75                              AA5      AA5        3     154A       0
                text74                              E35      E35       31     1C6A       0
                text73                              B22      B22        7     1644       0
                text72                              AF9      AF9        5     15F2       0
                text71                              AD4      AD4        4     15A8       0
                text70                              AD8      AD8        4     15B0       0
                text69                              ADC      ADC        4     15B8       0
                text68                              AE0      AE0        4     15C0       0
                text67                              B3F      B3F        8     167E       0
                text66                              B29      B29        7     1652       0
                text65                              B04      B04        6     1608       0
                text64                              AE4      AE4        4     15C8       0
                text63                              AE8      AE8        4     15D0       0
                text62                              AEC      AEC        4     15D8       0
                text61                              DDF      DDF       2B     1BBE       0
                text60                              FB1      FB1       4F     1F62       0
                text59                              F6B      F6B       46     1ED6       0
                text58                              AA8      AA8        3     1550       0
                text57                              CCB      CCB       26     1996       0
                text56                              AAB      AAB        3     1556       0
                text55                              AAE      AAE        3     155C       0
                text53                              B4F      B4F        9     169E       0
                text52                              B0A      B0A        6     1614       0
                text51                              F30      F30       3B     1E60       0
                text50                              B47      B47        8     168E       0
                text49                              AF0      AF0        4     15E0       0
                text48                              B76      B76        C     16EC       0
                text47                              AB1      AB1        3     1562       0
                text46                              AB4      AB4        3     1568       0
                text45                              AB7      AB7        3     156E       0
                text44                              B30      B30        7     1660       0
                text43                              ABA      ABA        3     1574       0
                text42                              B6B      B6B        B     16D6       0
                text41                              7FC      7FC        4        8       0
                text40                              ABD      ABD        3     157A       0
                text39                              AC0      AC0        3     1580       0
                text38                              AC3      AC3        3     1586       0
                text37                              AC6      AC6        3     158C       0
                text36                              AC9      AC9        3     1592       0
                text35                              B10      B10        6     1620       0
                text34                              C2C      C2C       1C     1858       0
                text33                              C82      C82       24     1904       0
                text32                              B58      B58        9     16B0       0
                text31                              C11      C11       1B     1822       0
                text30                              763      763       4F        8       0
                text29                              B8F      B8F        E     171E       0
                text28                              BFC      BFC       15     17F8       0
                text27                              E0A      E0A       2B     1C14       0
                text26                              CF1      CF1       27     19E2       0
                text25                              E66      E66       32     1CCC       0
                text24                              6AD      6AD       64        8       0
                text23                              B16      B16        6     162C       0
                text22                              319      319      18E        8       0
                text21                              B9D      B9D       13     173A       0
                text20                              711      711       52        8       0
                text19                              C48      C48       1C     1890       0
                text18                               4E       4E      2CB        8       0
                text17                              7B2      7B2       4A        8       0
                text16                              5BD      5BD       F0        8       0
                text15                              EFC      EFC       34     1DF8       0
                text14                              B61      B61        A     16C2       0
                text13                              C64      C64       1E     18C8       0
                text12                              BB0      BB0       13     1760       0
                text11                              BC3      BC3       13     1786       0
                text10                              E98      E98       32     1D30       0
                text9                               ECA      ECA       32     1D94       0
                text8                               D18      D18       27     1A30       0
                text7                               D8D      D8D       29     1B1A       0
                text6                               D3F      D3F       27     1A7E       0
                text5                               D66      D66       27     1ACC       0
                text4                               BD6      BD6       13     17AC       0
                text3                               BE9      BE9       13     17D2       0
                text2                               DB6      DB6       29     1B6C       0
                text1                               4A7      4A7      116        8       0
                maintext                            CA6      CA6       25     194C       0
                cstackBANK0                          20       20       3D       20       1
                cstackCOMMON                         76       76        6       70       1
                cstackBANK1                          A0       A0       40       A0       1
                cstackBANK2                         120      120       40      120       1
                clrtext                             B1C      B1C        6     1638       0
                bssBANK4                            220      220       44      220       1
                bssBANK3                            1A0      1A0       1D      1A0       1
                bssBANK0                             5D       5D       10       20       1
                bssCOMMON                            70       70        6       70       1
                nvBANK0                              6D       6D        2       20       1
                stringtext1                        1000     1000       20     2000       0

TOTAL           Name                               Link     Load   Length     Space
        CLASS   STACK          

        CLASS   CODE           
                end_init                             2B       2B        2         0
                cinit                                2D       2D       21         0
                intentry                              4        4       27         0
                reset_vec                             0        0        2         0
                text90                              A92      A92        1         0
                text89                              A96      A96        3         0
                text88                              B82      B82        D         0
                text87                              AFE      AFE        6         0
                text86                              ACC      ACC        4         0
                text85                              A99      A99        3         0
                text84                              A9C      A9C        3         0
                text83                              A94      A94        2         0
                text82                                2        2        2         0
                text81                              A9F      A9F        3         0
                text80                              A93      A93        1         0
                text79                              AD0      AD0        4         0
                text78                              AA2      AA2        3         0
                text77                              AF4      AF4        5         0
                text76                              B37      B37        8         0
                text75                              AA5      AA5        3         0
                text74                              E35      E35       31         0
                text73                              B22      B22        7         0
                text72                              AF9      AF9        5         0
                text71                              AD4      AD4        4         0
                text70                              AD8      AD8        4         0
                text69                              ADC      ADC        4         0
                text68                              AE0      AE0        4         0
                text67                              B3F      B3F        8         0
                text66                              B29      B29        7         0
                text65                              B04      B04        6         0
                text64                              AE4      AE4        4         0
                text63                              AE8      AE8        4         0
                text62                              AEC      AEC        4         0
                text61                              DDF      DDF       2B         0
                text60                              FB1      FB1       4F         0
                text59                              F6B      F6B       46         0
                text58                              AA8      AA8        3         0
                text57                              CCB      CCB       26         0
                text56                              AAB      AAB        3         0
                text55                              AAE      AAE        3         0
                text53                              B4F      B4F        9         0
                text52                              B0A      B0A        6         0
                text51                              F30      F30       3B         0
                text50                              B47      B47        8         0
                text49                              AF0      AF0        4         0
                text48                              B76      B76        C         0
                text47                              AB1      AB1        3         0
                text46                              AB4      AB4        3         0
                text45                              AB7      AB7        3         0
                text44                              B30      B30        7         0
                text43                              ABA      ABA        3         0
                text42                              B6B      B6B        B         0
                text41                              7FC      7FC        4         0
                text40                              ABD      ABD        3         0
                text39                              AC0      AC0        3         0
                text38                              AC3      AC3        3         0
                text37                              AC6      AC6        3         0
                text36                              AC9      AC9        3         0
                text35                              B10      B10        6         0
                text34                              C2C      C2C       1C         0
                text33                              C82      C82       24         0
                text32                              B58      B58        9         0
                text31                              C11      C11       1B         0
                text30                              763      763       4F         0
                text29                              B8F      B8F        E         0
                text28                              BFC      BFC       15         0
                text27                              E0A      E0A       2B         0
                text26                              CF1      CF1       27         0
                text25                              E66      E66       32         0
                text24                              6AD      6AD       64         0
                text23                              B16      B16        6         0
                text22                              319      319      18E         0
                text21                              B9D      B9D       13         0
                text20                              711      711       52         0
                text19                              C48      C48       1C         0
                text18                               4E       4E      2CB         0
                text17                              7B2      7B2       4A         0
                text16                              5BD      5BD       F0         0
                text15                              EFC      EFC       34         0
                text14                              B61      B61        A         0
                text13                              C64      C64       1E         0
                text12                              BB0      BB0       13         0
                text11                              BC3      BC3       13         0
                text10                              E98      E98       32         0
                text9                               ECA      ECA       32         0
                text8                               D18      D18       27         0
                text7                               D8D      D8D       29         0
                text6                               D3F      D3F       27         0
                text5                               D66      D66       27         0
                text4                               BD6      BD6       13         0
                text3                               BE9      BE9       13         0
                text2                               DB6      DB6       29         0
                text1                               4A7      4A7      116         0
                maintext                            CA6      CA6       25         0
                clrtext                             B1C      B1C        6         0

        CLASS   STRCODE        
                stringtext1                        1000     1000       20         0

        CLASS   STRING         

        CLASS   CONST          

        CLASS   ENTRY          

        CLASS   COMMON         
                cstackCOMMON                         76       76        6         1
                bssCOMMON                            70       70        6         1

        CLASS   BANK0          
                cstackBANK0                          20       20       3D         1
                bssBANK0                             5D       5D       10         1
                nvBANK0                              6D       6D        2         1

        CLASS   BANK1          
                cstackBANK1                          A0       A0       40         1

        CLASS   BANK2          
                cstackBANK2                         120      120       40         1

        CLASS   BANK3          
                bssBANK3                            1A0      1A0       1D         1

        CLASS   BANK4          
                bssBANK4                            220      220       44         1

        CLASS   BANK5          

        CLASS   BANK6          

        CLASS   BANK7          

        CLASS   BANK8          

        CLASS   BANK9          

        CLASS   BANK10         

        CLASS   BANK11         

        CLASS   BANK12         

        CLASS   BIGRAM         

        CLASS   RAM            

        CLASS   ABS1           
                abs_s1                               7E       7E        2         1

        CLASS   SFR0           

        CLASS   SFR1           

        CLASS   SFR2           

        CLASS   SFR3           

        CLASS   SFR4           

        CLASS   SFR5           

        CLASS   SFR6           

        CLASS   SFR7           

        CLASS   SFR8           

        CLASS   SFR9           

        CLASS   SFR10          

        CLASS   SFR11          

        CLASS   SFR12          

        CLASS   SFR13          

        CLASS   SFR14          

        CLASS   SFR15          

        CLASS   SFR16          

        CLASS   SFR17          

        CLASS   SFR18          

        CLASS   SFR19          

        CLASS   SFR20          

        CLASS   SFR21          

        CLASS   SFR22          

        CLASS   SFR23          

        CLASS   SFR24          

        CLASS   SFR25          

        CLASS   SFR26          

        CLASS   SFR27          

        CLASS   SFR28          

        CLASS   SFR29          

        CLASS   SFR30          

        CLASS   SFR31          

        CLASS   CONFIG         
                config                             8007     8007        4         0

        CLASS   IDLOC          

        CLASS   EEDATA         

        CLASS   BANK31         

        CLASS   BANK30         

        CLASS   BANK29         

        CLASS   BANK28         

        CLASS   BANK27         

        CLASS   BANK26         

        CLASS   BANK25         

        CLASS   BANK24         

        CLASS   BANK23         

        CLASS   BANK22         

        CLASS   BANK21         

        CLASS   BANK20         

        CLASS   BANK19         

        CLASS   BANK18         

        CLASS   BANK17         

        CLASS   BANK16         

        CLASS   BANK15         

        CLASS   BANK14         

        CLASS   BANK13         



SEGMENTS        Name                           Load    Length   Top    Selector   Space  Class     Delta

                reset_vec                      000000  000004  000004         0       0  CODE        2
                intentry                       000004  0007FC  000800         8       0  CODE        2
                cstackBANK0                    000020  00004F  00006F        20       1  BANK0       1
                bssCOMMON                      000070  00000C  00007C        70       1  COMMON      1
                cstackBANK1                    0000A0  000040  0000E0        A0       1  BANK1       1
                cstackBANK2                    000120  000040  000160       120       1  BANK2       1
                bssBANK3                       0001A0  00001D  0001BD       1A0       1  BANK3       1
                bssBANK4                       000220  000044  000264       220       1  BANK4       1
                text90                         000A92  000001  000A93      1524       0  CODE        2
                text80                         000A93  000001  000A94      1526       0  CODE        2
                text83                         000A94  000002  000A96      1528       0  CODE        2
                text89                         000A96  000003  000A99      152C       0  CODE        2
                text85                         000A99  000003  000A9C      1532       0  CODE        2
                text84                         000A9C  000003  000A9F      1538       0  CODE        2
                text81                         000A9F  000003  000AA2      153E       0  CODE        2
                text78                         000AA2  000003  000AA5      1544       0  CODE        2
                text75                         000AA5  000003  000AA8      154A       0  CODE        2
                text58                         000AA8  000003  000AAB      1550       0  CODE        2
                text56                         000AAB  000003  000AAE      1556       0  CODE        2
                text55                         000AAE  000003  000AB1      155C       0  CODE        2
                text47                         000AB1  000003  000AB4      1562       0  CODE        2
                text46                         000AB4  000003  000AB7      1568       0  CODE        2
                text45                         000AB7  000003  000ABA      156E       0  CODE        2
                text43                         000ABA  000003  000ABD      1574       0  CODE        2
                text40                         000ABD  000003  000AC0      157A       0  CODE        2
                text39                         000AC0  000003  000AC3      1580       0  CODE        2
                text38                         000AC3  000003  000AC6      1586       0  CODE        2
                text37                         000AC6  000003  000AC9      158C       0  CODE        2
                text36                         000AC9  000003  000ACC      1592       0  CODE        2
                text86                         000ACC  000004  000AD0      1598       0  CODE        2
                text79                         000AD0  000004  000AD4      15A0       0  CODE        2
                text71                         000AD4  000004  000AD8      15A8       0  CODE        2
                text70                         000AD8  000004  000ADC      15B0       0  CODE        2
                text69                         000ADC  000004  000AE0      15B8       0  CODE        2
                text68                         000AE0  000004  000AE4      15C0       0  CODE        2
                text64                         000AE4  000004  000AE8      15C8       0  CODE        2
                text63                         000AE8  000004  000AEC      15D0       0  CODE        2
                text62                         000AEC  000004  000AF0      15D8       0  CODE        2
                text49                         000AF0  000004  000AF4      15E0       0  CODE        2
                text77                         000AF4  000005  000AF9      15E8       0  CODE        2
                text72                         000AF9  000005  000AFE      15F2       0  CODE        2
                text87                         000AFE  000006  000B04      15FC       0  CODE        2
                text65                         000B04  000006  000B0A      1608       0  CODE        2
                text52                         000B0A  000006  000B10      1614       0  CODE        2
                text35                         000B10  000006  000B16      1620       0  CODE        2
                text23                         000B16  000006  000B1C      162C       0  CODE        2
                clrtext                        000B1C  000006  000B22      1638       0  CODE        2
                text73                         000B22  000007  000B29      1644       0  CODE        2
                text66                         000B29  000007  000B30      1652       0  CODE        2
                text44                         000B30  000007  000B37      1660       0  CODE        2
                text76                         000B37  000008  000B3F      166E       0  CODE        2
                text67                         000B3F  000008  000B47      167E       0  CODE        2
                text50                         000B47  000008  000B4F      168E       0  CODE        2
                text53                         000B4F  000009  000B58      169E       0  CODE        2
                text32                         000B58  000009  000B61      16B0       0  CODE        2
                text14                         000B61  00000A  000B6B      16C2       0  CODE        2
                text42                         000B6B  00000B  000B76      16D6       0  CODE        2
                text48                         000B76  00000C  000B82      16EC       0  CODE        2
                text88                         000B82  00000D  000B8F      1704       0  CODE        2
                text29                         000B8F  00000E  000B9D      171E       0  CODE        2
                text21                         000B9D  000013  000BB0      173A       0  CODE        2
                text12                         000BB0  000013  000BC3      1760       0  CODE        2
                text11                         000BC3  000013  000BD6      1786       0  CODE        2
                text4                          000BD6  000013  000BE9      17AC       0  CODE        2
                text3                          000BE9  000013  000BFC      17D2       0  CODE        2
                text28                         000BFC  000015  000C11      17F8       0  CODE        2
                text31                         000C11  00001B  000C2C      1822       0  CODE        2
                text34                         000C2C  00001C  000C48      1858       0  CODE        2
                text19                         000C48  00001C  000C64      1890       0  CODE        2
                text13                         000C64  00001E  000C82      18C8       0  CODE        2
                text33                         000C82  000024  000CA6      1904       0  CODE        2
                maintext                       000CA6  000025  000CCB      194C       0  CODE        2
                text57                         000CCB  000026  000CF1      1996       0  CODE        2
                text26                         000CF1  000027  000D18      19E2       0  CODE        2
                text8                          000D18  000027  000D3F      1A30       0  CODE        2
                text6                          000D3F  000027  000D66      1A7E       0  CODE        2
                text5                          000D66  000027  000D8D      1ACC       0  CODE        2
                text7                          000D8D  000029  000DB6      1B1A       0  CODE        2
                text2                          000DB6  000029  000DDF      1B6C       0  CODE        2
                text61                         000DDF  00002B  000E0A      1BBE       0  CODE        2
                text27                         000E0A  00002B  000E35      1C14       0  CODE        2
                text74                         000E35  000031  000E66      1C6A       0  CODE        2
                text25                         000E66  000032  000E98      1CCC       0  CODE        2
                text10                         000E98  000032  000ECA      1D30       0  CODE        2
                text9                          000ECA  000032  000EFC      1D94       0  CODE        2
                text15                         000EFC  000034  000F30      1DF8       0  CODE        2
                text51                         000F30  00003B  000F6B      1E60       0  CODE        2
                text59                         000F6B  000046  000FB1      1ED6       0  CODE        2
                text60                         000FB1  00004F  001000      1F62       0  CODE        2
                stringtext1                    001000  000020  001020      2000       0  STRCODE     2
                config                         008007  000004  00800B     1000E       0  CONFIG      2


UNUSED ADDRESS RANGES

        Name                Unused          Largest block    Delta
        BANK0            0006F-0006F               1           1
        BANK1            000E0-000EF              10           1
        BANK10           00520-0056F              50           1
        BANK11           005A0-005EF              50           1
        BANK12           00620-0064F              30           1
        BANK2            00160-0016F              10           1
        BANK3            001BD-001EF              33           1
        BANK4            00264-0026F               C           1
        BANK5            002A0-002EF              50           1
        BANK6            00320-0036F              50           1
        BANK7            003A0-003EF              50           1
        BANK8            00420-0046F              50           1
        BANK9            004A0-004EF              50           1
        BIGRAM           02000-023EF             3F0           1
        CODE             00800-00A91             292           2
                         01020-01FFF             7E0
        COMMON           0007C-0007D               2           1
        CONST            00800-00A91             100           2
                         01020-01FFF             100
        EEDATA           0F000-0F0FF             100           2
        ENTRY            00800-00A91             100           2
                         01020-01FFF             100
        IDLOC            08000-08003               4           2
        RAM              0006F-0006F               1           1
                         000E0-000EF              10
                         00160-0016F              10
                         001BD-001EF              33
                         00264-0026F               C
                         002A0-002EF              50
                         00320-0036F              50
                         003A0-003EF              50
                         00420-0046F              50
                         004A0-004EF              50
                         00520-0056F              50
                         005A0-005EF              50
                         00620-0064F              30
        SFR0             00000-0001F              20           1
        SFR1             00080-0009F              20           1
        SFR10            00500-0051F              20           1
        SFR11            00580-0059F              20           1
        SFR12            00600-0061F              20           1
        SFR13            00680-006EF              70           1
        SFR14            00700-0076F              70           1
        SFR15            00780-007EF              70           1
        SFR16            00800-0086F              70           1
        SFR17            00880-008EF              70           1
        SFR18            00900-0096F              70           1
        SFR19            00980-009EF              70           1
        SFR2             00100-0011F              20           1
        SFR20            00A00-00A6F              70           1
        SFR21            00A80-00AEF              70           1
        SFR22            00B00-00B6F              70           1
        SFR23            00B80-00BEF              70           1
        SFR24            00C00-00C6F              70           1
        SFR25            00C80-00CEF              70           1
        SFR26            00D00-00D6F              70           1
        SFR27            00D80-00DEF              70           1
        SFR28            00E00-00E6F              70           1
        SFR29            00E80-00EEF              70           1
        SFR3             00180-0019F              20           1
        SFR30            00F00-00F6F              70           1
        SFR31            00F80-00FEF              70           1
        SFR4             00200-0021F              20           1
        SFR5             00280-0029F              20           1
        SFR6             00300-0031F              20           1
        SFR7             00380-0039F              20           1
        SFR8             00400-0041F              20           1
        SFR9             00480-0049F              20           1
        STACK            02184-023EF             26C           1
        STRCODE          00800-00A91             292           2
                         01020-01FFF             FE0
        STRING           00800-00A91             100           2
                         01020-01FFF             100

                                  Symbol Table

?___awdiv                                   cstackBANK0  00026
?___wmul                                    cstackBANK0  00020
?_readGesture                               cstackBANK0  0004F
?_wireReadDataBlock                         cstackBANK0  00026
?_wireWriteDataByte                         cstackBANK0  00026
I2C_Write_Byte@Byte                         cstackBANK0  00023
I2C_Write_Byte@count                        cstackBANK0  00024
IOCCF1_SetInterruptHandler@InterruptHandler cstackBANK0  00020
_ANSELA                                     (abs)        0018C
_ANSELB                                     (abs)        0018D
_ANSELC                                     (abs)        0018E
_GestureInterruptHandler                    text89       00A96
_I2C_ReStart                                text46       00AB4
_I2C_Read_Byte                              text42       00B6B
_I2C_Send_NACK                              text40       00ABD
_I2C_Start                                  text38       00AC3
_I2C_Stop                                   text36       00AC9
_I2C_Write_Byte                             text34       00C2C
_INTCONbits                                 (abs)        0000B
_INTERRUPT_InterruptManager                 intentry     00004
_IOCCF1_DefaultInterruptHandler             text90       00A92
_IOCCF1_ISR                                 text88       00B82
_IOCCF1_InterruptHandler                    nvBANK0      0006D
_IOCCF1_SetInterruptHandler                 text52       00B0A
_IOCCFbits                                  (abs)        00399
_IOCCNbits                                  (abs)        00398
_IOCCPbits                                  (abs)        00397
_LATA                                       (abs)        0010C
_LATAbits                                   (abs)        0010C
_LATB                                       (abs)        0010D
_LATC                                       (abs)        0010E
_LATCbits                                   (abs)        0010E
_LEDs_SetLow                                text23       00B16
_ODCONA                                     (abs)        0028C
_ODCONB                                     (abs)        0028D
_ODCONC                                     (abs)        0028E
_OSCCON1                                    (abs)        00919
_OSCCON3                                    (abs)        0091B
_OSCEN                                      (abs)        0091D
_OSCFRQ                                     (abs)        0091F
_OSCILLATOR_Initialize                      text53       00B4F
_OSCTUNE                                    (abs)        0091E
_PIE0bits                                   (abs)        00090
_PIE1bits                                   (abs)        00091
_PIN_MANAGER_IOC                            text87       00AFE
_PIN_MANAGER_Initialize                     text51       00F30
_PIR0bits                                   (abs)        00010
_PIR1bits                                   (abs)        00011
_PMD0                                       (abs)        00911
_PMD1                                       (abs)        00912
_PMD2                                       (abs)        00913
_PMD3                                       (abs)        00914
_PMD4                                       (abs)        00915
_PMD5                                       (abs)        00916
_PMD_Initialize                             text50       00B47
_RB5PPS                                     (abs)        00E9D
_RB7PPS                                     (abs)        00E9F
_SLRCONA                                    (abs)        0030C
_SLRCONB                                    (abs)        0030D
_SLRCONC                                    (abs)        0030E
_SSP1ADD                                    (abs)        00212
_SSP1BUF                                    (abs)        00211
_SSP1CLKPPS                                 (abs)        00E20
_SSP1CON1                                   (abs)        00215
_SSP1CON1bits                               (abs)        00215
_SSP1CON2                                   (abs)        00216
_SSP1CON2bits                               (abs)        00216
_SSP1DATPPS                                 (abs)        00E21
_SSP1MSK                                    (abs)        00213
_SSP1STAT                                   (abs)        00214
_SSP1STATbits                               (abs)        00214
_SYSTEM_Initialize                          text48       00B76
_TRISA                                      (abs)        0008C
_TRISB                                      (abs)        0008D
_TRISC                                      (abs)        0008E
_WDTCON                                     (abs)        00097
_WDT_Initialize                             text49       00AF0
_WPUA                                       (abs)        0020C
_WPUB                                       (abs)        0020D
_WPUC                                       (abs)        0020E
__CFG_BOREN$ON                              (abs)        00000
__CFG_BORV$LOW                              (abs)        00000
__CFG_CLKOUTEN$OFF                          (abs)        00000
__CFG_CP$OFF                                (abs)        00000
__CFG_CPD$OFF                               (abs)        00000
__CFG_CSWEN$ON                              (abs)        00000
__CFG_DEBUG$OFF                             (abs)        00000
__CFG_FCMEN$ON                              (abs)        00000
__CFG_FEXTOSC$OFF                           (abs)        00000
__CFG_LPBOREN$OFF                           (abs)        00000
__CFG_LVP$ON                                (abs)        00000
__CFG_MCLRE$ON                              (abs)        00000
__CFG_PPS1WAY$ON                            (abs)        00000
__CFG_PWRTE$OFF                             (abs)        00000
__CFG_RSTOSC$HFINT1                         (abs)        00000
__CFG_STVREN$ON                             (abs)        00000
__CFG_WDTE$OFF                              (abs)        00000
__CFG_WRT$OFF                               (abs)        00000
__Habs1                                     abs1         00000
__Hbank0                                    bank0        00000
__Hbank1                                    bank1        00000
__Hbank10                                   bank10       00000
__Hbank11                                   bank11       00000
__Hbank12                                   bank12       00000
__Hbank13                                   bank13       00000
__Hbank14                                   bank14       00000
__Hbank15                                   bank15       00000
__Hbank16                                   bank16       00000
__Hbank17                                   bank17       00000
__Hbank18                                   bank18       00000
__Hbank19                                   bank19       00000
__Hbank2                                    bank2        00000
__Hbank20                                   bank20       00000
__Hbank21                                   bank21       00000
__Hbank22                                   bank22       00000
__Hbank23                                   bank23       00000
__Hbank24                                   bank24       00000
__Hbank25                                   bank25       00000
__Hbank26                                   bank26       00000
__Hbank27                                   bank27       00000
__Hbank28                                   bank28       00000
__Hbank29                                   bank29       00000
__Hbank3                                    bank3        00000
__Hbank30                                   bank30       00000
__Hbank31                                   bank31       00000
__Hbank4                                    bank4        00000
__Hbank5                                    bank5        00000
__Hbank6                                    bank6        00000
__Hbank7                                    bank7        00000
__Hbank8                                    bank8        00000
__Hbank9                                    bank9        00000
__Hbigram                                   bigram       00000
__HbssBANK0                                 bssBANK0     00000
__HbssBANK3                                 bssBANK3     00000
__HbssBANK4                                 bssBANK4     00000
__HbssCOMMON                                bssCOMMON    00000
__Hcinit                                    cinit        0004E
__Hclrtext                                  clrtext      00000
__Hcode                                     code         00000
__Hcommon                                   common       00000
__Hconfig                                   config       0800B
__HcstackBANK0                              cstackBANK0  00000
__HcstackBANK1                              cstackBANK1  00000
__HcstackBANK2                              cstackBANK2  00000
__HcstackCOMMON                             cstackCOMMON 00000
__Heeprom_data                              eeprom_data  00000
__Hend_init                                 end_init     0002D
__Hfunctab                                  functab      00000
__Hidloc                                    idloc        00000
__Hinit                                     init         0002B
__Hintentry                                 intentry     0002B
__Hmaintext                                 maintext     00000
__HnvBANK0                                  nvBANK0      00000
__Hpowerup                                  powerup      00000
__Hram                                      ram          00000
__Hreset_vec                                reset_vec    00002
__Hsfr0                                     sfr0         00000
__Hsfr1                                     sfr1         00000
__Hsfr10                                    sfr10        00000
__Hsfr11                                    sfr11        00000
__Hsfr12                                    sfr12        00000
__Hsfr13                                    sfr13        00000
__Hsfr14                                    sfr14        00000
__Hsfr15                                    sfr15        00000
__Hsfr16                                    sfr16        00000
__Hsfr17                                    sfr17        00000
__Hsfr18                                    sfr18        00000
__Hsfr19                                    sfr19        00000
__Hsfr2                                     sfr2         00000
__Hsfr20                                    sfr20        00000
__Hsfr21                                    sfr21        00000
__Hsfr22                                    sfr22        00000
__Hsfr23                                    sfr23        00000
__Hsfr24                                    sfr24        00000
__Hsfr25                                    sfr25        00000
__Hsfr26                                    sfr26        00000
__Hsfr27                                    sfr27        00000
__Hsfr28                                    sfr28        00000
__Hsfr29                                    sfr29        00000
__Hsfr3                                     sfr3         00000
__Hsfr30                                    sfr30        00000
__Hsfr31                                    sfr31        00000
__Hsfr4                                     sfr4         00000
__Hsfr5                                     sfr5         00000
__Hsfr6                                     sfr6         00000
__Hsfr7                                     sfr7         00000
__Hsfr8                                     sfr8         00000
__Hsfr9                                     sfr9         00000
__Hspace_0                                  (abs)        0800B
__Hspace_1                                  (abs)        00264
__Hspace_2                                  (abs)        00000
__Hspace_3                                  (abs)        00000
__Hstack                                    stack        00000
__Hstrings                                  strings      00000
__Hstringtext1                              stringtext1  00000
__Htext                                     text         00000
__Labs1                                     abs1         00000
__Lbank0                                    bank0        00000
__Lbank1                                    bank1        00000
__Lbank10                                   bank10       00000
__Lbank11                                   bank11       00000
__Lbank12                                   bank12       00000
__Lbank13                                   bank13       00000
__Lbank14                                   bank14       00000
__Lbank15                                   bank15       00000
__Lbank16                                   bank16       00000
__Lbank17                                   bank17       00000
__Lbank18                                   bank18       00000
__Lbank19                                   bank19       00000
__Lbank2                                    bank2        00000
__Lbank20                                   bank20       00000
__Lbank21                                   bank21       00000
__Lbank22                                   bank22       00000
__Lbank23                                   bank23       00000
__Lbank24                                   bank24       00000
__Lbank25                                   bank25       00000
__Lbank26                                   bank26       00000
__Lbank27                                   bank27       00000
__Lbank28                                   bank28       00000
__Lbank29                                   bank29       00000
__Lbank3                                    bank3        00000
__Lbank30                                   bank30       00000
__Lbank31                                   bank31       00000
__Lbank4                                    bank4        00000
__Lbank5                                    bank5        00000
__Lbank6                                    bank6        00000
__Lbank7                                    bank7        00000
__Lbank8                                    bank8        00000
__Lbank9                                    bank9        00000
__Lbigram                                   bigram       00000
__LbssBANK0                                 bssBANK0     00000
__LbssBANK3                                 bssBANK3     00000
__LbssBANK4                                 bssBANK4     00000
__LbssCOMMON                                bssCOMMON    00000
__Lcinit                                    cinit        0002D
__Lclrtext                                  clrtext      00000
__Lcode                                     code         00000
__Lcommon                                   common       00000
__Lconfig                                   config       08007
__LcstackBANK0                              cstackBANK0  00000
__LcstackBANK1                              cstackBANK1  00000
__LcstackBANK2                              cstackBANK2  00000
__LcstackCOMMON                             cstackCOMMON 00000
__Leeprom_data                              eeprom_data  00000
__Lend_init                                 end_init     0002B
__Lfunctab                                  functab      00000
__Lidloc                                    idloc        00000
__Linit                                     init         0002B
__Lintentry                                 intentry     00004
__Lmaintext                                 maintext     00000
__LnvBANK0                                  nvBANK0      00000
__Lpowerup                                  powerup      00000
__Lram                                      ram          00000
__Lreset_vec                                reset_vec    00000
__Lsfr0                                     sfr0         00000
__Lsfr1                                     sfr1         00000
__Lsfr10                                    sfr10        00000
__Lsfr11                                    sfr11        00000
__Lsfr12                                    sfr12        00000
__Lsfr13                                    sfr13        00000
__Lsfr14                                    sfr14        00000
__Lsfr15                                    sfr15        00000
__Lsfr16                                    sfr16        00000
__Lsfr17                                    sfr17        00000
__Lsfr18                                    sfr18        00000
__Lsfr19                                    sfr19        00000
__Lsfr2                                     sfr2         00000
__Lsfr20                                    sfr20        00000
__Lsfr21                                    sfr21        00000
__Lsfr22                                    sfr22        00000
__Lsfr23                                    sfr23        00000
__Lsfr24                                    sfr24        00000
__Lsfr25                                    sfr25        00000
__Lsfr26                                    sfr26        00000
__Lsfr27                                    sfr27        00000
__Lsfr28                                    sfr28        00000
__Lsfr29                                    sfr29        00000
__Lsfr3                                     sfr3         00000
__Lsfr30                                    sfr30        00000
__Lsfr31                                    sfr31        00000
__Lsfr4                                     sfr4         00000
__Lsfr5                                     sfr5         00000
__Lsfr6                                     sfr6         00000
__Lsfr7                                     sfr7         00000
__Lsfr8                                     sfr8         00000
__Lsfr9                                     sfr9         00000
__Lspace_0                                  (abs)        00000
__Lspace_1                                  (abs)        00000
__Lspace_2                                  (abs)        00000
__Lspace_3                                  (abs)        00000
__Lstack                                    stack        00000
__Lstrings                                  strings      00000
__Lstringtext1                              stringtext1  00000
__Ltext                                     text         00000
__S0                                        (abs)        0800B
__S1                                        (abs)        00264
__S2                                        (abs)        00000
__S3                                        (abs)        00000
___awdiv                                    text20       00711
___awdiv@counter                            cstackBANK0  0002B
___awdiv@dividend                           cstackBANK0  00028
___awdiv@divisor                            cstackBANK0  00026
___awdiv@quotient                           cstackBANK0  0002D
___awdiv@sign                               cstackBANK0  0002C
___int_sp                                   stack        00000
___latbits                                  (abs)        00002
___sp                                       stack        00000
___stackhi                                  (abs)        023EF
___stacklo                                  (abs)        02184
___wmul                                     text19       00C48
___wmul@multiplicand                        cstackBANK0  00022
___wmul@multiplier                          cstackBANK0  00020
___wmul@product                             cstackBANK0  00024
__end_of_GestureInterruptHandler            text89       00A99
__end_of_I2C_ReStart                        text46       00AB7
__end_of_I2C_Read_Byte                      text42       00B76
__end_of_I2C_Send_NACK                      text40       00AC0
__end_of_I2C_Start                          text38       00AC6
__end_of_I2C_Stop                           text36       00ACC
__end_of_I2C_Write_Byte                     text34       00C48
__end_of_INTERRUPT_InterruptManager         intentry     0002B
__end_of_IOCCF1_DefaultInterruptHandler     text90       00A93
__end_of_IOCCF1_ISR                         text88       00B8F
__end_of_IOCCF1_SetInterruptHandler         text52       00B10
__end_of_LEDs_SetLow                        text23       00B1C
__end_of_OSCILLATOR_Initialize              text53       00B58
__end_of_PIN_MANAGER_IOC                    text87       00B04
__end_of_PIN_MANAGER_Initialize             text51       00F6B
__end_of_PMD_Initialize                     text50       00B4F
__end_of_SYSTEM_Initialize                  text48       00B82
__end_of_WDT_Initialize                     text49       00AF4
__end_of___awdiv                            text20       00763
__end_of___wmul                             text19       00C64
__end_of__initialization                    cinit        0004A
__end_of_decodeGesture                      text22       004A7
__end_of_do_I2C_DO_ACK                      text64       00AE8
__end_of_do_I2C_DO_ADDRESS_NACK             text61       00E0A
__end_of_do_I2C_DO_NACK_RESTART             text62       00AF0
__end_of_do_I2C_DO_NACK_STOP                text63       00AEC
__end_of_do_I2C_IDLE                        text72       00AFE
__end_of_do_I2C_RCEN                        text65       00B0A
__end_of_do_I2C_RESET                       text73       00B29
__end_of_do_I2C_RX                          text59       00FB1
__end_of_do_I2C_SEND_ADR_READ               text67       00B47
__end_of_do_I2C_SEND_ADR_WRITE              text66       00B30
__end_of_do_I2C_SEND_RESTART                text69       00AE0
__end_of_do_I2C_SEND_RESTART_READ           text71       00AD8
__end_of_do_I2C_SEND_RESTART_WRITE          text70       00ADC
__end_of_do_I2C_SEND_STOP                   text68       00AE4
__end_of_do_I2C_TX                          text60       01000
__end_of_do_I2C_TX_EMPTY                    text74       00E66
__end_of_enableGestureSensor                text24       00711
__end_of_enablePower                        text29       00B9D
__end_of_fsmStateTable                      stringtext1  01020
__end_of_getMode                            text32       00B61
__end_of_handleGesture                      text15       00F30
__end_of_i2c1_driver_TXData                 text35       00B16
__end_of_i2c1_driver_clearBusCollision      text56       00AAE
__end_of_i2c1_driver_getRXData              text45       00ABA
__end_of_i2c1_driver_isBufferFull           text44       00B37
__end_of_i2c1_driver_isNACK                 text76       00B3F
__end_of_i2c1_driver_open                   text14       00B6B
__end_of_i2c1_driver_resetBus               text80       00A94
__end_of_i2c1_driver_restart                text47       00AB4
__end_of_i2c1_driver_sendACK                text86       00AD0
__end_of_i2c1_driver_sendNACK               text41       00800
__end_of_i2c1_driver_start                  text39       00AC3
__end_of_i2c1_driver_startRX                text43       00ABD
__end_of_i2c1_driver_stop                   text37       00AC9
__end_of_i2c_ISR                            text57       00CF1
__end_of_i2c_busCollisionISR                text55       00AB1
__end_of_initialize                         text1        005BD
__end_of_isGestureAvailable                 text21       00BB0
__end_of_main                               maintext     00CCB
__end_of_mssp1_clearIRQ                     text58       00AAB
__end_of_mssp1_setIRQ                       text75       00AA8
__end_of_processGestureData                 text18       00319
__end_of_readGesture                        text16       006AD
__end_of_resetGestureParameters             text28       00C11
__end_of_returnReset                        text82       00004
__end_of_returnStop                         text83       00A96
__end_of_setAmbientLightGain                text13       00C82
__end_of_setGestureEnterThresh              text12       00BC3
__end_of_setGestureExitThresh               text11       00BD6
__end_of_setGestureGain                     text10       00ECA
__end_of_setGestureIntEnable                text27       00E35
__end_of_setGestureLEDDrive                 text9        00EFC
__end_of_setGestureMode                     text26       00D18
__end_of_setGestureWaitTime                 text8        00D3F
__end_of_setLEDBoost                        text25       00E98
__end_of_setLEDDrive                        text7        00DB6
__end_of_setLightIntHighThreshold           text6        00D66
__end_of_setLightIntLowThreshold            text5        00D8D
__end_of_setMode                            text30       007B2
__end_of_setProxIntHighThresh               text4        00BE9
__end_of_setProxIntLowThresh                text3        00BFC
__end_of_setProximityGain                   text2        00DDF
__end_of_wireReadDataBlock                  text17       007FC
__end_of_wireReadDataByte                   text33       00CA6
__end_of_wireWriteDataByte                  text31       00C2C
__end_ofi1_i2c1_driver_TXData               text77       00AF9
__end_ofi1_i2c1_driver_getRXData            text78       00AA5
__end_ofi1_i2c1_driver_restart              text85       00A9C
__end_ofi1_i2c1_driver_sendNACK             text79       00AD4
__end_ofi1_i2c1_driver_startRX              text81       00AA2
__end_ofi1_i2c1_driver_stop                 text84       00A9F
__initialization                            cinit        0002D
__pbssBANK0                                 bssBANK0     0005D
__pbssBANK3                                 bssBANK3     001A0
__pbssBANK4                                 bssBANK4     00220
__pbssCOMMON                                bssCOMMON    00070
__pcstackBANK0                              cstackBANK0  00020
__pcstackBANK1                              cstackBANK1  000A0
__pcstackBANK2                              cstackBANK2  00120
__pcstackCOMMON                             cstackCOMMON 00076
__pintentry                                 intentry     00004
__pmaintext                                 maintext     00CA6
__pnvBANK0                                  nvBANK0      0006D
__pstringtext1                              stringtext1  01000
__ptext1                                    text1        004A7
__ptext10                                   text10       00E98
__ptext11                                   text11       00BC3
__ptext12                                   text12       00BB0
__ptext13                                   text13       00C64
__ptext14                                   text14       00B61
__ptext15                                   text15       00EFC
__ptext16                                   text16       005BD
__ptext17                                   text17       007B2
__ptext18                                   text18       0004E
__ptext19                                   text19       00C48
__ptext2                                    text2        00DB6
__ptext20                                   text20       00711
__ptext21                                   text21       00B9D
__ptext22                                   text22       00319
__ptext23                                   text23       00B16
__ptext24                                   text24       006AD
__ptext25                                   text25       00E66
__ptext26                                   text26       00CF1
__ptext27                                   text27       00E0A
__ptext28                                   text28       00BFC
__ptext29                                   text29       00B8F
__ptext3                                    text3        00BE9
__ptext30                                   text30       00763
__ptext31                                   text31       00C11
__ptext32                                   text32       00B58
__ptext33                                   text33       00C82
__ptext34                                   text34       00C2C
__ptext35                                   text35       00B10
__ptext36                                   text36       00AC9
__ptext37                                   text37       00AC6
__ptext38                                   text38       00AC3
__ptext39                                   text39       00AC0
__ptext4                                    text4        00BD6
__ptext40                                   text40       00ABD
__ptext41                                   text41       007FC
__ptext42                                   text42       00B6B
__ptext43                                   text43       00ABA
__ptext44                                   text44       00B30
__ptext45                                   text45       00AB7
__ptext46                                   text46       00AB4
__ptext47                                   text47       00AB1
__ptext48                                   text48       00B76
__ptext49                                   text49       00AF0
__ptext5                                    text5        00D66
__ptext50                                   text50       00B47
__ptext51                                   text51       00F30
__ptext52                                   text52       00B0A
__ptext53                                   text53       00B4F
__ptext55                                   text55       00AAE
__ptext56                                   text56       00AAB
__ptext57                                   text57       00CCB
__ptext58                                   text58       00AA8
__ptext59                                   text59       00F6B
__ptext6                                    text6        00D3F
__ptext60                                   text60       00FB1
__ptext61                                   text61       00DDF
__ptext62                                   text62       00AEC
__ptext63                                   text63       00AE8
__ptext64                                   text64       00AE4
__ptext65                                   text65       00B04
__ptext66                                   text66       00B29
__ptext67                                   text67       00B3F
__ptext68                                   text68       00AE0
__ptext69                                   text69       00ADC
__ptext7                                    text7        00D8D
__ptext70                                   text70       00AD8
__ptext71                                   text71       00AD4
__ptext72                                   text72       00AF9
__ptext73                                   text73       00B22
__ptext74                                   text74       00E35
__ptext75                                   text75       00AA5
__ptext76                                   text76       00B37
__ptext77                                   text77       00AF4
__ptext78                                   text78       00AA2
__ptext79                                   text79       00AD0
__ptext8                                    text8        00D18
__ptext80                                   text80       00A93
__ptext81                                   text81       00A9F
__ptext82                                   text82       00002
__ptext83                                   text83       00A94
__ptext84                                   text84       00A9C
__ptext85                                   text85       00A99
__ptext86                                   text86       00ACC
__ptext87                                   text87       00AFE
__ptext88                                   text88       00B82
__ptext89                                   text89       00A96
__ptext9                                    text9        00ECA
__ptext90                                   text90       00A92
__size_of_GestureInterruptHandler           (abs)        00000
__size_of_I2C_ReStart                       (abs)        00000
__size_of_I2C_Read_Byte                     (abs)        00000
__size_of_I2C_Send_NACK                     (abs)        00000
__size_of_I2C_Start                         (abs)        00000
__size_of_I2C_Stop                          (abs)        00000
__size_of_I2C_Write_Byte                    (abs)        00000
__size_of_INTERRUPT_InterruptManager        (abs)        00000
__size_of_IOCCF1_DefaultInterruptHandler    (abs)        00000
__size_of_IOCCF1_ISR                        (abs)        00000
__size_of_IOCCF1_SetInterruptHandler        (abs)        00000
__size_of_LEDs_SetLow                       (abs)        00000
__size_of_OSCILLATOR_Initialize             (abs)        00000
__size_of_PIN_MANAGER_IOC                   (abs)        00000
__size_of_PIN_MANAGER_Initialize            (abs)        00000
__size_of_PMD_Initialize                    (abs)        00000
__size_of_SYSTEM_Initialize                 (abs)        00000
__size_of_WDT_Initialize                    (abs)        00000
__size_of___awdiv                           (abs)        00000
__size_of___wmul                            (abs)        00000
__size_of_decodeGesture                     (abs)        00000
__size_of_do_I2C_DO_ACK                     (abs)        00000
__size_of_do_I2C_DO_ADDRESS_NACK            (abs)        00000
__size_of_do_I2C_DO_NACK_RESTART            (abs)        00000
__size_of_do_I2C_DO_NACK_STOP               (abs)        00000
__size_of_do_I2C_IDLE                       (abs)        00000
__size_of_do_I2C_RCEN                       (abs)        00000
__size_of_do_I2C_RESET                      (abs)        00000
__size_of_do_I2C_RX                         (abs)        00000
__size_of_do_I2C_SEND_ADR_READ              (abs)        00000
__size_of_do_I2C_SEND_ADR_WRITE             (abs)        00000
__size_of_do_I2C_SEND_RESTART               (abs)        00000
__size_of_do_I2C_SEND_RESTART_READ          (abs)        00000
__size_of_do_I2C_SEND_RESTART_WRITE         (abs)        00000
__size_of_do_I2C_SEND_STOP                  (abs)        00000
__size_of_do_I2C_TX                         (abs)        00000
__size_of_do_I2C_TX_EMPTY                   (abs)        00000
__size_of_enableGestureSensor               (abs)        00000
__size_of_enablePower                       (abs)        00000
__size_of_getMode                           (abs)        00000
__size_of_handleGesture                     (abs)        00000
__size_of_i2c1_driver_TXData                (abs)        00000
__size_of_i2c1_driver_clearBusCollision     (abs)        00000
__size_of_i2c1_driver_getRXData             (abs)        00000
__size_of_i2c1_driver_isBufferFull          (abs)        00000
__size_of_i2c1_driver_isNACK                (abs)        00000
__size_of_i2c1_driver_open                  (abs)        00000
__size_of_i2c1_driver_resetBus              (abs)        00000
__size_of_i2c1_driver_restart               (abs)        00000
__size_of_i2c1_driver_sendACK               (abs)        00000
__size_of_i2c1_driver_sendNACK              (abs)        00000
__size_of_i2c1_driver_start                 (abs)        00000
__size_of_i2c1_driver_startRX               (abs)        00000
__size_of_i2c1_driver_stop                  (abs)        00000
__size_of_i2c_ISR                           (abs)        00000
__size_of_i2c_busCollisionISR               (abs)        00000
__size_of_initialize                        (abs)        00000
__size_of_isGestureAvailable                (abs)        00000
__size_of_main                              (abs)        00000
__size_of_mssp1_clearIRQ                    (abs)        00000
__size_of_mssp1_setIRQ                      (abs)        00000
__size_of_processGestureData                (abs)        00000
__size_of_readGesture                       (abs)        00000
__size_of_resetGestureParameters            (abs)        00000
__size_of_returnReset                       (abs)        00000
__size_of_returnStop                        (abs)        00000
__size_of_setAmbientLightGain               (abs)        00000
__size_of_setGestureEnterThresh             (abs)        00000
__size_of_setGestureExitThresh              (abs)        00000
__size_of_setGestureGain                    (abs)        00000
__size_of_setGestureIntEnable               (abs)        00000
__size_of_setGestureLEDDrive                (abs)        00000
__size_of_setGestureMode                    (abs)        00000
__size_of_setGestureWaitTime                (abs)        00000
__size_of_setLEDBoost                       (abs)        00000
__size_of_setLEDDrive                       (abs)        00000
__size_of_setLightIntHighThreshold          (abs)        00000
__size_of_setLightIntLowThreshold           (abs)        00000
__size_of_setMode                           (abs)        00000
__size_of_setProxIntHighThresh              (abs)        00000
__size_of_setProxIntLowThresh               (abs)        00000
__size_of_setProximityGain                  (abs)        00000
__size_of_wireReadDataBlock                 (abs)        00000
__size_of_wireReadDataByte                  (abs)        00000
__size_of_wireWriteDataByte                 (abs)        00000
__size_ofi1_i2c1_driver_TXData              (abs)        00000
__size_ofi1_i2c1_driver_getRXData           (abs)        00000
__size_ofi1_i2c1_driver_restart             (abs)        00000
__size_ofi1_i2c1_driver_sendNACK            (abs)        00000
__size_ofi1_i2c1_driver_startRX             (abs)        00000
__size_ofi1_i2c1_driver_stop                (abs)        00000
_decodeGesture                              text22       00319
_decodeGesture$1277                         cstackBANK0  00022
_decodeGesture$1278                         cstackBANK0  00024
_decodeGesture$1279                         cstackBANK0  00026
_decodeGesture$1280                         cstackBANK0  00028
_decodeGesture$1281                         cstackBANK0  0002A
_decodeGesture$1282                         cstackBANK0  0002C
_decodeGesture$1283                         cstackBANK0  0002E
_decodeGesture$1284                         cstackBANK0  00030
_do_I2C_DO_ACK                              text64       00AE4
_do_I2C_DO_ADDRESS_NACK                     text61       00DDF
_do_I2C_DO_NACK_RESTART                     text62       00AEC
_do_I2C_DO_NACK_STOP                        text63       00AE8
_do_I2C_IDLE                                text72       00AF9
_do_I2C_RCEN                                text65       00B04
_do_I2C_RESET                               text73       00B22
_do_I2C_RX                                  text59       00F6B
_do_I2C_SEND_ADR_READ                       text67       00B3F
_do_I2C_SEND_ADR_WRITE                      text66       00B29
_do_I2C_SEND_RESTART                        text69       00ADC
_do_I2C_SEND_RESTART_READ                   text71       00AD4
_do_I2C_SEND_RESTART_WRITE                  text70       00AD8
_do_I2C_SEND_STOP                           text68       00AE0
_do_I2C_TX                                  text60       00FB1
_do_I2C_TX_EMPTY                            text74       00E35
_enableGestureSensor                        text24       006AD
_enablePower                                text29       00B8F
_fsmStateTable                              stringtext1  01000
_gesture_data_                              bssBANK4     00220
_gesture_far_count_                         bssBANK0     00061
_gesture_lr_count_                          bssBANK0     00065
_gesture_lr_delta_                          bssBANK0     00069
_gesture_motion_                            bssBANK0     0005D
_gesture_near_count_                        bssBANK0     00063
_gesture_state_                             bssBANK0     0005F
_gesture_ud_count_                          bssBANK0     00067
_gesture_ud_delta_                          bssBANK0     0006B
_getMode                                    text32       00B58
_handleGesture                              text15       00EFC
_handleGestureFlag                          bssCOMMON    00075
_i2c1_driver_TXData                         text35       00B10
_i2c1_driver_busCollisionISR                bssCOMMON    00072
_i2c1_driver_clearBusCollision              text56       00AAB
_i2c1_driver_getRXData                      text45       00AB7
_i2c1_driver_i2cISR                         bssCOMMON    00070
_i2c1_driver_isBufferFull                   text44       00B30
_i2c1_driver_isNACK                         text76       00B37
_i2c1_driver_open                           text14       00B61
[...]
                  1    wreg      void 
 Registers used:
		None
 Tracked objects:
		On entry : 
		On exit  : 
		Unchanged: 
 Data sizes:     COMMON   BANK0   BANK1   BANK2   BANK3   BANK4   BANK5   BANK6   BANK7   BANK8   BANK9  BANK10  BANK11  BANK12
      Params:         0       0       0       0       0       0       0       0       0       0       0       0       0       0
      Locals:         0       0       0       0       0       0       0       0       0       0       0       0       0       0
      Temps:          0       0       0       0       0       0       0       0       0       0       0       0       0       0
      Totals:         0       0       0       0       0       0       0       0       0       0       0       0       0       0
Total ram usage:        0 bytes
 Hardware stack levels used:    1
 This function calls:
		Nothing
 This function is called by:
		_do_I2C_RESET
 This function uses a non-reentrant model


 *************** function i1_i2c1_driver_startRX *****************
 Defined at:
		line 166 in file "mcc_generated_files/i2c1_driver.c"
 Parameters:    Size  Location     Type
		None
 Auto vars:     Size  Location     Type
		None
 Return value:  Size  Location     Type
                  1    wreg      void 
 Registers used:
		None
 Tracked objects:
		On entry : 
		On exit  : 
		Unchanged: 
 Data sizes:     COMMON   BANK0   BANK1   BANK2   BANK3   BANK4   BANK5   BANK6   BANK7   BANK8   BANK9  BANK10  BANK11  BANK12
      Params:         0       0       0       0       0       0       0       0       0       0       0       0       0       0
      Locals:         0       0       0       0       0       0       0       0       0       0       0       0       0       0
      Temps:          0       0       0       0       0       0       0       0       0       0       0       0       0       0
      Totals:         0       0       0       0       0       0       0       0       0       0       0       0       0       0
Total ram usage:        0 bytes
 Hardware stack levels used:    1
 This function calls:
		Nothing
 This function is called by:
		_do_I2C_RCEN
 This function uses a non-reentrant model


 *************** function _returnReset *****************
 Defined at:
		line 448 in file "mcc_generated_files/drivers/i2c_master.c"
 Parameters:    Size  Location     Type
  p               1    0[COMMON] PTR void 
		 -> NULL(0), 
 Auto vars:     Size  Location     Type
		None
 Return value:  Size  Location     Type
                  1    wreg      enum E6966
 Registers used:
		wreg
 Tracked objects:
		On entry : 
		On exit  : 
		Unchanged: 
 Data sizes:     COMMON   BANK0   BANK1   BANK2   BANK3   BANK4   BANK5   BANK6   BANK7   BANK8   BANK9  BANK10  BANK11  BANK12
      Params:         1       0       0       0       0       0       0       0       0       0       0       0       0       0
      Locals:         0       0       0       0       0       0       0       0       0       0       0       0       0       0
      Temps:          0       0       0       0       0       0       0       0       0       0       0       0       0       0
      Totals:         1       0       0       0       0       0       0       0       0       0       0       0       0       0
Total ram usage:        1 bytes
 Hardware stack levels used:    1
 This function calls:
		Nothing
 This function is called by:
		_i2c_open
		_do_I2C_DO_ADDRESS_NACK
		_do_I2C_TX
		_do_I2C_RX
		_do_I2C_TX_EMPTY
 This function uses a non-reentrant model


 *************** function _returnStop *****************
 Defined at:
		line 443 in file "mcc_generated_files/drivers/i2c_master.c"
 Parameters:    Size  Location     Type
  p               1    0[COMMON] PTR void 
		 -> NULL(0), 
 Auto vars:     Size  Location     Type
		None
 Return value:  Size  Location     Type
                  1    wreg      enum E6966
 Registers used:
		wreg
 Tracked objects:
		On entry : 
		On exit  : 
		Unchanged: 
 Data sizes:     COMMON   BANK0   BANK1   BANK2   BANK3   BANK4   BANK5   BANK6   BANK7   BANK8   BANK9  BANK10  BANK11  BANK12
      Params:         1       0       0       0       0       0       0       0       0       0       0       0       0       0
      Locals:         0       0       0       0       0       0       0       0       0       0       0       0       0       0
      Temps:          0       0       0       0       0       0       0       0       0       0       0       0       0       0
      Totals:         1       0       0       0       0       0       0       0       0       0       0       0       0       0
Total ram usage:        1 bytes
 Hardware stack levels used:    1
 This function calls:
		Nothing
 This function is called by:
		_i2c_open
		_setCallBack
		_do_I2C_DO_ADDRESS_NACK
		_do_I2C_TX
		_do_I2C_RX
		_do_I2C_TX_EMPTY
 This function uses a non-reentrant model


 *************** function i1_i2c1_driver_stop *****************
 Defined at:
		line 156 in file "mcc_generated_files/i2c1_driver.c"
 Parameters:    Size  Location     Type
		None
 Auto vars:     Size  Location     Type
		None
 Return value:  Size  Location     Type
                  1    wreg      void 
 Registers used:
		None
 Tracked objects:
		On entry : 
		On exit  : 
		Unchanged: 
 Data sizes:     COMMON   BANK0   BANK1   BANK2   BANK3   BANK4   BANK5   BANK6   BANK7   BANK8   BANK9  BANK10  BANK11  BANK12
      Params:         0       0       0       0       0       0       0       0       0       0       0       0       0       0
      Locals:         0       0       0       0       0       0       0       0       0       0       0       0       0       0
      Temps:          0       0       0       0       0       0       0       0       0       0       0       0       0       0
      Totals:         0       0       0       0       0       0       0       0       0       0       0       0       0       0
Total ram usage:        0 bytes
 Hardware stack levels used:    1
 This function calls:
		Nothing
 This function is called by:
		_do_I2C_SEND_STOP
 This function uses a non-reentrant model


 *************** function i1_i2c1_driver_restart *****************
 Defined at:
		line 151 in file "mcc_generated_files/i2c1_driver.c"
 Parameters:    Size  Location     Type
		None
 Auto vars:     Size  Location     Type
		None
 Return value:  Size  Location     Type
                  1    wreg      void 
 Registers used:
		None
 Tracked objects:
		On entry : 
		On exit  : 
		Unchanged: 
 Data sizes:     COMMON   BANK0   BANK1   BANK2   BANK3   BANK4   BANK5   BANK6   BANK7   BANK8   BANK9  BANK10  BANK11  BANK12
      Params:         0       0       0       0       0       0       0       0       0       0       0       0       0       0
      Locals:         0       0       0       0       0       0       0       0       0       0       0       0       0       0
      Temps:          0       0       0       0       0       0       0       0       0       0       0       0       0       0
      Totals:         0       0       0       0       0       0       0       0       0       0       0       0       0       0
Total ram usage:        0 bytes
 Hardware stack levels used:    1
 This function calls:
		Nothing
 This function is called by:
		_do_I2C_SEND_RESTART_READ
		_do_I2C_SEND_RESTART_WRITE
		_do_I2C_SEND_RESTART
 This function uses a non-reentrant model


 *************** function _i2c1_driver_sendACK *****************
 Defined at:
		line 196 in file "mcc_generated_files/i2c1_driver.c"
 Parameters:    Size  Location     Type
		None
 Auto vars:     Size  Location     Type
		None
 Return value:  Size  Location     Type
                  1    wreg      void 
 Registers used:
		None
 Tracked objects:
		On entry : 
		On exit  : 
		Unchanged: 
 Data sizes:     COMMON   BANK0   BANK1   BANK2   BANK3   BANK4   BANK5   BANK6   BANK7   BANK8   BANK9  BANK10  BANK11  BANK12
      Params:         0       0       0       0       0       0       0       0       0       0       0       0       0       0
      Locals:         0       0       0       0       0       0       0       0       0       0       0       0       0       0
      Temps:          0       0       0       0       0       0       0       0       0       0       0       0       0       0
      Totals:         0       0       0       0       0       0       0       0       0       0       0       0       0       0
Total ram usage:        0 bytes
 Hardware stack levels used:    1
 This function calls:
		Nothing
 This function is called by:
		_do_I2C_DO_ACK
		_do_I2C_RX
		_I2C_Send_ACK
 This function uses a non-reentrant model


 *************** function _PIN_MANAGER_IOC *****************
 Defined at:
		line 127 in file "mcc_generated_files/pin_manager.c"
 Parameters:    Size  Location     Type
		None
 Auto vars:     Size  Location     Type
		None
 Return value:  Size  Location     Type
                  1    wreg      void 
 Registers used:
		wreg, status,2, status,0, pclath, cstack
 Tracked objects:
		On entry : 
		On exit  : 
		Unchanged: 
 Data sizes:     COMMON   BANK0   BANK1   BANK2   BANK3   BANK4   BANK5   BANK6   BANK7   BANK8   BANK9  BANK10  BANK11  BANK12
      Params:         0       0       0       0       0       0       0       0       0       0       0       0       0       0
      Locals:         0       0       0       0       0       0       0       0       0       0       0       0       0       0
      Temps:          0       0       0       0       0       0       0       0       0       0       0       0       0       0
      Totals:         0       0       0       0       0       0       0       0       0       0       0       0       0       0
Total ram usage:        0 bytes
 Hardware stack levels used:    1
 Hardware stack levels required when called:    2
 This function calls:
		_IOCCF1_ISR
 This function is called by:
		_INTERRUPT_InterruptManager
 This function uses a non-reentrant model


 *************** function _IOCCF1_ISR *****************
 Defined at:
		line 139 in file "mcc_generated_files/pin_manager.c"
 Parameters:    Size  Location     Type
		None
 Auto vars:     Size  Location     Type
		None
 Return value:  Size  Location     Type
                  1    wreg      void 
 Registers used:
		wreg, status,2, status,0, pclath, cstack
 Tracked objects:
		On entry : 
		On exit  : 
		Unchanged: 
 Data sizes:     COMMON   BANK0   BANK1   BANK2   BANK3   BANK4   BANK5   BANK6   BANK7   BANK8   BANK9  BANK10  BANK11  BANK12
      Params:         0       0       0       0       0       0       0       0       0       0       0       0       0       0
      Locals:         0       0       0       0       0       0       0       0       0       0       0       0       0       0
      Temps:          0       0       0       0       0       0       0       0       0       0       0       0       0       0
      Totals:         0       0       0       0       0       0       0       0       0       0       0       0       0       0
Total ram usage:        0 bytes
 Hardware stack levels used:    1
 Hardware stack levels required when called:    1
 This function calls:
		Absolute function
		_GestureInterruptHandler
		_IOCCF1_DefaultInterruptHandler
 This function is called by:
		_PIN_MANAGER_IOC
 This function uses a non-reentrant model


 *************** function _GestureInterruptHandler *****************
 Defined at:
		line 54 in file "main.c"
 Parameters:    Size  Location     Type
		None
 Auto vars:     Size  Location     Type
		None
 Return value:  Size  Location     Type
                  1    wreg      void 
 Registers used:
		None
 Tracked objects:
		On entry : 
		On exit  : 
		Unchanged: 
 Data sizes:     COMMON   BANK0   BANK1   BANK2   BANK3   BANK4   BANK5   BANK6   BANK7   BANK8   BANK9  BANK10  BANK11  BANK12
      Params:         0       0       0       0       0       0       0       0       0       0       0       0       0       0
      Locals:         0       0       0       0       0       0       0       0       0       0       0       0       0       0
      Temps:          0       0       0       0       0       0       0       0       0       0       0       0       0       0
      Totals:         0       0       0       0       0       0       0       0       0       0       0       0       0       0
Total ram usage:        0 bytes
 Hardware stack levels used:    1
 This function calls:
		Nothing
 This function is called by:
		_main
		_IOCCF1_ISR
 This function uses a non-reentrant model


 *************** function _IOCCF1_DefaultInterruptHandler *****************
 Defined at:
		line 161 in file "mcc_generated_files/pin_manager.c"
 Parameters:    Size  Location     Type
		None
 Auto vars:     Size  Location     Type
		None
 Return value:  Size  Location     Type
                  1    wreg      void 
 Registers used:
		None
 Tracked objects:
		On entry : 
		On exit  : 
		Unchanged: 
 Data sizes:     COMMON   BANK0   BANK1   BANK2   BANK3   BANK4   BANK5   BANK6   BANK7   BANK8   BANK9  BANK10  BANK11  BANK12
      Params:         0       0       0       0       0       0       0       0       0       0       0       0       0       0
      Locals:         0       0       0       0       0       0       0       0       0       0       0       0       0       0
      Temps:          0       0       0       0       0       0       0       0       0       0       0       0       0       0
      Totals:         0       0       0       0       0       0       0       0       0       0       0       0       0       0
Total ram usage:        0 bytes
 Hardware stack levels used:    1
 This function calls:
		Nothing
 This function is called by:
		_PIN_MANAGER_Initialize
		_IOCCF1_ISR
 This function uses a non-reentrant model



MODULE INFORMATION

Module		Function		Class		Link	Load	Size
mcc_generated_files/interrupt_manager.c
		_INTERRUPT_InterruptManager		CODE           	0004	0000	40

mcc_generated_files/interrupt_manager.c estimated size: 40

i2c.c
		_I2C_Stop      		CODE           	0AC9	0000	4
		_I2C_Write_Byte		CODE           	0C2C	0000	29
		_I2C_Read_Byte 		CODE           	0B6B	0000	12
		_I2C_Send_NACK 		CODE           	0ABD	0000	4
		_I2C_Start     		CODE           	0AC3	0000	4
		_I2C_ReStart   		CODE           	0AB4	0000	4

i2c.c estimated size: 57

mcc_generated_files/pin_manager.c
		_PIN_MANAGER_Initialize		CODE           	0F30	0000	60
		_IOCCF1_DefaultInterruptHandler		CODE           	0A92	0000	2
		_IOCCF1_ISR    		CODE           	0B82	0000	14
		_PIN_MANAGER_IOC		CODE           	0AFE	0000	7
		_IOCCF1_SetInterruptHandler		CODE           	0B0A	0000	7

mcc_generated_files/pin_manager.c estimated size: 90

C:\Program Files (x86)\Microchip\xc8\v2.05\pic\sources\c99\common\awdiv.c
		___awdiv       		CODE           	0711	0000	83

C:\Program Files (x86)\Microchip\xc8\v2.05\pic\sources\c99\common\awdiv.c estimated size: 83

shared
		i1_i2c1_driver_sendNACK		CODE           	0AD0	0000	5
		__initialization		CODE           	002D	0000	30
		i1_i2c1_driver_restart		CODE           	0A99	0000	4
		i1_i2c1_driver_stop		CODE           	0A9C	0000	4
		i1_i2c1_driver_startRX		CODE           	0A9F	0000	4
		_fsmStateTable 		STRCODE        	1000	0000	33
		i1_i2c1_driver_getRXData		CODE           	0AA2	0000	4
		i1_i2c1_driver_TXData		CODE           	0AF4	0000	6

shared estimated size: 90

mcc_generated_files/mcc.c
		_WDT_Initialize		CODE           	0AF0	0000	5
		_PMD_Initialize		CODE           	0B47	0000	9
		_OSCILLATOR_Initialize		CODE           	0B4F	0000	10
		_SYSTEM_Initialize		CODE           	0B76	0000	13

mcc_generated_files/mcc.c estimated size: 37

C:\Program Files (x86)\Microchip\xc8\v2.05\pic\sources\c99\common\Umul16.c
		___wmul        		CODE           	0C48	0000	29

C:\Program Files (x86)\Microchip\xc8\v2.05\pic\sources\c99\common\Umul16.c estimated size: 29

mcc_generated_files/drivers/i2c_master.c
		_returnStop    		CODE           	0A94	0000	3
		_i2c_busCollisionISR		CODE           	0AAE	0000	4
		_i2c_ISR       		CODE           	0CCB	0000	39
		_do_I2C_TX_EMPTY		CODE           	0E35	0000	50
		_returnReset   		CODE           	0002	0000	3
		_do_I2C_SEND_RESTART_WRITE		CODE           	0AD8	0000	5
		_do_I2C_DO_NACK_RESTART		CODE           	0AEC	0000	5
		_do_I2C_SEND_RESTART_READ		CODE           	0AD4	0000	5
		_do_I2C_SEND_ADR_WRITE		CODE           	0B29	0000	8
		_do_I2C_SEND_STOP		CODE           	0AE0	0000	5
		_do_I2C_SEND_ADR_READ		CODE           	0B3F	0000	9
		_do_I2C_DO_NACK_STOP		CODE           	0AE8	0000	5
		_do_I2C_SEND_RESTART		CODE           	0ADC	0000	5
		_do_I2C_RX     		CODE           	0F6B	0000	71
		_do_I2C_TX     		CODE           	0FB1	0000	80
		_do_I2C_IDLE   		CODE           	0AF9	0000	6
		_do_I2C_RCEN   		CODE           	0B04	0000	7
		_do_I2C_DO_ADDRESS_NACK		CODE           	0DDF	0000	44
		_do_I2C_RESET  		CODE           	0B22	0000	8
		_do_I2C_DO_ACK 		CODE           	0AE4	0000	5

mcc_generated_files/drivers/i2c_master.c estimated size: 367

mcc_generated_files/i2c1_driver.c
		_i2c1_driver_isBufferFull		CODE           	0B30	0000	8
		_i2c1_driver_open		CODE           	0B61	0000	11
		_i2c1_driver_isNACK		CODE           	0B37	0000	9
		_i2c1_driver_stop		CODE           	0AC6	0000	4
		_i2c1_driver_getRXData		CODE           	0AB7	0000	4
		_i2c1_driver_TXData		CODE           	0B10	0000	7
		_i2c1_driver_start		CODE           	0AC0	0000	4
		_i2c1_driver_sendACK		CODE           	0ACC	0000	5
		_mssp1_setIRQ  		CODE           	0AA5	0000	4
		_i2c1_driver_sendNACK		CODE           	07FC	0000	5
		_i2c1_driver_restart		CODE           	0AB1	0000	4
		_i2c1_driver_resetBus		CODE           	0A93	0000	2
		_i2c1_driver_clearBusCollision		CODE           	0AAB	0000	4
		_mssp1_clearIRQ		CODE           	0AA8	0000	4
		_i2c1_driver_startRX		CODE           	0ABA	0000	4

mcc_generated_files/i2c1_driver.c estimated size: 79

APDS9960.c
		_wireReadDataBlock		CODE           	07B2	0000	75
		_setGestureEnterThresh		CODE           	0BB0	0000	20
		_setProxIntHighThresh		CODE           	0BD6	0000	20
		_decodeGesture 		CODE           	0319	0000	399
		_setMode       		CODE           	0763	0000	80
		_setLEDDrive   		CODE           	0D8D	0000	42
		_setGestureIntEnable		CODE           	0E0A	0000	44
		_setLightIntHighThreshold		CODE           	0D3F	0000	40
		_resetGestureParameters		CODE           	0BFC	0000	22
		_readGesture   		CODE           	05BD	0000	241
		_processGestureData		CODE           	004E	0000	716
		_setLightIntLowThreshold		CODE           	0D66	0000	40
		_enablePower   		CODE           	0B8F	0000	15
		_setGestureMode		CODE           	0CF1	0000	40
		_setGestureGain		CODE           	0E98	0000	51
		_setGestureExitThresh		CODE           	0BC3	0000	20
		_setLEDBoost   		CODE           	0E66	0000	51
		_setGestureWaitTime		CODE           	0D18	0000	40
		_setAmbientLightGain		CODE           	0C64	0000	31
		_initialize    		CODE           	04A7	0000	279
		_setGestureLEDDrive		CODE           	0ECA	0000	51
		_setProximityGain		CODE           	0DB6	0000	42
		_wireWriteDataByte		CODE           	0C11	0000	28
		_setProxIntLowThresh		CODE           	0BE9	0000	20
		_wireReadDataByte		CODE           	0C82	0000	37
		_enableGestureSensor		CODE           	06AD	0000	101
		_getMode       		CODE           	0B58	0000	10
		_isGestureAvailable		CODE           	0B9D	0000	20

APDS9960.c estimated size: 2575

main.c
		_main          		CODE           	0CA6	0000	38
		_LEDs_SetLow   		CODE           	0B16	0000	7
		_handleGesture 		CODE           	0EFC	0000	53
		_GestureInterruptHandler		CODE           	0A96	0000	4

main.c estimated size: 102

