Microchip MPLAB XC8 Compiler V2.05 ()

Linker command line:

-W-3 --edf=C:\Program Files (x86)\Microchip\xc8\v2.05\pic\dat\en_msgs.txt \
  -cs -h+dist/default/production\I2Gesture.X.production.sym \
  --cmf=dist/default/production\I2Gesture.X.production.cmf -z -Q16F18345 \
  -oC:\Users\NOELLE~1\AppData\Local\Temp\sdks.2 --defsym=__MPLAB_BUILD=1 \
  -Mdist/default/production/I2Gesture.X.production.map -E1 -ver=XC8 \
  --acfsm=1493 -ASTACK=02184h-023EFh -pstack=STACK -ACODE=00h-07FFhx4 \
  -ASTRCODE=00h-01FFFh -ASTRING=00h-0FFhx32 -ACONST=00h-0FFhx32 \
  -AENTRY=00h-0FFhx32 -ACOMMON=070h-07Fh -ABANK0=020h-06Fh \
  -ABANK1=0A0h-0EFh -ABANK2=0120h-016Fh -ABANK3=01A0h-01EFh \
  -ABANK4=0220h-026Fh -ABANK5=02A0h-02EFh -ABANK6=0320h-036Fh \
  -ABANK7=03A0h-03EFh -ABANK8=0420h-046Fh -ABANK9=04A0h-04EFh \
  -ABANK10=0520h-056Fh -ABANK11=05A0h-05EFh -ABANK12=0620h-064Fh \
  -ABIGRAM=02000h-023EFh \
  -ARAM=020h-06Fh,0A0h-0EFh,0120h-016Fh,01A0h-01EFh,0220h-026Fh,02A0h-02EFh,0320h-036Fh,03A0h-03EFh,0420h-046Fh,04A0h-04EFh,0520h-056Fh,05A0h-05EFh,0620h-064Fh \
  -AABS1=020h-07Fh,0A0h-0EFh,0120h-016Fh,01A0h-01EFh,0220h-026Fh,02A0h-02EFh,0320h-036Fh,03A0h-03EFh,0420h-046Fh,04A0h-04EFh,0520h-056Fh,05A0h-05EFh,0620h-064Fh \
  -ASFR0=00h-01Fh -ASFR1=080h-09Fh -ASFR2=0100h-011Fh -ASFR3=0180h-019Fh \
  -ASFR4=0200h-021Fh -ASFR5=0280h-029Fh -ASFR6=0300h-031Fh \
  -ASFR7=0380h-039Fh -ASFR8=0400h-041Fh -ASFR9=0480h-049Fh \
  -ASFR10=0500h-051Fh -ASFR11=0580h-059Fh -ASFR12=0600h-061Fh \
  -ASFR13=0680h-06EFh -ASFR14=0700h-076Fh -ASFR15=0780h-07EFh \
  -ASFR16=0800h-086Fh -ASFR17=0880h-08EFh -ASFR18=0900h-096Fh \
  -ASFR19=0980h-09EFh -ASFR20=0A00h-0A6Fh -ASFR21=0A80h-0AEFh \
  -ASFR22=0B00h-0B6Fh -ASFR23=0B80h-0BEFh -ASFR24=0C00h-0C6Fh \
  -ASFR25=0C80h-0CEFh -ASFR26=0D00h-0D6Fh -ASFR27=0D80h-0DEFh \
  -ASFR28=0E00h-0E6Fh -ASFR29=0E80h-0EEFh -ASFR30=0F00h-0F6Fh \
  -ASFR31=0F80h-0FEFh -preset_vec=00h,intentry=04h,init,end_init \
  -ppowerup=CODE -pcinit=CODE -pfunctab=ENTRY -ACONFIG=08007h-0800Ah \
  -pconfig=CONFIG -DCONFIG=2 -AIDLOC=08000h-08003h -pidloc=IDLOC -DIDLOC=2 \
  -AEEDATA=00h-0FFh/0F000h -peeprom_data=EEDATA -DEEDATA=2 -DCODE=2 \
  -DSTRCODE=2 -DSTRING=2 -DCONST=2 -DENTRY=2 -k \
  C:\Users\NOELLE~1\AppData\Local\Temp\sdks.o \
  dist/default/production\I2Gesture.X.production.o 

Object code version is 3.11

Machine type is 16F18345



                Name                               Link     Load   Length Selector   Space Scale
C:\Users\NOELLE~1\AppData\Local\Temp\sdks.o
                end_init                             2B       2B        2        8       0
                reset_vec                             0        0        2        0       0
                config                             8007     8007        4    1000E       0
dist/default/production\I2Gesture.X.production.o
                cinit                                2D       2D       3C        8       0
                intentry                              4        4       27        8       0
                text96                              985      985        1     130A       0
                text95                              9C0      9C0        4     1380       0
                text94                              98A      98A        3     1314       0
                text93                              98D      98D        3     131A       0
                text92                              988      988        2     1310       0
                text91                                2        2        2        0       0
                text90                              990      990        3     1320       0
                text89                              986      986        1     130C       0
                text88                              9C4      9C4        4     1388       0
                text87                              993      993        3     1326       0
                text86                              9F0      9F0        5     13E0       0
                text85                              A2E      A2E        8     145C       0
                text84                              996      996        3     132C       0
                text83                              D85      D85       31     1B0A       0
                text82                              A12      A12        7     1424       0
                text81                              9F5      9F5        5     13EA       0
                text80                              9C8      9C8        4     1390       0
                text79                              9CC      9CC        4     1398       0
                text78                              9D0      9D0        4     13A0       0
                text77                              9D4      9D4        4     13A8       0
                text76                              A36      A36        8     146C       0
                text75                              A19      A19        7     1432       0
                text74                              9FA      9FA        6     13F4       0
                text73                              9D8      9D8        4     13B0       0
                text72                              9DC      9DC        4     13B8       0
                text71                              9E0      9E0        4     13C0       0
                text70                              D04      D04       2B     1A08       0
                text69                              F12      F12       4F     1E24       0
                text68                              E82      E82       46     1D04       0
                text67                              999      999        3     1332       0
                text66                              BF0      BF0       26     17E0       0
                text65                              99C      99C        3     1338       0
                text64                              99F      99F        3     133E       0
                text62                              A9D      A9D        F     153A       0
                text61                              B1C      B1C       15     1638       0
                text60                              AAC      AAC       11     1558       0
                text59                              A3E      A3E        8     147C       0
                text58                              A46      A46        8     148C       0
                text57                              E4C      E4C       36     1C98       0
                text56                              A4E      A4E        8     149C       0
                text55                              A79      A79        B     14F2       0
                text54                              A20      A20        7     1440       0
                text53                              A56      A56        8     14AC       0
                text52                              9E4      9E4        4     13C8       0
                text51                              B31      B31       18     1662       0
                text50                              9A2      9A2        3     1344       0
                text49                              9A5      9A5        3     134A       0
                text48                              9A8      9A8        3     1350       0
                text47                              A27      A27        7     144E       0
                text46                              9AB      9AB        3     1356       0
                text45                              A84      A84        B     1508       0
                text44                              9E8      9E8        4     13D0       0
                text43                              9AE      9AE        3     135C       0
                text42                              9B1      9B1        3     1362       0
                text41                              9B4      9B4        3     1368       0
                text40                              9B7      9B7        3     136E       0
                text39                              9BA      9BA        3     1374       0
                text38                              A00      A00        6     1400       0
                text37                              B94      B94       1C     1728       0
                text36                              BCC      BCC       24     1798       0
                text35                              A66      A66        9     14CC       0
                text34                              B79      B79       1B     16F2       0
                text33                              F61      F61       4F     1EC2       0
                text32                              A8F      A8F        E     151E       0
                text31                              B49      B49       18     1692       0
                text30                              D2F      D2F       2B     1A5E       0
                text29                              C16      C16       27     182C       0
                text28                              DB6      DB6       32     1B6C       0
                text27                              6D1      6D1       64        8       0
                text26                              9BD      9BD        3     137A       0
                text25                              9EC      9EC        4     13D8       0
                text24                              B61      B61       18     16C2       0
                text23                              FB0      FB0       50     1F60       0
                text22                              338      338      190        8       0
                text21                              ABD      ABD       13     157A       0
                text20                              78F      78F       52        8       0
                text19                              BB0      BB0       1C     1760       0
                text18                               69       69      2CF        8       0
                text17                              EC8      EC8       4A     1D90       0
                text16                              5DE      5DE       F3        8       0
                text15                              735      735       5A        8       0
                text14                              A6F      A6F        A     14DE       0
                text13                              7E1      7E1       1E        8       0
                text12                              AD0      AD0       13     15A0       0
                text11                              AE3      AE3       13     15C6       0
                text10                              DE8      DE8       32     1BD0       0
                text9                               E1A      E1A       32     1C34       0
                text8                               C3D      C3D       27     187A       0
                text7                               CB2      CB2       29     1964       0
                text6                               C64      C64       27     18C8       0
                text5                               C8B      C8B       27     1916       0
                text4                               AF6      AF6       13     15EC       0
                text3                               B09      B09       13     1612       0
                text2                               CDB      CDB       29     19B6       0
                text1                               4C8      4C8      116        8       0
                maintext                            D5A      D5A       2B     1AB4       0
                cstackBANK0                          20       20       3C       20       1
                cstackCOMMON                         70       70        6       70       1
                cstackBANK1                          A0       A0       40       A0       1
                cstackBANK2                         120      120       40      120       1
                clrtext                             A06      A06        6     140C       0
                inittext                            A0C      A0C        6     1418       0
                bssBANK4                            220      220       44      220       1
                bssBANK3                            1A0      1A0       1D      1A0       1
                dataBANK2                           160      160        8      120       1
                bssBANK2                            168      168        2      120       1
                bssBANK1                             E0       E0        4       A0       1
                dataBANK0                            6F       6F        1       20       1
                bssBANK0                             5C       5C       13       20       1
                dataCOMMON                           7B       7B        1       70       1
                bssCOMMON                            76       76        5       70       1
                stringtext4                        1049     1049        B     2000       0
                stringtext3                        103D     103D        C     2000       0
                stringtext2                        1030     1030        D     2000       0
                stringtext1                        1000     1000       30     2000       0
                idataBANK2                          A5E      A5E        8     14BC       0
                idataBANK0                          987      987        1     130E       0
                idataCOMMON                         7FF      7FF        1        8       0

TOTAL           Name                               Link     Load   Length     Space
        CLASS   STACK          

        CLASS   CODE           
                end_init                             2B       2B        2         0
                cinit                                2D       2D       3C         0
                intentry                              4        4       27         0
                reset_vec                             0        0        2         0
                text96                              985      985        1         0
                text95                              9C0      9C0        4         0
                text94                              98A      98A        3         0
                text93                              98D      98D        3         0
                text92                              988      988        2         0
                text91                                2        2        2         0
                text90                              990      990        3         0
                text89                              986      986        1         0
                text88                              9C4      9C4        4         0
                text87                              993      993        3         0
                text86                              9F0      9F0        5         0
                text85                              A2E      A2E        8         0
                text84                              996      996        3         0
                text83                              D85      D85       31         0
                text82                              A12      A12        7         0
                text81                              9F5      9F5        5         0
                text80                              9C8      9C8        4         0
                text79                              9CC      9CC        4         0
                text78                              9D0      9D0        4         0
                text77                              9D4      9D4        4         0
                text76                              A36      A36        8         0
                text75                              A19      A19        7         0
                text74                              9FA      9FA        6         0
                text73                              9D8      9D8        4         0
                text72                              9DC      9DC        4         0
                text71                              9E0      9E0        4         0
                text70                              D04      D04       2B         0
                text69                              F12      F12       4F         0
                text68                              E82      E82       46         0
                text67                              999      999        3         0
                text66                              BF0      BF0       26         0
                text65                              99C      99C        3         0
                text64                              99F      99F        3         0
                text62                              A9D      A9D        F         0
                text61                              B1C      B1C       15         0
                text60                              AAC      AAC       11         0
                text59                              A3E      A3E        8         0
                text58                              A46      A46        8         0
                text57                              E4C      E4C       36         0
                text56                              A4E      A4E        8         0
                text55                              A79      A79        B         0
                text54                              A20      A20        7         0
                text53                              A56      A56        8         0
                text52                              9E4      9E4        4         0
                text51                              B31      B31       18         0
                text50                              9A2      9A2        3         0
                text49                              9A5      9A5        3         0
                text48                              9A8      9A8        3         0
                text47                              A27      A27        7         0
                text46                              9AB      9AB        3         0
                text45                              A84      A84        B         0
                text44                              9E8      9E8        4         0
                text43                              9AE      9AE        3         0
                text42                              9B1      9B1        3         0
                text41                              9B4      9B4        3         0
                text40                              9B7      9B7        3         0
                text39                              9BA      9BA        3         0
                text38                              A00      A00        6         0
                text37                              B94      B94       1C         0
                text36                              BCC      BCC       24         0
                text35                              A66      A66        9         0
                text34                              B79      B79       1B         0
                text33                              F61      F61       4F         0
                text32                              A8F      A8F        E         0
                text31                              B49      B49       18         0
                text30                              D2F      D2F       2B         0
                text29                              C16      C16       27         0
                text28                              DB6      DB6       32         0
                text27                              6D1      6D1       64         0
                text26                              9BD      9BD        3         0
                text25                              9EC      9EC        4         0
                text24                              B61      B61       18         0
                text23                              FB0      FB0       50         0
                text22                              338      338      190         0
                text21                              ABD      ABD       13         0
                text20                              78F      78F       52         0
                text19                              BB0      BB0       1C         0
                text18                               69       69      2CF         0
                text17                              EC8      EC8       4A         0
                text16                              5DE      5DE       F3         0
                text15                              735      735       5A         0
                text14                              A6F      A6F        A         0
                text13                              7E1      7E1       1E         0
                text12                              AD0      AD0       13         0
                text11                              AE3      AE3       13         0
                text10                              DE8      DE8       32         0
                text9                               E1A      E1A       32         0
                text8                               C3D      C3D       27         0
                text7                               CB2      CB2       29         0
                text6                               C64      C64       27         0
                text5                               C8B      C8B       27         0
                text4                               AF6      AF6       13         0
                text3                               B09      B09       13         0
                text2                               CDB      CDB       29         0
                text1                               4C8      4C8      116         0
                maintext                            D5A      D5A       2B         0
                clrtext                             A06      A06        6         0
                inittext                            A0C      A0C        6         0
                idataBANK2                          A5E      A5E        8         0
                idataBANK0                          987      987        1         0
                idataCOMMON                         7FF      7FF        1         0

        CLASS   STRCODE        
                stringtext4                        1049     1049        B         0
                stringtext3                        103D     103D        C         0
                stringtext2                        1030     1030        D         0
                stringtext1                        1000     1000       30         0

        CLASS   STRING         

        CLASS   CONST          

        CLASS   ENTRY          

        CLASS   COMMON         
                cstackCOMMON                         70       70        6         1
                dataCOMMON                           7B       7B        1         1
                bssCOMMON                            76       76        5         1

        CLASS   BANK0          
                cstackBANK0                          20       20       3C         1
                dataBANK0                            6F       6F        1         1
                bssBANK0                             5C       5C       13         1

        CLASS   BANK1          
                cstackBANK1                          A0       A0       40         1
                bssBANK1                             E0       E0        4         1

        CLASS   BANK2          
                cstackBANK2                         120      120       40         1
                dataBANK2                           160      160        8         1
                bssBANK2                            168      168        2         1

        CLASS   BANK3          
                bssBANK3                            1A0      1A0       1D         1

        CLASS   BANK4          
                bssBANK4                            220      220       44         1

        CLASS   BANK5          

        CLASS   BANK6          

        CLASS   BANK7          

        CLASS   BANK8          

        CLASS   BANK9          

        CLASS   BANK10         

        CLASS   BANK11         

        CLASS   BANK12         

        CLASS   BIGRAM         

        CLASS   RAM            

        CLASS   ABS1           
                abs_s1                               7E       7E        2         1

        CLASS   SFR0           

        CLASS   SFR1           

        CLASS   SFR2           

        CLASS   SFR3           

        CLASS   SFR4           

        CLASS   SFR5           

        CLASS   SFR6           

        CLASS   SFR7           

        CLASS   SFR8           

        CLASS   SFR9           

        CLASS   SFR10          

        CLASS   SFR11          

        CLASS   SFR12          

        CLASS   SFR13          

        CLASS   SFR14          

        CLASS   SFR15          

        CLASS   SFR16          

        CLASS   SFR17          

        CLASS   SFR18          

        CLASS   SFR19          

        CLASS   SFR20          

        CLASS   SFR21          

        CLASS   SFR22          

        CLASS   SFR23          

        CLASS   SFR24          

        CLASS   SFR25          

        CLASS   SFR26          

        CLASS   SFR27          

        CLASS   SFR28          

        CLASS   SFR29          

        CLASS   SFR30          

        CLASS   SFR31          

        CLASS   CONFIG         
                config                             8007     8007        4         0

        CLASS   IDLOC          

        CLASS   EEDATA         

        CLASS   BANK31         

        CLASS   BANK30         

        CLASS   BANK29         

        CLASS   BANK28         

        CLASS   BANK27         

        CLASS   BANK26         

        CLASS   BANK25         

        CLASS   BANK24         

        CLASS   BANK23         

        CLASS   BANK22         

        CLASS   BANK21         

        CLASS   BANK20         

        CLASS   BANK19         

        CLASS   BANK18         

        CLASS   BANK17         

        CLASS   BANK16         

        CLASS   BANK15         

        CLASS   BANK14         

        CLASS   BANK13         



SEGMENTS        Name                           Load    Length   Top    Selector   Space  Class     Delta

                reset_vec                      000000  000004  000004         0       0  CODE        2
                intentry                       000004  0007FC  000800         8       0  CODE        2
                cstackBANK0                    000020  000050  000070        20       1  BANK0       1
                cstackCOMMON                   000070  00000C  00007C        70       1  COMMON      1
                cstackBANK1                    0000A0  000044  0000E4        A0       1  BANK1       1
                cstackBANK2                    000120  00004A  00016A       120       1  BANK2       1
                bssBANK3                       0001A0  00001D  0001BD       1A0       1  BANK3       1
                bssBANK4                       000220  000044  000264       220       1  BANK4       1
                text96                         000985  000001  000986      130A       0  CODE        2
                text89                         000986  000001  000987      130C       0  CODE        2
                idataBANK0                     000987  000001  000988      130E       0  CODE        2
                text92                         000988  000002  00098A      1310       0  CODE        2
                text94                         00098A  000003  00098D      1314       0  CODE        2
                text93                         00098D  000003  000990      131A       0  CODE        2
                text90                         000990  000003  000993      1320       0  CODE        2
                text87                         000993  000003  000996      1326       0  CODE        2
                text84                         000996  000003  000999      132C       0  CODE        2
                text67                         000999  000003  00099C      1332       0  CODE        2
                text65                         00099C  000003  00099F      1338       0  CODE        2
                text64                         00099F  000003  0009A2      133E       0  CODE        2
                text50                         0009A2  000003  0009A5      1344       0  CODE        2
                text49                         0009A5  000003  0009A8      134A       0  CODE        2
                text48                         0009A8  000003  0009AB      1350       0  CODE        2
                text46                         0009AB  000003  0009AE      1356       0  CODE        2
                text43                         0009AE  000003  0009B1      135C       0  CODE        2
                text42                         0009B1  000003  0009B4      1362       0  CODE        2
                text41                         0009B4  000003  0009B7      1368       0  CODE        2
                text40                         0009B7  000003  0009BA      136E       0  CODE        2
                text39                         0009BA  000003  0009BD      1374       0  CODE        2
                text26                         0009BD  000003  0009C0      137A       0  CODE        2
                text95                         0009C0  000004  0009C4      1380       0  CODE        2
                text88                         0009C4  000004  0009C8      1388       0  CODE        2
                text80                         0009C8  000004  0009CC      1390       0  CODE        2
                text79                         0009CC  000004  0009D0      1398       0  CODE        2
                text78                         0009D0  000004  0009D4      13A0       0  CODE        2
                text77                         0009D4  000004  0009D8      13A8       0  CODE        2
                text73                         0009D8  000004  0009DC      13B0       0  CODE        2
                text72                         0009DC  000004  0009E0      13B8       0  CODE        2
                text71                         0009E0  000004  0009E4      13C0       0  CODE        2
                text52                         0009E4  000004  0009E8      13C8       0  CODE        2
                text44                         0009E8  000004  0009EC      13D0       0  CODE        2
                text25                         0009EC  000004  0009F0      13D8       0  CODE        2
                text86                         0009F0  000005  0009F5      13E0       0  CODE        2
                text81                         0009F5  000005  0009FA      13EA       0  CODE        2
                text74                         0009FA  000006  000A00      13F4       0  CODE        2
                text38                         000A00  000006  000A06      1400       0  CODE        2
                clrtext                        000A06  000006  000A0C      140C       0  CODE        2
                inittext                       000A0C  000006  000A12      1418       0  CODE        2
                text82                         000A12  000007  000A19      1424       0  CODE        2
                text75                         000A19  000007  000A20      1432       0  CODE        2
                text54                         000A20  000007  000A27      1440       0  CODE        2
                text47                         000A27  000007  000A2E      144E       0  CODE        2
                text85                         000A2E  000008  000A36      145C       0  CODE        2
                text76                         000A36  000008  000A3E      146C       0  CODE        2
                text59                         000A3E  000008  000A46      147C       0  CODE        2
                text58                         000A46  000008  000A4E      148C       0  CODE        2
                text56                         000A4E  000008  000A56      149C       0  CODE        2
                text53                         000A56  000008  000A5E      14AC       0  CODE        2
                idataBANK2                     000A5E  000008  000A66      14BC       0  CODE        2
                text35                         000A66  000009  000A6F      14CC       0  CODE        2
                text14                         000A6F  00000A  000A79      14DE       0  CODE        2
                text55                         000A79  00000B  000A84      14F2       0  CODE        2
                text45                         000A84  00000B  000A8F      1508       0  CODE        2
                text32                         000A8F  00000E  000A9D      151E       0  CODE        2
                text62                         000A9D  00000F  000AAC      153A       0  CODE        2
                text60                         000AAC  000011  000ABD      1558       0  CODE        2
                text21                         000ABD  000013  000AD0      157A       0  CODE        2
                text12                         000AD0  000013  000AE3      15A0       0  CODE        2
                text11                         000AE3  000013  000AF6      15C6       0  CODE        2
                text4                          000AF6  000013  000B09      15EC       0  CODE        2
                text3                          000B09  000013  000B1C      1612       0  CODE        2
                text61                         000B1C  000015  000B31      1638       0  CODE        2
                text51                         000B31  000018  000B49      1662       0  CODE        2
                text31                         000B49  000018  000B61      1692       0  CODE        2
                text24                         000B61  000018  000B79      16C2       0  CODE        2
                text34                         000B79  00001B  000B94      16F2       0  CODE        2
                text37                         000B94  00001C  000BB0      1728       0  CODE        2
                text19                         000BB0  00001C  000BCC      1760       0  CODE        2
                text36                         000BCC  000024  000BF0      1798       0  CODE        2
                text66                         000BF0  000026  000C16      17E0       0  CODE        2
                text29                         000C16  000027  000C3D      182C       0  CODE        2
                text8                          000C3D  000027  000C64      187A       0  CODE        2
                text6                          000C64  000027  000C8B      18C8       0  CODE        2
                text5                          000C8B  000027  000CB2      1916       0  CODE        2
                text7                          000CB2  000029  000CDB      1964       0  CODE        2
                text2                          000CDB  000029  000D04      19B6       0  CODE        2
                text70                         000D04  00002B  000D2F      1A08       0  CODE        2
                text30                         000D2F  00002B  000D5A      1A5E       0  CODE        2
                maintext                       000D5A  00002B  000D85      1AB4       0  CODE        2
                text83                         000D85  000031  000DB6      1B0A       0  CODE        2
                text28                         000DB6  000032  000DE8      1B6C       0  CODE        2
                text10                         000DE8  000032  000E1A      1BD0       0  CODE        2
                text9                          000E1A  000032  000E4C      1C34       0  CODE        2
                text57                         000E4C  000036  000E82      1C98       0  CODE        2
                text68                         000E82  000046  000EC8      1D04       0  CODE        2
                text17                         000EC8  00004A  000F12      1D90       0  CODE        2
                text69                         000F12  00004F  000F61      1E24       0  CODE        2
                text33                         000F61  00004F  000FB0      1EC2       0  CODE        2
                text23                         000FB0  000050  001000      1F60       0  CODE        2
                stringtext1                    001000  000054  001054      2000       0  STRCODE     2
                config                         008007  000004  00800B     1000E       0  CONFIG      2


UNUSED ADDRESS RANGES

        Name                Unused          Largest block    Delta
        BANK1            000E4-000EF               C           1
        BANK10           00520-0056F              50           1
        BANK11           005A0-005EF              50           1
        BANK12           00620-0064F              30           1
        BANK2            0016A-0016F               6           1
        BANK3            001BD-001EF              33           1
        BANK4            00264-0026F               C           1
        BANK5            002A0-002EF              50           1
        BANK6            00320-0036F              50           1
        BANK7            003A0-003EF              50           1
        BANK8            00420-0046F              50           1
        BANK9            004A0-004EF              50           1
        BIGRAM           02000-023EF             3F0           1
        CODE             00800-00984             185           2
                         01054-01FFF             7AC
        COMMON           0007C-0007D               2           1
        CONST            00800-00984             100           2
                         01054-01FFF             100
        EEDATA           0F000-0F0FF             100           2
        ENTRY            00800-00984             100           2
                         01054-01FFF             100
        IDLOC            08000-08003               4           2
        RAM              000E4-000EF               C           1
                         0016A-0016F               6
                         001BD-001EF              33
                         00264-0026F               C
                         002A0-002EF              50
                         00320-0036F              50
                         003A0-003EF              50
                         00420-0046F              50
                         004A0-004EF              50
                         00520-0056F              50
                         005A0-005EF              50
                         00620-0064F              30
        SFR0             00000-0001F              20           1
        SFR1             00080-0009F              20           1
        SFR10            00500-0051F              20           1
        SFR11            00580-0059F              20           1
        SFR12            00600-0061F              20           1
        SFR13            00680-006EF              70           1
        SFR14            00700-0076F              70           1
        SFR15            00780-007EF              70           1
        SFR16            00800-0086F              70           1
        SFR17            00880-008EF              70           1
        SFR18            00900-0096F              70           1
        SFR19            00980-009EF              70           1
        SFR2             00100-0011F              20           1
        SFR20            00A00-00A6F              70           1
        SFR21            00A80-00AEF              70           1
        SFR22            00B00-00B6F              70           1
        SFR23            00B80-00BEF              70           1
        SFR24            00C00-00C6F              70           1
        SFR25            00C80-00CEF              70           1
        SFR26            00D00-00D6F              70           1
        SFR27            00D80-00DEF              70           1
        SFR28            00E00-00E6F              70           1
        SFR29            00E80-00EEF              70           1
        SFR3             00180-0019F              20           1
        SFR30            00F00-00F6F              70           1
        SFR31            00F80-00FEF              70           1
        SFR4             00200-0021F              20           1
        SFR5             00280-0029F              20           1
        SFR6             00300-0031F              20           1
        SFR7             00380-0039F              20           1
        SFR8             00400-0041F              20           1
        SFR9             00480-0049F              20           1
        STACK            02184-023EF             26C           1
        STRCODE          00800-00984             185           2
                         01054-01FFF             FAC
        STRING           00800-00984             100           2
                         01054-01FFF             100

                                  Symbol Table

?___awdiv                               cstackBANK0  00026
?___wmul                                cstackBANK0  00020
?_readGesture                           cstackBANK0  0004F
?_strlen                                cstackBANK0  00020
?_wireReadDataBlock                     cstackBANK0  00026
?_wireWriteDataByte                     cstackBANK0  00026
Display_Name@i                          cstackBANK0  0002A
Display_Name@length                     cstackBANK0  00028
Display_Name@string1                    cstackBANK0  00025
I2C_Write_Byte@Byte                     cstackBANK0  00023
I2C_Write_Byte@count                    cstackBANK0  00024
SPI2_Exchange8bit@data                  cstackBANK0  00020
SPI_Write@incoming                      cstackBANK0  00022
_ADACT                                  (abs)        0009F
_ADCON0                                 (abs)        0009D
_ADCON0bits                             (abs)        0009D
_ADCON1                                 (abs)        0009E
_ADC_Initialize                         text59       00A3E
_ADRESH                                 (abs)        0009C
_ADRESL                                 (abs)        0009B
_ANSELA                                 (abs)        0018C
_ANSELB                                 (abs)        0018D
_ANSELC                                 (abs)        0018E
_CCP1CON                                (abs)        00293
_CCP1CONbits                            (abs)        00293
_CCPR1H                                 (abs)        00292
_CCPR1L                                 (abs)        00291
_CCPTMRSbits                            (abs)        0029F
_Display_Clear                          text60       00AAC
_Display_Name                           text23       00FB0
_I2C_ReStart                            text49       009A5
_I2C_Read_Byte                          text45       00A84
_I2C_Send_NACK                          text43       009AE
_I2C_Start                              text41       009B4
_I2C_Stop                               text39       009BA
_I2C_Write_Byte                         text37       00B94
_INTCONbits                             (abs)        0000B
_INTERRUPT_InterruptManager             intentry     00004
_LATA                                   (abs)        0010C
_LATB                                   (abs)        0010D
_LATC                                   (abs)        0010E
_LATCbits                               (abs)        0010E
_ODCONA                                 (abs)        0028C
_ODCONB                                 (abs)        0028D
_ODCONC                                 (abs)        0028E
_OSCCON1                                (abs)        00919
_OSCCON3                                (abs)        0091B
_OSCEN                                  (abs)        0091D
_OSCFRQ                                 (abs)        0091F
_OSCILLATOR_Initialize                  text58       00A46
_OSCTUNE                                (abs)        0091E
_PIE0bits                               (abs)        00090
_PIE1bits                               (abs)        00091
_PIN_MANAGER_IOC                        text96       00985
_PIN_MANAGER_Initialize                 text57       00E4C
_PIR0bits                               (abs)        00010
_PIR1bits                               (abs)        00011
_PMD0                                   (abs)        00911
_PMD1                                   (abs)        00912
_PMD2                                   (abs)        00913
_PMD3                                   (abs)        00914
_PMD4                                   (abs)        00915
_PMD5                                   (abs)        00916
_PMD_Initialize                         text56       00A4E
_PORTCbits                              (abs)        0000E
_PR2                                    (abs)        0001E
_PWM1_Initialize                        text55       00A79
_PWM_Output_Disable                     text26       009BD
_PWM_Output_Enable                      text25       009EC
_RB5PPS                                 (abs)        00E9D
_RB6PPS                                 (abs)        00E9E
_RB7PPS                                 (abs)        00E9F
_RC2PPS                                 (abs)        00EA2
_RC6PPS                                 (abs)        00EA6
_SLRCONA                                (abs)        0030C
_SLRCONB                                (abs)        0030D
_SLRCONC                                (abs)        0030E
_SPI2_Exchange8bit                      text62       00A9D
_SPI2_Initialize                        text54       00A20
_SPI_Write                              text61       00B1C
_SSP1ADD                                (abs)        00212
_SSP1BUF                                (abs)        00211
_SSP1CLKPPS                             (abs)        00E20
_SSP1CON1                               (abs)        00215
_SSP1CON1bits                           (abs)        00215
_SSP1CON2                               (abs)        00216
_SSP1CON2bits                           (abs)        00216
_SSP1DATPPS                             (abs)        00E21
_SSP1MSK                                (abs)        00213
_SSP1STAT                               (abs)        00214
_SSP1STATbits                           (abs)        00214
_SSP2ADD                                (abs)        0021A
_SSP2BUF                                (abs)        00219
_SSP2CLKPPS                             (abs)        00E1D
_SSP2CON1                               (abs)        0021D
_SSP2CON1bits                           (abs)        0021D
_SSP2DATPPS                             (abs)        00E1E
_SSP2STAT                               (abs)        0021C
_SSP2STATbits                           (abs)        0021C
_SYSTEM_Initialize                      text51       00B31
_T2CON                                  (abs)        0001F
_T2CONbits                              (abs)        0001F
_TMR2                                   (abs)        0001D
_TMR2_Initialize                        text53       00A56
_TRISA                                  (abs)        0008C
_TRISB                                  (abs)        0008D
_TRISC                                  (abs)        0008E
_WDTCON                                 (abs)        00097
_WDT_Initialize                         text52       009E4
_WPUA                                   (abs)        0020C
_WPUB                                   (abs)        0020D
_WPUC                                   (abs)        0020E
__CFG_BOREN$ON                          (abs)        00000
__CFG_BORV$LOW                          (abs)        00000
__CFG_CLKOUTEN$OFF                      (abs)        00000
__CFG_CP$OFF                            (abs)        00000
__CFG_CPD$OFF                           (abs)        00000
__CFG_CSWEN$ON                          (abs)        00000
__CFG_DEBUG$OFF                         (abs)        00000
__CFG_FCMEN$ON                          (abs)        00000
__CFG_FEXTOSC$OFF                       (abs)        00000
__CFG_LPBOREN$OFF                       (abs)        00000
__CFG_LVP$ON                            (abs)        00000
__CFG_MCLRE$ON                          (abs)        00000
__CFG_PPS1WAY$ON                        (abs)        00000
__CFG_PWRTE$OFF                         (abs)        00000
__CFG_RSTOSC$HFINT1                     (abs)        00000
__CFG_STVREN$ON                         (abs)        00000
__CFG_WDTE$SWDTEN                       (abs)        00000
__CFG_WRT$OFF                           (abs)        00000
__Habs1                                 abs1         00000
__Hbank0                                bank0        00000
__Hbank1                                bank1        00000
__Hbank10                               bank10       00000
__Hbank11                               bank11       00000
__Hbank12                               bank12       00000
__Hbank13                               bank13       00000
__Hbank14                               bank14       00000
__Hbank15                               bank15       00000
__Hbank16                               bank16       00000
__Hbank17                               bank17       00000
__Hbank18                               bank18       00000
__Hbank19                               bank19       00000
__Hbank2                                bank2        00000
__Hbank20                               bank20       00000
__Hbank21                               bank21       00000
__Hbank22                               bank22       00000
__Hbank23                               bank23       00000
__Hbank24                               bank24       00000
__Hbank25                               bank25       00000
__Hbank26                               bank26       00000
__Hbank27                               bank27       00000
__Hbank28                               bank28       00000
__Hbank29                               bank29       00000
__Hbank3                                bank3        00000
__Hbank30                               bank30       00000
__Hbank31                               bank31       00000
__Hbank4                                bank4        00000
__Hbank5                                bank5        00000
__Hbank6                                bank6        00000
__Hbank7                                bank7        00000
__Hbank8                                bank8        00000
__Hbank9                                bank9        00000
__Hbigram                               bigram       00000
__HbssBANK0                             bssBANK0     00000
__HbssBANK1                             bssBANK1     00000
__HbssBANK2                             bssBANK2     00000
__HbssBANK3                             bssBANK3     00000
__HbssBANK4                             bssBANK4     00000
__HbssCOMMON                            bssCOMMON    00000
__Hcinit                                cinit        00069
__Hclrtext                              clrtext      00000
__Hcode                                 code         00000
__Hcommon                               common       00000
__Hconfig                               config       0800B
__HcstackBANK0                          cstackBANK0  00000
__HcstackBANK1                          cstackBANK1  00000
__HcstackBANK2                          cstackBANK2  00000
__HcstackCOMMON                         cstackCOMMON 00000
__HdataBANK0                            dataBANK0    00000
__HdataBANK2                            dataBANK2    00000
__HdataCOMMON                           dataCOMMON   00000
__Heeprom_data                          eeprom_data  00000
__Hend_init                             end_init     0002D
__Hfunctab                              functab      00000
__HidataBANK0                           idataBANK0   00000
__HidataBANK2                           idataBANK2   00000
__HidataCOMMON                          idataCOMMON  00000
__Hidloc                                idloc        00000
__Hinit                                 init         0002B
__Hinittext                             inittext     00000
__Hintentry                             intentry     0002B
__Hmaintext                             maintext     00000
__Hpowerup                              powerup      00000
__Hram                                  ram          00000
__Hreset_vec                            reset_vec    00002
__Hsfr0                                 sfr0         00000
__Hsfr1                                 sfr1         00000
__Hsfr10                                sfr10        00000
__Hsfr11                                sfr11        00000
__Hsfr12                                sfr12        00000
__Hsfr13                                sfr13        00000
__Hsfr14                                sfr14        00000
__Hsfr15                                sfr15        00000
__Hsfr16                                sfr16        00000
__Hsfr17                                sfr17        00000
__Hsfr18                                sfr18        00000
__Hsfr19                                sfr19        00000
__Hsfr2                                 sfr2         00000
__Hsfr20                                sfr20        00000
__Hsfr21                                sfr21        00000
__Hsfr22                                sfr22        00000
__Hsfr23                                sfr23        00000
__Hsfr24                                sfr24        00000
__Hsfr25                                sfr25        00000
__Hsfr26                                sfr26        00000
__Hsfr27                                sfr27        00000
__Hsfr28                                sfr28        00000
__Hsfr29                                sfr29        00000
__Hsfr3                                 sfr3         00000
__Hsfr30                                sfr30        00000
__Hsfr31                                sfr31        00000
__Hsfr4                                 sfr4         00000
__Hsfr5                                 sfr5         00000
__Hsfr6                                 sfr6         00000
__Hsfr7                                 sfr7         00000
__Hsfr8                                 sfr8         00000
__Hsfr9                                 sfr9         00000
__Hspace_0                              (abs)        0800B
__Hspace_1                              (abs)        00264
__Hspace_2                              (abs)        00000
__Hspace_3                              (abs)        00000
__Hstack                                stack        00000
__Hstrings                              strings      00000
__Hstringtext1                          stringtext1  00000
__Hstringtext2                          stringtext2  00000
__Hstringtext3                          stringtext3  00000
__Hstringtext4                          stringtext4  00000
__Hstringtext5                          stringtext5  00000
__Htext                                 text         00000
__Labs1                                 abs1         00000
__Lbank0                                bank0        00000
__Lbank1                                bank1        00000
__Lbank10                               bank10       00000
__Lbank11                               bank11       00000
__Lbank12                               bank12       00000
__Lbank13                               bank13       00000
__Lbank14                               bank14       00000
__Lbank15                               bank15       00000
__Lbank16                               bank16       00000
__Lbank17                               bank17       00000
__Lbank18                               bank18       00000
__Lbank19                               bank19       00000
__Lbank2                                bank2        00000
__Lbank20                               bank20       00000
__Lbank21                               bank21       00000
__Lbank22                               bank22       00000
__Lbank23                               bank23       00000
__Lbank24                               bank24       00000
__Lbank25                               bank25       00000
__Lbank26                               bank26       00000
__Lbank27                               bank27       00000
__Lbank28                               bank28       00000
__Lbank29                               bank29       00000
__Lbank3                                bank3        00000
__Lbank30                               bank30       00000
__Lbank31                               bank31       00000
__Lbank4                                bank4        00000
__Lbank5                                bank5        00000
__Lbank6                                bank6        00000
__Lbank7                                bank7        00000
__Lbank8                                bank8        00000
__Lbank9                                bank9        00000
__Lbigram                               bigram       00000
__LbssBANK0                             bssBANK0     00000
__LbssBANK1                             bssBANK1     00000
__LbssBANK2                             bssBANK2     00000
__LbssBANK3                             bssBANK3     00000
__LbssBANK4                             bssBANK4     00000
__LbssCOMMON                            bssCOMMON    00000
__Lcinit                                cinit        0002D
__Lclrtext                              clrtext      00000
__Lcode                                 code         00000
__Lcommon                               common       00000
__Lconfig                               config       08007
__LcstackBANK0                          cstackBANK0  00000
__LcstackBANK1                          cstackBANK1  00000
__LcstackBANK2                          cstackBANK2  00000
__LcstackCOMMON                         cstackCOMMON 00000
__LdataBANK0                            dataBANK0    00000
__LdataBANK2                            dataBANK2    00000
__LdataCOMMON                           dataCOMMON   00000
__Leeprom_data                          eeprom_data  00000
__Lend_init                             end_init     0002B
__Lfunctab                              functab      00000
__LidataBANK0                           idataBANK0   00000
__LidataBANK2                           idataBANK2   00000
__LidataCOMMON                          idataCOMMON  00000
__Lidloc                                idloc        00000
__Linit                                 init         0002B
__Linittext                             inittext     00000
__Lintentry                             intentry     00004
__Lmaintext                             maintext     00000
__Lpowerup                              powerup      00000
__Lram                                  ram          00000
__Lreset_vec                            reset_vec    00000
__Lsfr0                                 sfr0         00000
__Lsfr1                                 sfr1         00000
__Lsfr10                                sfr10        00000
__Lsfr11                                sfr11        00000
__Lsfr12                                sfr12        00000
__Lsfr13                                sfr13        00000
__Lsfr14                                sfr14        00000
__Lsfr15                                sfr15        00000
__Lsfr16                                sfr16        00000
__Lsfr17                                sfr17        00000
__Lsfr18                                sfr18        00000
__Lsfr19                                sfr19        00000
__Lsfr2                                 sfr2         00000
__Lsfr20                                sfr20        00000
__Lsfr21                                sfr21        00000
__Lsfr22                                sfr22        00000
__Lsfr23                                sfr23        00000
__Lsfr24                                sfr24        00000
__Lsfr25                                sfr25        00000
__Lsfr26                                sfr26        00000
__Lsfr27                                sfr27        00000
__Lsfr28                                sfr28        00000
__Lsfr29                                sfr29        00000
__Lsfr3                                 sfr3         00000
__Lsfr30                                sfr30        00000
__Lsfr31                                sfr31        00000
__Lsfr4                                 sfr4         00000
__Lsfr5                                 sfr5         00000
__Lsfr6                                 sfr6         00000
__Lsfr7                                 sfr7         00000
__Lsfr8                                 sfr8         00000
__Lsfr9                                 sfr9         00000
__Lspace_0                              (abs)        00000
__Lspace_1                              (abs)        00000
__Lspace_2                              (abs)        00000
__Lspace_3                              (abs)        00000
__Lstack                                stack        00000
__Lstrings                              strings      00000
__Lstringtext1                          stringtext1  00000
__Lstringtext2                          stringtext2  00000
__Lstringtext3                          stringtext3  00000
__Lstringtext4                          stringtext4  00000
__Lstringtext5                          stringtext5  00000
__Ltext                                 text         00000
__S0                                    (abs)        0800B
__S1                                    (abs)        00264
__S2                                    (abs)        00000
__S3                                    (abs)        00000
___awdiv                                text20       0078F
___awdiv@counter                        cstackBANK0  0002B
___awdiv@dividend                       cstackBANK0  00028
___awdiv@divisor                        cstackBANK0  00026
___awdiv@quotient                       cstackBANK0  0002D
___awdiv@sign                           cstackBANK0  0002C
___int_sp                               stack        00000
___latbits                              (abs)        00002
___sp                                   stack        00000
___stackhi                              (abs)        023EF
___stacklo                              (abs)        02184
___wmul                                 text19       00BB0
___wmul@multiplicand                    cstackBANK0  00022
___wmul@multiplier                      cstackBANK0  00020
___wmul@product                         cstackBANK0  00024
__end_of_ADC_Initialize                 text59       00A46
__end_of_Display_Clear                  text60       00ABD
__end_of_Display_Name                   text23       01000
__end_of_I2C_ReStart                    text49       009A8
__end_of_I2C_Read_Byte                  text45       00A8F
__end_of_I2C_Send_NACK                  text43       009B1
__end_of_I2C_Start                      text41       009B7
__end_of_I2C_Stop                       text39       009BD
__end_of_I2C_Write_Byte                 text37       00BB0
__end_of_INTERRUPT_InterruptManager     intentry     0002B
__end_of_OSCILLATOR_Initialize          text58       00A4E
__end_of_PIN_MANAGER_IOC                text96       00986
__end_of_PIN_MANAGER_Initialize         text57       00E82
__end_of_PMD_Initialize                 text56       00A56
__end_of_PWM1_Initialize                text55       00A84
__end_of_PWM_Output_Disable             text26       009C0
__end_of_PWM_Output_Enable              text25       009F0
__end_of_SPI2_Exchange8bit              text62       00AAC
__end_of_SPI2_Initialize                text54       00A27
__end_of_SPI_Write                      text61       00B31
__end_of_SYSTEM_Initialize              text51       00B49
__end_of_TMR2_Initialize                text53       00A5E
__end_of_WDT_Initialize                 text52       009E8
__end_of___awdiv                        text20       007E1
__end_of___wmul                         text19       00BCC
__end_of__initialization                cinit        00065
__end_of_decodeGesture                  text22       004C8
__end_of_do_I2C_DO_ACK                  text73       009DC
__end_of_do_I2C_DO_ADDRESS_NACK         text70       00D2F
__end_of_do_I2C_DO_NACK_RESTART         text71       009E4
__end_of_do_I2C_DO_NACK_STOP            text72       009E0
__end_of_do_I2C_IDLE                    text81       009FA
__end_of_do_I2C_RCEN                    text74       00A00
__end_of_do_I2C_RESET                   text82       00A19
__end_of_do_I2C_RX                      text68       00EC8
__end_of_do_I2C_SEND_ADR_READ           text76       00A3E
__end_of_do_I2C_SEND_ADR_WRITE          text75       00A20
__end_of_do_I2C_SEND_RESTART            text78       009D4
__end_of_do_I2C_SEND_RESTART_READ       text80       009CC
__end_of_do_I2C_SEND_RESTART_WRITE      text79       009D0
__end_of_do_I2C_SEND_STOP               text77       009D8
__end_of_do_I2C_TX                      text69       00F61
__end_of_do_I2C_TX_EMPTY                text83       00DB6
__end_of_enableGestureSensor            text27       00735
__end_of_enablePower                    text32       00A9D
__end_of_fsmStateTable                  stringtext1  01020
__end_of_getMode                        text35       00A6F
__end_of_handleGesture                  text15       0078F
__end_of_i2c1_driver_TXData             text38       00A06
__end_of_i2c1_driver_clearBusCollision  text65       0099F
__end_of_i2c1_driver_getRXData          text48       009AB
__end_of_i2c1_driver_isBufferFull       text47       00A2E
__end_of_i2c1_driver_isNACK             text85       00A36
__end_of_i2c1_driver_open               text14       00A79
__end_of_i2c1_driver_resetBus           text89       00987
__end_of_i2c1_driver_restart            text50       009A5
__end_of_i2c1_driver_sendACK            text95       009C4
__end_of_i2c1_driver_sendNACK           text44       009EC
__end_of_i2c1_driver_start              text42       009B4
__end_of_i2c1_driver_startRX            text46       009AE
__end_of_i2c1_driver_stop               text40       009BA
__end_of_i2c_ISR                        text66       00C16
__end_of_i2c_busCollisionISR            text64       009A2
__end_of_initialize                     text1        005DE
__end_of_isGestureAvailable             text21       00AD0
__end_of_main                           maintext     00D85
__end_of_mssp1_clearIRQ                 text67       0099C
__end_of_mssp1_setIRQ                   text84       00999
__end_of_processGestureData             text18       00338
__end_of_readGesture                    text16       006D1
__end_of_resetGestureParameters         text31       00B61
__end_of_returnReset                    text91       00004
__end_of_returnStop                     text92       0098A
__end_of_setAmbientLightGain            text13       007FF
__end_of_setGestureEnterThresh          text12       00AE3
__end_of_setGestureExitThresh           text11       00AF6
__end_of_setGestureGain                 text10       00E1A
__end_of_setGestureIntEnable            text30       00D5A
__end_of_setGestureLEDDrive             text9        00E4C
__end_of_setGestureMode                 text29       00C3D
__end_of_setGestureWaitTime             text8        00C64
__end_of_setLEDBoost                    text28       00DE8
__end_of_setLEDDrive                    text7        00CDB
__end_of_setLightIntHighThreshold       text6        00C8B
__end_of_setLightIntLowThreshold        text5        00CB2
__end_of_setMode                        text33       00FB0
__end_of_setProxIntHighThresh           text4        00B09
__end_of_setProxIntLowThresh            text3        00B1C
__end_of_setProximityGain               text2        00D04
__end_of_strlen                         text24       00B79
__end_of_wireReadDataBlock              text17       00F12
__end_of_wireReadDataByte               text36       00BF0
__end_of_wireWriteDataByte              text34       00B94
__end_ofi1_i2c1_driver_TXData           text86       009F5
__end_ofi1_i2c1_driver_getRXData        text87       00996
__end_ofi1_i2c1_driver_restart          text94       0098D
__end_ofi1_i2c1_driver_sendNACK         text88       009C8
__end_ofi1_i2c1_driver_startRX          text90       00993
__end_ofi1_i2c1_driver_stop             text93       00990
__initialization                        cinit        0002D
__pbssBANK0                             bssBANK0     0005C
__pbssBANK1                             bssBANK1     000E0
__pbssBANK2                             bssBANK2     00168
__pbssBANK3                             bssBANK3     001A0
__pbssBANK4                             bssBANK4     00220
__pbssCOMMON                            bssCOMMON    00076
__pcstackBANK0                          cstackBANK0  00020
__pcstackBANK1                          cstackBANK1  000A0
__pcstackBANK2                          cstackBANK2  00120
__pcstackCOMMON                         cstackCOMMON 00070
__pdataBANK0                            dataBANK0    0006F
__pdataBANK2                            dataBANK2    00160
__pdataCOMMON                           dataCOMMON   0007B
__pidataBANK0                           idataBANK0   00987
__pidataBANK2                           idataBANK2   00A5E
__pidataCOMMON                          idataCOMMON  007FF
__pintentry                             intentry     00004
__pmaintext                             maintext     00D5A
__pstringtext1                          stringtext1  01000
__pstringtext2                          stringtext2  01030
__pstringtext3                          stringtext3  0103D
__pstringtext4                          stringtext4  01049
__pstringtext5                          stringtext5  00000
__ptext1                                text1        004C8
__ptext10                               text10       00DE8
__ptext11                               text11       00AE3
__ptext12                               text12       00AD0
__ptext13                               text13       007E1
__ptext14                               text14       00A6F
__ptext15                               text15       00735
__ptext16                               text16       005DE
__ptext17                               text17       00EC8
__ptext18                               text18       00069
__ptext19                               text19       00BB0
__ptext2                                text2        00CDB
__ptext20                               text20       0078F
__ptext21                               text21       00ABD
__ptext22                               text22       00338
__ptext23                               text23       00FB0
__ptext24                               text24       00B61
__ptext25                               text25       009EC
__ptext26                               text26       009BD
__ptext27                               text27       006D1
__ptext28                               text28       00DB6
__ptext29                               text29       00C16
__ptext3                                text3        00B09
__ptext30                               text30       00D2F
__ptext31                               text31       00B49
__ptext32                               text32       00A8F
__ptext33                               text33       00F61
__ptext34                               text34       00B79
__ptext35                               text35       00A66
__ptext36                               text36       00BCC
__ptext37                               text37       00B94
__ptext38                               text38       00A00
__ptext39                               text39       009BA
__ptext4                                text4        00AF6
__ptext40                               text40       009B7
__ptext41                               text41       009B4
__ptext42                               text42       009B1
__ptext43                               text43       009AE
__ptext44                               text44       009E8
__ptext45                               text45       00A84
__ptext46                               text46       009AB
__ptext47                               text47       00A27
__ptext48                               text48       009A8
__ptext49                               text49       009A5
__ptext5                                text5        00C8B
__ptext50                               text50       009A2
__ptext51                               text51       00B31
__ptext52                               text52       009E4
__ptext53                               text53       00A56
__ptext54                               text54       00A20
__ptext55                               text55       00A79
__ptext56                               text56       00A4E
__ptext57                               text57       00E4C
__ptext58                               text58       00A46
__ptext59                               text59       00A3E
__ptext6                                text6        00C64
__ptext60                               text60       00AAC
__ptext61                               text61       00B1C
__ptext62                               text62       00A9D
__ptext64                               text64       0099F
__ptext65                               text65       0099C
__ptext66                               text66       00BF0
__ptext67                               text67       00999
__ptext68                               text68       00E82
__ptext69                               text69       00F12
__ptext7                                text7        00CB2
__ptext70                               text70       00D04
__ptext71                               text71       009E0
__ptext72                               text72       009DC
__ptext73                               text73       009D8
__ptext74                               text74       009FA
__ptext75                               text75       00A19
__ptext76                               text76       00A36
__ptext77                               text77       009D4
__ptext78                               text78       009D0
__ptext79                               text79       009CC
__ptext8                                text8        00C3D
__ptext80                               text80       009C8
__ptext81                               text81       009F5
__ptext82                               text82       00A12
__ptext83                               text83       00D85
__ptext84                               text84       00996
__ptext85                               text85       00A2E
__ptext86                               text86       009F0
__ptext87                               text87       00993
__ptext88                               text88       009C4
__ptext89                               text89       00986
__ptext9                                text9        00E1A
__ptext90                               text90       00990
__ptext91                               text91       00002
__ptext92                               text92       00988
__ptext93                               text93       0098D
__ptext94                               text94       0098A
__ptext95                               text95       009C0
__ptext96                               text96       00985
__size_of_ADC_Initialize                (abs)        00000
__size_of_Display_Clear                 (abs)        00000
__size_of_Display_Name                  (abs)        00000
__size_of_I2C_ReStart                   (abs)        00000
__size_of_I2C_Read_Byte                 (abs)        00000
__size_of_I2C_Send_NACK                 (abs)        00000
__size_of_I2C_Start                     (abs)        00000
__size_of_I2C_Stop                      (abs)        00000
__size_of_I2C_Write_Byte                (abs)        00000
__size_of_INTERRUPT_InterruptManager    (abs)        00000
__size_of_OSCILLATOR_Initialize         (abs)        00000
__size_of_PIN_MANAGER_IOC               (abs)        00000
__size_of_PIN_MANAGER_Initialize        (abs)        00000
__size_of_PMD_Initialize                (abs)        00000
__size_of_PWM1_Initialize               (abs)        00000
__size_of_PWM_Output_Disable            (abs)        00000
__size_of_PWM_Output_Enable             (abs)        00000
__size_of_SPI2_Exchange8bit             (abs)        00000
__size_of_SPI2_Initialize               (abs)        00000
__size_of_SPI_Write                     (abs)        00000
__size_of_SYSTEM_Initialize             (abs)        00000
__size_of_TMR2_Initialize               (abs)        00000
__size_of_WDT_Initialize                (abs)        00000
__size_of___awdiv                       (abs)        00000
__size_of___wmul                        (abs)        00000
__size_of_decodeGesture                 (abs)        00000
__size_of_do_I2C_DO_ACK                 (abs)        00000
__size_of_do_I2C_DO_ADDRESS_NACK        (abs)        00000
__size_of_do_I2C_DO_NACK_RESTART        (abs)        00000
__size_of_do_I2C_DO_NACK_STOP           (abs)        00000
__size_of_do_I2C_IDLE                   (abs)        00000
__size_of_do_I2C_RCEN                   (abs)        00000
__size_of_do_I2C_RESET                  (abs)        00000
__size_of_do_I2C_RX                     (abs)        00000
__size_of_do_I2C_SEND_ADR_READ          (abs)        00000
__size_of_do_I2C_SEND_ADR_WRITE         (abs)        00000
__size_of_do_I2C_SEND_RESTART           (abs)        00000
__size_of_do_I2C_SEND_RESTART_READ      (abs)        00000
[...]
      Totals:         1       0       0       0       0       0       0       0       0       0       0       0       0       0
Total ram usage:        1 bytes
 Hardware stack levels used:    1
 This function calls:
		Nothing
 This function is called by:
		_do_I2C_SEND_ADR_READ
		_do_I2C_SEND_ADR_WRITE
		_do_I2C_TX
 This function uses a non-reentrant model


 *************** function i1_i2c1_driver_getRXData *****************
 Defined at:
		line 171 in file "mcc_generated_files/i2c1_driver.c"
 Parameters:    Size  Location     Type
		None
 Auto vars:     Size  Location     Type
		None
 Return value:  Size  Location     Type
                  1    wreg      unsigned char 
 Registers used:
		wreg
 Tracked objects:
		On entry : 
		On exit  : 
		Unchanged: 
 Data sizes:     COMMON   BANK0   BANK1   BANK2   BANK3   BANK4   BANK5   BANK6   BANK7   BANK8   BANK9  BANK10  BANK11  BANK12
      Params:         0       0       0       0       0       0       0       0       0       0       0       0       0       0
      Locals:         0       0       0       0       0       0       0       0       0       0       0       0       0       0
      Temps:          0       0       0       0       0       0       0       0       0       0       0       0       0       0
      Totals:         0       0       0       0       0       0       0       0       0       0       0       0       0       0
Total ram usage:        0 bytes
 Hardware stack levels used:    1
 This function calls:
		Nothing
 This function is called by:
		_do_I2C_RX
 This function uses a non-reentrant model


 *************** function i1_i2c1_driver_sendNACK *****************
 Defined at:
		line 202 in file "mcc_generated_files/i2c1_driver.c"
 Parameters:    Size  Location     Type
		None
 Auto vars:     Size  Location     Type
		None
 Return value:  Size  Location     Type
                  1    wreg      void 
 Registers used:
		None
 Tracked objects:
		On entry : 
		On exit  : 
		Unchanged: 
 Data sizes:     COMMON   BANK0   BANK1   BANK2   BANK3   BANK4   BANK5   BANK6   BANK7   BANK8   BANK9  BANK10  BANK11  BANK12
      Params:         0       0       0       0       0       0       0       0       0       0       0       0       0       0
      Locals:         0       0       0       0       0       0       0       0       0       0       0       0       0       0
      Temps:          0       0       0       0       0       0       0       0       0       0       0       0       0       0
      Totals:         0       0       0       0       0       0       0       0       0       0       0       0       0       0
Total ram usage:        0 bytes
 Hardware stack levels used:    1
 This function calls:
		Nothing
 This function is called by:
		_do_I2C_DO_NACK_STOP
		_do_I2C_DO_NACK_RESTART
 This function uses a non-reentrant model


 *************** function _i2c1_driver_resetBus *****************
 Defined at:
		line 141 in file "mcc_generated_files/i2c1_driver.c"
 Parameters:    Size  Location     Type
		None
 Auto vars:     Size  Location     Type
		None
 Return value:  Size  Location     Type
                  1    wreg      void 
 Registers used:
		None
 Tracked objects:
		On entry : 
		On exit  : 
		Unchanged: 
 Data sizes:     COMMON   BANK0   BANK1   BANK2   BANK3   BANK4   BANK5   BANK6   BANK7   BANK8   BANK9  BANK10  BANK11  BANK12
      Params:         0       0       0       0       0       0       0       0       0       0       0       0       0       0
      Locals:         0       0       0       0       0       0       0       0       0       0       0       0       0       0
      Temps:          0       0       0       0       0       0       0       0       0       0       0       0       0       0
      Totals:         0       0       0       0       0       0       0       0       0       0       0       0       0       0
Total ram usage:        0 bytes
 Hardware stack levels used:    1
 This function calls:
		Nothing
 This function is called by:
		_do_I2C_RESET
 This function uses a non-reentrant model


 *************** function i1_i2c1_driver_startRX *****************
 Defined at:
		line 166 in file "mcc_generated_files/i2c1_driver.c"
 Parameters:    Size  Location     Type
		None
 Auto vars:     Size  Location     Type
		None
 Return value:  Size  Location     Type
                  1    wreg      void 
 Registers used:
		None
 Tracked objects:
		On entry : 
		On exit  : 
		Unchanged: 
 Data sizes:     COMMON   BANK0   BANK1   BANK2   BANK3   BANK4   BANK5   BANK6   BANK7   BANK8   BANK9  BANK10  BANK11  BANK12
      Params:         0       0       0       0       0       0       0       0       0       0       0       0       0       0
      Locals:         0       0       0       0       0       0       0       0       0       0       0       0       0       0
      Temps:          0       0       0       0       0       0       0       0       0       0       0       0       0       0
      Totals:         0       0       0       0       0       0       0       0       0       0       0       0       0       0
Total ram usage:        0 bytes
 Hardware stack levels used:    1
 This function calls:
		Nothing
 This function is called by:
		_do_I2C_RCEN
 This function uses a non-reentrant model


 *************** function _returnReset *****************
 Defined at:
		line 448 in file "mcc_generated_files/drivers/i2c_master.c"
 Parameters:    Size  Location     Type
  p               1    0[COMMON] PTR void 
		 -> NULL(0), 
 Auto vars:     Size  Location     Type
		None
 Return value:  Size  Location     Type
                  1    wreg      enum E6966
 Registers used:
		wreg
 Tracked objects:
		On entry : 
		On exit  : 
		Unchanged: 
 Data sizes:     COMMON   BANK0   BANK1   BANK2   BANK3   BANK4   BANK5   BANK6   BANK7   BANK8   BANK9  BANK10  BANK11  BANK12
      Params:         1       0       0       0       0       0       0       0       0       0       0       0       0       0
      Locals:         0       0       0       0       0       0       0       0       0       0       0       0       0       0
      Temps:          0       0       0       0       0       0       0       0       0       0       0       0       0       0
      Totals:         1       0       0       0       0       0       0       0       0       0       0       0       0       0
Total ram usage:        1 bytes
 Hardware stack levels used:    1
 This function calls:
		Nothing
 This function is called by:
		_i2c_open
		_do_I2C_DO_ADDRESS_NACK
		_do_I2C_TX
		_do_I2C_RX
		_do_I2C_TX_EMPTY
 This function uses a non-reentrant model


 *************** function _returnStop *****************
 Defined at:
		line 443 in file "mcc_generated_files/drivers/i2c_master.c"
 Parameters:    Size  Location     Type
  p               1    0[COMMON] PTR void 
		 -> NULL(0), 
 Auto vars:     Size  Location     Type
		None
 Return value:  Size  Location     Type
                  1    wreg      enum E6966
 Registers used:
		wreg
 Tracked objects:
		On entry : 
		On exit  : 
		Unchanged: 
 Data sizes:     COMMON   BANK0   BANK1   BANK2   BANK3   BANK4   BANK5   BANK6   BANK7   BANK8   BANK9  BANK10  BANK11  BANK12
      Params:         1       0       0       0       0       0       0       0       0       0       0       0       0       0
      Locals:         0       0       0       0       0       0       0       0       0       0       0       0       0       0
      Temps:          0       0       0       0       0       0       0       0       0       0       0       0       0       0
      Totals:         1       0       0       0       0       0       0       0       0       0       0       0       0       0
Total ram usage:        1 bytes
 Hardware stack levels used:    1
 This function calls:
		Nothing
 This function is called by:
		_i2c_open
		_setCallBack
		_do_I2C_DO_ADDRESS_NACK
		_do_I2C_TX
		_do_I2C_RX
		_do_I2C_TX_EMPTY
 This function uses a non-reentrant model


 *************** function i1_i2c1_driver_stop *****************
 Defined at:
		line 156 in file "mcc_generated_files/i2c1_driver.c"
 Parameters:    Size  Location     Type
		None
 Auto vars:     Size  Location     Type
		None
 Return value:  Size  Location     Type
                  1    wreg      void 
 Registers used:
		None
 Tracked objects:
		On entry : 
		On exit  : 
		Unchanged: 
 Data sizes:     COMMON   BANK0   BANK1   BANK2   BANK3   BANK4   BANK5   BANK6   BANK7   BANK8   BANK9  BANK10  BANK11  BANK12
      Params:         0       0       0       0       0       0       0       0       0       0       0       0       0       0
      Locals:         0       0       0       0       0       0       0       0       0       0       0       0       0       0
      Temps:          0       0       0       0       0       0       0       0       0       0       0       0       0       0
      Totals:         0       0       0       0       0       0       0       0       0       0       0       0       0       0
Total ram usage:        0 bytes
 Hardware stack levels used:    1
 This function calls:
		Nothing
 This function is called by:
		_do_I2C_SEND_STOP
 This function uses a non-reentrant model


 *************** function i1_i2c1_driver_restart *****************
 Defined at:
		line 151 in file "mcc_generated_files/i2c1_driver.c"
 Parameters:    Size  Location     Type
		None
 Auto vars:     Size  Location     Type
		None
 Return value:  Size  Location     Type
                  1    wreg      void 
 Registers used:
		None
 Tracked objects:
		On entry : 
		On exit  : 
		Unchanged: 
 Data sizes:     COMMON   BANK0   BANK1   BANK2   BANK3   BANK4   BANK5   BANK6   BANK7   BANK8   BANK9  BANK10  BANK11  BANK12
      Params:         0       0       0       0       0       0       0       0       0       0       0       0       0       0
      Locals:         0       0       0       0       0       0       0       0       0       0       0       0       0       0
      Temps:          0       0       0       0       0       0       0       0       0       0       0       0       0       0
      Totals:         0       0       0       0       0       0       0       0       0       0       0       0       0       0
Total ram usage:        0 bytes
 Hardware stack levels used:    1
 This function calls:
		Nothing
 This function is called by:
		_do_I2C_SEND_RESTART_READ
		_do_I2C_SEND_RESTART_WRITE
		_do_I2C_SEND_RESTART
 This function uses a non-reentrant model


 *************** function _i2c1_driver_sendACK *****************
 Defined at:
		line 196 in file "mcc_generated_files/i2c1_driver.c"
 Parameters:    Size  Location     Type
		None
 Auto vars:     Size  Location     Type
		None
 Return value:  Size  Location     Type
                  1    wreg      void 
 Registers used:
		None
 Tracked objects:
		On entry : 
		On exit  : 
		Unchanged: 
 Data sizes:     COMMON   BANK0   BANK1   BANK2   BANK3   BANK4   BANK5   BANK6   BANK7   BANK8   BANK9  BANK10  BANK11  BANK12
      Params:         0       0       0       0       0       0       0       0       0       0       0       0       0       0
      Locals:         0       0       0       0       0       0       0       0       0       0       0       0       0       0
      Temps:          0       0       0       0       0       0       0       0       0       0       0       0       0       0
      Totals:         0       0       0       0       0       0       0       0       0       0       0       0       0       0
Total ram usage:        0 bytes
 Hardware stack levels used:    1
 This function calls:
		Nothing
 This function is called by:
		_do_I2C_DO_ACK
		_do_I2C_RX
		_I2C_Send_ACK
 This function uses a non-reentrant model


 *************** function _PIN_MANAGER_IOC *****************
 Defined at:
		line 118 in file "mcc_generated_files/pin_manager.c"
 Parameters:    Size  Location     Type
		None
 Auto vars:     Size  Location     Type
		None
 Return value:  Size  Location     Type
                  1    wreg      void 
 Registers used:
		None
 Tracked objects:
		On entry : 
		On exit  : 
		Unchanged: 
 Data sizes:     COMMON   BANK0   BANK1   BANK2   BANK3   BANK4   BANK5   BANK6   BANK7   BANK8   BANK9  BANK10  BANK11  BANK12
      Params:         0       0       0       0       0       0       0       0       0       0       0       0       0       0
      Locals:         0       0       0       0       0       0       0       0       0       0       0       0       0       0
      Temps:          0       0       0       0       0       0       0       0       0       0       0       0       0       0
      Totals:         0       0       0       0       0       0       0       0       0       0       0       0       0       0
Total ram usage:        0 bytes
 Hardware stack levels used:    1
 This function calls:
		Nothing
 This function is called by:
		_INTERRUPT_InterruptManager
 This function uses a non-reentrant model



MODULE INFORMATION

Module		Function		Class		Link	Load	Size
mcc_generated_files/tmr2.c
		_TMR2_Initialize		CODE           	0A56	0000	9

mcc_generated_files/tmr2.c estimated size: 9

mcc_generated_files/interrupt_manager.c
		_INTERRUPT_InterruptManager		CODE           	0004	0000	40

mcc_generated_files/interrupt_manager.c estimated size: 40

i2c.c
		_I2C_Stop      		CODE           	09BA	0000	4
		_I2C_Write_Byte		CODE           	0B94	0000	29
		_I2C_Read_Byte 		CODE           	0A84	0000	12
		_I2C_Send_NACK 		CODE           	09AE	0000	4
		_I2C_Start     		CODE           	09B4	0000	4
		_I2C_ReStart   		CODE           	09A5	0000	4

i2c.c estimated size: 57

mcc_generated_files/pin_manager.c
		_PIN_MANAGER_Initialize		CODE           	0E4C	0000	55
		_PIN_MANAGER_IOC		CODE           	0985	0000	2

mcc_generated_files/pin_manager.c estimated size: 57

C:\Program Files (x86)\Microchip\xc8\v2.05\pic\sources\c99\common\strlen.c
		_strlen        		CODE           	0B61	0000	25

C:\Program Files (x86)\Microchip\xc8\v2.05\pic\sources\c99\common\strlen.c estimated size: 25

mcc_generated_files/adc.c
		_ADC_Initialize		CODE           	0A3E	0000	9

mcc_generated_files/adc.c estimated size: 9

C:\Program Files (x86)\Microchip\xc8\v2.05\pic\sources\c99\common\awdiv.c
		___awdiv       		CODE           	078F	0000	83

C:\Program Files (x86)\Microchip\xc8\v2.05\pic\sources\c99\common\awdiv.c estimated size: 83

shared
		i1_i2c1_driver_sendNACK		CODE           	09C4	0000	5
		__initialization		CODE           	002D	0000	57
		i1_i2c1_driver_restart		CODE           	098A	0000	4
		i1_i2c1_driver_stop		CODE           	098D	0000	4
		i1_i2c1_driver_startRX		CODE           	0990	0000	4
		_fsmStateTable 		STRCODE        	1000	0000	33
		i1_i2c1_driver_getRXData		CODE           	0993	0000	4
		i1_i2c1_driver_TXData		CODE           	09F0	0000	6

shared estimated size: 117

mcc_generated_files/mcc.c
		_WDT_Initialize		CODE           	09E4	0000	5
		_PMD_Initialize		CODE           	0A4E	0000	9
		_OSCILLATOR_Initialize		CODE           	0A46	0000	9
		_SYSTEM_Initialize		CODE           	0B31	0000	25

mcc_generated_files/mcc.c estimated size: 48

C:\Program Files (x86)\Microchip\xc8\v2.05\pic\sources\c99\common\Umul16.c
		___wmul        		CODE           	0BB0	0000	29

C:\Program Files (x86)\Microchip\xc8\v2.05\pic\sources\c99\common\Umul16.c estimated size: 29

mcc_generated_files/drivers/i2c_master.c
		_returnStop    		CODE           	0988	0000	3
		_i2c_busCollisionISR		CODE           	099F	0000	4
		_i2c_ISR       		CODE           	0BF0	0000	39
		_do_I2C_TX_EMPTY		CODE           	0D85	0000	50
		_returnReset   		CODE           	0002	0000	3
		_do_I2C_SEND_RESTART_WRITE		CODE           	09CC	0000	5
		_do_I2C_DO_NACK_RESTART		CODE           	09E0	0000	5
		_do_I2C_SEND_RESTART_READ		CODE           	09C8	0000	5
		_do_I2C_SEND_ADR_WRITE		CODE           	0A19	0000	8
		_do_I2C_SEND_STOP		CODE           	09D4	0000	5
		_do_I2C_SEND_ADR_READ		CODE           	0A36	0000	9
		_do_I2C_DO_NACK_STOP		CODE           	09DC	0000	5
		_do_I2C_SEND_RESTART		CODE           	09D0	0000	5
		_do_I2C_RX     		CODE           	0E82	0000	71
		_do_I2C_TX     		CODE           	0F12	0000	80
		_do_I2C_IDLE   		CODE           	09F5	0000	6
		_do_I2C_RCEN   		CODE           	09FA	0000	7
		_do_I2C_DO_ADDRESS_NACK		CODE           	0D04	0000	44
		_do_I2C_RESET  		CODE           	0A12	0000	8
		_do_I2C_DO_ACK 		CODE           	09D8	0000	5

mcc_generated_files/drivers/i2c_master.c estimated size: 367

mcc_generated_files/pwm1.c
		_PWM1_Initialize		CODE           	0A79	0000	12

mcc_generated_files/pwm1.c estimated size: 12

mcc_generated_files/i2c1_driver.c
		_i2c1_driver_isBufferFull		CODE           	0A27	0000	8
		_i2c1_driver_open		CODE           	0A6F	0000	11
		_i2c1_driver_isNACK		CODE           	0A2E	0000	9
		_i2c1_driver_stop		CODE           	09B7	0000	4
		_i2c1_driver_getRXData		CODE           	09A8	0000	4
		_i2c1_driver_TXData		CODE           	0A00	0000	7
		_i2c1_driver_start		CODE           	09B1	0000	4
		_i2c1_driver_sendACK		CODE           	09C0	0000	5
		_mssp1_setIRQ  		CODE           	0996	0000	4
		_i2c1_driver_sendNACK		CODE           	09E8	0000	5
		_i2c1_driver_restart		CODE           	09A2	0000	4
		_i2c1_driver_resetBus		CODE           	0986	0000	2
		_i2c1_driver_clearBusCollision		CODE           	099C	0000	4
		_mssp1_clearIRQ		CODE           	0999	0000	4
		_i2c1_driver_startRX		CODE           	09AB	0000	4

mcc_generated_files/i2c1_driver.c estimated size: 79

mcc_generated_files/spi2.c
		_SPI2_Exchange8bit		CODE           	0A9D	0000	16
		_SPI2_Initialize		CODE           	0A20	0000	8

mcc_generated_files/spi2.c estimated size: 24

APDS9960.c
		_wireReadDataBlock		CODE           	0EC8	0000	75
		_setGestureEnterThresh		CODE           	0AD0	0000	20
		_setProxIntHighThresh		CODE           	0AF6	0000	20
		_decodeGesture 		CODE           	0338	0000	401
		_setMode       		CODE           	0F61	0000	80
		_setLEDDrive   		CODE           	0CB2	0000	42
		_setGestureIntEnable		CODE           	0D2F	0000	44
		_setLightIntHighThreshold		CODE           	0C64	0000	40
		_resetGestureParameters		CODE           	0B49	0000	25
		_readGesture   		CODE           	05DE	0000	244
		_processGestureData		CODE           	0069	0000	720
		_setLightIntLowThreshold		CODE           	0C8B	0000	40
		_enablePower   		CODE           	0A8F	0000	15
		_setGestureMode		CODE           	0C16	0000	40
		_setGestureGain		CODE           	0DE8	0000	51
		_setGestureExitThresh		CODE           	0AE3	0000	20
		_setLEDBoost   		CODE           	0DB6	0000	51
		_setGestureWaitTime		CODE           	0C3D	0000	40
		_setAmbientLightGain		CODE           	07E1	0000	31
		_initialize    		CODE           	04C8	0000	279
		_setGestureLEDDrive		CODE           	0E1A	0000	51
		_setProximityGain		CODE           	0CDB	0000	42
		_wireWriteDataByte		CODE           	0B79	0000	28
		_setProxIntLowThresh		CODE           	0B09	0000	20
		_wireReadDataByte		CODE           	0BCC	0000	37
		_enableGestureSensor		CODE           	06D1	0000	101
		_getMode       		CODE           	0A66	0000	10
		_isGestureAvailable		CODE           	0ABD	0000	20

APDS9960.c estimated size: 2587

main.c
		_PWM_Output_Enable		CODE           	09EC	0000	5
		_main          		CODE           	0D5A	0000	44
		_PWM_Output_Disable		CODE           	09BD	0000	4
		_SPI_Write     		CODE           	0B1C	0000	22
		_Display_Name  		CODE           	0FB0	0000	81
		_handleGesture 		CODE           	0735	0000	91
		_Display_Clear 		CODE           	0AAC	0000	18

main.c estimated size: 265

