Microchip MPLAB XC8 Compiler V2.05 ()

Linker command line:

-W-3 --edf=C:\Program Files (x86)\Microchip\xc8\v2.05\pic\dat\en_msgs.txt \
  -cs -h+dist/default/production\I2Gesture.X.production.sym \
  --cmf=dist/default/production\I2Gesture.X.production.cmf -z -Q16F18345 \
  -oC:\Users\NOELLE~1\AppData\Local\Temp\shrg.2 --defsym=__MPLAB_BUILD=1 \
  -Mdist/default/production/I2Gesture.X.production.map -E1 -ver=XC8 \
  --acfsm=1493 -ASTACK=02184h-023EFh -pstack=STACK -ACODE=00h-07FFhx4 \
  -ASTRCODE=00h-01FFFh -ASTRING=00h-0FFhx32 -ACONST=00h-0FFhx32 \
  -AENTRY=00h-0FFhx32 -ACOMMON=070h-07Fh -ABANK0=020h-06Fh \
  -ABANK1=0A0h-0EFh -ABANK2=0120h-016Fh -ABANK3=01A0h-01EFh \
  -ABANK4=0220h-026Fh -ABANK5=02A0h-02EFh -ABANK6=0320h-036Fh \
  -ABANK7=03A0h-03EFh -ABANK8=0420h-046Fh -ABANK9=04A0h-04EFh \
  -ABANK10=0520h-056Fh -ABANK11=05A0h-05EFh -ABANK12=0620h-064Fh \
  -ABIGRAM=02000h-023EFh \
  -ARAM=020h-06Fh,0A0h-0EFh,0120h-016Fh,01A0h-01EFh,0220h-026Fh,02A0h-02EFh,0320h-036Fh,03A0h-03EFh,0420h-046Fh,04A0h-04EFh,0520h-056Fh,05A0h-05EFh,0620h-064Fh \
  -AABS1=020h-07Fh,0A0h-0EFh,0120h-016Fh,01A0h-01EFh,0220h-026Fh,02A0h-02EFh,0320h-036Fh,03A0h-03EFh,0420h-046Fh,04A0h-04EFh,0520h-056Fh,05A0h-05EFh,0620h-064Fh \
  -ASFR0=00h-01Fh -ASFR1=080h-09Fh -ASFR2=0100h-011Fh -ASFR3=0180h-019Fh \
  -ASFR4=0200h-021Fh -ASFR5=0280h-029Fh -ASFR6=0300h-031Fh \
  -ASFR7=0380h-039Fh -ASFR8=0400h-041Fh -ASFR9=0480h-049Fh \
  -ASFR10=0500h-051Fh -ASFR11=0580h-059Fh -ASFR12=0600h-061Fh \
  -ASFR13=0680h-06EFh -ASFR14=0700h-076Fh -ASFR15=0780h-07EFh \
  -ASFR16=0800h-086Fh -ASFR17=0880h-08EFh -ASFR18=0900h-096Fh \
  -ASFR19=0980h-09EFh -ASFR20=0A00h-0A6Fh -ASFR21=0A80h-0AEFh \
  -ASFR22=0B00h-0B6Fh -ASFR23=0B80h-0BEFh -ASFR24=0C00h-0C6Fh \
  -ASFR25=0C80h-0CEFh -ASFR26=0D00h-0D6Fh -ASFR27=0D80h-0DEFh \
  -ASFR28=0E00h-0E6Fh -ASFR29=0E80h-0EEFh -ASFR30=0F00h-0F6Fh \
  -ASFR31=0F80h-0FEFh -preset_vec=00h,intentry=04h,init,end_init \
  -ppowerup=CODE -pcinit=CODE -pfunctab=ENTRY -ACONFIG=08007h-0800Ah \
  -pconfig=CONFIG -DCONFIG=2 -AIDLOC=08000h-08003h -pidloc=IDLOC -DIDLOC=2 \
  -AEEDATA=00h-0FFh/0F000h -peeprom_data=EEDATA -DEEDATA=2 -DCODE=2 \
  -DSTRCODE=2 -DSTRING=2 -DCONST=2 -DENTRY=2 -k \
  C:\Users\NOELLE~1\AppData\Local\Temp\shrg.o \
  dist/default/production\I2Gesture.X.production.o 

Object code version is 3.11

Machine type is 16F18345



                Name                               Link     Load   Length Selector   Space Scale
C:\Users\NOELLE~1\AppData\Local\Temp\shrg.o
                end_init                             47       47        2        8       0
                reset_vec                             0        0        2        0       0
                config                             8007     8007        4    1000E       0
dist/default/production\I2Gesture.X.production.o
                cinit                                49       49       3C        8       0
                intentry                              4        4       43        8       0
                text115                             861      861       17     10C2       0
                text114                            1674     1674        3     2CE8       0
                text113                            166E     166E        1     2CDC       0
                text112                            16AA     16AA        4     2D54       0
                text111                             BF2      BF2       36     17E4       0
                text110                             943      943       1E     1286       0
                text109                            166F     166F        1     2CDE       0
                text108                            17B6     17B6        D     2F6C       0
                text107                            16E4     16E4        6     2DC8       0
                text106                            16AE     16AE        4     2D5C       0
                text105                            1677     1677        3     2CEE       0
                text104                            167A     167A        3     2CF4       0
                text103                            1672     1672        2     2CE4       0
                text102                               2        2        2        0       0
                text101                            167D     167D        3     2CFA       0
                text100                            1670     1670        1     2CE0       0
                text99                             16B2     16B2        4     2D64       0
                text98                             1680     1680        3     2D00       0
                text97                             16DA     16DA        5     2DB4       0
                text96                             171E     171E        8     2E3C       0
                text95                             1683     1683        3     2D06       0
                text94                              B2B      B2B       31     1656       0
                text93                             1702     1702        7     2E04       0
                text92                             16DF     16DF        5     2DBE       0
                text91                             16B6     16B6        4     2D6C       0
                text90                             16BA     16BA        4     2D74       0
                text89                             16BE     16BE        4     2D7C       0
                text88                             16C2     16C2        4     2D84       0
                text87                             1726     1726        8     2E4C       0
                text86                             1709     1709        7     2E12       0
                text85                             16EA     16EA        6     2DD4       0
                text84                             16C6     16C6        4     2D8C       0
                text83                             16CA     16CA        4     2D94       0
                text82                             16CE     16CE        4     2D9C       0
                text81                              AD5      AD5       2B     15AA       0
                text80                              DC7      DC7       4F     1B8E       0
                text79                              CF0      CF0       46     19E0       0
                text78                             1686     1686        3     2D0C       0
                text77                              9C1      9C1       26     1382       0
                text76                             1689     1689        3     2D12       0
                text75                             168C     168C        3     2D18       0
                text73                             17D1     17D1        F     2FA2       0
                text72                              84C      84C       15     1098       0
                text71                             17EF     17EF       11     2FDE       0
                text70                              961      961       1E     12C2       0
                text69                              8BD      8BD       18     117A       0
                text68                              C28      C28       41     1850       0
                text67                              878      878       17     10F0       0
                text66                              88F      88F       17     111E       0
                text65                              603      603       F7        8       0
                text64                             17E0     17E0        F     2FC0       0
                text63                             172E     172E        8     2E5C       0
                text62                             1756     1756        9     2EAC       0
                text61                             175F     175F        9     2EBE       0
                text60                             1768     1768        9     2ED0       0
                text59                             1771     1771        9     2EE2       0
                text58                             177A     177A        9     2EF4       0
                text57                              C69      C69       43     18D2       0
                text56                             1736     1736        8     2E6C       0
                text55                             1783     1783        9     2F06       0
                text54                              CAC      CAC       44     1958       0
                text53                             173E     173E        8     2E7C       0
                text52                             17AA     17AA        C     2F54       0
                text51                             1710     1710        7     2E20       0
                text50                             1746     1746        8     2E8C       0
                text49                             16D2     16D2        4     2DA4       0
                text48                              8D5      8D5       1B     11AA       0
                text47                              EB7      EB7       5E     1D6E       0
                text46                             168F     168F        3     2D1E       0
                text45                             1692     1692        3     2D24       0
                text44                             1695     1695        3     2D2A       0
                text43                             1717     1717        7     2E2E       0
                text42                             1698     1698        3     2D30       0
                text41                             179F     179F        B     2F3E       0
                text40                             16D6     16D6        4     2DAC       0
                text39                             169B     169B        3     2D36       0
                text38                             169E     169E        3     2D3C       0
                text37                             16A1     16A1        3     2D42       0
                text36                             16A4     16A4        3     2D48       0
                text35                             16A7     16A7        3     2D4E       0
                text34                             16F0     16F0        6     2DE0       0
                text33                              90B      90B       1C     1216       0
                text32                              99D      99D       24     133A       0
                text31                             178C     178C        9     2F18       0
                text30                              8F0      8F0       1B     11E0       0
                text29                              E16      E16       4F     1C2C       0
                text28                             17C3     17C3        E     2F86       0
                text27                              8A6      8A6       17     114C       0
                text26                              B00      B00       2B     1600       0
                text25                              9E7      9E7       27     13CE       0
                text24                              B5C      B5C       32     16B8       0
                text23                              F15      F15       64     1E2A       0
                text22                              35C      35C      191        8       0
                text21                              800      800       13        8       0
                text20                              E65      E65       52     1CCA       0
                text19                              927      927       1C     124E       0
                text18                               85       85      2D7        8       0
                text17                              D7D      D7D       4A     1AFA       0
                text16                              6FA      6FA       F3        8       0
                text15                              F79      F79       87     1EF2       0
                text14                             1795     1795        A     2F2A       0
                text13                              97F      97F       1E     12FE       0
                text12                              813      813       13     1026       0
                text11                              826      826       13     104C       0
                text10                              B8E      B8E       32     171C       0
                text9                               BC0      BC0       32     1780       0
                text8                               A0E      A0E       27     141C       0
                text7                               A83      A83       29     1506       0
                text6                               A35      A35       27     146A       0
                text5                               A5C      A5C       27     14B8       0
                text4                               839      839       13     1072       0
                text3                               7ED      7ED       13        8       0
                text2                               AAC      AAC       29     1558       0
                text1                               4ED      4ED      116        8       0
                maintext                            D36      D36       47     1A6C       0
                cstackBANK0                          20       20       3C       20       1
                cstackCOMMON                         76       76        6       70       1
                cstackBANK1                          A0       A0       40       A0       1
                cstackBANK2                         120      120       40      120       1
                clrtext                            16F6     16F6        6     2DEC       0
                inittext                           16FC     16FC        6     2DF8       0
                bssBANK4                            220      220       44      220       1
                bssBANK3                            1A0      1A0       3A      1A0       1
                dataBANK2                           160      160        8      120       1
                bssBANK2                            16E      16E        2      120       1
                bssBANK1                             E0       E0        C       A0       1
                dataBANK0                            6F       6F        1       20       1
                bssBANK0                             5C       5C       12       20       1
                bssCOMMON                            70       70        6       70       1
                stringtext5                        1829     1829        B     3000       0
                stringtext4                        181D     181D        C     3000       0
                stringtext3                        1810     1810        D     3000       0
                stringtext2                        1800     1800       10     3000       0
                nvBANK3                             1DA      1DA        2      1A0       1
                nvBANK2                             168      168        6      120       1
                nvBANK1                              EC       EC        4       A0       1
                nvBANK0                              6E       6E        1       20       1
                stringtext1                        1000     1000       20     2000       0
                idataBANK2                         174E     174E        8     2E9C       0
                idataBANK0                         1671     1671        1     2CE2       0

TOTAL           Name                               Link     Load   Length     Space
        CLASS   STACK          

        CLASS   CODE           
                end_init                             47       47        2         0
                cinit                                49       49       3C         0
                intentry                              4        4       43         0
                reset_vec                             0        0        2         0
                text115                             861      861       17         0
                text114                            1674     1674        3         0
                text113                            166E     166E        1         0
                text112                            16AA     16AA        4         0
                text111                             BF2      BF2       36         0
                text110                             943      943       1E         0
                text109                            166F     166F        1         0
                text108                            17B6     17B6        D         0
                text107                            16E4     16E4        6         0
                text106                            16AE     16AE        4         0
                text105                            1677     1677        3         0
                text104                            167A     167A        3         0
                text103                            1672     1672        2         0
                text102                               2        2        2         0
                text101                            167D     167D        3         0
                text100                            1670     1670        1         0
                text99                             16B2     16B2        4         0
                text98                             1680     1680        3         0
                text97                             16DA     16DA        5         0
                text96                             171E     171E        8         0
                text95                             1683     1683        3         0
                text94                              B2B      B2B       31         0
                text93                             1702     1702        7         0
                text92                             16DF     16DF        5         0
                text91                             16B6     16B6        4         0
                text90                             16BA     16BA        4         0
                text89                             16BE     16BE        4         0
                text88                             16C2     16C2        4         0
                text87                             1726     1726        8         0
                text86                             1709     1709        7         0
                text85                             16EA     16EA        6         0
                text84                             16C6     16C6        4         0
                text83                             16CA     16CA        4         0
                text82                             16CE     16CE        4         0
                text81                              AD5      AD5       2B         0
                text80                              DC7      DC7       4F         0
                text79                              CF0      CF0       46         0
                text78                             1686     1686        3         0
                text77                              9C1      9C1       26         0
                text76                             1689     1689        3         0
                text75                             168C     168C        3         0
                text73                             17D1     17D1        F         0
                text72                              84C      84C       15         0
                text71                             17EF     17EF       11         0
                text70                              961      961       1E         0
                text69                              8BD      8BD       18         0
                text68                              C28      C28       41         0
                text67                              878      878       17         0
                text66                              88F      88F       17         0
                text65                              603      603       F7         0
                text64                             17E0     17E0        F         0
                text63                             172E     172E        8         0
                text62                             1756     1756        9         0
                text61                             175F     175F        9         0
                text60                             1768     1768        9         0
                text59                             1771     1771        9         0
                text58                             177A     177A        9         0
                text57                              C69      C69       43         0
                text56                             1736     1736        8         0
                text55                             1783     1783        9         0
                text54                              CAC      CAC       44         0
                text53                             173E     173E        8         0
                text52                             17AA     17AA        C         0
                text51                             1710     1710        7         0
                text50                             1746     1746        8         0
                text49                             16D2     16D2        4         0
                text48                              8D5      8D5       1B         0
                text47                              EB7      EB7       5E         0
                text46                             168F     168F        3         0
                text45                             1692     1692        3         0
                text44                             1695     1695        3         0
                text43                             1717     1717        7         0
                text42                             1698     1698        3         0
                text41                             179F     179F        B         0
                text40                             16D6     16D6        4         0
                text39                             169B     169B        3         0
                text38                             169E     169E        3         0
                text37                             16A1     16A1        3         0
                text36                             16A4     16A4        3         0
                text35                             16A7     16A7        3         0
                text34                             16F0     16F0        6         0
                text33                              90B      90B       1C         0
                text32                              99D      99D       24         0
                text31                             178C     178C        9         0
                text30                              8F0      8F0       1B         0
                text29                              E16      E16       4F         0
                text28                             17C3     17C3        E         0
                text27                              8A6      8A6       17         0
                text26                              B00      B00       2B         0
                text25                              9E7      9E7       27         0
                text24                              B5C      B5C       32         0
                text23                              F15      F15       64         0
                text22                              35C      35C      191         0
                text21                              800      800       13         0
                text20                              E65      E65       52         0
                text19                              927      927       1C         0
                text18                               85       85      2D7         0
                text17                              D7D      D7D       4A         0
                text16                              6FA      6FA       F3         0
                text15                              F79      F79       87         0
                text14                             1795     1795        A         0
                text13                              97F      97F       1E         0
                text12                              813      813       13         0
                text11                              826      826       13         0
                text10                              B8E      B8E       32         0
                text9                               BC0      BC0       32         0
                text8                               A0E      A0E       27         0
                text7                               A83      A83       29         0
                text6                               A35      A35       27         0
                text5                               A5C      A5C       27         0
                text4                               839      839       13         0
                text3                               7ED      7ED       13         0
                text2                               AAC      AAC       29         0
                text1                               4ED      4ED      116         0
                maintext                            D36      D36       47         0
                clrtext                            16F6     16F6        6         0
                inittext                           16FC     16FC        6         0
                idataBANK2                         174E     174E        8         0
                idataBANK0                         1671     1671        1         0

        CLASS   STRCODE        
                stringtext5                        1829     1829        B         0
                stringtext4                        181D     181D        C         0
                stringtext3                        1810     1810        D         0
                stringtext2                        1800     1800       10         0
                stringtext1                        1000     1000       20         0

        CLASS   STRING         

        CLASS   CONST          

        CLASS   ENTRY          

        CLASS   COMMON         
                cstackCOMMON                         76       76        6         1
                bssCOMMON                            70       70        6         1

        CLASS   BANK0          
                cstackBANK0                          20       20       3C         1
                dataBANK0                            6F       6F        1         1
                bssBANK0                             5C       5C       12         1
                nvBANK0                              6E       6E        1         1

        CLASS   BANK1          
                cstackBANK1                          A0       A0       40         1
                bssBANK1                             E0       E0        C         1
                nvBANK1                              EC       EC        4         1

        CLASS   BANK2          
                cstackBANK2                         120      120       40         1
                dataBANK2                           160      160        8         1
                bssBANK2                            16E      16E        2         1
                nvBANK2                             168      168        6         1

        CLASS   BANK3          
                bssBANK3                            1A0      1A0       3A         1
                nvBANK3                             1DA      1DA        2         1

        CLASS   BANK4          
                bssBANK4                            220      220       44         1

        CLASS   BANK5          

        CLASS   BANK6          

        CLASS   BANK7          

        CLASS   BANK8          

        CLASS   BANK9          

        CLASS   BANK10         

        CLASS   BANK11         

        CLASS   BANK12         

        CLASS   BIGRAM         

        CLASS   RAM            

        CLASS   ABS1           
                abs_s1                               7E       7E        2         1

        CLASS   SFR0           

        CLASS   SFR1           

        CLASS   SFR2           

        CLASS   SFR3           

        CLASS   SFR4           

        CLASS   SFR5           

        CLASS   SFR6           

        CLASS   SFR7           

        CLASS   SFR8           

        CLASS   SFR9           

        CLASS   SFR10          

        CLASS   SFR11          

        CLASS   SFR12          

        CLASS   SFR13          

        CLASS   SFR14          

        CLASS   SFR15          

        CLASS   SFR16          

        CLASS   SFR17          

        CLASS   SFR18          

        CLASS   SFR19          

        CLASS   SFR20          

        CLASS   SFR21          

        CLASS   SFR22          

        CLASS   SFR23          

        CLASS   SFR24          

        CLASS   SFR25          

        CLASS   SFR26          

        CLASS   SFR27          

        CLASS   SFR28          

        CLASS   SFR29          

        CLASS   SFR30          

        CLASS   SFR31          

        CLASS   CONFIG         
                config                             8007     8007        4         0

        CLASS   IDLOC          

        CLASS   EEDATA         

        CLASS   BANK31         

        CLASS   BANK30         

        CLASS   BANK29         

        CLASS   BANK28         

        CLASS   BANK27         

        CLASS   BANK26         

        CLASS   BANK25         

        CLASS   BANK24         

        CLASS   BANK23         

        CLASS   BANK22         

        CLASS   BANK21         

        CLASS   BANK20         

        CLASS   BANK19         

        CLASS   BANK18         

        CLASS   BANK17         

        CLASS   BANK16         

        CLASS   BANK15         

        CLASS   BANK14         

        CLASS   BANK13         



SEGMENTS        Name                           Load    Length   Top    Selector   Space  Class     Delta

                reset_vec                      000000  000004  000004         0       0  CODE        2
                intentry                       000004  00080F  000813         8       0  CODE        2
                cstackBANK0                    000020  000050  000070        20       1  BANK0       1
                bssCOMMON                      000070  00000C  00007C        70       1  COMMON      1
                cstackBANK1                    0000A0  000050  0000F0        A0       1  BANK1       1
                cstackBANK2                    000120  000050  000170       120       1  BANK2       1
                bssBANK3                       0001A0  00003C  0001DC       1A0       1  BANK3       1
                bssBANK4                       000220  000044  000264       220       1  BANK4       1
                text12                         000813  000013  000826      1026       0  CODE        2
                text11                         000826  000013  000839      104C       0  CODE        2
                text4                          000839  000013  00084C      1072       0  CODE        2
                text72                         00084C  000015  000861      1098       0  CODE        2
                text115                        000861  000017  000878      10C2       0  CODE        2
                text67                         000878  000017  00088F      10F0       0  CODE        2
                text66                         00088F  000017  0008A6      111E       0  CODE        2
                text27                         0008A6  000017  0008BD      114C       0  CODE        2
                text69                         0008BD  000018  0008D5      117A       0  CODE        2
                text48                         0008D5  00001B  0008F0      11AA       0  CODE        2
                text30                         0008F0  00001B  00090B      11E0       0  CODE        2
                text33                         00090B  00001C  000927      1216       0  CODE        2
                text19                         000927  00001C  000943      124E       0  CODE        2
                text110                        000943  00001E  000961      1286       0  CODE        2
                text70                         000961  00001E  00097F      12C2       0  CODE        2
                text13                         00097F  00001E  00099D      12FE       0  CODE        2
                text32                         00099D  000024  0009C1      133A       0  CODE        2
                text77                         0009C1  000026  0009E7      1382       0  CODE        2
                text25                         0009E7  000027  000A0E      13CE       0  CODE        2
                text8                          000A0E  000027  000A35      141C       0  CODE        2
                text6                          000A35  000027  000A5C      146A       0  CODE        2
                text5                          000A5C  000027  000A83      14B8       0  CODE        2
                text7                          000A83  000029  000AAC      1506       0  CODE        2
                text2                          000AAC  000029  000AD5      1558       0  CODE        2
                text81                         000AD5  00002B  000B00      15AA       0  CODE        2
                text26                         000B00  00002B  000B2B      1600       0  CODE        2
                text94                         000B2B  000031  000B5C      1656       0  CODE        2
                text24                         000B5C  000032  000B8E      16B8       0  CODE        2
                text10                         000B8E  000032  000BC0      171C       0  CODE        2
                text9                          000BC0  000032  000BF2      1780       0  CODE        2
                text111                        000BF2  000036  000C28      17E4       0  CODE        2
                text68                         000C28  000041  000C69      1850       0  CODE        2
                text57                         000C69  000043  000CAC      18D2       0  CODE        2
                text54                         000CAC  000044  000CF0      1958       0  CODE        2
                text79                         000CF0  000046  000D36      19E0       0  CODE        2
                maintext                       000D36  000047  000D7D      1A6C       0  CODE        2
                text17                         000D7D  00004A  000DC7      1AFA       0  CODE        2
                text80                         000DC7  00004F  000E16      1B8E       0  CODE        2
                text29                         000E16  00004F  000E65      1C2C       0  CODE        2
                text20                         000E65  000052  000EB7      1CCA       0  CODE        2
                text47                         000EB7  00005E  000F15      1D6E       0  CODE        2
                text23                         000F15  000064  000F79      1E2A       0  CODE        2
                text15                         000F79  000087  001000      1EF2       0  CODE        2
                stringtext1                    001000  000020  001020      2000       0  STRCODE     2
                text113                        00166E  000001  00166F      2CDC       0  CODE        2
                text109                        00166F  000001  001670      2CDE       0  CODE        2
                text100                        001670  000001  001671      2CE0       0  CODE        2
                idataBANK0                     001671  000001  001672      2CE2       0  CODE        2
                text103                        001672  000002  001674      2CE4       0  CODE        2
                text114                        001674  000003  001677      2CE8       0  CODE        2
                text105                        001677  000003  00167A      2CEE       0  CODE        2
                text104                        00167A  000003  00167D      2CF4       0  CODE        2
                text101                        00167D  000003  001680      2CFA       0  CODE        2
                text98                         001680  000003  001683      2D00       0  CODE        2
                text95                         001683  000003  001686      2D06       0  CODE        2
                text78                         001686  000003  001689      2D0C       0  CODE        2
                text76                         001689  000003  00168C      2D12       0  CODE        2
                text75                         00168C  000003  00168F      2D18       0  CODE        2
                text46                         00168F  000003  001692      2D1E       0  CODE        2
                text45                         001692  000003  001695      2D24       0  CODE        2
                text44                         001695  000003  001698      2D2A       0  CODE        2
                text42                         001698  000003  00169B      2D30       0  CODE        2
                text39                         00169B  000003  00169E      2D36       0  CODE        2
                text38                         00169E  000003  0016A1      2D3C       0  CODE        2
                text37                         0016A1  000003  0016A4      2D42       0  CODE        2
                text36                         0016A4  000003  0016A7      2D48       0  CODE        2
                text35                         0016A7  000003  0016AA      2D4E       0  CODE        2
                text112                        0016AA  000004  0016AE      2D54       0  CODE        2
                text106                        0016AE  000004  0016B2      2D5C       0  CODE        2
                text99                         0016B2  000004  0016B6      2D64       0  CODE        2
                text91                         0016B6  000004  0016BA      2D6C       0  CODE        2
                text90                         0016BA  000004  0016BE      2D74       0  CODE        2
                text89                         0016BE  000004  0016C2      2D7C       0  CODE        2
                text88                         0016C2  000004  0016C6      2D84       0  CODE        2
                text84                         0016C6  000004  0016CA      2D8C       0  CODE        2
                text83                         0016CA  000004  0016CE      2D94       0  CODE        2
                text82                         0016CE  000004  0016D2      2D9C       0  CODE        2
                text49                         0016D2  000004  0016D6      2DA4       0  CODE        2
                text40                         0016D6  000004  0016DA      2DAC       0  CODE        2
                text97                         0016DA  000005  0016DF      2DB4       0  CODE        2
                text92                         0016DF  000005  0016E4      2DBE       0  CODE        2
                text107                        0016E4  000006  0016EA      2DC8       0  CODE        2
                text85                         0016EA  000006  0016F0      2DD4       0  CODE        2
                text34                         0016F0  000006  0016F6      2DE0       0  CODE        2
                clrtext                        0016F6  000006  0016FC      2DEC       0  CODE        2
                inittext                       0016FC  000006  001702      2DF8       0  CODE        2
                text93                         001702  000007  001709      2E04       0  CODE        2
                text86                         001709  000007  001710      2E12       0  CODE        2
                text51                         001710  000007  001717      2E20       0  CODE        2
                text43                         001717  000007  00171E      2E2E       0  CODE        2
                text96                         00171E  000008  001726      2E3C       0  CODE        2
                text87                         001726  000008  00172E      2E4C       0  CODE        2
                text63                         00172E  000008  001736      2E5C       0  CODE        2
                text56                         001736  000008  00173E      2E6C       0  CODE        2
                text53                         00173E  000008  001746      2E7C       0  CODE        2
                text50                         001746  000008  00174E      2E8C       0  CODE        2
                idataBANK2                     00174E  000008  001756      2E9C       0  CODE        2
                text62                         001756  000009  00175F      2EAC       0  CODE        2
                text61                         00175F  000009  001768      2EBE       0  CODE        2
                text60                         001768  000009  001771      2ED0       0  CODE        2
                text59                         001771  000009  00177A      2EE2       0  CODE        2
                text58                         00177A  000009  001783      2EF4       0  CODE        2
                text55                         001783  000009  00178C      2F06       0  CODE        2
                text31                         00178C  000009  001795      2F18       0  CODE        2
                text14                         001795  00000A  00179F      2F2A       0  CODE        2
                text41                         00179F  00000B  0017AA      2F3E       0  CODE        2
                text52                         0017AA  00000C  0017B6      2F54       0  CODE        2
                text108                        0017B6  00000D  0017C3      2F6C       0  CODE        2
                text28                         0017C3  00000E  0017D1      2F86       0  CODE        2
                text73                         0017D1  00000F  0017E0      2FA2       0  CODE        2
                text64                         0017E0  00000F  0017EF      2FC0       0  CODE        2
                text71                         0017EF  000011  001800      2FDE       0  CODE        2
                stringtext2                    001800  000034  001834      3000       0  STRCODE     2
                config                         008007  000004  00800B     1000E       0  CONFIG      2


UNUSED ADDRESS RANGES

        Name                Unused          Largest block    Delta
        BANK10           00520-0056F              50           1
        BANK11           005A0-005EF              50           1
        BANK12           00620-0064F              30           1
        BANK3            001DC-001EF              14           1
        BANK4            00264-0026F               C           1
        BANK5            002A0-002EF              50           1
        BANK6            00320-0036F              50           1
        BANK7            003A0-003EF              50           1
        BANK8            00420-0046F              50           1
        BANK9            004A0-004EF              50           1
        BIGRAM           02000-023EF             3F0           1
        CODE             01020-0166D             64E           2
                         01834-01FFF             7CC
        COMMON           0007C-0007D               2           1
        CONST            01020-0166D             100           2
                         01834-01FFF             100
        EEDATA           0F000-0F0FF             100           2
        ENTRY            01020-0166D             100           2
                         01834-01FFF             100
        IDLOC            08000-08003               4           2
        RAM              001DC-001EF              14           1
                         00264-0026F               C
                         002A0-002EF              50
                         00320-0036F              50
                         003A0-003EF              50
                         00420-0046F              50
                         004A0-004EF              50
                         00520-0056F              50
                         005A0-005EF              50
                         00620-0064F              30
        SFR0             00000-0001F              20           1
        SFR1             00080-0009F              20           1
        SFR10            00500-0051F              20           1
        SFR11            00580-0059F              20           1
        SFR12            00600-0061F              20           1
        SFR13            00680-006EF              70           1
        SFR14            00700-0076F              70           1
        SFR15            00780-007EF              70           1
        SFR16            00800-0086F              70           1
        SFR17            00880-008EF              70           1
        SFR18            00900-0096F              70           1
        SFR19            00980-009EF              70           1
        SFR2             00100-0011F              20           1
        SFR20            00A00-00A6F              70           1
        SFR21            00A80-00AEF              70           1
        SFR22            00B00-00B6F              70           1
        SFR23            00B80-00BEF              70           1
        SFR24            00C00-00C6F              70           1
        SFR25            00C80-00CEF              70           1
        SFR26            00D00-00D6F              70           1
        SFR27            00D80-00DEF              70           1
        SFR28            00E00-00E6F              70           1
        SFR29            00E80-00EEF              70           1
        SFR3             00180-0019F              20           1
        SFR30            00F00-00F6F              70           1
        SFR31            00F80-00FEF              70           1
        SFR4             00200-0021F              20           1
        SFR5             00280-0029F              20           1
        SFR6             00300-0031F              20           1
        SFR7             00380-0039F              20           1
        SFR8             00400-0041F              20           1
        SFR9             00480-0049F              20           1
        STACK            02184-023EF             26C           1
        STRCODE          01020-0166D             64E           2
                         01834-01FFF             7CC
        STRING           01020-0166D             100           2
                         01834-01FFF             100

                                  Symbol Table

?_ADC_GetConversion                            cstackBANK0  00020
?___awdiv                                      cstackBANK0  00026
?___wmul                                       cstackBANK0  00020
?_readGesture                                  cstackBANK0  0004F
?_strlen                                       cstackBANK0  00020
?_wireReadDataBlock                            cstackBANK0  00026
?_wireWriteDataByte                            cstackBANK0  00026
ADC_GetConversion@channel                      cstackBANK0  00023
Display_Name@i                                 cstackBANK0  0002A
Display_Name@length                            cstackBANK0  00028
Display_Name@string1                           cstackBANK0  00025
EUSART_SetErrorHandler@interruptHandler        cstackBANK0  00020
EUSART_SetFramingErrorHandler@interruptHandler cstackBANK0  00020
EUSART_SetOverrunErrorHandler@interruptHandler cstackBANK0  00020
EUSART_SetRxInterruptHandler@interruptHandler  cstackBANK0  00020
EUSART_SetTxInterruptHandler@interruptHandler  cstackBANK0  00020
Get_ADC@val                                    cstackBANK0  0002F
I2C_Write_Byte@Byte                            cstackBANK0  00023
I2C_Write_Byte@count                           cstackBANK0  00024
IOCAF4_SetInterruptHandler@InterruptHandler    cstackBANK0  00020
PWM1_LoadDutyValue@dutyValue                   cstackBANK0  00020
SPI2_Exchange8bit@data                         cstackBANK0  00020
SPI_Write@incoming                             cstackBANK0  00022
UART_Byte@bits                                 cstackBANK0  0002E
UART_Byte@i                                    cstackBANK0  00033
UART_Byte@tempBright                           cstackBANK0  0002C
UART_Byte@tempName                             cstackBANK0  0002A
UART_Byte@tempOn                               cstackBANK0  00026
UART_Byte@tempProx                             cstackBANK0  00028
_ADACT                                         (abs)        0009F
_ADCON0                                        (abs)        0009D
_ADCON0bits                                    (abs)        0009D
_ADCON1                                        (abs)        0009E
_ADC_GetConversion                             text70       00961
_ADC_Initialize                                text63       0172E
_ADRESH                                        (abs)        0009C
_ADRESL                                        (abs)        0009B
_ANSELA                                        (abs)        0018C
_ANSELB                                        (abs)        0018D
_ANSELC                                        (abs)        0018E
_BAUD1CON                                      (abs)        0019F
_CCP1CON                                       (abs)        00293
_CCP1CONbits                                   (abs)        00293
_CCPR1H                                        (abs)        00292
_CCPR1L                                        (abs)        00291
_CCPTMRSbits                                   (abs)        0029F
_Display_Clear                                 text71       017EF
_Display_Name                                  text68       00C28
_EUSART_DefaultErrorHandler                    text114      01674
_EUSART_DefaultFramingErrorHandler             text113      0166E
_EUSART_DefaultOverrunErrorHandler             text112      016AA
_EUSART_ErrorHandler                           nvBANK3      001DA
_EUSART_FramingErrorHandler                    nvBANK2      0016A
_EUSART_Initialize                             text57       00C69
_EUSART_OverrunErrorHandler                    nvBANK2      00168
_EUSART_Receive_ISR                            text111      00BF2
_EUSART_RxDataHandler                          text115      00861
_EUSART_RxDefaultInterruptHandler              nvBANK2      0016C
_EUSART_SetErrorHandler                        text62       01756
_EUSART_SetFramingErrorHandler                 text61       0175F
_EUSART_SetOverrunErrorHandler                 text60       01768
_EUSART_SetRxInterruptHandler                  text59       01771
_EUSART_SetTxInterruptHandler                  text58       0177A
_EUSART_Transmit_ISR                           text110      00943
_EUSART_TxDefaultInterruptHandler              nvBANK1      000EE
_Get_ADC                                       text65       00603
_I2C_ReStart                                   text45       01692
_I2C_Read_Byte                                 text41       0179F
_I2C_Send_NACK                                 text39       0169B
_I2C_Start                                     text37       016A1
_I2C_Stop                                      text35       016A7
_I2C_Write_Byte                                text33       0090B
_INTCONbits                                    (abs)        0000B
_INTERRUPT_InterruptManager                    intentry     00004
_IOCAF4_DefaultInterruptHandler                text109      0166F
_IOCAF4_ISR                                    text108      017B6
_IOCAF4_InterruptHandler                       nvBANK1      000EC
_IOCAF4_SetInterruptHandler                    text55       01783
_IOCAFbits                                     (abs)        00393
_IOCANbits                                     (abs)        00392
_IOCAPbits                                     (abs)        00391
_LATA                                          (abs)        0010C
_LATB                                          (abs)        0010D
_LATC                                          (abs)        0010E
_LATCbits                                      (abs)        0010E
_Noise                                         text66       0088F
_ODCONA                                        (abs)        0028C
_ODCONB                                        (abs)        0028D
_ODCONC                                        (abs)        0028E
_OSCCON1                                       (abs)        00919
_OSCCON3                                       (abs)        0091B
_OSCEN                                         (abs)        0091D
_OSCFRQ                                        (abs)        0091F
_OSCILLATOR_Initialize                         text56       01736
_OSCTUNE                                       (abs)        0091E
_PIE0bits                                      (abs)        00090
_PIE1bits                                      (abs)        00091
_PIN_MANAGER_IOC                               text107      016E4
_PIN_MANAGER_Initialize                        text54       00CAC
_PIR0bits                                      (abs)        00010
_PIR1bits                                      (abs)        00011
_PIR_Sensor                                    text64       017E0
_PMD0                                          (abs)        00911
_PMD1                                          (abs)        00912
_PMD2                                          (abs)        00913
_PMD3                                          (abs)        00914
_PMD4                                          (abs)        00915
_PMD5                                          (abs)        00916
_PMD_Initialize                                text53       0173E
_PORTCbits                                     (abs)        0000E
_PR2                                           (abs)        0001E
_PWM1_Initialize                               text52       017AA
_PWM1_LoadDutyValue                            text67       00878
_RA4PPS                                        (abs)        00E94
_RB6PPS                                        (abs)        00E9E
_RB7PPS                                        (abs)        00E9F
_RC1REG                                        (abs)        00199
_RC1STA                                        (abs)        0019D
_RC1STAbits                                    (abs)        0019D
_RC2PPS                                        (abs)        00EA2
_RC5PPS                                        (abs)        00EA5
_RC6PPS                                        (abs)        00EA6
_SLRCONA                                       (abs)        0030C
_SLRCONB                                       (abs)        0030D
_SLRCONC                                       (abs)        0030E
_SP1BRGH                                       (abs)        0019C
_SP1BRGL                                       (abs)        0019B
_SPI2_Exchange8bit                             text73       017D1
_SPI2_Initialize                               text51       01710
_SPI_Write                                     text72       0084C
_SSP1ADD                                       (abs)        00212
_SSP1BUF                                       (abs)        00211
_SSP1CLKPPS                                    (abs)        00E20
_SSP1CON1                                      (abs)        00215
_SSP1CON1bits                                  (abs)        00215
_SSP1CON2                                      (abs)        00216
_SSP1CON2bits                                  (abs)        00216
_SSP1DATPPS                                    (abs)        00E21
_SSP1MSK                                       (abs)        00213
_SSP1STAT                                      (abs)        00214
_SSP1STATbits                                  (abs)        00214
_SSP2ADD                                       (abs)        0021A
_SSP2BUF                                       (abs)        00219
_SSP2CLKPPS                                    (abs)        00E1D
_SSP2CON1                                      (abs)        0021D
_SSP2CON1bits                                  (abs)        0021D
_SSP2DATPPS                                    (abs)        00E1E
_SSP2STAT                                      (abs)        0021C
_SSP2STATbits                                  (abs)        0021C
_SYSTEM_Initialize                             text48       008D5
_T2CON                                         (abs)        0001F
_T2CONbits                                     (abs)        0001F
_TMR2                                          (abs)        0001D
_TMR2_Initialize                               text50       01746
_TRISA                                         (abs)        0008C
_TRISB                                         (abs)        0008D
_TRISC                                         (abs)        0008E
_TX1REG                                        (abs)        0019A
_TX1STA                                        (abs)        0019E
_TX1STAbits                                    (abs)        0019E
_TXREG1                                        (abs)        0019A
_TXSTA1bits                                    (abs)        0019E
_UART_Byte                                     text47       00EB7
_WDTCON                                        (abs)        00097
_WDT_Initialize                                text49       016D2
_WPUA                                          (abs)        0020C
_WPUB                                          (abs)        0020D
_WPUC                                          (abs)        0020E
__CFG_BOREN$ON                                 (abs)        00000
__CFG_BORV$LOW                                 (abs)        00000
__CFG_CLKOUTEN$OFF                             (abs)        00000
__CFG_CP$OFF                                   (abs)        00000
__CFG_CPD$OFF                                  (abs)        00000
__CFG_CSWEN$ON                                 (abs)        00000
__CFG_DEBUG$OFF                                (abs)        00000
__CFG_FCMEN$ON                                 (abs)        00000
__CFG_FEXTOSC$OFF                              (abs)        00000
__CFG_LPBOREN$OFF                              (abs)        00000
__CFG_LVP$ON                                   (abs)        00000
__CFG_MCLRE$ON                                 (abs)        00000
__CFG_PPS1WAY$ON                               (abs)        00000
__CFG_PWRTE$OFF                                (abs)        00000
__CFG_RSTOSC$HFINT1                            (abs)        00000
__CFG_STVREN$ON                                (abs)        00000
__CFG_WDTE$SWDTEN                              (abs)        00000
__CFG_WRT$OFF                                  (abs)        00000
__Habs1                                        abs1         00000
__Hbank0                                       bank0        00000
__Hbank1                                       bank1        00000
__Hbank10                                      bank10       00000
__Hbank11                                      bank11       00000
__Hbank12                                      bank12       00000
__Hbank13                                      bank13       00000
__Hbank14                                      bank14       00000
__Hbank15                                      bank15       00000
__Hbank16                                      bank16       00000
__Hbank17                                      bank17       00000
__Hbank18                                      bank18       00000
__Hbank19                                      bank19       00000
__Hbank2                                       bank2        00000
__Hbank20                                      bank20       00000
__Hbank21                                      bank21       00000
__Hbank22                                      bank22       00000
__Hbank23                                      bank23       00000
__Hbank24                                      bank24       00000
__Hbank25                                      bank25       00000
__Hbank26                                      bank26       00000
__Hbank27                                      bank27       00000
__Hbank28                                      bank28       00000
__Hbank29                                      bank29       00000
__Hbank3                                       bank3        00000
__Hbank30                                      bank30       00000
__Hbank31                                      bank31       00000
__Hbank4                                       bank4        00000
__Hbank5                                       bank5        00000
__Hbank6                                       bank6        00000
__Hbank7                                       bank7        00000
__Hbank8                                       bank8        00000
__Hbank9                                       bank9        00000
__Hbigram                                      bigram       00000
__HbssBANK0                                    bssBANK0     00000
__HbssBANK1                                    bssBANK1     00000
__HbssBANK2                                    bssBANK2     00000
__HbssBANK3                                    bssBANK3     00000
__HbssBANK4                                    bssBANK4     00000
__HbssCOMMON                                   bssCOMMON    00000
__Hcinit                                       cinit        00085
__Hclrtext                                     clrtext      00000
__Hcode                                        code         00000
__Hcommon                                      common       00000
__Hconfig                                      config       0800B
__HcstackBANK0                                 cstackBANK0  00000
__HcstackBANK1                                 cstackBANK1  00000
__HcstackBANK2                                 cstackBANK2  00000
__HcstackCOMMON                                cstackCOMMON 00000
__HdataBANK0                                   dataBANK0    00000
__HdataBANK2                                   dataBANK2    00000
__Heeprom_data                                 eeprom_data  00000
__Hend_init                                    end_init     00049
__Hfunctab                                     functab      00000
__HidataBANK0                                  idataBANK0   00000
__HidataBANK2                                  idataBANK2   00000
__Hidloc                                       idloc        00000
__Hinit                                        init         00047
__Hinittext                                    inittext     00000
__Hintentry                                    intentry     00047
__Hmaintext                                    maintext     00000
__HnvBANK0                                     nvBANK0      00000
__HnvBANK1                                     nvBANK1      00000
__HnvBANK2                                     nvBANK2      00000
__HnvBANK3                                     nvBANK3      00000
__Hpowerup                                     powerup      00000
__Hram                                         ram          00000
__Hreset_vec                                   reset_vec    00002
__Hsfr0                                        sfr0         00000
__Hsfr1                                        sfr1         00000
__Hsfr10                                       sfr10        00000
__Hsfr11                                       sfr11        00000
__Hsfr12                                       sfr12        00000
__Hsfr13                                       sfr13        00000
__Hsfr14                                       sfr14        00000
__Hsfr15                                       sfr15        00000
__Hsfr16                                       sfr16        00000
__Hsfr17                                       sfr17        00000
__Hsfr18                                       sfr18        00000
__Hsfr19                                       sfr19        00000
__Hsfr2                                        sfr2         00000
__Hsfr20                                       sfr20        00000
__Hsfr21                                       sfr21        00000
__Hsfr22                                       sfr22        00000
__Hsfr23                                       sfr23        00000
__Hsfr24                                       sfr24        00000
__Hsfr25                                       sfr25        00000
__Hsfr26                                       sfr26        00000
__Hsfr27                                       sfr27        00000
__Hsfr28                                       sfr28        00000
__Hsfr29                                       sfr29        00000
__Hsfr3                                        sfr3         00000
__Hsfr30                                       sfr30        00000
__Hsfr31                                       sfr31        00000
__Hsfr4                                        sfr4         00000
__Hsfr5                                        sfr5         00000
__Hsfr6                                        sfr6         00000
__Hsfr7                                        sfr7         00000
__Hsfr8                                        sfr8         00000
__Hsfr9                                        sfr9         00000
__Hspace_0                                     (abs)        0800B
__Hspace_1                                     (abs)        00264
__Hspace_2                                     (abs)        00000
__Hspace_3                                     (abs)        00000
__Hstack                                       stack        00000
__Hstrings                                     strings      00000
__Hstringtext1                                 stringtext1  00000
__Hstringtext2                                 stringtext2  00000
__Hstringtext3                                 stringtext3  00000
__Hstringtext4                                 stringtext4  00000
__Hstringtext5                                 stringtext5  00000
__Hstringtext6                                 stringtext6  00000
__Htext                                        text         00000
__Labs1                                        abs1         00000
__Lbank0                                       bank0        00000
__Lbank1                                       bank1        00000
__Lbank10                                      bank10       00000
__Lbank11                                      bank11       00000
__Lbank12                                      bank12       00000
__Lbank13                                      bank13       00000
__Lbank14                                      bank14       00000
__Lbank15                                      bank15       00000
__Lbank16                                      bank16       00000
__Lbank17                                      bank17       00000
__Lbank18                                      bank18       00000
__Lbank19                                      bank19       00000
__Lbank2                                       bank2        00000
__Lbank20                                      bank20       00000
__Lbank21                                      bank21       00000
__Lbank22                                      bank22       00000
__Lbank23                                      bank23       00000
__Lbank24                                      bank24       00000
__Lbank25                                      bank25       00000
__Lbank26                                      bank26       00000
__Lbank27                                      bank27       00000
__Lbank28                                      bank28       00000
__Lbank29                                      bank29       00000
__Lbank3                                       bank3        00000
__Lbank30                                      bank30       00000
__Lbank31                                      bank31       00000
__Lbank4                                       bank4        00000
__Lbank5                                       bank5        00000
__Lbank6                                       bank6        00000
__Lbank7                                       bank7        00000
__Lbank8                                       bank8        00000
__Lbank9                                       bank9        00000
__Lbigram                                      bigram       00000
__LbssBANK0                                    bssBANK0     00000
__LbssBANK1                                    bssBANK1     00000
__LbssBANK2                                    bssBANK2     00000
__LbssBANK3                                    bssBANK3     00000
__LbssBANK4                                    bssBANK4     00000
__LbssCOMMON                                   bssCOMMON    00000
__Lcinit                                       cinit        00049
__Lclrtext                                     clrtext      00000
__Lcode                                        code         00000
__Lcommon                                      common       00000
__Lconfig                                      config       08007
__LcstackBANK0                                 cstackBANK0  00000
__LcstackBANK1                                 cstackBANK1  00000
__LcstackBANK2                                 cstackBANK2  00000
__LcstackCOMMON                                cstackCOMMON 00000
__LdataBANK0                                   dataBANK0    00000
__LdataBANK2                                   dataBANK2    00000
__Leeprom_data                                 eeprom_data  00000
__Lend_init                                    end_init     00047
__Lfunctab                                     functab      00000
__LidataBANK0                                  idataBANK0   00000
__LidataBANK2                                  idataBANK2   00000
__Lidloc                                       idloc        00000
__Linit                                        init         00047
__Linittext                                    inittext     00000
__Lintentry                                    intentry     00004
__Lmaintext                                    maintext     00000
__LnvBANK0                                     nvBANK0      00000
__LnvBANK1                                     nvBANK1      00000
__LnvBANK2                                     nvBANK2      00000
__LnvBANK3                                     nvBANK3      00000
__Lpowerup                                     powerup      00000
__Lram                                         ram          00000
__Lreset_vec                                   reset_vec    00000
__Lsfr0                                        sfr0         00000
__Lsfr1                                        sfr1         00000
__Lsfr10                                       sfr10        00000
__Lsfr11                                       sfr11        00000
__Lsfr12                                       sfr12        00000
__Lsfr13                                       sfr13        00000
__Lsfr14                                       sfr14        00000
__Lsfr15                                       sfr15        00000
__Lsfr16                                       sfr16        00000
__Lsfr17                                       sfr17        00000
__Lsfr18                                       sfr18        00000
__Lsfr19                                       sfr19        00000
__Lsfr2                                        sfr2         00000
__Lsfr20                                       sfr20        00000
__Lsfr21                                       sfr21        00000
__Lsfr22                                       sfr22        00000
__Lsfr23                                       sfr23        00000
__Lsfr24                                       sfr24        00000
__Lsfr25                                       sfr25        00000
__Lsfr26                                       sfr26        00000
__Lsfr27                                       sfr27        00000
__Lsfr28                                       sfr28        00000
__Lsfr29                                       sfr29        00000
__Lsfr3                                        sfr3         00000
__Lsfr30                                       sfr30        00000
__Lsfr31                                       sfr31        00000
__Lsfr4                                        sfr4         00000
__Lsfr5                                        sfr5         00000
__Lsfr6                                        sfr6         00000
__Lsfr7                                        sfr7         00000
__Lsfr8                                        sfr8         00000
__Lsfr9                                        sfr9         00000
__Lspace_0                                     (abs)        00000
__Lspace_1                                     (abs)        00000
__Lspace_2                                     (abs)        00000
__Lspace_3                                     (abs)        00000
__Lstack                                       stack        00000
__Lstrings                                     strings      00000
__Lstringtext1                                 stringtext1  00000
__Lstringtext2                                 stringtext2  00000
__Lstringtext3                                 stringtext3  00000
__Lstringtext4                                 stringtext4  00000
__Lstringtext5                                 stringtext5  00000
__Lstringtext6                                 stringtext6  00000
__Ltext                                        text         00000
__S0                                           (abs)        0800B
__S1                                           (abs)        00264
__S2                                           (abs)        00000
__S3                                           (abs)        00000
___awdiv                                       text20       00E65
___awdiv@counter                               cstackBANK0  0002B
___awdiv@dividend                              cstackBANK0  00028
___awdiv@divisor                               cstackBANK0  00026
___awdiv@quotient                              cstackBANK0  0002D
___awdiv@sign                                  cstackBANK0  0002C
___int_sp                                      stack        00000
___latbits                                     (abs)        00002
___sp                                          stack        00000
___stackhi                                     (abs)        023EF
___stacklo                                     (abs)        02184
___wmul                                        text19       00927
___wmul@multiplicand                           cstackBANK0  00022
___wmul@multiplier                             cstackBANK0  00020
___wmul@product                                cstackBANK0  00024
__end_of_ADC_GetConversion                     text70       0097F
__end_of_ADC_Initialize                        text63       01736
__end_of_Display_Clear                         text71       01800
__end_of_Display_Name                          text68       00C69
__end_of_EUSART_DefaultErrorHandler            text114      01677
__end_of_EUSART_DefaultFramingErrorHandler     text113      0166F
__end_of_EUSART_DefaultOverrunErrorHandler     text112      016AE
__end_of_EUSART_Initialize                     text57       00CAC
__end_of_EUSART_Receive_ISR                    text111      00C28
__end_of_EUSART_RxDataHandler                  text115      00878
__end_of_EUSART_SetErrorHandler                text62       0175F
__end_of_EUSART_SetFramingErrorHandler         text61       01768
__end_of_EUSART_SetOverrunErrorHandler         text60       01771
__end_of_EUSART_SetRxInterruptHandler          text59       0177A
__end_of_EUSART_SetTxInterruptHandler          text58       01783
__end_of_EUSART_Transmit_ISR                   text110      00961
__end_of_Get_ADC                               text65       006FA
__end_of_I2C_ReStart                           text45       01695
__end_of_I2C_Read_Byte                         text41       017AA
__end_of_I2C_Send_NACK                         text39       0169E
__end_of_I2C_Start                             text37       016A4
__end_of_I2C_Stop                              text35       016AA
__end_of_I2C_Write_Byte                        text33       00927
__end_of_INTERRUPT_InterruptManager            intentry     00047
__end_of_IOCAF4_DefaultInterruptHandler        text109      01670
__end_of_IOCAF4_ISR                            text108      017C3
__end_of_IOCAF4_SetInterruptHandler            text55       0178C
__end_of_Noise                                 text66       008A6
__end_of_OSCILLATOR_Initialize                 text56       0173E
__end_of_PIN_MANAGER_IOC                       text107      016EA
__end_of_PIN_MANAGER_Initialize                text54       00CF0
__end_of_PIR_Sensor                            text64       017EF
__end_of_PMD_Initialize                        text53       01746
__end_of_PWM1_Initialize                       text52       017B6
__end_of_PWM1_LoadDutyValue                    text67       0088F
__end_of_SPI2_Exchange8bit                     text73       017E0
__end_of_SPI2_Initialize                       text51       01717
__end_of_SPI_Write                             text72       00861
__end_of_SYSTEM_Initialize                     text48       008F0
__end_of_TMR2_Initialize                       text50       0174E
__end_of_UART_Byte                             text47       00F15
[...]
 This function uses a non-reentrant model


 *************** function _PIN_MANAGER_IOC *****************
 Defined at:
		line 132 in file "mcc_generated_files/pin_manager.c"
 Parameters:    Size  Location     Type
		None
 Auto vars:     Size  Location     Type
		None
 Return value:  Size  Location     Type
                  1    wreg      void 
 Registers used:
		wreg, status,2, status,0, pclath, cstack
 Tracked objects:
		On entry : 
		On exit  : 
		Unchanged: 
 Data sizes:     COMMON   BANK0   BANK1   BANK2   BANK3   BANK4   BANK5   BANK6   BANK7   BANK8   BANK9  BANK10  BANK11  BANK12
      Params:         0       0       0       0       0       0       0       0       0       0       0       0       0       0
      Locals:         0       0       0       0       0       0       0       0       0       0       0       0       0       0
      Temps:          0       0       0       0       0       0       0       0       0       0       0       0       0       0
      Totals:         0       0       0       0       0       0       0       0       0       0       0       0       0       0
Total ram usage:        0 bytes
 Hardware stack levels used:    1
 Hardware stack levels required when called:    2
 This function calls:
		_IOCAF4_ISR
 This function is called by:
		_INTERRUPT_InterruptManager
 This function uses a non-reentrant model


 *************** function _IOCAF4_ISR *****************
 Defined at:
		line 144 in file "mcc_generated_files/pin_manager.c"
 Parameters:    Size  Location     Type
		None
 Auto vars:     Size  Location     Type
		None
 Return value:  Size  Location     Type
                  1    wreg      void 
 Registers used:
		wreg, status,2, status,0, pclath, cstack
 Tracked objects:
		On entry : 
		On exit  : 
		Unchanged: 
 Data sizes:     COMMON   BANK0   BANK1   BANK2   BANK3   BANK4   BANK5   BANK6   BANK7   BANK8   BANK9  BANK10  BANK11  BANK12
      Params:         0       0       0       0       0       0       0       0       0       0       0       0       0       0
      Locals:         0       0       0       0       0       0       0       0       0       0       0       0       0       0
      Temps:          0       0       0       0       0       0       0       0       0       0       0       0       0       0
      Totals:         0       0       0       0       0       0       0       0       0       0       0       0       0       0
Total ram usage:        0 bytes
 Hardware stack levels used:    1
 Hardware stack levels required when called:    1
 This function calls:
		Absolute function
		_IOCAF4_DefaultInterruptHandler
 This function is called by:
		_PIN_MANAGER_IOC
 This function uses a non-reentrant model


 *************** function _IOCAF4_DefaultInterruptHandler *****************
 Defined at:
		line 166 in file "mcc_generated_files/pin_manager.c"
 Parameters:    Size  Location     Type
		None
 Auto vars:     Size  Location     Type
		None
 Return value:  Size  Location     Type
                  1    wreg      void 
 Registers used:
		None
 Tracked objects:
		On entry : 
		On exit  : 
		Unchanged: 
 Data sizes:     COMMON   BANK0   BANK1   BANK2   BANK3   BANK4   BANK5   BANK6   BANK7   BANK8   BANK9  BANK10  BANK11  BANK12
      Params:         0       0       0       0       0       0       0       0       0       0       0       0       0       0
      Locals:         0       0       0       0       0       0       0       0       0       0       0       0       0       0
      Temps:          0       0       0       0       0       0       0       0       0       0       0       0       0       0
      Totals:         0       0       0       0       0       0       0       0       0       0       0       0       0       0
Total ram usage:        0 bytes
 Hardware stack levels used:    1
 This function calls:
		Nothing
 This function is called by:
		_PIN_MANAGER_Initialize
		_IOCAF4_ISR
 This function uses a non-reentrant model


 *************** function _EUSART_Transmit_ISR *****************
 Defined at:
		line 205 in file "mcc_generated_files/eusart.c"
 Parameters:    Size  Location     Type
		None
 Auto vars:     Size  Location     Type
		None
 Return value:  Size  Location     Type
                  1    wreg      void 
 Registers used:
		wreg, fsr1l, fsr1h, status,2, status,0
 Tracked objects:
		On entry : 
		On exit  : 
		Unchanged: 
 Data sizes:     COMMON   BANK0   BANK1   BANK2   BANK3   BANK4   BANK5   BANK6   BANK7   BANK8   BANK9  BANK10  BANK11  BANK12
      Params:         0       0       0       0       0       0       0       0       0       0       0       0       0       0
      Locals:         0       0       0       0       0       0       0       0       0       0       0       0       0       0
      Temps:          1       0       0       0       0       0       0       0       0       0       0       0       0       0
      Totals:         1       0       0       0       0       0       0       0       0       0       0       0       0       0
Total ram usage:        1 bytes
 Hardware stack levels used:    1
 This function calls:
		Nothing
 This function is called by:
		_EUSART_Initialize
		_INTERRUPT_InterruptManager
 This function uses a non-reentrant model


 *************** function _EUSART_Receive_ISR *****************
 Defined at:
		line 224 in file "mcc_generated_files/eusart.c"
 Parameters:    Size  Location     Type
		None
 Auto vars:     Size  Location     Type
		None
 Return value:  Size  Location     Type
                  1    wreg      void 
 Registers used:
		wreg, fsr1l, fsr1h, status,2, status,0, pclath, cstack
 Tracked objects:
		On entry : 
		On exit  : 
		Unchanged: 
 Data sizes:     COMMON   BANK0   BANK1   BANK2   BANK3   BANK4   BANK5   BANK6   BANK7   BANK8   BANK9  BANK10  BANK11  BANK12
      Params:         0       0       0       0       0       0       0       0       0       0       0       0       0       0
      Locals:         0       0       0       0       0       0       0       0       0       0       0       0       0       0
      Temps:          0       0       0       0       0       0       0       0       0       0       0       0       0       0
      Totals:         0       0       0       0       0       0       0       0       0       0       0       0       0       0
Total ram usage:        0 bytes
 Hardware stack levels used:    1
 Hardware stack levels required when called:    2
 This function calls:
		Absolute function
		_EUSART_DefaultErrorHandler
		_EUSART_DefaultFramingErrorHandler
		_EUSART_DefaultOverrunErrorHandler
		_EUSART_RxDataHandler
 This function is called by:
		_EUSART_Initialize
		_INTERRUPT_InterruptManager
 This function uses a non-reentrant model


 *************** function _EUSART_DefaultOverrunErrorHandler *****************
 Defined at:
		line 260 in file "mcc_generated_files/eusart.c"
 Parameters:    Size  Location     Type
		None
 Auto vars:     Size  Location     Type
		None
 Return value:  Size  Location     Type
                  1    wreg      void 
 Registers used:
		None
 Tracked objects:
		On entry : 
		On exit  : 
		Unchanged: 
 Data sizes:     COMMON   BANK0   BANK1   BANK2   BANK3   BANK4   BANK5   BANK6   BANK7   BANK8   BANK9  BANK10  BANK11  BANK12
      Params:         0       0       0       0       0       0       0       0       0       0       0       0       0       0
      Locals:         0       0       0       0       0       0       0       0       0       0       0       0       0       0
      Temps:          0       0       0       0       0       0       0       0       0       0       0       0       0       0
      Totals:         0       0       0       0       0       0       0       0       0       0       0       0       0       0
Total ram usage:        0 bytes
 Hardware stack levels used:    1
 This function calls:
		Nothing
 This function is called by:
		_EUSART_Initialize
		_EUSART_Receive_ISR
 This function uses a non-reentrant model


 *************** function _EUSART_DefaultFramingErrorHandler *****************
 Defined at:
		line 258 in file "mcc_generated_files/eusart.c"
 Parameters:    Size  Location     Type
		None
 Auto vars:     Size  Location     Type
		None
 Return value:  Size  Location     Type
                  1    wreg      void 
 Registers used:
		None
 Tracked objects:
		On entry : 
		On exit  : 
		Unchanged: 
 Data sizes:     COMMON   BANK0   BANK1   BANK2   BANK3   BANK4   BANK5   BANK6   BANK7   BANK8   BANK9  BANK10  BANK11  BANK12
      Params:         0       0       0       0       0       0       0       0       0       0       0       0       0       0
      Locals:         0       0       0       0       0       0       0       0       0       0       0       0       0       0
      Temps:          0       0       0       0       0       0       0       0       0       0       0       0       0       0
      Totals:         0       0       0       0       0       0       0       0       0       0       0       0       0       0
Total ram usage:        0 bytes
 Hardware stack levels used:    1
 This function calls:
		Nothing
 This function is called by:
		_EUSART_Initialize
		_EUSART_Receive_ISR
 This function uses a non-reentrant model


 *************** function _EUSART_DefaultErrorHandler *****************
 Defined at:
		line 268 in file "mcc_generated_files/eusart.c"
 Parameters:    Size  Location     Type
		None
 Auto vars:     Size  Location     Type
		None
 Return value:  Size  Location     Type
                  1    wreg      void 
 Registers used:
		wreg, fsr1l, fsr1h, status,2, status,0, pclath, cstack
 Tracked objects:
		On entry : 
		On exit  : 
		Unchanged: 
 Data sizes:     COMMON   BANK0   BANK1   BANK2   BANK3   BANK4   BANK5   BANK6   BANK7   BANK8   BANK9  BANK10  BANK11  BANK12
      Params:         0       0       0       0       0       0       0       0       0       0       0       0       0       0
      Locals:         0       0       0       0       0       0       0       0       0       0       0       0       0       0
      Temps:          0       0       0       0       0       0       0       0       0       0       0       0       0       0
      Totals:         0       0       0       0       0       0       0       0       0       0       0       0       0       0
Total ram usage:        0 bytes
 Hardware stack levels used:    1
 Hardware stack levels required when called:    1
 This function calls:
		_EUSART_RxDataHandler
 This function is called by:
		_EUSART_Initialize
		_EUSART_Receive_ISR
 This function uses a non-reentrant model


 *************** function _EUSART_RxDataHandler *****************
 Defined at:
		line 248 in file "mcc_generated_files/eusart.c"
 Parameters:    Size  Location     Type
		None
 Auto vars:     Size  Location     Type
		None
 Return value:  Size  Location     Type
                  1    wreg      void 
 Registers used:
		wreg, fsr1l, fsr1h, status,2, status,0
 Tracked objects:
		On entry : 
		On exit  : 
		Unchanged: 
 Data sizes:     COMMON   BANK0   BANK1   BANK2   BANK3   BANK4   BANK5   BANK6   BANK7   BANK8   BANK9  BANK10  BANK11  BANK12
      Params:         0       0       0       0       0       0       0       0       0       0       0       0       0       0
      Locals:         0       0       0       0       0       0       0       0       0       0       0       0       0       0
      Temps:          1       0       0       0       0       0       0       0       0       0       0       0       0       0
      Totals:         1       0       0       0       0       0       0       0       0       0       0       0       0       0
Total ram usage:        1 bytes
 Hardware stack levels used:    1
 This function calls:
		Nothing
 This function is called by:
		_EUSART_Receive_ISR
		_EUSART_DefaultErrorHandler
 This function uses a non-reentrant model



MODULE INFORMATION

Module		Function		Class		Link	Load	Size
mcc_generated_files/tmr2.c
		_TMR2_Initialize		CODE           	1746	0000	9

mcc_generated_files/tmr2.c estimated size: 9

mcc_generated_files/interrupt_manager.c
		_INTERRUPT_InterruptManager		CODE           	0004	0000	68

mcc_generated_files/interrupt_manager.c estimated size: 68

i2c.c
		_I2C_Stop      		CODE           	16A7	0000	4
		_I2C_Write_Byte		CODE           	090B	0000	29
		_I2C_Read_Byte 		CODE           	179F	0000	12
		_I2C_Send_NACK 		CODE           	169B	0000	4
		_I2C_Start     		CODE           	16A1	0000	4
		_I2C_ReStart   		CODE           	1692	0000	4

i2c.c estimated size: 57

mcc_generated_files/pin_manager.c
		_PIN_MANAGER_Initialize		CODE           	0CAC	0000	69
		_IOCAF4_DefaultInterruptHandler		CODE           	166F	0000	2
		_IOCAF4_ISR    		CODE           	17B6	0000	14
		_PIN_MANAGER_IOC		CODE           	16E4	0000	7
		_IOCAF4_SetInterruptHandler		CODE           	1783	0000	10

mcc_generated_files/pin_manager.c estimated size: 102

C:\Program Files (x86)\Microchip\xc8\v2.05\pic\sources\c99\common\strlen.c
		_strlen        		CODE           	08BD	0000	25

C:\Program Files (x86)\Microchip\xc8\v2.05\pic\sources\c99\common\strlen.c estimated size: 25

mcc_generated_files/adc.c
		_ADC_Initialize		CODE           	172E	0000	9
		_ADC_GetConversion		CODE           	0961	0000	31

mcc_generated_files/adc.c estimated size: 40

C:\Program Files (x86)\Microchip\xc8\v2.05\pic\sources\c99\common\awdiv.c
		___awdiv       		CODE           	0E65	0000	83

C:\Program Files (x86)\Microchip\xc8\v2.05\pic\sources\c99\common\awdiv.c estimated size: 83

shared
		i1_i2c1_driver_sendNACK		CODE           	16B2	0000	5
		__initialization		CODE           	0049	0000	57
		i1_i2c1_driver_restart		CODE           	1677	0000	4
		i1_i2c1_driver_stop		CODE           	167A	0000	4
		i1_i2c1_driver_startRX		CODE           	167D	0000	4
		_fsmStateTable 		STRCODE        	1000	0000	33
		i1_i2c1_driver_getRXData		CODE           	1680	0000	4
		i1_i2c1_driver_TXData		CODE           	16DA	0000	6

shared estimated size: 117

mcc_generated_files/mcc.c
		_WDT_Initialize		CODE           	16D2	0000	5
		_PMD_Initialize		CODE           	173E	0000	9
		_OSCILLATOR_Initialize		CODE           	1736	0000	9
		_SYSTEM_Initialize		CODE           	08D5	0000	28

mcc_generated_files/mcc.c estimated size: 51

C:\Program Files (x86)\Microchip\xc8\v2.05\pic\sources\c99\common\Umul16.c
		___wmul        		CODE           	0927	0000	29

C:\Program Files (x86)\Microchip\xc8\v2.05\pic\sources\c99\common\Umul16.c estimated size: 29

mcc_generated_files/drivers/i2c_master.c
		_returnStop    		CODE           	1672	0000	3
		_i2c_busCollisionISR		CODE           	168C	0000	4
		_i2c_ISR       		CODE           	09C1	0000	39
		_do_I2C_TX_EMPTY		CODE           	0B2B	0000	50
		_returnReset   		CODE           	0002	0000	3
		_do_I2C_SEND_RESTART_WRITE		CODE           	16BA	0000	5
		_do_I2C_DO_NACK_RESTART		CODE           	16CE	0000	5
		_do_I2C_SEND_RESTART_READ		CODE           	16B6	0000	5
		_do_I2C_SEND_ADR_WRITE		CODE           	1709	0000	8
		_do_I2C_SEND_STOP		CODE           	16C2	0000	5
		_do_I2C_SEND_ADR_READ		CODE           	1726	0000	9
		_do_I2C_DO_NACK_STOP		CODE           	16CA	0000	5
		_do_I2C_SEND_RESTART		CODE           	16BE	0000	5
		_do_I2C_RX     		CODE           	0CF0	0000	71
		_do_I2C_TX     		CODE           	0DC7	0000	80
		_do_I2C_IDLE   		CODE           	16DF	0000	6
		_do_I2C_RCEN   		CODE           	16EA	0000	7
		_do_I2C_DO_ADDRESS_NACK		CODE           	0AD5	0000	44
		_do_I2C_RESET  		CODE           	1702	0000	8
		_do_I2C_DO_ACK 		CODE           	16C6	0000	5

mcc_generated_files/drivers/i2c_master.c estimated size: 367

mcc_generated_files/pwm1.c
		_PWM1_Initialize		CODE           	17AA	0000	13
		_PWM1_LoadDutyValue		CODE           	0878	0000	24

mcc_generated_files/pwm1.c estimated size: 37

mcc_generated_files/i2c1_driver.c
		_i2c1_driver_isBufferFull		CODE           	1717	0000	8
		_i2c1_driver_open		CODE           	1795	0000	11
		_i2c1_driver_isNACK		CODE           	171E	0000	9
		_i2c1_driver_stop		CODE           	16A4	0000	4
		_i2c1_driver_getRXData		CODE           	1695	0000	4
		_i2c1_driver_TXData		CODE           	16F0	0000	7
		_i2c1_driver_start		CODE           	169E	0000	4
		_i2c1_driver_sendACK		CODE           	16AE	0000	5
		_mssp1_setIRQ  		CODE           	1683	0000	4
		_i2c1_driver_sendNACK		CODE           	16D6	0000	5
		_i2c1_driver_restart		CODE           	168F	0000	4
		_i2c1_driver_resetBus		CODE           	1670	0000	2
		_i2c1_driver_clearBusCollision		CODE           	1689	0000	4
		_mssp1_clearIRQ		CODE           	1686	0000	4
		_i2c1_driver_startRX		CODE           	1698	0000	4

mcc_generated_files/i2c1_driver.c estimated size: 79

mcc_generated_files/spi2.c
		_SPI2_Exchange8bit		CODE           	17D1	0000	16
		_SPI2_Initialize		CODE           	1710	0000	8

mcc_generated_files/spi2.c estimated size: 24

mcc_generated_files/eusart.c
		_EUSART_SetRxInterruptHandler		CODE           	1771	0000	10
		_EUSART_SetTxInterruptHandler		CODE           	177A	0000	10
		_EUSART_DefaultOverrunErrorHandler		CODE           	16AA	0000	5
		_EUSART_DefaultErrorHandler		CODE           	1674	0000	4
		_EUSART_Transmit_ISR		CODE           	0943	0000	31
		_EUSART_Initialize		CODE           	0C69	0000	68
		_EUSART_SetFramingErrorHandler		CODE           	175F	0000	10
		_EUSART_SetErrorHandler		CODE           	1756	0000	10
		_EUSART_SetOverrunErrorHandler		CODE           	1768	0000	10
		_EUSART_Receive_ISR		CODE           	0BF2	0000	55
		_EUSART_RxDataHandler		CODE           	0861	0000	24
		_EUSART_DefaultFramingErrorHandler		CODE           	166E	0000	2

mcc_generated_files/eusart.c estimated size: 239

APDS9960.c
		_wireReadDataBlock		CODE           	0D7D	0000	75
		_setGestureEnterThresh		CODE           	0813	0000	20
		_setProxIntHighThresh		CODE           	0839	0000	20
		_decodeGesture 		CODE           	035C	0000	402
		_setMode       		CODE           	0E16	0000	80
		_setLEDDrive   		CODE           	0A83	0000	42
		_setGestureIntEnable		CODE           	0B00	0000	44
		_setLightIntHighThreshold		CODE           	0A35	0000	40
		_resetGestureParameters		CODE           	08A6	0000	24
		_readGesture   		CODE           	06FA	0000	244
		_processGestureData		CODE           	0085	0000	728
		_setLightIntLowThreshold		CODE           	0A5C	0000	40
		_enablePower   		CODE           	17C3	0000	15
		_setGestureMode		CODE           	09E7	0000	40
		_setGestureGain		CODE           	0B8E	0000	51
		_setGestureExitThresh		CODE           	0826	0000	20
		_setLEDBoost   		CODE           	0B5C	0000	51
		_setGestureWaitTime		CODE           	0A0E	0000	40
		_setAmbientLightGain		CODE           	097F	0000	31
		_initialize    		CODE           	04ED	0000	279
		_setGestureLEDDrive		CODE           	0BC0	0000	51
		_setProximityGain		CODE           	0AAC	0000	42
		_wireWriteDataByte		CODE           	08F0	0000	28
		_setProxIntLowThresh		CODE           	07ED	0000	20
		_wireReadDataByte		CODE           	099D	0000	37
		_enableGestureSensor		CODE           	0F15	0000	101
		_getMode       		CODE           	178C	0000	10
		_isGestureAvailable		CODE           	0800	0000	20

APDS9960.c estimated size: 2595

main.c
		_Noise         		CODE           	088F	0000	24
		_main          		CODE           	0D36	0000	72
		_SPI_Write     		CODE           	084C	0000	22
		_UART_Byte     		CODE           	0EB7	0000	95
		_Get_ADC       		CODE           	0603	0000	248
		_Display_Name  		CODE           	0C28	0000	66
		_PIR_Sensor    		CODE           	17E0	0000	16
		_handleGesture 		CODE           	0F79	0000	136
		_Display_Clear 		CODE           	17EF	0000	18

main.c estimated size: 697

