Microchip MPLAB XC8 Compiler V2.05 ()

Linker command line:

-W-3 --edf=C:\Program Files (x86)\Microchip\xc8\v2.05\pic\dat\en_msgs.txt \
  -cs -h+dist/default/production\I2Gesture.X.production.sym \
  --cmf=dist/default/production\I2Gesture.X.production.cmf -z -Q16F18345 \
  -oC:\Users\NOELLE~1\AppData\Local\Temp\smgg.2 --defsym=__MPLAB_BUILD=1 \
  -Mdist/default/production/I2Gesture.X.production.map -E1 -ver=XC8 \
  --acfsm=1493 -ASTACK=02184h-023EFh -pstack=STACK -ACODE=00h-07FFhx4 \
  -ASTRCODE=00h-01FFFh -ASTRING=00h-0FFhx32 -ACONST=00h-0FFhx32 \
  -AENTRY=00h-0FFhx32 -ACOMMON=070h-07Fh -ABANK0=020h-06Fh \
  -ABANK1=0A0h-0EFh -ABANK2=0120h-016Fh -ABANK3=01A0h-01EFh \
  -ABANK4=0220h-026Fh -ABANK5=02A0h-02EFh -ABANK6=0320h-036Fh \
  -ABANK7=03A0h-03EFh -ABANK8=0420h-046Fh -ABANK9=04A0h-04EFh \
  -ABANK10=0520h-056Fh -ABANK11=05A0h-05EFh -ABANK12=0620h-064Fh \
  -ABIGRAM=02000h-023EFh \
  -ARAM=020h-06Fh,0A0h-0EFh,0120h-016Fh,01A0h-01EFh,0220h-026Fh,02A0h-02EFh,0320h-036Fh,03A0h-03EFh,0420h-046Fh,04A0h-04EFh,0520h-056Fh,05A0h-05EFh,0620h-064Fh \
  -AABS1=020h-07Fh,0A0h-0EFh,0120h-016Fh,01A0h-01EFh,0220h-026Fh,02A0h-02EFh,0320h-036Fh,03A0h-03EFh,0420h-046Fh,04A0h-04EFh,0520h-056Fh,05A0h-05EFh,0620h-064Fh \
  -ASFR0=00h-01Fh -ASFR1=080h-09Fh -ASFR2=0100h-011Fh -ASFR3=0180h-019Fh \
  -ASFR4=0200h-021Fh -ASFR5=0280h-029Fh -ASFR6=0300h-031Fh \
  -ASFR7=0380h-039Fh -ASFR8=0400h-041Fh -ASFR9=0480h-049Fh \
  -ASFR10=0500h-051Fh -ASFR11=0580h-059Fh -ASFR12=0600h-061Fh \
  -ASFR13=0680h-06EFh -ASFR14=0700h-076Fh -ASFR15=0780h-07EFh \
  -ASFR16=0800h-086Fh -ASFR17=0880h-08EFh -ASFR18=0900h-096Fh \
  -ASFR19=0980h-09EFh -ASFR20=0A00h-0A6Fh -ASFR21=0A80h-0AEFh \
  -ASFR22=0B00h-0B6Fh -ASFR23=0B80h-0BEFh -ASFR24=0C00h-0C6Fh \
  -ASFR25=0C80h-0CEFh -ASFR26=0D00h-0D6Fh -ASFR27=0D80h-0DEFh \
  -ASFR28=0E00h-0E6Fh -ASFR29=0E80h-0EEFh -ASFR30=0F00h-0F6Fh \
  -ASFR31=0F80h-0FEFh -preset_vec=00h,intentry=04h,init,end_init \
  -ppowerup=CODE -pcinit=CODE -pfunctab=ENTRY -ACONFIG=08007h-0800Ah \
  -pconfig=CONFIG -DCONFIG=2 -AIDLOC=08000h-08003h -pidloc=IDLOC -DIDLOC=2 \
  -AEEDATA=00h-0FFh/0F000h -peeprom_data=EEDATA -DEEDATA=2 -DCODE=2 \
  -DSTRCODE=2 -DSTRING=2 -DCONST=2 -DENTRY=2 -k \
  C:\Users\NOELLE~1\AppData\Local\Temp\smgg.o \
  dist/default/production\I2Gesture.X.production.o 

Object code version is 3.11

Machine type is 16F18345



                Name                               Link     Load   Length Selector   Space Scale
C:\Users\NOELLE~1\AppData\Local\Temp\smgg.o
                end_init                             47       47        2        8       0
                reset_vec                             0        0        2        0       0
                config                             8007     8007        4    1000E       0
dist/default/production\I2Gesture.X.production.o
                cinit                                49       49       5B        8       0
                intentry                              4        4       43        8       0
                text117                            17E9     17E9       17     2FD2       0
                text116                            15F1     15F1        3     2BE2       0
                text115                            15E9     15E9        1     2BD2       0
                text114                            1627     1627        4     2C4E       0
                text113                             B8A      B8A       34     1714       0
                text112                             8DC      8DC       1D     11B8       0
                text111                            15EA     15EA        1     2BD4       0
                text110                            173C     173C        D     2E78       0
                text109                            1661     1661        6     2CC2       0
                text108                            162B     162B        4     2C56       0
                text107                            15F4     15F4        3     2BE8       0
                text106                            15F7     15F7        3     2BEE       0
                text105                            15EB     15EB        2     2BD6       0
                text104                            15ED     15ED        2     2BDA       0
                text103                            15FA     15FA        3     2BF4       0
                text102                             800      800        1        8       0
                text101                            162F     162F        4     2C5E       0
                text100                            15FD     15FD        3     2BFA       0
                text99                             1657     1657        5     2CAE       0
                text98                             16A1     16A1        8     2D42       0
                text97                             1600     1600        3     2C00       0
                text96                              AC3      AC3       31     1586       0
                text95                             1685     1685        7     2D0A       0
                text94                             165C     165C        5     2CB8       0
                text93                             1633     1633        4     2C66       0
                text92                             1637     1637        4     2C6E       0
                text91                             163B     163B        4     2C76       0
                text90                             163F     163F        4     2C7E       0
                text89                             16A9     16A9        8     2D52       0
                text88                             168C     168C        7     2D18       0
                text87                             1667     1667        6     2CCE       0
                text86                             1643     1643        4     2C86       0
                text85                             1647     1647        4     2C8E       0
                text84                             164B     164B        4     2C96       0
                text83                              A6D      A6D       2B     14DA       0
                text82                              D5B      D5B       4F     1AB6       0
                text81                              C81      C81       46     1902       0
                text80                             1603     1603        3     2C06       0
                text79                              959      959       26     12B2       0
                text78                             1606     1606        3     2C0C       0
                text77                             1609     1609        3     2C12       0
                text75                             1757     1757        F     2EAE       0
                text74                              801      801       10     1002       0
                text73                             17D4     17D4       15     2FA8       0
                text72                             1724     1724        C     2E48       0
                text71                              8F9      8F9       1E     11F2       0
                text70                              856      856       18     10AC       0
                text69                              BBE      BBE       3C     177C       0
                text68                              811      811       17     1022       0
                text67                              828      828       17     1050       0
                text66                              614      614      105        8       0
                text65                              CC7      CC7       4A     198E       0
                text64                             1766     1766        F     2ECC       0
                text63                             16B1     16B1        8     2D62       0
                text62                             16D9     16D9        9     2DB2       0
                text61                             16E2     16E2        9     2DC4       0
                text60                             16EB     16EB        9     2DD6       0
                text59                             16F4     16F4        9     2DE8       0
                text58                             16FD     16FD        9     2DFA       0
                text57                              BFA      BFA       43     17F4       0
                text56                             16B9     16B9        8     2D72       0
                text55                             1706     1706        9     2E0C       0
                text54                              C3D      C3D       44     187A       0
                text53                             16C1     16C1        8     2D82       0
                text52                             1730     1730        C     2E60       0
                text51                             1693     1693        7     2D26       0
                text50                             16C9     16C9        8     2D92       0
                text49                             164F     164F        4     2C9E       0
                text48                              86E      86E       1B     10DC       0
                text47                              EA6      EA6       5E     1D4C       0
                text46                             160C     160C        3     2C18       0
                text45                             160F     160F        3     2C1E       0
                text44                             1612     1612        3     2C24       0
                text43                             169A     169A        7     2D34       0
                text42                             1615     1615        3     2C2A       0
                text41                             1719     1719        B     2E32       0
                text40                             1653     1653        4     2CA6       0
                text39                             1618     1618        3     2C30       0
                text38                             161B     161B        3     2C36       0
                text37                             161E     161E        3     2C3C       0
                text36                             1621     1621        3     2C42       0
                text35                             1624     1624        3     2C48       0
                text34                             166D     166D        6     2CDA       0
                text33                              8A4      8A4       1C     1148       0
                text32                              935      935       24     126A       0
                text31                              7F7      7F7        9        8       0
                text30                              889      889       1B     1112       0
                text29                              DAA      DAA       4F     1B54       0
                text28                             1749     1749        E     2E92       0
                text27                              83F      83F       17     107E       0
                text26                              A98      A98       2B     1530       0
                text25                              97F      97F       27     12FE       0
                text24                              AF4      AF4       32     15E8       0
                text23                              E4A      E4A       5C     1C94       0
                text22                              374      374      191        8       0
                text21                             1775     1775       13     2EEA       0
                text20                              7A5      7A5       52        8       0
                text19                              8C0      8C0       1C     1180       0
                text18                               A4       A4      2D0        8       0
                text17                              D11      D11       4A     1A22       0
                text16                              F04      F04       FC     1E08       0
                text15                              719      719       8C        8       0
                text14                             170F     170F        A     2E1E       0
                text13                              917      917       1E     122E       0
                text12                             1788     1788       13     2F10       0
                text11                             179B     179B       13     2F36       0
                text10                              B26      B26       32     164C       0
                text9                               B58      B58       32     16B0       0
                text8                               9A6      9A6       27     134C       0
                text7                               A1B      A1B       29     1436       0
                text6                               9CD      9CD       27     139A       0
                text5                               9F4      9F4       27     13E8       0
                text4                              17AE     17AE       13     2F5C       0
                text3                              17C1     17C1       13     2F82       0
                text2                               A44      A44       29     1488       0
                text1                               505      505      10F        8       0
                maintext                            DF9      DF9       51     1BF2       0
                cstackBANK0                          20       20       3A       20       1
                cstackCOMMON                         76       76        6       70       1
                cstackBANK1                          A0       A0       40       A0       1
                cstackBANK2                         120      120       40      120       1
                cstackBANK3                         1E0      1E0        2      1A0       1
                clrtext                            1673     1673        6     2CE6       0
                inittext                           1679     1679        6     2CF2       0
                bssBANK4                            220      220       44      220       1
                dataBANK3                           1D2      1D2        8      1A0       1
                bssBANK3                            1A0      1A0       32      1A0       1
                dataBANK2                           16E      16E        2      120       1
                bssBANK2                            160      160        A      120       1
                dataBANK1                            ED       ED        2       A0       1
                bssBANK1                             E0       E0        A       A0       1
                dataBANK0                            6A       6A        6       20       1
                bssBANK0                             5A       5A       10       20       1
                bssCOMMON                            70       70        6       70       1
                stringtext5                        1829     1829        B     3000       0
                stringtext4                        181D     181D        C     3000       0
                stringtext3                        1810     1810        D     3000       0
                stringtext2                        1800     1800       10     3000       0
                nvBANK3                             1DA      1DA        6      1A0       1
                nvBANK2                             16A      16A        4      120       1
                nvBANK1                              EA       EA        3       A0       1
                stringtext1                        1000     1000       20     2000       0
                idataBANK3                         16D1     16D1        8     2DA2       0
                idataBANK2                         15EF     15EF        2     2BDE       0
                idataBANK1                            2        2        2        0       0
                idataBANK0                         167F     167F        6     2CFE       0

TOTAL           Name                               Link     Load   Length     Space
        CLASS   STACK          

        CLASS   CODE           
                end_init                             47       47        2         0
                cinit                                49       49       5B         0
                intentry                              4        4       43         0
                reset_vec                             0        0        2         0
                text117                            17E9     17E9       17         0
                text116                            15F1     15F1        3         0
                text115                            15E9     15E9        1         0
                text114                            1627     1627        4         0
                text113                             B8A      B8A       34         0
                text112                             8DC      8DC       1D         0
                text111                            15EA     15EA        1         0
                text110                            173C     173C        D         0
                text109                            1661     1661        6         0
                text108                            162B     162B        4         0
                text107                            15F4     15F4        3         0
                text106                            15F7     15F7        3         0
                text105                            15EB     15EB        2         0
                text104                            15ED     15ED        2         0
                text103                            15FA     15FA        3         0
                text102                             800      800        1         0
                text101                            162F     162F        4         0
                text100                            15FD     15FD        3         0
                text99                             1657     1657        5         0
                text98                             16A1     16A1        8         0
                text97                             1600     1600        3         0
                text96                              AC3      AC3       31         0
                text95                             1685     1685        7         0
                text94                             165C     165C        5         0
                text93                             1633     1633        4         0
                text92                             1637     1637        4         0
                text91                             163B     163B        4         0
                text90                             163F     163F        4         0
                text89                             16A9     16A9        8         0
                text88                             168C     168C        7         0
                text87                             1667     1667        6         0
                text86                             1643     1643        4         0
                text85                             1647     1647        4         0
                text84                             164B     164B        4         0
                text83                              A6D      A6D       2B         0
                text82                              D5B      D5B       4F         0
                text81                              C81      C81       46         0
                text80                             1603     1603        3         0
                text79                              959      959       26         0
                text78                             1606     1606        3         0
                text77                             1609     1609        3         0
                text75                             1757     1757        F         0
                text74                              801      801       10         0
                text73                             17D4     17D4       15         0
                text72                             1724     1724        C         0
                text71                              8F9      8F9       1E         0
                text70                              856      856       18         0
                text69                              BBE      BBE       3C         0
                text68                              811      811       17         0
                text67                              828      828       17         0
                text66                              614      614      105         0
                text65                              CC7      CC7       4A         0
                text64                             1766     1766        F         0
                text63                             16B1     16B1        8         0
                text62                             16D9     16D9        9         0
                text61                             16E2     16E2        9         0
                text60                             16EB     16EB        9         0
                text59                             16F4     16F4        9         0
                text58                             16FD     16FD        9         0
                text57                              BFA      BFA       43         0
                text56                             16B9     16B9        8         0
                text55                             1706     1706        9         0
                text54                              C3D      C3D       44         0
                text53                             16C1     16C1        8         0
                text52                             1730     1730        C         0
                text51                             1693     1693        7         0
                text50                             16C9     16C9        8         0
                text49                             164F     164F        4         0
                text48                              86E      86E       1B         0
                text47                              EA6      EA6       5E         0
                text46                             160C     160C        3         0
                text45                             160F     160F        3         0
                text44                             1612     1612        3         0
                text43                             169A     169A        7         0
                text42                             1615     1615        3         0
                text41                             1719     1719        B         0
                text40                             1653     1653        4         0
                text39                             1618     1618        3         0
                text38                             161B     161B        3         0
                text37                             161E     161E        3         0
                text36                             1621     1621        3         0
                text35                             1624     1624        3         0
                text34                             166D     166D        6         0
                text33                              8A4      8A4       1C         0
                text32                              935      935       24         0
                text31                              7F7      7F7        9         0
                text30                              889      889       1B         0
                text29                              DAA      DAA       4F         0
                text28                             1749     1749        E         0
                text27                              83F      83F       17         0
                text26                              A98      A98       2B         0
                text25                              97F      97F       27         0
                text24                              AF4      AF4       32         0
                text23                              E4A      E4A       5C         0
                text22                              374      374      191         0
                text21                             1775     1775       13         0
                text20                              7A5      7A5       52         0
                text19                              8C0      8C0       1C         0
                text18                               A4       A4      2D0         0
                text17                              D11      D11       4A         0
                text16                              F04      F04       FC         0
                text15                              719      719       8C         0
                text14                             170F     170F        A         0
                text13                              917      917       1E         0
                text12                             1788     1788       13         0
                text11                             179B     179B       13         0
                text10                              B26      B26       32         0
                text9                               B58      B58       32         0
                text8                               9A6      9A6       27         0
                text7                               A1B      A1B       29         0
                text6                               9CD      9CD       27         0
                text5                               9F4      9F4       27         0
                text4                              17AE     17AE       13         0
                text3                              17C1     17C1       13         0
                text2                               A44      A44       29         0
                text1                               505      505      10F         0
                maintext                            DF9      DF9       51         0
                clrtext                            1673     1673        6         0
                inittext                           1679     1679        6         0
                idataBANK3                         16D1     16D1        8         0
                idataBANK2                         15EF     15EF        2         0
                idataBANK1                            2        2        2         0
                idataBANK0                         167F     167F        6         0

        CLASS   STRCODE        
                stringtext5                        1829     1829        B         0
                stringtext4                        181D     181D        C         0
                stringtext3                        1810     1810        D         0
                stringtext2                        1800     1800       10         0
                stringtext1                        1000     1000       20         0

        CLASS   STRING         

        CLASS   CONST          

        CLASS   ENTRY          

        CLASS   COMMON         
                cstackCOMMON                         76       76        6         1
                bssCOMMON                            70       70        6         1

        CLASS   BANK0          
                cstackBANK0                          20       20       3A         1
                dataBANK0                            6A       6A        6         1
                bssBANK0                             5A       5A       10         1

        CLASS   BANK1          
                cstackBANK1                          A0       A0       40         1
                dataBANK1                            ED       ED        2         1
                bssBANK1                             E0       E0        A         1
                nvBANK1                              EA       EA        3         1

        CLASS   BANK2          
                cstackBANK2                         120      120       40         1
                dataBANK2                           16E      16E        2         1
                bssBANK2                            160      160        A         1
                nvBANK2                             16A      16A        4         1

        CLASS   BANK3          
                cstackBANK3                         1E0      1E0        2         1
                dataBANK3                           1D2      1D2        8         1
                bssBANK3                            1A0      1A0       32         1
                nvBANK3                             1DA      1DA        6         1

        CLASS   BANK4          
                bssBANK4                            220      220       44         1

        CLASS   BANK5          

        CLASS   BANK6          

        CLASS   BANK7          

        CLASS   BANK8          

        CLASS   BANK9          

        CLASS   BANK10         

        CLASS   BANK11         

        CLASS   BANK12         

        CLASS   BIGRAM         

        CLASS   RAM            

        CLASS   ABS1           
                abs_s1                               7E       7E        2         1

        CLASS   SFR0           

        CLASS   SFR1           

        CLASS   SFR2           

        CLASS   SFR3           

        CLASS   SFR4           

        CLASS   SFR5           

        CLASS   SFR6           

        CLASS   SFR7           

        CLASS   SFR8           

        CLASS   SFR9           

        CLASS   SFR10          

        CLASS   SFR11          

        CLASS   SFR12          

        CLASS   SFR13          

        CLASS   SFR14          

        CLASS   SFR15          

        CLASS   SFR16          

        CLASS   SFR17          

        CLASS   SFR18          

        CLASS   SFR19          

        CLASS   SFR20          

        CLASS   SFR21          

        CLASS   SFR22          

        CLASS   SFR23          

        CLASS   SFR24          

        CLASS   SFR25          

        CLASS   SFR26          

        CLASS   SFR27          

        CLASS   SFR28          

        CLASS   SFR29          

        CLASS   SFR30          

        CLASS   SFR31          

        CLASS   CONFIG         
                config                             8007     8007        4         0

        CLASS   IDLOC          

        CLASS   EEDATA         

        CLASS   BANK31         

        CLASS   BANK30         

        CLASS   BANK29         

        CLASS   BANK28         

        CLASS   BANK27         

        CLASS   BANK26         

        CLASS   BANK25         

        CLASS   BANK24         

        CLASS   BANK23         

        CLASS   BANK22         

        CLASS   BANK21         

        CLASS   BANK20         

        CLASS   BANK19         

        CLASS   BANK18         

        CLASS   BANK17         

        CLASS   BANK16         

        CLASS   BANK15         

        CLASS   BANK14         

        CLASS   BANK13         



SEGMENTS        Name                           Load    Length   Top    Selector   Space  Class     Delta

                reset_vec                      000000  000004  000004         0       0  CODE        2
                intentry                       000004  0007FD  000801         8       0  CODE        2
                cstackBANK0                    000020  000050  000070        20       1  BANK0       1
                bssCOMMON                      000070  00000C  00007C        70       1  COMMON      1
                cstackBANK1                    0000A0  00004F  0000EF        A0       1  BANK1       1
                cstackBANK2                    000120  000050  000170       120       1  BANK2       1
                bssBANK3                       0001A0  000042  0001E2       1A0       1  BANK3       1
                bssBANK4                       000220  000044  000264       220       1  BANK4       1
                text74                         000801  000010  000811      1002       0  CODE        2
                text68                         000811  000017  000828      1022       0  CODE        2
                text67                         000828  000017  00083F      1050       0  CODE        2
                text27                         00083F  000017  000856      107E       0  CODE        2
                text70                         000856  000018  00086E      10AC       0  CODE        2
                text48                         00086E  00001B  000889      10DC       0  CODE        2
                text30                         000889  00001B  0008A4      1112       0  CODE        2
                text33                         0008A4  00001C  0008C0      1148       0  CODE        2
                text19                         0008C0  00001C  0008DC      1180       0  CODE        2
                text112                        0008DC  00001D  0008F9      11B8       0  CODE        2
                text71                         0008F9  00001E  000917      11F2       0  CODE        2
                text13                         000917  00001E  000935      122E       0  CODE        2
                text32                         000935  000024  000959      126A       0  CODE        2
                text79                         000959  000026  00097F      12B2       0  CODE        2
                text25                         00097F  000027  0009A6      12FE       0  CODE        2
                text8                          0009A6  000027  0009CD      134C       0  CODE        2
                text6                          0009CD  000027  0009F4      139A       0  CODE        2
                text5                          0009F4  000027  000A1B      13E8       0  CODE        2
                text7                          000A1B  000029  000A44      1436       0  CODE        2
                text2                          000A44  000029  000A6D      1488       0  CODE        2
                text83                         000A6D  00002B  000A98      14DA       0  CODE        2
                text26                         000A98  00002B  000AC3      1530       0  CODE        2
                text96                         000AC3  000031  000AF4      1586       0  CODE        2
                text24                         000AF4  000032  000B26      15E8       0  CODE        2
                text10                         000B26  000032  000B58      164C       0  CODE        2
                text9                          000B58  000032  000B8A      16B0       0  CODE        2
                text113                        000B8A  000034  000BBE      1714       0  CODE        2
                text69                         000BBE  00003C  000BFA      177C       0  CODE        2
                text57                         000BFA  000043  000C3D      17F4       0  CODE        2
                text54                         000C3D  000044  000C81      187A       0  CODE        2
                text81                         000C81  000046  000CC7      1902       0  CODE        2
                text65                         000CC7  00004A  000D11      198E       0  CODE        2
                text17                         000D11  00004A  000D5B      1A22       0  CODE        2
                text82                         000D5B  00004F  000DAA      1AB6       0  CODE        2
                text29                         000DAA  00004F  000DF9      1B54       0  CODE        2
                maintext                       000DF9  000051  000E4A      1BF2       0  CODE        2
                text23                         000E4A  00005C  000EA6      1C94       0  CODE        2
                text47                         000EA6  00005E  000F04      1D4C       0  CODE        2
                text16                         000F04  0000FC  001000      1E08       0  CODE        2
                stringtext1                    001000  000020  001020      2000       0  STRCODE     2
                text115                        0015E9  000001  0015EA      2BD2       0  CODE        2
                text111                        0015EA  000001  0015EB      2BD4       0  CODE        2
                text105                        0015EB  000002  0015ED      2BD6       0  CODE        2
                text104                        0015ED  000002  0015EF      2BDA       0  CODE        2
                idataBANK2                     0015EF  000002  0015F1      2BDE       0  CODE        2
                text116                        0015F1  000003  0015F4      2BE2       0  CODE        2
                text107                        0015F4  000003  0015F7      2BE8       0  CODE        2
                text106                        0015F7  000003  0015FA      2BEE       0  CODE        2
                text103                        0015FA  000003  0015FD      2BF4       0  CODE        2
                text100                        0015FD  000003  001600      2BFA       0  CODE        2
                text97                         001600  000003  001603      2C00       0  CODE        2
                text80                         001603  000003  001606      2C06       0  CODE        2
                text78                         001606  000003  001609      2C0C       0  CODE        2
                text77                         001609  000003  00160C      2C12       0  CODE        2
                text46                         00160C  000003  00160F      2C18       0  CODE        2
                text45                         00160F  000003  001612      2C1E       0  CODE        2
                text44                         001612  000003  001615      2C24       0  CODE        2
                text42                         001615  000003  001618      2C2A       0  CODE        2
                text39                         001618  000003  00161B      2C30       0  CODE        2
                text38                         00161B  000003  00161E      2C36       0  CODE        2
                text37                         00161E  000003  001621      2C3C       0  CODE        2
                text36                         001621  000003  001624      2C42       0  CODE        2
                text35                         001624  000003  001627      2C48       0  CODE        2
                text114                        001627  000004  00162B      2C4E       0  CODE        2
                text108                        00162B  000004  00162F      2C56       0  CODE        2
                text101                        00162F  000004  001633      2C5E       0  CODE        2
                text93                         001633  000004  001637      2C66       0  CODE        2
                text92                         001637  000004  00163B      2C6E       0  CODE        2
                text91                         00163B  000004  00163F      2C76       0  CODE        2
                text90                         00163F  000004  001643      2C7E       0  CODE        2
                text86                         001643  000004  001647      2C86       0  CODE        2
                text85                         001647  000004  00164B      2C8E       0  CODE        2
                text84                         00164B  000004  00164F      2C96       0  CODE        2
                text49                         00164F  000004  001653      2C9E       0  CODE        2
                text40                         001653  000004  001657      2CA6       0  CODE        2
                text99                         001657  000005  00165C      2CAE       0  CODE        2
                text94                         00165C  000005  001661      2CB8       0  CODE        2
                text109                        001661  000006  001667      2CC2       0  CODE        2
                text87                         001667  000006  00166D      2CCE       0  CODE        2
                text34                         00166D  000006  001673      2CDA       0  CODE        2
                clrtext                        001673  000006  001679      2CE6       0  CODE        2
                inittext                       001679  000006  00167F      2CF2       0  CODE        2
                idataBANK0                     00167F  000006  001685      2CFE       0  CODE        2
                text95                         001685  000007  00168C      2D0A       0  CODE        2
                text88                         00168C  000007  001693      2D18       0  CODE        2
                text51                         001693  000007  00169A      2D26       0  CODE        2
                text43                         00169A  000007  0016A1      2D34       0  CODE        2
                text98                         0016A1  000008  0016A9      2D42       0  CODE        2
                text89                         0016A9  000008  0016B1      2D52       0  CODE        2
                text63                         0016B1  000008  0016B9      2D62       0  CODE        2
                text56                         0016B9  000008  0016C1      2D72       0  CODE        2
                text53                         0016C1  000008  0016C9      2D82       0  CODE        2
                text50                         0016C9  000008  0016D1      2D92       0  CODE        2
                idataBANK3                     0016D1  000008  0016D9      2DA2       0  CODE        2
                text62                         0016D9  000009  0016E2      2DB2       0  CODE        2
                text61                         0016E2  000009  0016EB      2DC4       0  CODE        2
                text60                         0016EB  000009  0016F4      2DD6       0  CODE        2
                text59                         0016F4  000009  0016FD      2DE8       0  CODE        2
                text58                         0016FD  000009  001706      2DFA       0  CODE        2
                text55                         001706  000009  00170F      2E0C       0  CODE        2
                text14                         00170F  00000A  001719      2E1E       0  CODE        2
                text41                         001719  00000B  001724      2E32       0  CODE        2
                text72                         001724  00000C  001730      2E48       0  CODE        2
                text52                         001730  00000C  00173C      2E60       0  CODE        2
                text110                        00173C  00000D  001749      2E78       0  CODE        2
                text28                         001749  00000E  001757      2E92       0  CODE        2
                text75                         001757  00000F  001766      2EAE       0  CODE        2
                text64                         001766  00000F  001775      2ECC       0  CODE        2
                text21                         001775  000013  001788      2EEA       0  CODE        2
                text12                         001788  000013  00179B      2F10       0  CODE        2
                text11                         00179B  000013  0017AE      2F36       0  CODE        2
                text4                          0017AE  000013  0017C1      2F5C       0  CODE        2
                text3                          0017C1  000013  0017D4      2F82       0  CODE        2
                text73                         0017D4  000015  0017E9      2FA8       0  CODE        2
                text117                        0017E9  000017  001800      2FD2       0  CODE        2
                stringtext2                    001800  000034  001834      3000       0  STRCODE     2
                config                         008007  000004  00800B     1000E       0  CONFIG      2


UNUSED ADDRESS RANGES

        Name                Unused          Largest block    Delta
        BANK1            000EF-000EF               1           1
        BANK10           00520-0056F              50           1
        BANK11           005A0-005EF              50           1
        BANK12           00620-0064F              30           1
        BANK3            001E2-001EF               E           1
        BANK4            00264-0026F               C           1
        BANK5            002A0-002EF              50           1
        BANK6            00320-0036F              50           1
        BANK7            003A0-003EF              50           1
        BANK8            00420-0046F              50           1
        BANK9            004A0-004EF              50           1
        BIGRAM           02000-023EF             3F0           1
        CODE             01020-015E8             5C9           2
                         01834-01FFF             7CC
        COMMON           0007C-0007D               2           1
        CONST            01020-015E8             100           2
                         01834-01FFF             100
        EEDATA           0F000-0F0FF             100           2
        ENTRY            01020-015E8             100           2
                         01834-01FFF             100
        IDLOC            08000-08003               4           2
        RAM              000EF-000EF               1           1
                         001E2-001EF               E
                         00264-0026F               C
                         002A0-002EF              50
                         00320-0036F              50
                         003A0-003EF              50
                         00420-0046F              50
                         004A0-004EF              50
                         00520-0056F              50
                         005A0-005EF              50
                         00620-0064F              30
        SFR0             00000-0001F              20           1
        SFR1             00080-0009F              20           1
        SFR10            00500-0051F              20           1
        SFR11            00580-0059F              20           1
        SFR12            00600-0061F              20           1
        SFR13            00680-006EF              70           1
        SFR14            00700-0076F              70           1
        SFR15            00780-007EF              70           1
        SFR16            00800-0086F              70           1
        SFR17            00880-008EF              70           1
        SFR18            00900-0096F              70           1
        SFR19            00980-009EF              70           1
        SFR2             00100-0011F              20           1
        SFR20            00A00-00A6F              70           1
        SFR21            00A80-00AEF              70           1
        SFR22            00B00-00B6F              70           1
        SFR23            00B80-00BEF              70           1
        SFR24            00C00-00C6F              70           1
        SFR25            00C80-00CEF              70           1
        SFR26            00D00-00D6F              70           1
        SFR27            00D80-00DEF              70           1
        SFR28            00E00-00E6F              70           1
        SFR29            00E80-00EEF              70           1
        SFR3             00180-0019F              20           1
        SFR30            00F00-00F6F              70           1
        SFR31            00F80-00FEF              70           1
        SFR4             00200-0021F              20           1
        SFR5             00280-0029F              20           1
        SFR6             00300-0031F              20           1
        SFR7             00380-0039F              20           1
        SFR8             00400-0041F              20           1
        SFR9             00480-0049F              20           1
        STACK            02184-023EF             26C           1
        STRCODE          01020-015E8             5C9           2
                         01834-01FFF             7CC
        STRING           01020-015E8             100           2
                         01834-01FFF             100

                                  Symbol Table

?_ADC_GetConversion                            cstackBANK0  00020
?___awdiv                                      cstackBANK0  00026
?___wmul                                       cstackBANK0  00020
?_readGesture                                  cstackBANK0  0004F
?_strlen                                       cstackBANK0  00020
?_wireReadDataBlock                            cstackBANK0  00026
?_wireWriteDataByte                            cstackBANK0  00026
ADC_GetConversion@channel                      cstackBANK0  00023
Display_Name@i                                 cstackBANK0  0002A
Display_Name@length                            cstackBANK0  00028
Display_Name@string1                           cstackBANK0  00025
EUSART_SetErrorHandler@interruptHandler        cstackBANK0  00020
EUSART_SetFramingErrorHandler@interruptHandler cstackBANK0  00020
EUSART_SetOverrunErrorHandler@interruptHandler cstackBANK0  00020
EUSART_SetRxInterruptHandler@interruptHandler  cstackBANK0  00020
EUSART_SetTxInterruptHandler@interruptHandler  cstackBANK0  00020
Get_ADC@val                                    cstackBANK0  0002F
I2C_Write_Byte@Byte                            cstackBANK0  00023
I2C_Write_Byte@count                           cstackBANK0  00024
IOCAF4_SetInterruptHandler@InterruptHandler    cstackBANK0  00020
On_Off@val                                     cstackBANK0  00027
PWM1_LoadDutyValue@dutyValue                   cstackBANK0  00020
SPI2_Exchange8bit@data                         cstackBANK0  00020
SPI_Write@incoming                             cstackBANK0  00021
UART_Byte@bits                                 cstackBANK0  0002E
UART_Byte@i                                    cstackBANK0  00033
UART_Byte@tempBright                           cstackBANK0  0002C
UART_Byte@tempName                             cstackBANK0  0002A
UART_Byte@tempOn                               cstackBANK0  00026
UART_Byte@tempProx                             cstackBANK0  00028
_ADACT                                         (abs)        0009F
_ADCON0                                        (abs)        0009D
_ADCON0bits                                    (abs)        0009D
_ADCON1                                        (abs)        0009E
_ADC_GetConversion                             text71       008F9
_ADC_Initialize                                text63       016B1
_ADRESH                                        (abs)        0009C
_ADRESL                                        (abs)        0009B
_ANSELA                                        (abs)        0018C
_ANSELB                                        (abs)        0018D
_ANSELC                                        (abs)        0018E
_BAUD1CON                                      (abs)        0019F
_CCP1CON                                       (abs)        00293
_CCP1CONbits                                   (abs)        00293
_CCPR1H                                        (abs)        00292
_CCPR1L                                        (abs)        00291
_CCPTMRSbits                                   (abs)        0029F
_Display_Brightness                            text73       017D4
_Display_Clear                                 text72       01724
_Display_Name                                  text69       00BBE
_EUSART_DefaultErrorHandler                    text116      015F1
_EUSART_DefaultFramingErrorHandler             text115      015E9
_EUSART_DefaultOverrunErrorHandler             text114      01627
_EUSART_ErrorHandler                           nvBANK3      001DA
_EUSART_FramingErrorHandler                    nvBANK3      001DE
_EUSART_Initialize                             text57       00BFA
_EUSART_OverrunErrorHandler                    nvBANK3      001DC
_EUSART_Receive_ISR                            text113      00B8A
_EUSART_RxDataHandler                          text117      017E9
_EUSART_RxDefaultInterruptHandler              nvBANK2      0016A
_EUSART_SetErrorHandler                        text62       016D9
_EUSART_SetFramingErrorHandler                 text61       016E2
_EUSART_SetOverrunErrorHandler                 text60       016EB
_EUSART_SetRxInterruptHandler                  text59       016F4
_EUSART_SetTxInterruptHandler                  text58       016FD
_EUSART_Transmit_ISR                           text112      008DC
_EUSART_TxDefaultInterruptHandler              nvBANK2      0016C
_Get_ADC                                       text66       00614
_I2C_ReStart                                   text45       0160F
_I2C_Read_Byte                                 text41       01719
_I2C_Send_NACK                                 text39       01618
_I2C_Start                                     text37       0161E
_I2C_Stop                                      text35       01624
_I2C_Write_Byte                                text33       008A4
_INTCONbits                                    (abs)        0000B
_INTERRUPT_InterruptManager                    intentry     00004
_IOCAF4_DefaultInterruptHandler                text111      015EA
_IOCAF4_ISR                                    text110      0173C
_IOCAF4_InterruptHandler                       nvBANK1      000EA
_IOCAF4_SetInterruptHandler                    text55       01706
_IOCAFbits                                     (abs)        00393
_IOCANbits                                     (abs)        00392
_IOCAPbits                                     (abs)        00391
_LATA                                          (abs)        0010C
_LATAbits                                      (abs)        0010C
_LATB                                          (abs)        0010D
_LATC                                          (abs)        0010E
_LATCbits                                      (abs)        0010E
_Noise                                         text67       00828
_ODCONA                                        (abs)        0028C
_ODCONB                                        (abs)        0028D
_ODCONC                                        (abs)        0028E
_OSCCON1                                       (abs)        00919
_OSCCON3                                       (abs)        0091B
_OSCEN                                         (abs)        0091D
_OSCFRQ                                        (abs)        0091F
_OSCILLATOR_Initialize                         text56       016B9
_OSCTUNE                                       (abs)        0091E
_On_Off                                        text65       00CC7
_PIE0bits                                      (abs)        00090
_PIE1bits                                      (abs)        00091
_PIN_MANAGER_IOC                               text109      01661
_PIN_MANAGER_Initialize                        text54       00C3D
_PIR0bits                                      (abs)        00010
_PIR1bits                                      (abs)        00011
_PIR_Sensor                                    text64       01766
_PMD0                                          (abs)        00911
_PMD1                                          (abs)        00912
_PMD2                                          (abs)        00913
_PMD3                                          (abs)        00914
_PMD4                                          (abs)        00915
_PMD5                                          (abs)        00916
_PMD_Initialize                                text53       016C1
_PORTCbits                                     (abs)        0000E
_PR2                                           (abs)        0001E
_PWM1_Initialize                               text52       01730
_PWM1_LoadDutyValue                            text68       00811
_RA4PPS                                        (abs)        00E94
_RB6PPS                                        (abs)        00E9E
_RB7PPS                                        (abs)        00E9F
_RC1REG                                        (abs)        00199
_RC1STA                                        (abs)        0019D
_RC1STAbits                                    (abs)        0019D
_RC2PPS                                        (abs)        00EA2
_RC5PPS                                        (abs)        00EA5
_RC6PPS                                        (abs)        00EA6
_SLRCONA                                       (abs)        0030C
_SLRCONB                                       (abs)        0030D
_SLRCONC                                       (abs)        0030E
_SP1BRGH                                       (abs)        0019C
_SP1BRGL                                       (abs)        0019B
_SPI2_Exchange8bit                             text75       01757
_SPI2_Initialize                               text51       01693
_SPI_Write                                     text74       00801
_SSP1ADD                                       (abs)        00212
_SSP1BUF                                       (abs)        00211
_SSP1CLKPPS                                    (abs)        00E20
_SSP1CON1                                      (abs)        00215
_SSP1CON1bits                                  (abs)        00215
_SSP1CON2                                      (abs)        00216
_SSP1CON2bits                                  (abs)        00216
_SSP1DATPPS                                    (abs)        00E21
_SSP1MSK                                       (abs)        00213
_SSP1STAT                                      (abs)        00214
_SSP1STATbits                                  (abs)        00214
_SSP2ADD                                       (abs)        0021A
_SSP2BUF                                       (abs)        00219
_SSP2CLKPPS                                    (abs)        00E1D
_SSP2CON1                                      (abs)        0021D
_SSP2CON1bits                                  (abs)        0021D
_SSP2DATPPS                                    (abs)        00E1E
_SSP2STAT                                      (abs)        0021C
_SSP2STATbits                                  (abs)        0021C
_SYSTEM_Initialize                             text48       0086E
_T2CON                                         (abs)        0001F
_T2CONbits                                     (abs)        0001F
_TMR2                                          (abs)        0001D
_TMR2_Initialize                               text50       016C9
_TRISA                                         (abs)        0008C
_TRISB                                         (abs)        0008D
_TRISC                                         (abs)        0008E
_TX1REG                                        (abs)        0019A
_TX1STA                                        (abs)        0019E
_TX1STAbits                                    (abs)        0019E
_TXREG1                                        (abs)        0019A
_TXSTA1bits                                    (abs)        0019E
_UART_Byte                                     text47       00EA6
_WDTCON                                        (abs)        00097
_WDT_Initialize                                text49       0164F
_WPUA                                          (abs)        0020C
_WPUB                                          (abs)        0020D
_WPUC                                          (abs)        0020E
__CFG_BOREN$ON                                 (abs)        00000
__CFG_BORV$LOW                                 (abs)        00000
__CFG_CLKOUTEN$OFF                             (abs)        00000
__CFG_CP$OFF                                   (abs)        00000
__CFG_CPD$OFF                                  (abs)        00000
__CFG_CSWEN$ON                                 (abs)        00000
__CFG_DEBUG$OFF                                (abs)        00000
__CFG_FCMEN$ON                                 (abs)        00000
__CFG_FEXTOSC$OFF                              (abs)        00000
__CFG_LPBOREN$OFF                              (abs)        00000
__CFG_LVP$ON                                   (abs)        00000
__CFG_MCLRE$ON                                 (abs)        00000
__CFG_PPS1WAY$ON                               (abs)        00000
__CFG_PWRTE$OFF                                (abs)        00000
__CFG_RSTOSC$HFINT1                            (abs)        00000
__CFG_STVREN$ON                                (abs)        00000
__CFG_WDTE$SWDTEN                              (abs)        00000
__CFG_WRT$OFF                                  (abs)        00000
__Habs1                                        abs1         00000
__Hbank0                                       bank0        00000
__Hbank1                                       bank1        00000
__Hbank10                                      bank10       00000
__Hbank11                                      bank11       00000
__Hbank12                                      bank12       00000
__Hbank13                                      bank13       00000
__Hbank14                                      bank14       00000
__Hbank15                                      bank15       00000
__Hbank16                                      bank16       00000
__Hbank17                                      bank17       00000
__Hbank18                                      bank18       00000
__Hbank19                                      bank19       00000
__Hbank2                                       bank2        00000
__Hbank20                                      bank20       00000
__Hbank21                                      bank21       00000
__Hbank22                                      bank22       00000
__Hbank23                                      bank23       00000
__Hbank24                                      bank24       00000
__Hbank25                                      bank25       00000
__Hbank26                                      bank26       00000
__Hbank27                                      bank27       00000
__Hbank28                                      bank28       00000
__Hbank29                                      bank29       00000
__Hbank3                                       bank3        00000
__Hbank30                                      bank30       00000
__Hbank31                                      bank31       00000
__Hbank4                                       bank4        00000
__Hbank5                                       bank5        00000
__Hbank6                                       bank6        00000
__Hbank7                                       bank7        00000
__Hbank8                                       bank8        00000
__Hbank9                                       bank9        00000
__Hbigram                                      bigram       00000
__HbssBANK0                                    bssBANK0     00000
__HbssBANK1                                    bssBANK1     00000
__HbssBANK2                                    bssBANK2     00000
__HbssBANK3                                    bssBANK3     00000
__HbssBANK4                                    bssBANK4     00000
__HbssCOMMON                                   bssCOMMON    00000
__Hcinit                                       cinit        000A4
__Hclrtext                                     clrtext      00000
__Hcode                                        code         00000
__Hcommon                                      common       00000
__Hconfig                                      config       0800B
__HcstackBANK0                                 cstackBANK0  00000
__HcstackBANK1                                 cstackBANK1  00000
__HcstackBANK2                                 cstackBANK2  00000
__HcstackBANK3                                 cstackBANK3  00000
__HcstackCOMMON                                cstackCOMMON 00000
__HdataBANK0                                   dataBANK0    00000
__HdataBANK1                                   dataBANK1    00000
__HdataBANK2                                   dataBANK2    00000
__HdataBANK3                                   dataBANK3    00000
__Heeprom_data                                 eeprom_data  00000
__Hend_init                                    end_init     00049
__Hfunctab                                     functab      00000
__HidataBANK0                                  idataBANK0   00000
__HidataBANK1                                  idataBANK1   00000
__HidataBANK2                                  idataBANK2   00000
__HidataBANK3                                  idataBANK3   00000
__Hidloc                                       idloc        00000
__Hinit                                        init         00047
__Hinittext                                    inittext     00000
__Hintentry                                    intentry     00047
__Hmaintext                                    maintext     00000
__HnvBANK1                                     nvBANK1      00000
__HnvBANK2                                     nvBANK2      00000
__HnvBANK3                                     nvBANK3      00000
__Hpowerup                                     powerup      00000
__Hram                                         ram          00000
__Hreset_vec                                   reset_vec    00002
__Hsfr0                                        sfr0         00000
__Hsfr1                                        sfr1         00000
__Hsfr10                                       sfr10        00000
__Hsfr11                                       sfr11        00000
__Hsfr12                                       sfr12        00000
__Hsfr13                                       sfr13        00000
__Hsfr14                                       sfr14        00000
__Hsfr15                                       sfr15        00000
__Hsfr16                                       sfr16        00000
__Hsfr17                                       sfr17        00000
__Hsfr18                                       sfr18        00000
__Hsfr19                                       sfr19        00000
__Hsfr2                                        sfr2         00000
__Hsfr20                                       sfr20        00000
__Hsfr21                                       sfr21        00000
__Hsfr22                                       sfr22        00000
__Hsfr23                                       sfr23        00000
__Hsfr24                                       sfr24        00000
__Hsfr25                                       sfr25        00000
__Hsfr26                                       sfr26        00000
__Hsfr27                                       sfr27        00000
__Hsfr28                                       sfr28        00000
__Hsfr29                                       sfr29        00000
__Hsfr3                                        sfr3         00000
__Hsfr30                                       sfr30        00000
__Hsfr31                                       sfr31        00000
__Hsfr4                                        sfr4         00000
__Hsfr5                                        sfr5         00000
__Hsfr6                                        sfr6         00000
__Hsfr7                                        sfr7         00000
__Hsfr8                                        sfr8         00000
__Hsfr9                                        sfr9         00000
__Hspace_0                                     (abs)        0800B
__Hspace_1                                     (abs)        00264
__Hspace_2                                     (abs)        00000
__Hspace_3                                     (abs)        00000
__Hstack                                       stack        00000
__Hstrings                                     strings      00000
__Hstringtext1                                 stringtext1  00000
__Hstringtext2                                 stringtext2  00000
__Hstringtext3                                 stringtext3  00000
__Hstringtext4                                 stringtext4  00000
__Hstringtext5                                 stringtext5  00000
__Hstringtext6                                 stringtext6  00000
__Htext                                        text         00000
__Labs1                                        abs1         00000
__Lbank0                                       bank0        00000
__Lbank1                                       bank1        00000
__Lbank10                                      bank10       00000
__Lbank11                                      bank11       00000
__Lbank12                                      bank12       00000
__Lbank13                                      bank13       00000
__Lbank14                                      bank14       00000
__Lbank15                                      bank15       00000
__Lbank16                                      bank16       00000
__Lbank17                                      bank17       00000
__Lbank18                                      bank18       00000
__Lbank19                                      bank19       00000
__Lbank2                                       bank2        00000
__Lbank20                                      bank20       00000
__Lbank21                                      bank21       00000
__Lbank22                                      bank22       00000
__Lbank23                                      bank23       00000
__Lbank24                                      bank24       00000
__Lbank25                                      bank25       00000
__Lbank26                                      bank26       00000
__Lbank27                                      bank27       00000
__Lbank28                                      bank28       00000
__Lbank29                                      bank29       00000
__Lbank3                                       bank3        00000
__Lbank30                                      bank30       00000
__Lbank31                                      bank31       00000
__Lbank4                                       bank4        00000
__Lbank5                                       bank5        00000
__Lbank6                                       bank6        00000
__Lbank7                                       bank7        00000
__Lbank8                                       bank8        00000
__Lbank9                                       bank9        00000
__Lbigram                                      bigram       00000
__LbssBANK0                                    bssBANK0     00000
__LbssBANK1                                    bssBANK1     00000
__LbssBANK2                                    bssBANK2     00000
__LbssBANK3                                    bssBANK3     00000
__LbssBANK4                                    bssBANK4     00000
__LbssCOMMON                                   bssCOMMON    00000
__Lcinit                                       cinit        00049
__Lclrtext                                     clrtext      00000
__Lcode                                        code         00000
__Lcommon                                      common       00000
__Lconfig                                      config       08007
__LcstackBANK0                                 cstackBANK0  00000
__LcstackBANK1                                 cstackBANK1  00000
__LcstackBANK2                                 cstackBANK2  00000
__LcstackBANK3                                 cstackBANK3  00000
__LcstackCOMMON                                cstackCOMMON 00000
__LdataBANK0                                   dataBANK0    00000
__LdataBANK1                                   dataBANK1    00000
__LdataBANK2                                   dataBANK2    00000
__LdataBANK3                                   dataBANK3    00000
__Leeprom_data                                 eeprom_data  00000
__Lend_init                                    end_init     00047
__Lfunctab                                     functab      00000
__LidataBANK0                                  idataBANK0   00000
__LidataBANK1                                  idataBANK1   00000
__LidataBANK2                                  idataBANK2   00000
__LidataBANK3                                  idataBANK3   00000
__Lidloc                                       idloc        00000
__Linit                                        init         00047
__Linittext                                    inittext     00000
__Lintentry                                    intentry     00004
__Lmaintext                                    maintext     00000
__LnvBANK1                                     nvBANK1      00000
__LnvBANK2                                     nvBANK2      00000
__LnvBANK3                                     nvBANK3      00000
__Lpowerup                                     powerup      00000
__Lram                                         ram          00000
__Lreset_vec                                   reset_vec    00000
__Lsfr0                                        sfr0         00000
__Lsfr1                                        sfr1         00000
__Lsfr10                                       sfr10        00000
__Lsfr11                                       sfr11        00000
__Lsfr12                                       sfr12        00000
__Lsfr13                                       sfr13        00000
__Lsfr14                                       sfr14        00000
__Lsfr15                                       sfr15        00000
__Lsfr16                                       sfr16        00000
__Lsfr17                                       sfr17        00000
__Lsfr18                                       sfr18        00000
__Lsfr19                                       sfr19        00000
__Lsfr2                                        sfr2         00000
__Lsfr20                                       sfr20        00000
__Lsfr21                                       sfr21        00000
__Lsfr22                                       sfr22        00000
__Lsfr23                                       sfr23        00000
__Lsfr24                                       sfr24        00000
__Lsfr25                                       sfr25        00000
__Lsfr26                                       sfr26        00000
__Lsfr27                                       sfr27        00000
__Lsfr28                                       sfr28        00000
__Lsfr29                                       sfr29        00000
__Lsfr3                                        sfr3         00000
__Lsfr30                                       sfr30        00000
__Lsfr31                                       sfr31        00000
__Lsfr4                                        sfr4         00000
__Lsfr5                                        sfr5         00000
__Lsfr6                                        sfr6         00000
__Lsfr7                                        sfr7         00000
__Lsfr8                                        sfr8         00000
__Lsfr9                                        sfr9         00000
__Lspace_0                                     (abs)        00000
__Lspace_1                                     (abs)        00000
__Lspace_2                                     (abs)        00000
__Lspace_3                                     (abs)        00000
__Lstack                                       stack        00000
__Lstrings                                     strings      00000
__Lstringtext1                                 stringtext1  00000
__Lstringtext2                                 stringtext2  00000
__Lstringtext3                                 stringtext3  00000
__Lstringtext4                                 stringtext4  00000
__Lstringtext5                                 stringtext5  00000
__Lstringtext6                                 stringtext6  00000
__Ltext                                        text         00000
__S0                                           (abs)        0800B
__S1                                           (abs)        00264
__S2                                           (abs)        00000
__S3                                           (abs)        00000
___awdiv                                       text20       007A5
___awdiv@counter                               cstackBANK0  0002B
___awdiv@dividend                              cstackBANK0  00028
___awdiv@divisor                               cstackBANK0  00026
___awdiv@quotient                              cstackBANK0  0002D
___awdiv@sign                                  cstackBANK0  0002C
___int_sp                                      stack        00000
___latbits                                     (abs)        00002
___sp                                          stack        00000
___stackhi                                     (abs)        023EF
___stacklo                                     (abs)        02184
___wmul                                        text19       008C0
___wmul@multiplicand                           cstackBANK0  00022
___wmul@multiplier                             cstackBANK0  00020
___wmul@product                                cstackBANK0  00024
__end_of_ADC_GetConversion                     text71       00917
__end_of_ADC_Initialize                        text63       016B9
__end_of_Display_Brightness                    text73       017E9
__end_of_Display_Clear                         text72       01730
__end_of_Display_Name                          text69       00BFA
__end_of_EUSART_DefaultErrorHandler            text116      015F4
__end_of_EUSART_DefaultFramingErrorHandler     text115      015EA
[...]
 Defined at:
		line 132 in file "mcc_generated_files/pin_manager.c"
 Parameters:    Size  Location     Type
		None
 Auto vars:     Size  Location     Type
		None
 Return value:  Size  Location     Type
                  1    wreg      void 
 Registers used:
		wreg, status,2, status,0, pclath, cstack
 Tracked objects:
		On entry : 
		On exit  : 
		Unchanged: 
 Data sizes:     COMMON   BANK0   BANK1   BANK2   BANK3   BANK4   BANK5   BANK6   BANK7   BANK8   BANK9  BANK10  BANK11  BANK12
      Params:         0       0       0       0       0       0       0       0       0       0       0       0       0       0
      Locals:         0       0       0       0       0       0       0       0       0       0       0       0       0       0
      Temps:          0       0       0       0       0       0       0       0       0       0       0       0       0       0
      Totals:         0       0       0       0       0       0       0       0       0       0       0       0       0       0
Total ram usage:        0 bytes
 Hardware stack levels used:    1
 Hardware stack levels required when called:    2
 This function calls:
		_IOCAF4_ISR
 This function is called by:
		_INTERRUPT_InterruptManager
 This function uses a non-reentrant model


 *************** function _IOCAF4_ISR *****************
 Defined at:
		line 144 in file "mcc_generated_files/pin_manager.c"
 Parameters:    Size  Location     Type
		None
 Auto vars:     Size  Location     Type
		None
 Return value:  Size  Location     Type
                  1    wreg      void 
 Registers used:
		wreg, status,2, status,0, pclath, cstack
 Tracked objects:
		On entry : 
		On exit  : 
		Unchanged: 
 Data sizes:     COMMON   BANK0   BANK1   BANK2   BANK3   BANK4   BANK5   BANK6   BANK7   BANK8   BANK9  BANK10  BANK11  BANK12
      Params:         0       0       0       0       0       0       0       0       0       0       0       0       0       0
      Locals:         0       0       0       0       0       0       0       0       0       0       0       0       0       0
      Temps:          0       0       0       0       0       0       0       0       0       0       0       0       0       0
      Totals:         0       0       0       0       0       0       0       0       0       0       0       0       0       0
Total ram usage:        0 bytes
 Hardware stack levels used:    1
 Hardware stack levels required when called:    1
 This function calls:
		Absolute function
		_IOCAF4_DefaultInterruptHandler
 This function is called by:
		_PIN_MANAGER_IOC
 This function uses a non-reentrant model


 *************** function _IOCAF4_DefaultInterruptHandler *****************
 Defined at:
		line 166 in file "mcc_generated_files/pin_manager.c"
 Parameters:    Size  Location     Type
		None
 Auto vars:     Size  Location     Type
		None
 Return value:  Size  Location     Type
                  1    wreg      void 
 Registers used:
		None
 Tracked objects:
		On entry : 
		On exit  : 
		Unchanged: 
 Data sizes:     COMMON   BANK0   BANK1   BANK2   BANK3   BANK4   BANK5   BANK6   BANK7   BANK8   BANK9  BANK10  BANK11  BANK12
      Params:         0       0       0       0       0       0       0       0       0       0       0       0       0       0
      Locals:         0       0       0       0       0       0       0       0       0       0       0       0       0       0
      Temps:          0       0       0       0       0       0       0       0       0       0       0       0       0       0
      Totals:         0       0       0       0       0       0       0       0       0       0       0       0       0       0
Total ram usage:        0 bytes
 Hardware stack levels used:    1
 This function calls:
		Nothing
 This function is called by:
		_PIN_MANAGER_Initialize
		_IOCAF4_ISR
 This function uses a non-reentrant model


 *************** function _EUSART_Transmit_ISR *****************
 Defined at:
		line 205 in file "mcc_generated_files/eusart.c"
 Parameters:    Size  Location     Type
		None
 Auto vars:     Size  Location     Type
		None
 Return value:  Size  Location     Type
                  1    wreg      void 
 Registers used:
		wreg, fsr1l, fsr1h, status,2, status,0
 Tracked objects:
		On entry : 
		On exit  : 
		Unchanged: 
 Data sizes:     COMMON   BANK0   BANK1   BANK2   BANK3   BANK4   BANK5   BANK6   BANK7   BANK8   BANK9  BANK10  BANK11  BANK12
      Params:         0       0       0       0       0       0       0       0       0       0       0       0       0       0
      Locals:         0       0       0       0       0       0       0       0       0       0       0       0       0       0
      Temps:          1       0       0       0       0       0       0       0       0       0       0       0       0       0
      Totals:         1       0       0       0       0       0       0       0       0       0       0       0       0       0
Total ram usage:        1 bytes
 Hardware stack levels used:    1
 This function calls:
		Nothing
 This function is called by:
		_EUSART_Initialize
		_INTERRUPT_InterruptManager
 This function uses a non-reentrant model


 *************** function _EUSART_Receive_ISR *****************
 Defined at:
		line 224 in file "mcc_generated_files/eusart.c"
 Parameters:    Size  Location     Type
		None
 Auto vars:     Size  Location     Type
		None
 Return value:  Size  Location     Type
                  1    wreg      void 
 Registers used:
		wreg, fsr1l, fsr1h, status,2, status,0, pclath, cstack
 Tracked objects:
		On entry : 
		On exit  : 
		Unchanged: 
 Data sizes:     COMMON   BANK0   BANK1   BANK2   BANK3   BANK4   BANK5   BANK6   BANK7   BANK8   BANK9  BANK10  BANK11  BANK12
      Params:         0       0       0       0       0       0       0       0       0       0       0       0       0       0
      Locals:         0       0       0       0       0       0       0       0       0       0       0       0       0       0
      Temps:          0       0       0       0       0       0       0       0       0       0       0       0       0       0
      Totals:         0       0       0       0       0       0       0       0       0       0       0       0       0       0
Total ram usage:        0 bytes
 Hardware stack levels used:    1
 Hardware stack levels required when called:    2
 This function calls:
		Absolute function
		_EUSART_DefaultErrorHandler
		_EUSART_DefaultFramingErrorHandler
		_EUSART_DefaultOverrunErrorHandler
		_EUSART_RxDataHandler
 This function is called by:
		_EUSART_Initialize
		_INTERRUPT_InterruptManager
 This function uses a non-reentrant model


 *************** function _EUSART_DefaultOverrunErrorHandler *****************
 Defined at:
		line 260 in file "mcc_generated_files/eusart.c"
 Parameters:    Size  Location     Type
		None
 Auto vars:     Size  Location     Type
		None
 Return value:  Size  Location     Type
                  1    wreg      void 
 Registers used:
		None
 Tracked objects:
		On entry : 
		On exit  : 
		Unchanged: 
 Data sizes:     COMMON   BANK0   BANK1   BANK2   BANK3   BANK4   BANK5   BANK6   BANK7   BANK8   BANK9  BANK10  BANK11  BANK12
      Params:         0       0       0       0       0       0       0       0       0       0       0       0       0       0
      Locals:         0       0       0       0       0       0       0       0       0       0       0       0       0       0
      Temps:          0       0       0       0       0       0       0       0       0       0       0       0       0       0
      Totals:         0       0       0       0       0       0       0       0       0       0       0       0       0       0
Total ram usage:        0 bytes
 Hardware stack levels used:    1
 This function calls:
		Nothing
 This function is called by:
		_EUSART_Initialize
		_EUSART_Receive_ISR
 This function uses a non-reentrant model


 *************** function _EUSART_DefaultFramingErrorHandler *****************
 Defined at:
		line 258 in file "mcc_generated_files/eusart.c"
 Parameters:    Size  Location     Type
		None
 Auto vars:     Size  Location     Type
		None
 Return value:  Size  Location     Type
                  1    wreg      void 
 Registers used:
		None
 Tracked objects:
		On entry : 
		On exit  : 
		Unchanged: 
 Data sizes:     COMMON   BANK0   BANK1   BANK2   BANK3   BANK4   BANK5   BANK6   BANK7   BANK8   BANK9  BANK10  BANK11  BANK12
      Params:         0       0       0       0       0       0       0       0       0       0       0       0       0       0
      Locals:         0       0       0       0       0       0       0       0       0       0       0       0       0       0
      Temps:          0       0       0       0       0       0       0       0       0       0       0       0       0       0
      Totals:         0       0       0       0       0       0       0       0       0       0       0       0       0       0
Total ram usage:        0 bytes
 Hardware stack levels used:    1
 This function calls:
		Nothing
 This function is called by:
		_EUSART_Initialize
		_EUSART_Receive_ISR
 This function uses a non-reentrant model


 *************** function _EUSART_DefaultErrorHandler *****************
 Defined at:
		line 268 in file "mcc_generated_files/eusart.c"
 Parameters:    Size  Location     Type
		None
 Auto vars:     Size  Location     Type
		None
 Return value:  Size  Location     Type
                  1    wreg      void 
 Registers used:
		wreg, fsr1l, fsr1h, status,2, status,0, pclath, cstack
 Tracked objects:
		On entry : 
		On exit  : 
		Unchanged: 
 Data sizes:     COMMON   BANK0   BANK1   BANK2   BANK3   BANK4   BANK5   BANK6   BANK7   BANK8   BANK9  BANK10  BANK11  BANK12
      Params:         0       0       0       0       0       0       0       0       0       0       0       0       0       0
      Locals:         0       0       0       0       0       0       0       0       0       0       0       0       0       0
      Temps:          0       0       0       0       0       0       0       0       0       0       0       0       0       0
      Totals:         0       0       0       0       0       0       0       0       0       0       0       0       0       0
Total ram usage:        0 bytes
 Hardware stack levels used:    1
 Hardware stack levels required when called:    1
 This function calls:
		_EUSART_RxDataHandler
 This function is called by:
		_EUSART_Initialize
		_EUSART_Receive_ISR
 This function uses a non-reentrant model


 *************** function _EUSART_RxDataHandler *****************
 Defined at:
		line 248 in file "mcc_generated_files/eusart.c"
 Parameters:    Size  Location     Type
		None
 Auto vars:     Size  Location     Type
		None
 Return value:  Size  Location     Type
                  1    wreg      void 
 Registers used:
		wreg, fsr1l, fsr1h, status,2, status,0
 Tracked objects:
		On entry : 
		On exit  : 
		Unchanged: 
 Data sizes:     COMMON   BANK0   BANK1   BANK2   BANK3   BANK4   BANK5   BANK6   BANK7   BANK8   BANK9  BANK10  BANK11  BANK12
      Params:         0       0       0       0       0       0       0       0       0       0       0       0       0       0
      Locals:         0       0       0       0       0       0       0       0       0       0       0       0       0       0
      Temps:          1       0       0       0       0       0       0       0       0       0       0       0       0       0
      Totals:         1       0       0       0       0       0       0       0       0       0       0       0       0       0
Total ram usage:        1 bytes
 Hardware stack levels used:    1
 This function calls:
		Nothing
 This function is called by:
		_EUSART_Receive_ISR
		_EUSART_DefaultErrorHandler
 This function uses a non-reentrant model



MODULE INFORMATION

Module		Function		Class		Link	Load	Size
mcc_generated_files/tmr2.c
		_TMR2_Initialize		CODE           	16C9	0000	9

mcc_generated_files/tmr2.c estimated size: 9

mcc_generated_files/interrupt_manager.c
		_INTERRUPT_InterruptManager		CODE           	0004	0000	68

mcc_generated_files/interrupt_manager.c estimated size: 68

i2c.c
		_I2C_Stop      		CODE           	1624	0000	4
		_I2C_Write_Byte		CODE           	08A4	0000	29
		_I2C_Read_Byte 		CODE           	1719	0000	12
		_I2C_Send_NACK 		CODE           	1618	0000	4
		_I2C_Start     		CODE           	161E	0000	4
		_I2C_ReStart   		CODE           	160F	0000	4

i2c.c estimated size: 57

mcc_generated_files/pin_manager.c
		_PIN_MANAGER_Initialize		CODE           	0C3D	0000	69
		_IOCAF4_DefaultInterruptHandler		CODE           	15EA	0000	2
		_IOCAF4_ISR    		CODE           	173C	0000	14
		_PIN_MANAGER_IOC		CODE           	1661	0000	7
		_IOCAF4_SetInterruptHandler		CODE           	1706	0000	10

mcc_generated_files/pin_manager.c estimated size: 102

C:\Program Files (x86)\Microchip\xc8\v2.05\pic\sources\c99\common\strlen.c
		_strlen        		CODE           	0856	0000	25

C:\Program Files (x86)\Microchip\xc8\v2.05\pic\sources\c99\common\strlen.c estimated size: 25

mcc_generated_files/adc.c
		_ADC_Initialize		CODE           	16B1	0000	9
		_ADC_GetConversion		CODE           	08F9	0000	31

mcc_generated_files/adc.c estimated size: 40

C:\Program Files (x86)\Microchip\xc8\v2.05\pic\sources\c99\common\awdiv.c
		___awdiv       		CODE           	07A5	0000	83

C:\Program Files (x86)\Microchip\xc8\v2.05\pic\sources\c99\common\awdiv.c estimated size: 83

shared
		i1_i2c1_driver_sendNACK		CODE           	162F	0000	5
		__initialization		CODE           	0049	0000	88
		i1_i2c1_driver_restart		CODE           	15F4	0000	4
		i1_i2c1_driver_stop		CODE           	15F7	0000	4
		i1_i2c1_driver_startRX		CODE           	15FA	0000	4
		_fsmStateTable 		STRCODE        	1000	0000	33
		i1_i2c1_driver_getRXData		CODE           	15FD	0000	4
		i1_i2c1_driver_TXData		CODE           	1657	0000	6

shared estimated size: 148

mcc_generated_files/mcc.c
		_WDT_Initialize		CODE           	164F	0000	5
		_PMD_Initialize		CODE           	16C1	0000	9
		_OSCILLATOR_Initialize		CODE           	16B9	0000	9
		_SYSTEM_Initialize		CODE           	086E	0000	28

mcc_generated_files/mcc.c estimated size: 51

C:\Program Files (x86)\Microchip\xc8\v2.05\pic\sources\c99\common\Umul16.c
		___wmul        		CODE           	08C0	0000	29

C:\Program Files (x86)\Microchip\xc8\v2.05\pic\sources\c99\common\Umul16.c estimated size: 29

mcc_generated_files/drivers/i2c_master.c
		_returnStop    		CODE           	15EB	0000	3
		_i2c_busCollisionISR		CODE           	1609	0000	4
		_i2c_ISR       		CODE           	0959	0000	39
		_do_I2C_TX_EMPTY		CODE           	0AC3	0000	50
		_returnReset   		CODE           	15ED	0000	3
		_do_I2C_SEND_RESTART_WRITE		CODE           	1637	0000	5
		_do_I2C_DO_NACK_RESTART		CODE           	164B	0000	5
		_do_I2C_SEND_RESTART_READ		CODE           	1633	0000	5
		_do_I2C_SEND_ADR_WRITE		CODE           	168C	0000	8
		_do_I2C_SEND_STOP		CODE           	163F	0000	5
		_do_I2C_SEND_ADR_READ		CODE           	16A9	0000	9
		_do_I2C_DO_NACK_STOP		CODE           	1647	0000	5
		_do_I2C_SEND_RESTART		CODE           	163B	0000	5
		_do_I2C_RX     		CODE           	0C81	0000	71
		_do_I2C_TX     		CODE           	0D5B	0000	80
		_do_I2C_IDLE   		CODE           	165C	0000	6
		_do_I2C_RCEN   		CODE           	1667	0000	7
		_do_I2C_DO_ADDRESS_NACK		CODE           	0A6D	0000	44
		_do_I2C_RESET  		CODE           	1685	0000	8
		_do_I2C_DO_ACK 		CODE           	1643	0000	5

mcc_generated_files/drivers/i2c_master.c estimated size: 367

mcc_generated_files/pwm1.c
		_PWM1_Initialize		CODE           	1730	0000	13
		_PWM1_LoadDutyValue		CODE           	0811	0000	24

mcc_generated_files/pwm1.c estimated size: 37

mcc_generated_files/i2c1_driver.c
		_i2c1_driver_isBufferFull		CODE           	169A	0000	8
		_i2c1_driver_open		CODE           	170F	0000	11
		_i2c1_driver_isNACK		CODE           	16A1	0000	9
		_i2c1_driver_stop		CODE           	1621	0000	4
		_i2c1_driver_getRXData		CODE           	1612	0000	4
		_i2c1_driver_TXData		CODE           	166D	0000	7
		_i2c1_driver_start		CODE           	161B	0000	4
		_i2c1_driver_sendACK		CODE           	162B	0000	5
		_mssp1_setIRQ  		CODE           	1600	0000	4
		_i2c1_driver_sendNACK		CODE           	1653	0000	5
		_i2c1_driver_restart		CODE           	160C	0000	4
		_i2c1_driver_resetBus		CODE           	0800	0000	2
		_i2c1_driver_clearBusCollision		CODE           	1606	0000	4
		_mssp1_clearIRQ		CODE           	1603	0000	4
		_i2c1_driver_startRX		CODE           	1615	0000	4

mcc_generated_files/i2c1_driver.c estimated size: 79

mcc_generated_files/spi2.c
		_SPI2_Exchange8bit		CODE           	1757	0000	16
		_SPI2_Initialize		CODE           	1693	0000	8

mcc_generated_files/spi2.c estimated size: 24

mcc_generated_files/eusart.c
		_EUSART_SetRxInterruptHandler		CODE           	16F4	0000	10
		_EUSART_SetTxInterruptHandler		CODE           	16FD	0000	10
		_EUSART_DefaultOverrunErrorHandler		CODE           	1627	0000	5
		_EUSART_DefaultErrorHandler		CODE           	15F1	0000	4
		_EUSART_Transmit_ISR		CODE           	08DC	0000	30
		_EUSART_Initialize		CODE           	0BFA	0000	68
		_EUSART_SetFramingErrorHandler		CODE           	16E2	0000	10
		_EUSART_SetErrorHandler		CODE           	16D9	0000	10
		_EUSART_SetOverrunErrorHandler		CODE           	16EB	0000	10
		_EUSART_Receive_ISR		CODE           	0B8A	0000	53
		_EUSART_RxDataHandler		CODE           	17E9	0000	24
		_EUSART_DefaultFramingErrorHandler		CODE           	15E9	0000	2

mcc_generated_files/eusart.c estimated size: 236

APDS9960.c
		_wireReadDataBlock		CODE           	0D11	0000	75
		_setGestureEnterThresh		CODE           	1788	0000	20
		_setProxIntHighThresh		CODE           	17AE	0000	20
		_decodeGesture 		CODE           	0374	0000	402
		_setMode       		CODE           	0DAA	0000	80
		_setLEDDrive   		CODE           	0A1B	0000	42
		_setGestureIntEnable		CODE           	0A98	0000	44
		_setLightIntHighThreshold		CODE           	09CD	0000	40
		_resetGestureParameters		CODE           	083F	0000	24
		_readGesture   		CODE           	0F04	0000	253
		_processGestureData		CODE           	00A4	0000	721
		_setLightIntLowThreshold		CODE           	09F4	0000	40
		_enablePower   		CODE           	1749	0000	15
		_setGestureMode		CODE           	097F	0000	40
		_setGestureGain		CODE           	0B26	0000	51
		_setGestureExitThresh		CODE           	179B	0000	20
		_setLEDBoost   		CODE           	0AF4	0000	51
		_setGestureWaitTime		CODE           	09A6	0000	40
		_setAmbientLightGain		CODE           	0917	0000	31
		_initialize    		CODE           	0505	0000	272
		_setGestureLEDDrive		CODE           	0B58	0000	51
		_setProximityGain		CODE           	0A44	0000	42
		_wireWriteDataByte		CODE           	0889	0000	28
		_setProxIntLowThresh		CODE           	17C1	0000	20
		_wireReadDataByte		CODE           	0935	0000	37
		_enableGestureSensor		CODE           	0E4A	0000	93
		_getMode       		CODE           	07F7	0000	10
		_isGestureAvailable		CODE           	1775	0000	20

APDS9960.c estimated size: 2582

main.c
		_Noise         		CODE           	0828	0000	24
		_main          		CODE           	0DF9	0000	82
		_SPI_Write     		CODE           	0801	0000	17
		_UART_Byte     		CODE           	0EA6	0000	95
		_Display_Brightness		CODE           	17D4	0000	22
		_On_Off        		CODE           	0CC7	0000	75
		_Get_ADC       		CODE           	0614	0000	262
		_Display_Name  		CODE           	0BBE	0000	61
		_PIR_Sensor    		CODE           	1766	0000	16
		_handleGesture 		CODE           	0719	0000	141
		_Display_Clear 		CODE           	1724	0000	13

main.c estimated size: 808

