Microchip MPLAB XC8 Compiler V2.05 ()

Linker command line:

-W-3 --edf=C:\Program Files (x86)\Microchip\xc8\v2.05\pic\dat\en_msgs.txt \
  -cs -h+dist/default/production\I2Gesture.X.production.sym \
  --cmf=dist/default/production\I2Gesture.X.production.cmf -z -Q16F18345 \
  -oC:\Users\NOELLE~1\AppData\Local\Temp\s4u8.2 --defsym=__MPLAB_BUILD=1 \
  -Mdist/default/production/I2Gesture.X.production.map -E1 -ver=XC8 \
  --acfsm=1493 -ASTACK=02184h-023EFh -pstack=STACK -ACODE=00h-07FFhx4 \
  -ASTRCODE=00h-01FFFh -ASTRING=00h-0FFhx32 -ACONST=00h-0FFhx32 \
  -AENTRY=00h-0FFhx32 -ACOMMON=070h-07Fh -ABANK0=020h-06Fh \
  -ABANK1=0A0h-0EFh -ABANK2=0120h-016Fh -ABANK3=01A0h-01EFh \
  -ABANK4=0220h-026Fh -ABANK5=02A0h-02EFh -ABANK6=0320h-036Fh \
  -ABANK7=03A0h-03EFh -ABANK8=0420h-046Fh -ABANK9=04A0h-04EFh \
  -ABANK10=0520h-056Fh -ABANK11=05A0h-05EFh -ABANK12=0620h-064Fh \
  -ABIGRAM=02000h-023EFh \
  -ARAM=020h-06Fh,0A0h-0EFh,0120h-016Fh,01A0h-01EFh,0220h-026Fh,02A0h-02EFh,0320h-036Fh,03A0h-03EFh,0420h-046Fh,04A0h-04EFh,0520h-056Fh,05A0h-05EFh,0620h-064Fh \
  -AABS1=020h-07Fh,0A0h-0EFh,0120h-016Fh,01A0h-01EFh,0220h-026Fh,02A0h-02EFh,0320h-036Fh,03A0h-03EFh,0420h-046Fh,04A0h-04EFh,0520h-056Fh,05A0h-05EFh,0620h-064Fh \
  -ASFR0=00h-01Fh -ASFR1=080h-09Fh -ASFR2=0100h-011Fh -ASFR3=0180h-019Fh \
  -ASFR4=0200h-021Fh -ASFR5=0280h-029Fh -ASFR6=0300h-031Fh \
  -ASFR7=0380h-039Fh -ASFR8=0400h-041Fh -ASFR9=0480h-049Fh \
  -ASFR10=0500h-051Fh -ASFR11=0580h-059Fh -ASFR12=0600h-061Fh \
  -ASFR13=0680h-06EFh -ASFR14=0700h-076Fh -ASFR15=0780h-07EFh \
  -ASFR16=0800h-086Fh -ASFR17=0880h-08EFh -ASFR18=0900h-096Fh \
  -ASFR19=0980h-09EFh -ASFR20=0A00h-0A6Fh -ASFR21=0A80h-0AEFh \
  -ASFR22=0B00h-0B6Fh -ASFR23=0B80h-0BEFh -ASFR24=0C00h-0C6Fh \
  -ASFR25=0C80h-0CEFh -ASFR26=0D00h-0D6Fh -ASFR27=0D80h-0DEFh \
  -ASFR28=0E00h-0E6Fh -ASFR29=0E80h-0EEFh -ASFR30=0F00h-0F6Fh \
  -ASFR31=0F80h-0FEFh -preset_vec=00h,intentry=04h,init,end_init \
  -ppowerup=CODE -pcinit=CODE -pfunctab=ENTRY -ACONFIG=08007h-0800Ah \
  -pconfig=CONFIG -DCONFIG=2 -AIDLOC=08000h-08003h -pidloc=IDLOC -DIDLOC=2 \
  -AEEDATA=00h-0FFh/0F000h -peeprom_data=EEDATA -DEEDATA=2 -DCODE=2 \
  -DSTRCODE=2 -DSTRING=2 -DCONST=2 -DENTRY=2 -k \
  C:\Users\NOELLE~1\AppData\Local\Temp\s4u8.o \
  dist/default/production\I2Gesture.X.production.o 

Object code version is 3.11

Machine type is 16F18345



                Name                               Link     Load   Length Selector   Space Scale
C:\Users\NOELLE~1\AppData\Local\Temp\s4u8.o
                end_init                             2B       2B        2        8       0
                reset_vec                             0        0        2        0       0
                config                             8007     8007        4    1000E       0
dist/default/production\I2Gesture.X.production.o
                cinit                                2D       2D       25        8       0
                intentry                              4        4       27        8       0
                text91                              9F8      9F8        1     13F0       0
                text90                              A30      A30        4     1460       0
                text89                              9FD      9FD        3     13FA       0
                text88                              A00      A00        3     1400       0
                text87                              9FB      9FB        2     13F6       0
                text86                                2        2        2        0       0
                text85                              A03      A03        3     1406       0
                text84                              9F9      9F9        1     13F2       0
                text83                              A34      A34        4     1468       0
                text82                              A06      A06        3     140C       0
                text81                              A58      A58        5     14B0       0
                text80                              A90      A90        8     1520       0
                text79                              A09      A09        3     1412       0
                text78                              DA1      DA1       31     1B42       0
                text77                              A74      A74        7     14E8       0
                text76                              A5D      A5D        5     14BA       0
                text75                              A38      A38        4     1470       0
                text74                              A3C      A3C        4     1478       0
                text73                              A40      A40        4     1480       0
                text72                              A44      A44        4     1488       0
                text71                              A98      A98        8     1530       0
                text70                              A7B      A7B        7     14F6       0
                text69                              A62      A62        6     14C4       0
                text68                              A48      A48        4     1490       0
                text67                              A4C      A4C        4     1498       0
                text66                              A50      A50        4     14A0       0
                text65                              D76      D76       2B     1AEC       0
                text64                              F62      F62       4F     1EC4       0
                text63                              ED2      ED2       46     1DA4       0
                text62                              A0C      A0C        3     1418       0
                text61                              C62      C62       26     18C4       0
                text60                              A0F      A0F        3     141E       0
                text59                              A12      A12        3     1424       0
                text57                              AA0      AA0        8     1540       0
                text56                              E9B      E9B       37     1D36       0
                text55                              AA8      AA8        8     1550       0
                text54                              A82      A82        7     1504       0
                text53                              A54      A54        4     14A8       0
                text52                              ADC      ADC        F     15B8       0
                text51                              A15      A15        3     142A       0
                text50                              A18      A18        3     1430       0
                text49                              A1B      A1B        3     1436       0
                text48                              A89      A89        7     1512       0
                text47                              A1E      A1E        3     143C       0
                text46                              AC3      AC3        B     1586       0
                text45                              7FC      7FC        4        8       0
                text44                              A21      A21        3     1442       0
                text43                              A24      A24        3     1448       0
                text42                              A27      A27        3     144E       0
                text41                              A2A      A2A        3     1454       0
                text40                              A2D      A2D        3     145A       0
                text39                              A68      A68        6     14D0       0
                text38                              BC7      BC7       1C     178E       0
                text37                              C3E      C3E       24     187C       0
                text36                              AB0      AB0        9     1560       0
                text35                              BAC      BAC       1B     1758       0
                text34                              FB1      FB1       4F     1F62       0
                text33                              ACE      ACE        E     159C       0
                text32                              B6A      B6A       15     16D4       0
                text31                              7D1      7D1       2B        8       0
                text30                              C88      C88       27     1910       0
                text29                              DD2      DD2       32     1BA4       0
                text28                              71B      71B       64        8       0
                text27                              AEB      AEB        F     15D6       0
                text26                              B7F      B7F       15     16FE       0
                text25                              AFA      AFA       11     15F4       0
                text24                              B94      B94       18     1728       0
                text23                              E68      E68       33     1CD0       0
                text22                              31D      31D      18E        8       0
                text21                              B0B      B0B       13     1616       0
                text20                              77F      77F       52        8       0
                text19                              BE3      BE3       1C     17C6       0
                text18                               52       52      2CB        8       0
                text17                              F18      F18       4A     1E30       0
                text16                              5C1      5C1       EE        8       0
                text15                              6AF      6AF       6C        8       0
                text14                              AB9      AB9        A     1572       0
                text13                              BFF      BFF       1E     17FE       0
                text12                              B1E      B1E       13     163C       0
                text11                              B31      B31       13     1662       0
                text10                              E04      E04       32     1C08       0
                text9                               E36      E36       32     1C6C       0
                text8                               CAF      CAF       27     195E       0
                text7                               D24      D24       29     1A48       0
                text6                               CD6      CD6       27     19AC       0
                text5                               CFD      CFD       27     19FA       0
                text4                               B44      B44       13     1688       0
                text3                               B57      B57       13     16AE       0
                text2                               D4D      D4D       29     1A9A       0
                text1                               4AB      4AB      116        8       0
                maintext                            C1D      C1D       21     183A       0
                cstackBANK0                          20       20       3C       20       1
                cstackCOMMON                         76       76        6       70       1
                cstackBANK1                          A0       A0       40       A0       1
                cstackBANK2                         120      120       40      120       1
                clrtext                             A6E      A6E        6     14DC       0
                bssBANK4                            220      220       44      220       1
                bssBANK3                            1A0      1A0       1D      1A0       1
                dataBANK0                            6F       6F        1       20       1
                bssBANK0                             5C       5C       13       20       1
                bssCOMMON                            70       70        6       70       1
                stringtext11                       1073     1073        3     2000       0
                stringtext10                       106F     106F        4     2000       0
                stringtext9                        106A     106A        5     2000       0
                stringtext8                        1065     1065        5     2000       0
                stringtext7                        1060     1060        5     2000       0
                stringtext6                        105A     105A        6     2000       0
                stringtext5                        1054     1054        6     2000       0
                stringtext4                        1049     1049        B     2000       0
                stringtext3                        103D     103D        C     2000       0
                stringtext2                        1030     1030        D     2000       0
                stringtext1                        1000     1000       30     2000       0
                idataBANK0                          9FA      9FA        1     13F4       0

TOTAL           Name                               Link     Load   Length     Space
        CLASS   STACK          

        CLASS   CODE           
                end_init                             2B       2B        2         0
                cinit                                2D       2D       25         0
                intentry                              4        4       27         0
                reset_vec                             0        0        2         0
                text91                              9F8      9F8        1         0
                text90                              A30      A30        4         0
                text89                              9FD      9FD        3         0
                text88                              A00      A00        3         0
                text87                              9FB      9FB        2         0
                text86                                2        2        2         0
                text85                              A03      A03        3         0
                text84                              9F9      9F9        1         0
                text83                              A34      A34        4         0
                text82                              A06      A06        3         0
                text81                              A58      A58        5         0
                text80                              A90      A90        8         0
                text79                              A09      A09        3         0
                text78                              DA1      DA1       31         0
                text77                              A74      A74        7         0
                text76                              A5D      A5D        5         0
                text75                              A38      A38        4         0
                text74                              A3C      A3C        4         0
                text73                              A40      A40        4         0
                text72                              A44      A44        4         0
                text71                              A98      A98        8         0
                text70                              A7B      A7B        7         0
                text69                              A62      A62        6         0
                text68                              A48      A48        4         0
                text67                              A4C      A4C        4         0
                text66                              A50      A50        4         0
                text65                              D76      D76       2B         0
                text64                              F62      F62       4F         0
                text63                              ED2      ED2       46         0
                text62                              A0C      A0C        3         0
                text61                              C62      C62       26         0
                text60                              A0F      A0F        3         0
                text59                              A12      A12        3         0
                text57                              AA0      AA0        8         0
                text56                              E9B      E9B       37         0
                text55                              AA8      AA8        8         0
                text54                              A82      A82        7         0
                text53                              A54      A54        4         0
                text52                              ADC      ADC        F         0
                text51                              A15      A15        3         0
                text50                              A18      A18        3         0
                text49                              A1B      A1B        3         0
                text48                              A89      A89        7         0
                text47                              A1E      A1E        3         0
                text46                              AC3      AC3        B         0
                text45                              7FC      7FC        4         0
                text44                              A21      A21        3         0
                text43                              A24      A24        3         0
                text42                              A27      A27        3         0
                text41                              A2A      A2A        3         0
                text40                              A2D      A2D        3         0
                text39                              A68      A68        6         0
                text38                              BC7      BC7       1C         0
                text37                              C3E      C3E       24         0
                text36                              AB0      AB0        9         0
                text35                              BAC      BAC       1B         0
                text34                              FB1      FB1       4F         0
                text33                              ACE      ACE        E         0
                text32                              B6A      B6A       15         0
                text31                              7D1      7D1       2B         0
                text30                              C88      C88       27         0
                text29                              DD2      DD2       32         0
                text28                              71B      71B       64         0
                text27                              AEB      AEB        F         0
                text26                              B7F      B7F       15         0
                text25                              AFA      AFA       11         0
                text24                              B94      B94       18         0
                text23                              E68      E68       33         0
                text22                              31D      31D      18E         0
                text21                              B0B      B0B       13         0
                text20                              77F      77F       52         0
                text19                              BE3      BE3       1C         0
                text18                               52       52      2CB         0
                text17                              F18      F18       4A         0
                text16                              5C1      5C1       EE         0
                text15                              6AF      6AF       6C         0
                text14                              AB9      AB9        A         0
                text13                              BFF      BFF       1E         0
                text12                              B1E      B1E       13         0
                text11                              B31      B31       13         0
                text10                              E04      E04       32         0
                text9                               E36      E36       32         0
                text8                               CAF      CAF       27         0
                text7                               D24      D24       29         0
                text6                               CD6      CD6       27         0
                text5                               CFD      CFD       27         0
                text4                               B44      B44       13         0
                text3                               B57      B57       13         0
                text2                               D4D      D4D       29         0
                text1                               4AB      4AB      116         0
                maintext                            C1D      C1D       21         0
                clrtext                             A6E      A6E        6         0
                idataBANK0                          9FA      9FA        1         0

        CLASS   STRCODE        
                stringtext11                       1073     1073        3         0
                stringtext10                       106F     106F        4         0
                stringtext9                        106A     106A        5         0
                stringtext8                        1065     1065        5         0
                stringtext7                        1060     1060        5         0
                stringtext6                        105A     105A        6         0
                stringtext5                        1054     1054        6         0
                stringtext4                        1049     1049        B         0
                stringtext3                        103D     103D        C         0
                stringtext2                        1030     1030        D         0
                stringtext1                        1000     1000       30         0

        CLASS   STRING         

        CLASS   CONST          

        CLASS   ENTRY          

        CLASS   COMMON         
                cstackCOMMON                         76       76        6         1
                bssCOMMON                            70       70        6         1

        CLASS   BANK0          
                cstackBANK0                          20       20       3C         1
                dataBANK0                            6F       6F        1         1
                bssBANK0                             5C       5C       13         1

        CLASS   BANK1          
                cstackBANK1                          A0       A0       40         1

        CLASS   BANK2          
                cstackBANK2                         120      120       40         1

        CLASS   BANK3          
                bssBANK3                            1A0      1A0       1D         1

        CLASS   BANK4          
                bssBANK4                            220      220       44         1

        CLASS   BANK5          

        CLASS   BANK6          

        CLASS   BANK7          

        CLASS   BANK8          

        CLASS   BANK9          

        CLASS   BANK10         

        CLASS   BANK11         

        CLASS   BANK12         

        CLASS   BIGRAM         

        CLASS   RAM            

        CLASS   ABS1           
                abs_s1                               7E       7E        2         1

        CLASS   SFR0           

        CLASS   SFR1           

        CLASS   SFR2           

        CLASS   SFR3           

        CLASS   SFR4           

        CLASS   SFR5           

        CLASS   SFR6           

        CLASS   SFR7           

        CLASS   SFR8           

        CLASS   SFR9           

        CLASS   SFR10          

        CLASS   SFR11          

        CLASS   SFR12          

        CLASS   SFR13          

        CLASS   SFR14          

        CLASS   SFR15          

        CLASS   SFR16          

        CLASS   SFR17          

        CLASS   SFR18          

        CLASS   SFR19          

        CLASS   SFR20          

        CLASS   SFR21          

        CLASS   SFR22          

        CLASS   SFR23          

        CLASS   SFR24          

        CLASS   SFR25          

        CLASS   SFR26          

        CLASS   SFR27          

        CLASS   SFR28          

        CLASS   SFR29          

        CLASS   SFR30          

        CLASS   SFR31          

        CLASS   CONFIG         
                config                             8007     8007        4         0

        CLASS   IDLOC          

        CLASS   EEDATA         

        CLASS   BANK31         

        CLASS   BANK30         

        CLASS   BANK29         

        CLASS   BANK28         

        CLASS   BANK27         

        CLASS   BANK26         

        CLASS   BANK25         

        CLASS   BANK24         

        CLASS   BANK23         

        CLASS   BANK22         

        CLASS   BANK21         

        CLASS   BANK20         

        CLASS   BANK19         

        CLASS   BANK18         

        CLASS   BANK17         

        CLASS   BANK16         

        CLASS   BANK15         

        CLASS   BANK14         

        CLASS   BANK13         



SEGMENTS        Name                           Load    Length   Top    Selector   Space  Class     Delta

                reset_vec                      000000  000004  000004         0       0  CODE        2
                intentry                       000004  0007FC  000800         8       0  CODE        2
                cstackBANK0                    000020  000050  000070        20       1  BANK0       1
                bssCOMMON                      000070  00000C  00007C        70       1  COMMON      1
                cstackBANK1                    0000A0  000040  0000E0        A0       1  BANK1       1
                cstackBANK2                    000120  000040  000160       120       1  BANK2       1
                bssBANK3                       0001A0  00001D  0001BD       1A0       1  BANK3       1
                bssBANK4                       000220  000044  000264       220       1  BANK4       1
                text91                         0009F8  000001  0009F9      13F0       0  CODE        2
                text84                         0009F9  000001  0009FA      13F2       0  CODE        2
                idataBANK0                     0009FA  000001  0009FB      13F4       0  CODE        2
                text87                         0009FB  000002  0009FD      13F6       0  CODE        2
                text89                         0009FD  000003  000A00      13FA       0  CODE        2
                text88                         000A00  000003  000A03      1400       0  CODE        2
                text85                         000A03  000003  000A06      1406       0  CODE        2
                text82                         000A06  000003  000A09      140C       0  CODE        2
                text79                         000A09  000003  000A0C      1412       0  CODE        2
                text62                         000A0C  000003  000A0F      1418       0  CODE        2
                text60                         000A0F  000003  000A12      141E       0  CODE        2
                text59                         000A12  000003  000A15      1424       0  CODE        2
                text51                         000A15  000003  000A18      142A       0  CODE        2
                text50                         000A18  000003  000A1B      1430       0  CODE        2
                text49                         000A1B  000003  000A1E      1436       0  CODE        2
                text47                         000A1E  000003  000A21      143C       0  CODE        2
                text44                         000A21  000003  000A24      1442       0  CODE        2
                text43                         000A24  000003  000A27      1448       0  CODE        2
                text42                         000A27  000003  000A2A      144E       0  CODE        2
                text41                         000A2A  000003  000A2D      1454       0  CODE        2
                text40                         000A2D  000003  000A30      145A       0  CODE        2
                text90                         000A30  000004  000A34      1460       0  CODE        2
                text83                         000A34  000004  000A38      1468       0  CODE        2
                text75                         000A38  000004  000A3C      1470       0  CODE        2
                text74                         000A3C  000004  000A40      1478       0  CODE        2
                text73                         000A40  000004  000A44      1480       0  CODE        2
                text72                         000A44  000004  000A48      1488       0  CODE        2
                text68                         000A48  000004  000A4C      1490       0  CODE        2
                text67                         000A4C  000004  000A50      1498       0  CODE        2
                text66                         000A50  000004  000A54      14A0       0  CODE        2
                text53                         000A54  000004  000A58      14A8       0  CODE        2
                text81                         000A58  000005  000A5D      14B0       0  CODE        2
                text76                         000A5D  000005  000A62      14BA       0  CODE        2
                text69                         000A62  000006  000A68      14C4       0  CODE        2
                text39                         000A68  000006  000A6E      14D0       0  CODE        2
                clrtext                        000A6E  000006  000A74      14DC       0  CODE        2
                text77                         000A74  000007  000A7B      14E8       0  CODE        2
                text70                         000A7B  000007  000A82      14F6       0  CODE        2
                text54                         000A82  000007  000A89      1504       0  CODE        2
                text48                         000A89  000007  000A90      1512       0  CODE        2
                text80                         000A90  000008  000A98      1520       0  CODE        2
                text71                         000A98  000008  000AA0      1530       0  CODE        2
                text57                         000AA0  000008  000AA8      1540       0  CODE        2
                text55                         000AA8  000008  000AB0      1550       0  CODE        2
                text36                         000AB0  000009  000AB9      1560       0  CODE        2
                text14                         000AB9  00000A  000AC3      1572       0  CODE        2
                text46                         000AC3  00000B  000ACE      1586       0  CODE        2
                text33                         000ACE  00000E  000ADC      159C       0  CODE        2
                text52                         000ADC  00000F  000AEB      15B8       0  CODE        2
                text27                         000AEB  00000F  000AFA      15D6       0  CODE        2
                text25                         000AFA  000011  000B0B      15F4       0  CODE        2
                text21                         000B0B  000013  000B1E      1616       0  CODE        2
                text12                         000B1E  000013  000B31      163C       0  CODE        2
                text11                         000B31  000013  000B44      1662       0  CODE        2
                text4                          000B44  000013  000B57      1688       0  CODE        2
                text3                          000B57  000013  000B6A      16AE       0  CODE        2
                text32                         000B6A  000015  000B7F      16D4       0  CODE        2
                text26                         000B7F  000015  000B94      16FE       0  CODE        2
                text24                         000B94  000018  000BAC      1728       0  CODE        2
                text35                         000BAC  00001B  000BC7      1758       0  CODE        2
                text38                         000BC7  00001C  000BE3      178E       0  CODE        2
                text19                         000BE3  00001C  000BFF      17C6       0  CODE        2
                text13                         000BFF  00001E  000C1D      17FE       0  CODE        2
                maintext                       000C1D  000021  000C3E      183A       0  CODE        2
                text37                         000C3E  000024  000C62      187C       0  CODE        2
                text61                         000C62  000026  000C88      18C4       0  CODE        2
                text30                         000C88  000027  000CAF      1910       0  CODE        2
                text8                          000CAF  000027  000CD6      195E       0  CODE        2
                text6                          000CD6  000027  000CFD      19AC       0  CODE        2
                text5                          000CFD  000027  000D24      19FA       0  CODE        2
                text7                          000D24  000029  000D4D      1A48       0  CODE        2
                text2                          000D4D  000029  000D76      1A9A       0  CODE        2
                text65                         000D76  00002B  000DA1      1AEC       0  CODE        2
                text78                         000DA1  000031  000DD2      1B42       0  CODE        2
                text29                         000DD2  000032  000E04      1BA4       0  CODE        2
                text10                         000E04  000032  000E36      1C08       0  CODE        2
                text9                          000E36  000032  000E68      1C6C       0  CODE        2
                text23                         000E68  000033  000E9B      1CD0       0  CODE        2
                text56                         000E9B  000037  000ED2      1D36       0  CODE        2
                text63                         000ED2  000046  000F18      1DA4       0  CODE        2
                text17                         000F18  00004A  000F62      1E30       0  CODE        2
                text64                         000F62  00004F  000FB1      1EC4       0  CODE        2
                text34                         000FB1  00004F  001000      1F62       0  CODE        2
                stringtext1                    001000  000076  001076      2000       0  STRCODE     2
                config                         008007  000004  00800B     1000E       0  CONFIG      2


UNUSED ADDRESS RANGES

        Name                Unused          Largest block    Delta
        BANK1            000E0-000EF              10           1
        BANK10           00520-0056F              50           1
        BANK11           005A0-005EF              50           1
        BANK12           00620-0064F              30           1
        BANK2            00160-0016F              10           1
        BANK3            001BD-001EF              33           1
        BANK4            00264-0026F               C           1
        BANK5            002A0-002EF              50           1
        BANK6            00320-0036F              50           1
        BANK7            003A0-003EF              50           1
        BANK8            00420-0046F              50           1
        BANK9            004A0-004EF              50           1
        BIGRAM           02000-023EF             3F0           1
        CODE             00800-009F7             1F8           2
                         01076-01FFF             78A
        COMMON           0007C-0007D               2           1
        CONST            00800-009F7             100           2
                         01076-01FFF             100
        EEDATA           0F000-0F0FF             100           2
        ENTRY            00800-009F7             100           2
                         01076-01FFF             100
        IDLOC            08000-08003               4           2
        RAM              000E0-000EF              10           1
                         00160-0016F              10
                         001BD-001EF              33
                         00264-0026F               C
                         002A0-002EF              50
                         00320-0036F              50
                         003A0-003EF              50
                         00420-0046F              50
                         004A0-004EF              50
                         00520-0056F              50
                         005A0-005EF              50
                         00620-0064F              30
        SFR0             00000-0001F              20           1
        SFR1             00080-0009F              20           1
        SFR10            00500-0051F              20           1
        SFR11            00580-0059F              20           1
        SFR12            00600-0061F              20           1
        SFR13            00680-006EF              70           1
        SFR14            00700-0076F              70           1
        SFR15            00780-007EF              70           1
        SFR16            00800-0086F              70           1
        SFR17            00880-008EF              70           1
        SFR18            00900-0096F              70           1
        SFR19            00980-009EF              70           1
        SFR2             00100-0011F              20           1
        SFR20            00A00-00A6F              70           1
        SFR21            00A80-00AEF              70           1
        SFR22            00B00-00B6F              70           1
        SFR23            00B80-00BEF              70           1
        SFR24            00C00-00C6F              70           1
        SFR25            00C80-00CEF              70           1
        SFR26            00D00-00D6F              70           1
        SFR27            00D80-00DEF              70           1
        SFR28            00E00-00E6F              70           1
        SFR29            00E80-00EEF              70           1
        SFR3             00180-0019F              20           1
        SFR30            00F00-00F6F              70           1
        SFR31            00F80-00FEF              70           1
        SFR4             00200-0021F              20           1
        SFR5             00280-0029F              20           1
        SFR6             00300-0031F              20           1
        SFR7             00380-0039F              20           1
        SFR8             00400-0041F              20           1
        SFR9             00480-0049F              20           1
        STACK            02184-023EF             26C           1
        STRCODE          00800-009F7             1F8           2
                         01076-01FFF             F8A
        STRING           00800-009F7             100           2
                         01076-01FFF             100

                                  Symbol Table

?___awdiv                               cstackBANK0  00026
?___wmul                                cstackBANK0  00020
?_readGesture                           cstackBANK0  0004F
?_strlen                                cstackBANK0  00020
?_wireReadDataBlock                     cstackBANK0  00026
?_wireWriteDataByte                     cstackBANK0  00026
Display_Name@i                          cstackBANK0  0002A
Display_Name@length                     cstackBANK0  00028
Display_Name@string1                    cstackBANK0  00025
I2C_Write_Byte@Byte                     cstackBANK0  00023
I2C_Write_Byte@count                    cstackBANK0  00024
SPI2_Exchange8bit@data                  cstackBANK0  00020
SPI_Write@incoming                      cstackBANK0  00022
_ANSELA                                 (abs)        0018C
_ANSELB                                 (abs)        0018D
_ANSELC                                 (abs)        0018E
_Display_Clear                          text25       00AFA
_Display_Name                           text23       00E68
_I2C_ReStart                            text50       00A18
_I2C_Read_Byte                          text46       00AC3
_I2C_Send_NACK                          text44       00A21
_I2C_Start                              text42       00A27
_I2C_Stop                               text40       00A2D
_I2C_Write_Byte                         text38       00BC7
_INTCONbits                             (abs)        0000B
_INTERRUPT_InterruptManager             intentry     00004
_LATA                                   (abs)        0010C
_LATB                                   (abs)        0010D
_LATC                                   (abs)        0010E
_LATCbits                               (abs)        0010E
_ODCONA                                 (abs)        0028C
_ODCONB                                 (abs)        0028D
_ODCONC                                 (abs)        0028E
_OSCCON1                                (abs)        00919
_OSCCON3                                (abs)        0091B
_OSCEN                                  (abs)        0091D
_OSCFRQ                                 (abs)        0091F
_OSCILLATOR_Initialize                  text57       00AA0
_OSCTUNE                                (abs)        0091E
_PIE0bits                               (abs)        00090
_PIE1bits                               (abs)        00091
_PIN_MANAGER_IOC                        text91       009F8
_PIN_MANAGER_Initialize                 text56       00E9B
_PIR0bits                               (abs)        00010
_PIR1bits                               (abs)        00011
_PMD0                                   (abs)        00911
_PMD1                                   (abs)        00912
_PMD2                                   (abs)        00913
_PMD3                                   (abs)        00914
_PMD4                                   (abs)        00915
_PMD5                                   (abs)        00916
_PMD_Initialize                         text55       00AA8
_RB5PPS                                 (abs)        00E9D
_RB6PPS                                 (abs)        00E9E
_RB7PPS                                 (abs)        00E9F
_RC2PPS                                 (abs)        00EA2
_SLRCONA                                (abs)        0030C
_SLRCONB                                (abs)        0030D
_SLRCONC                                (abs)        0030E
_SPI2_Exchange8bit                      text27       00AEB
_SPI2_Initialize                        text54       00A82
_SPI_Write                              text26       00B7F
_SSP1ADD                                (abs)        00212
_SSP1BUF                                (abs)        00211
_SSP1CLKPPS                             (abs)        00E20
_SSP1CON1                               (abs)        00215
_SSP1CON1bits                           (abs)        00215
_SSP1CON2                               (abs)        00216
_SSP1CON2bits                           (abs)        00216
_SSP1DATPPS                             (abs)        00E21
_SSP1MSK                                (abs)        00213
_SSP1STAT                               (abs)        00214
_SSP1STATbits                           (abs)        00214
_SSP2ADD                                (abs)        0021A
_SSP2BUF                                (abs)        00219
_SSP2CLKPPS                             (abs)        00E1D
_SSP2CON1                               (abs)        0021D
_SSP2CON1bits                           (abs)        0021D
_SSP2DATPPS                             (abs)        00E1E
_SSP2STAT                               (abs)        0021C
_SSP2STATbits                           (abs)        0021C
_SYSTEM_Initialize                      text52       00ADC
_TRISA                                  (abs)        0008C
_TRISB                                  (abs)        0008D
_TRISC                                  (abs)        0008E
_WDTCON                                 (abs)        00097
_WDT_Initialize                         text53       00A54
_WPUA                                   (abs)        0020C
_WPUB                                   (abs)        0020D
_WPUC                                   (abs)        0020E
__CFG_BOREN$ON                          (abs)        00000
__CFG_BORV$LOW                          (abs)        00000
__CFG_CLKOUTEN$OFF                      (abs)        00000
__CFG_CP$OFF                            (abs)        00000
__CFG_CPD$OFF                           (abs)        00000
__CFG_CSWEN$ON                          (abs)        00000
__CFG_DEBUG$OFF                         (abs)        00000
__CFG_FCMEN$ON                          (abs)        00000
__CFG_FEXTOSC$OFF                       (abs)        00000
__CFG_LPBOREN$OFF                       (abs)        00000
__CFG_LVP$ON                            (abs)        00000
__CFG_MCLRE$ON                          (abs)        00000
__CFG_PPS1WAY$ON                        (abs)        00000
__CFG_PWRTE$OFF                         (abs)        00000
__CFG_RSTOSC$HFINT1                     (abs)        00000
__CFG_STVREN$ON                         (abs)        00000
__CFG_WDTE$SWDTEN                       (abs)        00000
__CFG_WRT$OFF                           (abs)        00000
__Habs1                                 abs1         00000
__Hbank0                                bank0        00000
__Hbank1                                bank1        00000
__Hbank10                               bank10       00000
__Hbank11                               bank11       00000
__Hbank12                               bank12       00000
__Hbank13                               bank13       00000
__Hbank14                               bank14       00000
__Hbank15                               bank15       00000
__Hbank16                               bank16       00000
__Hbank17                               bank17       00000
__Hbank18                               bank18       00000
__Hbank19                               bank19       00000
__Hbank2                                bank2        00000
__Hbank20                               bank20       00000
__Hbank21                               bank21       00000
__Hbank22                               bank22       00000
__Hbank23                               bank23       00000
__Hbank24                               bank24       00000
__Hbank25                               bank25       00000
__Hbank26                               bank26       00000
__Hbank27                               bank27       00000
__Hbank28                               bank28       00000
__Hbank29                               bank29       00000
__Hbank3                                bank3        00000
__Hbank30                               bank30       00000
__Hbank31                               bank31       00000
__Hbank4                                bank4        00000
__Hbank5                                bank5        00000
__Hbank6                                bank6        00000
__Hbank7                                bank7        00000
__Hbank8                                bank8        00000
__Hbank9                                bank9        00000
__Hbigram                               bigram       00000
__HbssBANK0                             bssBANK0     00000
__HbssBANK3                             bssBANK3     00000
__HbssBANK4                             bssBANK4     00000
__HbssCOMMON                            bssCOMMON    00000
__Hcinit                                cinit        00052
__Hclrtext                              clrtext      00000
__Hcode                                 code         00000
__Hcommon                               common       00000
__Hconfig                               config       0800B
__HcstackBANK0                          cstackBANK0  00000
__HcstackBANK1                          cstackBANK1  00000
__HcstackBANK2                          cstackBANK2  00000
__HcstackCOMMON                         cstackCOMMON 00000
__HdataBANK0                            dataBANK0    00000
__Heeprom_data                          eeprom_data  00000
__Hend_init                             end_init     0002D
__Hfunctab                              functab      00000
__HidataBANK0                           idataBANK0   00000
__Hidloc                                idloc        00000
__Hinit                                 init         0002B
__Hintentry                             intentry     0002B
__Hmaintext                             maintext     00000
__Hpowerup                              powerup      00000
__Hram                                  ram          00000
__Hreset_vec                            reset_vec    00002
__Hsfr0                                 sfr0         00000
__Hsfr1                                 sfr1         00000
__Hsfr10                                sfr10        00000
__Hsfr11                                sfr11        00000
__Hsfr12                                sfr12        00000
__Hsfr13                                sfr13        00000
__Hsfr14                                sfr14        00000
__Hsfr15                                sfr15        00000
__Hsfr16                                sfr16        00000
__Hsfr17                                sfr17        00000
__Hsfr18                                sfr18        00000
__Hsfr19                                sfr19        00000
__Hsfr2                                 sfr2         00000
__Hsfr20                                sfr20        00000
__Hsfr21                                sfr21        00000
__Hsfr22                                sfr22        00000
__Hsfr23                                sfr23        00000
__Hsfr24                                sfr24        00000
__Hsfr25                                sfr25        00000
__Hsfr26                                sfr26        00000
__Hsfr27                                sfr27        00000
__Hsfr28                                sfr28        00000
__Hsfr29                                sfr29        00000
__Hsfr3                                 sfr3         00000
__Hsfr30                                sfr30        00000
__Hsfr31                                sfr31        00000
__Hsfr4                                 sfr4         00000
__Hsfr5                                 sfr5         00000
__Hsfr6                                 sfr6         00000
__Hsfr7                                 sfr7         00000
__Hsfr8                                 sfr8         00000
__Hsfr9                                 sfr9         00000
__Hspace_0                              (abs)        0800B
__Hspace_1                              (abs)        00264
__Hspace_2                              (abs)        00000
__Hspace_3                              (abs)        00000
__Hstack                                stack        00000
__Hstrings                              strings      00000
__Hstringtext1                          stringtext1  00000
__Hstringtext10                         stringtext10 00000
__Hstringtext11                         stringtext11 00000
__Hstringtext12                         stringtext12 00000
__Hstringtext2                          stringtext2  00000
__Hstringtext3                          stringtext3  00000
__Hstringtext4                          stringtext4  00000
__Hstringtext5                          stringtext5  00000
__Hstringtext6                          stringtext6  00000
__Hstringtext7                          stringtext7  00000
__Hstringtext8                          stringtext8  00000
__Hstringtext9                          stringtext9  00000
__Htext                                 text         00000
__Labs1                                 abs1         00000
__Lbank0                                bank0        00000
__Lbank1                                bank1        00000
__Lbank10                               bank10       00000
__Lbank11                               bank11       00000
__Lbank12                               bank12       00000
__Lbank13                               bank13       00000
__Lbank14                               bank14       00000
__Lbank15                               bank15       00000
__Lbank16                               bank16       00000
__Lbank17                               bank17       00000
__Lbank18                               bank18       00000
__Lbank19                               bank19       00000
__Lbank2                                bank2        00000
__Lbank20                               bank20       00000
__Lbank21                               bank21       00000
__Lbank22                               bank22       00000
__Lbank23                               bank23       00000
__Lbank24                               bank24       00000
__Lbank25                               bank25       00000
__Lbank26                               bank26       00000
__Lbank27                               bank27       00000
__Lbank28                               bank28       00000
__Lbank29                               bank29       00000
__Lbank3                                bank3        00000
__Lbank30                               bank30       00000
__Lbank31                               bank31       00000
__Lbank4                                bank4        00000
__Lbank5                                bank5        00000
__Lbank6                                bank6        00000
__Lbank7                                bank7        00000
__Lbank8                                bank8        00000
__Lbank9                                bank9        00000
__Lbigram                               bigram       00000
__LbssBANK0                             bssBANK0     00000
__LbssBANK3                             bssBANK3     00000
__LbssBANK4                             bssBANK4     00000
__LbssCOMMON                            bssCOMMON    00000
__Lcinit                                cinit        0002D
__Lclrtext                              clrtext      00000
__Lcode                                 code         00000
__Lcommon                               common       00000
__Lconfig                               config       08007
__LcstackBANK0                          cstackBANK0  00000
__LcstackBANK1                          cstackBANK1  00000
__LcstackBANK2                          cstackBANK2  00000
__LcstackCOMMON                         cstackCOMMON 00000
__LdataBANK0                            dataBANK0    00000
__Leeprom_data                          eeprom_data  00000
__Lend_init                             end_init     0002B
__Lfunctab                              functab      00000
__LidataBANK0                           idataBANK0   00000
__Lidloc                                idloc        00000
__Linit                                 init         0002B
__Lintentry                             intentry     00004
__Lmaintext                             maintext     00000
__Lpowerup                              powerup      00000
__Lram                                  ram          00000
__Lreset_vec                            reset_vec    00000
__Lsfr0                                 sfr0         00000
__Lsfr1                                 sfr1         00000
__Lsfr10                                sfr10        00000
__Lsfr11                                sfr11        00000
__Lsfr12                                sfr12        00000
__Lsfr13                                sfr13        00000
__Lsfr14                                sfr14        00000
__Lsfr15                                sfr15        00000
__Lsfr16                                sfr16        00000
__Lsfr17                                sfr17        00000
__Lsfr18                                sfr18        00000
__Lsfr19                                sfr19        00000
__Lsfr2                                 sfr2         00000
__Lsfr20                                sfr20        00000
__Lsfr21                                sfr21        00000
__Lsfr22                                sfr22        00000
__Lsfr23                                sfr23        00000
__Lsfr24                                sfr24        00000
__Lsfr25                                sfr25        00000
__Lsfr26                                sfr26        00000
__Lsfr27                                sfr27        00000
__Lsfr28                                sfr28        00000
__Lsfr29                                sfr29        00000
__Lsfr3                                 sfr3         00000
__Lsfr30                                sfr30        00000
__Lsfr31                                sfr31        00000
__Lsfr4                                 sfr4         00000
__Lsfr5                                 sfr5         00000
__Lsfr6                                 sfr6         00000
__Lsfr7                                 sfr7         00000
__Lsfr8                                 sfr8         00000
__Lsfr9                                 sfr9         00000
__Lspace_0                              (abs)        00000
__Lspace_1                              (abs)        00000
__Lspace_2                              (abs)        00000
__Lspace_3                              (abs)        00000
__Lstack                                stack        00000
__Lstrings                              strings      00000
__Lstringtext1                          stringtext1  00000
__Lstringtext10                         stringtext10 00000
__Lstringtext11                         stringtext11 00000
__Lstringtext12                         stringtext12 00000
__Lstringtext2                          stringtext2  00000
__Lstringtext3                          stringtext3  00000
__Lstringtext4                          stringtext4  00000
__Lstringtext5                          stringtext5  00000
__Lstringtext6                          stringtext6  00000
__Lstringtext7                          stringtext7  00000
__Lstringtext8                          stringtext8  00000
__Lstringtext9                          stringtext9  00000
__Ltext                                 text         00000
__S0                                    (abs)        0800B
__S1                                    (abs)        00264
__S2                                    (abs)        00000
__S3                                    (abs)        00000
___awdiv                                text20       0077F
___awdiv@counter                        cstackBANK0  0002B
___awdiv@dividend                       cstackBANK0  00028
___awdiv@divisor                        cstackBANK0  00026
___awdiv@quotient                       cstackBANK0  0002D
___awdiv@sign                           cstackBANK0  0002C
___int_sp                               stack        00000
___latbits                              (abs)        00002
___sp                                   stack        00000
___stackhi                              (abs)        023EF
___stacklo                              (abs)        02184
___wmul                                 text19       00BE3
___wmul@multiplicand                    cstackBANK0  00022
___wmul@multiplier                      cstackBANK0  00020
___wmul@product                         cstackBANK0  00024
__end_of_Display_Clear                  text25       00B0B
__end_of_Display_Name                   text23       00E9B
__end_of_I2C_ReStart                    text50       00A1B
__end_of_I2C_Read_Byte                  text46       00ACE
__end_of_I2C_Send_NACK                  text44       00A24
__end_of_I2C_Start                      text42       00A2A
__end_of_I2C_Stop                       text40       00A30
__end_of_I2C_Write_Byte                 text38       00BE3
__end_of_INTERRUPT_InterruptManager     intentry     0002B
__end_of_OSCILLATOR_Initialize          text57       00AA8
__end_of_PIN_MANAGER_IOC                text91       009F9
__end_of_PIN_MANAGER_Initialize         text56       00ED2
__end_of_PMD_Initialize                 text55       00AB0
__end_of_SPI2_Exchange8bit              text27       00AFA
__end_of_SPI2_Initialize                text54       00A89
__end_of_SPI_Write                      text26       00B94
__end_of_SYSTEM_Initialize              text52       00AEB
__end_of_WDT_Initialize                 text53       00A58
__end_of___awdiv                        text20       007D1
__end_of___wmul                         text19       00BFF
__end_of__initialization                cinit        0004E
__end_of_decodeGesture                  text22       004AB
__end_of_do_I2C_DO_ACK                  text68       00A4C
__end_of_do_I2C_DO_ADDRESS_NACK         text65       00DA1
__end_of_do_I2C_DO_NACK_RESTART         text66       00A54
__end_of_do_I2C_DO_NACK_STOP            text67       00A50
__end_of_do_I2C_IDLE                    text76       00A62
__end_of_do_I2C_RCEN                    text69       00A68
__end_of_do_I2C_RESET                   text77       00A7B
__end_of_do_I2C_RX                      text63       00F18
__end_of_do_I2C_SEND_ADR_READ           text71       00AA0
__end_of_do_I2C_SEND_ADR_WRITE          text70       00A82
__end_of_do_I2C_SEND_RESTART            text73       00A44
__end_of_do_I2C_SEND_RESTART_READ       text75       00A3C
__end_of_do_I2C_SEND_RESTART_WRITE      text74       00A40
__end_of_do_I2C_SEND_STOP               text72       00A48
__end_of_do_I2C_TX                      text64       00FB1
__end_of_do_I2C_TX_EMPTY                text78       00DD2
__end_of_enableGestureSensor            text28       0077F
__end_of_enablePower                    text33       00ADC
__end_of_fsmStateTable                  stringtext1  01020
__end_of_getMode                        text36       00AB9
__end_of_handleGesture                  text15       0071B
__end_of_i2c1_driver_TXData             text39       00A6E
__end_of_i2c1_driver_clearBusCollision  text60       00A12
__end_of_i2c1_driver_getRXData          text49       00A1E
__end_of_i2c1_driver_isBufferFull       text48       00A90
__end_of_i2c1_driver_isNACK             text80       00A98
__end_of_i2c1_driver_open               text14       00AC3
__end_of_i2c1_driver_resetBus           text84       009FA
__end_of_i2c1_driver_restart            text51       00A18
__end_of_i2c1_driver_sendACK            text90       00A34
__end_of_i2c1_driver_sendNACK           text45       00800
__end_of_i2c1_driver_start              text43       00A27
__end_of_i2c1_driver_startRX            text47       00A21
__end_of_i2c1_driver_stop               text41       00A2D
__end_of_i2c_ISR                        text61       00C88
__end_of_i2c_busCollisionISR            text59       00A15
__end_of_initialize                     text1        005C1
__end_of_isGestureAvailable             text21       00B1E
__end_of_main                           maintext     00C3E
__end_of_mssp1_clearIRQ                 text62       00A0F
__end_of_mssp1_setIRQ                   text79       00A0C
__end_of_processGestureData             text18       0031D
__end_of_readGesture                    text16       006AF
__end_of_resetGestureParameters         text32       00B7F
__end_of_returnReset                    text86       00004
__end_of_returnStop                     text87       009FD
__end_of_setAmbientLightGain            text13       00C1D
__end_of_setGestureEnterThresh          text12       00B31
__end_of_setGestureExitThresh           text11       00B44
__end_of_setGestureGain                 text10       00E36
__end_of_setGestureIntEnable            text31       007FC
__end_of_setGestureLEDDrive             text9        00E68
__end_of_setGestureMode                 text30       00CAF
__end_of_setGestureWaitTime             text8        00CD6
__end_of_setLEDBoost                    text29       00E04
__end_of_setLEDDrive                    text7        00D4D
__end_of_setLightIntHighThreshold       text6        00CFD
__end_of_setLightIntLowThreshold        text5        00D24
__end_of_setMode                        text34       01000
__end_of_setProxIntHighThresh           text4        00B57
__end_of_setProxIntLowThresh            text3        00B6A
__end_of_setProximityGain               text2        00D76
__end_of_strlen                         text24       00BAC
__end_of_wireReadDataBlock              text17       00F62
__end_of_wireReadDataByte               text37       00C62
__end_of_wireWriteDataByte              text35       00BC7
__end_ofi1_i2c1_driver_TXData           text81       00A5D
__end_ofi1_i2c1_driver_getRXData        text82       00A09
__end_ofi1_i2c1_driver_restart          text89       00A00
__end_ofi1_i2c1_driver_sendNACK         text83       00A38
__end_ofi1_i2c1_driver_startRX          text85       00A06
__end_ofi1_i2c1_driver_stop             text88       00A03
__initialization                        cinit        0002D
__pbssBANK0                             bssBANK0     0005C
__pbssBANK3                             bssBANK3     001A0
__pbssBANK4                             bssBANK4     00220
__pbssCOMMON                            bssCOMMON    00070
__pcstackBANK0                          cstackBANK0  00020
__pcstackBANK1                          cstackBANK1  000A0
__pcstackBANK2                          cstackBANK2  00120
__pcstackCOMMON                         cstackCOMMON 00076
__pdataBANK0                            dataBANK0    0006F
__pidataBANK0                           idataBANK0   009FA
__pintentry                             intentry     00004
__pmaintext                             maintext     00C1D
__pstringtext1                          stringtext1  01000
__pstringtext10                         stringtext10 0106F
__pstringtext11                         stringtext11 01073
__pstringtext12                         stringtext12 00000
__pstringtext2                          stringtext2  01030
__pstringtext3                          stringtext3  0103D
__pstringtext4                          stringtext4  01049
__pstringtext5                          stringtext5  01054
__pstringtext6                          stringtext6  0105A
__pstringtext7                          stringtext7  01060
__pstringtext8                          stringtext8  01065
__pstringtext9                          stringtext9  0106A
__ptext1                                text1        004AB
__ptext10                               text10       00E04
__ptext11                               text11       00B31
__ptext12                               text12       00B1E
__ptext13                               text13       00BFF
__ptext14                               text14       00AB9
__ptext15                               text15       006AF
__ptext16                               text16       005C1
__ptext17                               text17       00F18
__ptext18                               text18       00052
__ptext19                               text19       00BE3
__ptext2                                text2        00D4D
__ptext20                               text20       0077F
__ptext21                               text21       00B0B
__ptext22                               text22       0031D
__ptext23                               text23       00E68
__ptext24                               text24       00B94
__ptext25                               text25       00AFA
__ptext26                               text26       00B7F
__ptext27                               text27       00AEB
__ptext28                               text28       0071B
__ptext29                               text29       00DD2
__ptext3                                text3        00B57
__ptext30                               text30       00C88
__ptext31                               text31       007D1
__ptext32                               text32       00B6A
__ptext33                               text33       00ACE
__ptext34                               text34       00FB1
__ptext35                               text35       00BAC
__ptext36                               text36       00AB0
__ptext37                               text37       00C3E
__ptext38                               text38       00BC7
__ptext39                               text39       00A68
__ptext4                                text4        00B44
__ptext40                               text40       00A2D
__ptext41                               text41       00A2A
__ptext42                               text42       00A27
__ptext43                               text43       00A24
__ptext44                               text44       00A21
__ptext45                               text45       007FC
__ptext46                               text46       00AC3
__ptext47                               text47       00A1E
__ptext48                               text48       00A89
__ptext49                               text49       00A1B
__ptext5                                text5        00CFD
__ptext50                               text50       00A18
__ptext51                               text51       00A15
__ptext52                               text52       00ADC
__ptext53                               text53       00A54
__ptext54                               text54       00A82
__ptext55                               text55       00AA8
__ptext56                               text56       00E9B
__ptext57                               text57       00AA0
__ptext59                               text59       00A12
__ptext6                                text6        00CD6
__ptext60                               text60       00A0F
__ptext61                               text61       00C62
__ptext62                               text62       00A0C
__ptext63                               text63       00ED2
__ptext64                               text64       00F62
__ptext65                               text65       00D76
__ptext66                               text66       00A50
__ptext67                               text67       00A4C
__ptext68                               text68       00A48
__ptext69                               text69       00A62
__ptext7                                text7        00D24
__ptext70                               text70       00A7B
__ptext71                               text71       00A98
__ptext72                               text72       00A44
__ptext73                               text73       00A40
__ptext74                               text74       00A3C
__ptext75                               text75       00A38
__ptext76                               text76       00A5D
__ptext77                               text77       00A74
__ptext78                               text78       00DA1
__ptext79                               text79       00A09
__ptext8                                text8        00CAF
__ptext80                               text80       00A90
__ptext81                               text81       00A58
__ptext82                               text82       00A06
__ptext83                               text83       00A34
__ptext84                               text84       009F9
__ptext85                               text85       00A03
__ptext86                               text86       00002
__ptext87                               text87       009FB
__ptext88                               text88       00A00
__ptext89                               text89       009FD
__ptext9                                text9        00E36
__ptext90                               text90       00A30
__ptext91                               text91       009F8
__size_of_Display_Clear                 (abs)        00000
__size_of_Display_Name                  (abs)        00000
__size_of_I2C_ReStart                   (abs)        00000
__size_of_I2C_Read_Byte                 (abs)        00000
__size_of_I2C_Send_NACK                 (abs)        00000
__size_of_I2C_Start                     (abs)        00000
__size_of_I2C_Stop                      (abs)        00000
__size_of_I2C_Write_Byte                (abs)        00000
__size_of_INTERRUPT_InterruptManager    (abs)        00000
__size_of_OSCILLATOR_Initialize         (abs)        00000
__size_of_PIN_MANAGER_IOC               (abs)        00000
__size_of_PIN_MANAGER_Initialize        (abs)        00000
__size_of_PMD_Initialize                (abs)        00000
__size_of_SPI2_Exchange8bit             (abs)        00000
__size_of_SPI2_Initialize               (abs)        00000
__size_of_SPI_Write                     (abs)        00000
__size_of_SYSTEM_Initialize             (abs)        00000
__size_of_WDT_Initialize                (abs)        00000
__size_of___awdiv                       (abs)        00000
__size_of___wmul                        (abs)        00000
__size_of_decodeGesture                 (abs)        00000
__size_of_do_I2C_DO_ACK                 (abs)        00000
__size_of_do_I2C_DO_ADDRESS_NACK        (abs)        00000
__size_of_do_I2C_DO_NACK_RESTART        (abs)        00000
__size_of_do_I2C_DO_NACK_STOP           (abs)        00000
__size_of_do_I2C_IDLE                   (abs)        00000
__size_of_do_I2C_RCEN                   (abs)        00000
__size_of_do_I2C_RESET                  (abs)        00000
__size_of_do_I2C_RX                     (abs)        00000
__size_of_do_I2C_SEND_ADR_READ          (abs)        00000
__size_of_do_I2C_SEND_ADR_WRITE         (abs)        00000
__size_of_do_I2C_SEND_RESTART           (abs)        00000
__size_of_do_I2C_SEND_RESTART_READ      (abs)        00000
__size_of_do_I2C_SEND_RESTART_WRITE     (abs)        00000
__size_of_do_I2C_SEND_STOP              (abs)        00000
__size_of_do_I2C_TX                     (abs)        00000
__size_of_do_I2C_TX_EMPTY               (abs)        00000
__size_of_enableGestureSensor           (abs)        00000
__size_of_enablePower                   (abs)        00000
__size_of_getMode                       (abs)        00000
__size_of_handleGesture                 (abs)        00000
__size_of_i2c1_driver_TXData            (abs)        00000
__size_of_i2c1_driver_clearBusCollision (abs)        00000
__size_of_i2c1_driver_getRXData         (abs)        00000
__size_of_i2c1_driver_isBufferFull      (abs)        00000
__size_of_i2c1_driver_isNACK            (abs)        00000
__size_of_i2c1_driver_open              (abs)        00000
__size_of_i2c1_driver_resetBus          (abs)        00000
__size_of_i2c1_driver_restart           (abs)        00000
__size_of_i2c1_driver_sendACK           (abs)        00000
__size_of_i2c1_driver_sendNACK          (abs)        00000
__size_of_i2c1_driver_start             (abs)        00000
__size_of_i2c1_driver_startRX           (abs)        00000
__size_of_i2c1_driver_stop              (abs)        00000
__size_of_i2c_ISR                       (abs)        00000
__size_of_i2c_busCollisionISR           (abs)        00000
__size_of_initialize                    (abs)        00000
__size_of_isGestureAvailable            (abs)        00000
__size_of_main                          (abs)        00000
__size_of_mssp1_clearIRQ                (abs)        00000
__size_of_mssp1_setIRQ                  (abs)        00000
__size_of_processGestureData            (abs)        00000
__size_of_readGesture                   (abs)        00000
__size_of_resetGestureParameters        (abs)        00000
__size_of_returnReset                   (abs)        00000
__size_of_returnStop                    (abs)        00000
__size_of_setAmbientLightGain           (abs)        00000
__size_of_setGestureEnterThresh         (abs)        00000
__size_of_setGestureExitThresh          (abs)        00000
__size_of_setGestureGain                (abs)        00000
__size_of_setGestureIntEnable           (abs)        00000
__size_of_setGestureLEDDrive            (abs)        00000
__size_of_setGestureMode                (abs)        00000
__size_of_setGestureWaitTime            (abs)        00000
__size_of_setLEDBoost                   (abs)        00000
__size_of_setLEDDrive                   (abs)        00000
__size_of_setLightIntHighThreshold      (abs)        00000
__size_of_setLightIntLowThreshold       (abs)        00000
__size_of_setMode                       (abs)        00000
__size_of_setProxIntHighThresh          (abs)        00000
__size_of_setProxIntLowThresh           (abs)        00000
__size_of_setProximityGain              (abs)        00000
__size_of_strlen                        (abs)        00000
__size_of_wireReadDataBlock             (abs)        00000
__size_of_wireReadDataByte              (abs)        00000
__size_of_wireWriteDataByte             (abs)        00000
__size_ofi1_i2c1_driver_TXData          (abs)        00000
__size_ofi1_i2c1_driver_getRXData       (abs)        00000
__size_ofi1_i2c1_driver_restart         (abs)        00000
__size_ofi1_i2c1_driver_sendNACK        (abs)        00000
__size_ofi1_i2c1_driver_startRX         (abs)        00000
__size_ofi1_i2c1_driver_stop            (abs)        00000
_decodeGesture                          text22       0031D
_decodeGesture$1189                     cstackBANK0  00022
_decodeGesture$1190                     cstackBANK0  00024
_decodeGesture$1191                     cstackBANK0  00026
_decodeGesture$1192                     cstackBANK0  00028
[...]
		On exit  : 
		Unchanged: 
 Data sizes:     COMMON   BANK0   BANK1   BANK2   BANK3   BANK4   BANK5   BANK6   BANK7   BANK8   BANK9  BANK10  BANK11  BANK12
      Params:         0       0       0       0       0       0       0       0       0       0       0       0       0       0
      Locals:         1       0       0       0       0       0       0       0       0       0       0       0       0       0
      Temps:          0       0       0       0       0       0       0       0       0       0       0       0       0       0
      Totals:         1       0       0       0       0       0       0       0       0       0       0       0       0       0
Total ram usage:        1 bytes
 Hardware stack levels used:    1
 This function calls:
		Nothing
 This function is called by:
		_do_I2C_SEND_ADR_READ
		_do_I2C_SEND_ADR_WRITE
		_do_I2C_TX
 This function uses a non-reentrant model


 *************** function i1_i2c1_driver_getRXData *****************
 Defined at:
		line 171 in file "mcc_generated_files/i2c1_driver.c"
 Parameters:    Size  Location     Type
		None
 Auto vars:     Size  Location     Type
		None
 Return value:  Size  Location     Type
                  1    wreg      unsigned char 
 Registers used:
		wreg
 Tracked objects:
		On entry : 
		On exit  : 
		Unchanged: 
 Data sizes:     COMMON   BANK0   BANK1   BANK2   BANK3   BANK4   BANK5   BANK6   BANK7   BANK8   BANK9  BANK10  BANK11  BANK12
      Params:         0       0       0       0       0       0       0       0       0       0       0       0       0       0
      Locals:         0       0       0       0       0       0       0       0       0       0       0       0       0       0
      Temps:          0       0       0       0       0       0       0       0       0       0       0       0       0       0
      Totals:         0       0       0       0       0       0       0       0       0       0       0       0       0       0
Total ram usage:        0 bytes
 Hardware stack levels used:    1
 This function calls:
		Nothing
 This function is called by:
		_do_I2C_RX
 This function uses a non-reentrant model


 *************** function i1_i2c1_driver_sendNACK *****************
 Defined at:
		line 202 in file "mcc_generated_files/i2c1_driver.c"
 Parameters:    Size  Location     Type
		None
 Auto vars:     Size  Location     Type
		None
 Return value:  Size  Location     Type
                  1    wreg      void 
 Registers used:
		None
 Tracked objects:
		On entry : 
		On exit  : 
		Unchanged: 
 Data sizes:     COMMON   BANK0   BANK1   BANK2   BANK3   BANK4   BANK5   BANK6   BANK7   BANK8   BANK9  BANK10  BANK11  BANK12
      Params:         0       0       0       0       0       0       0       0       0       0       0       0       0       0
      Locals:         0       0       0       0       0       0       0       0       0       0       0       0       0       0
      Temps:          0       0       0       0       0       0       0       0       0       0       0       0       0       0
      Totals:         0       0       0       0       0       0       0       0       0       0       0       0       0       0
Total ram usage:        0 bytes
 Hardware stack levels used:    1
 This function calls:
		Nothing
 This function is called by:
		_do_I2C_DO_NACK_STOP
		_do_I2C_DO_NACK_RESTART
 This function uses a non-reentrant model


 *************** function _i2c1_driver_resetBus *****************
 Defined at:
		line 141 in file "mcc_generated_files/i2c1_driver.c"
 Parameters:    Size  Location     Type
		None
 Auto vars:     Size  Location     Type
		None
 Return value:  Size  Location     Type
                  1    wreg      void 
 Registers used:
		None
 Tracked objects:
		On entry : 
		On exit  : 
		Unchanged: 
 Data sizes:     COMMON   BANK0   BANK1   BANK2   BANK3   BANK4   BANK5   BANK6   BANK7   BANK8   BANK9  BANK10  BANK11  BANK12
      Params:         0       0       0       0       0       0       0       0       0       0       0       0       0       0
      Locals:         0       0       0       0       0       0       0       0       0       0       0       0       0       0
      Temps:          0       0       0       0       0       0       0       0       0       0       0       0       0       0
      Totals:         0       0       0       0       0       0       0       0       0       0       0       0       0       0
Total ram usage:        0 bytes
 Hardware stack levels used:    1
 This function calls:
		Nothing
 This function is called by:
		_do_I2C_RESET
 This function uses a non-reentrant model


 *************** function i1_i2c1_driver_startRX *****************
 Defined at:
		line 166 in file "mcc_generated_files/i2c1_driver.c"
 Parameters:    Size  Location     Type
		None
 Auto vars:     Size  Location     Type
		None
 Return value:  Size  Location     Type
                  1    wreg      void 
 Registers used:
		None
 Tracked objects:
		On entry : 
		On exit  : 
		Unchanged: 
 Data sizes:     COMMON   BANK0   BANK1   BANK2   BANK3   BANK4   BANK5   BANK6   BANK7   BANK8   BANK9  BANK10  BANK11  BANK12
      Params:         0       0       0       0       0       0       0       0       0       0       0       0       0       0
      Locals:         0       0       0       0       0       0       0       0       0       0       0       0       0       0
      Temps:          0       0       0       0       0       0       0       0       0       0       0       0       0       0
      Totals:         0       0       0       0       0       0       0       0       0       0       0       0       0       0
Total ram usage:        0 bytes
 Hardware stack levels used:    1
 This function calls:
		Nothing
 This function is called by:
		_do_I2C_RCEN
 This function uses a non-reentrant model


 *************** function _returnReset *****************
 Defined at:
		line 448 in file "mcc_generated_files/drivers/i2c_master.c"
 Parameters:    Size  Location     Type
  p               1    0[COMMON] PTR void 
		 -> NULL(0), 
 Auto vars:     Size  Location     Type
		None
 Return value:  Size  Location     Type
                  1    wreg      enum E6966
 Registers used:
		wreg
 Tracked objects:
		On entry : 
		On exit  : 
		Unchanged: 
 Data sizes:     COMMON   BANK0   BANK1   BANK2   BANK3   BANK4   BANK5   BANK6   BANK7   BANK8   BANK9  BANK10  BANK11  BANK12
      Params:         1       0       0       0       0       0       0       0       0       0       0       0       0       0
      Locals:         0       0       0       0       0       0       0       0       0       0       0       0       0       0
      Temps:          0       0       0       0       0       0       0       0       0       0       0       0       0       0
      Totals:         1       0       0       0       0       0       0       0       0       0       0       0       0       0
Total ram usage:        1 bytes
 Hardware stack levels used:    1
 This function calls:
		Nothing
 This function is called by:
		_i2c_open
		_do_I2C_DO_ADDRESS_NACK
		_do_I2C_TX
		_do_I2C_RX
		_do_I2C_TX_EMPTY
 This function uses a non-reentrant model


 *************** function _returnStop *****************
 Defined at:
		line 443 in file "mcc_generated_files/drivers/i2c_master.c"
 Parameters:    Size  Location     Type
  p               1    0[COMMON] PTR void 
		 -> NULL(0), 
 Auto vars:     Size  Location     Type
		None
 Return value:  Size  Location     Type
                  1    wreg      enum E6966
 Registers used:
		wreg
 Tracked objects:
		On entry : 
		On exit  : 
		Unchanged: 
 Data sizes:     COMMON   BANK0   BANK1   BANK2   BANK3   BANK4   BANK5   BANK6   BANK7   BANK8   BANK9  BANK10  BANK11  BANK12
      Params:         1       0       0       0       0       0       0       0       0       0       0       0       0       0
      Locals:         0       0       0       0       0       0       0       0       0       0       0       0       0       0
      Temps:          0       0       0       0       0       0       0       0       0       0       0       0       0       0
      Totals:         1       0       0       0       0       0       0       0       0       0       0       0       0       0
Total ram usage:        1 bytes
 Hardware stack levels used:    1
 This function calls:
		Nothing
 This function is called by:
		_i2c_open
		_setCallBack
		_do_I2C_DO_ADDRESS_NACK
		_do_I2C_TX
		_do_I2C_RX
		_do_I2C_TX_EMPTY
 This function uses a non-reentrant model


 *************** function i1_i2c1_driver_stop *****************
 Defined at:
		line 156 in file "mcc_generated_files/i2c1_driver.c"
 Parameters:    Size  Location     Type
		None
 Auto vars:     Size  Location     Type
		None
 Return value:  Size  Location     Type
                  1    wreg      void 
 Registers used:
		None
 Tracked objects:
		On entry : 
		On exit  : 
		Unchanged: 
 Data sizes:     COMMON   BANK0   BANK1   BANK2   BANK3   BANK4   BANK5   BANK6   BANK7   BANK8   BANK9  BANK10  BANK11  BANK12
      Params:         0       0       0       0       0       0       0       0       0       0       0       0       0       0
      Locals:         0       0       0       0       0       0       0       0       0       0       0       0       0       0
      Temps:          0       0       0       0       0       0       0       0       0       0       0       0       0       0
      Totals:         0       0       0       0       0       0       0       0       0       0       0       0       0       0
Total ram usage:        0 bytes
 Hardware stack levels used:    1
 This function calls:
		Nothing
 This function is called by:
		_do_I2C_SEND_STOP
 This function uses a non-reentrant model


 *************** function i1_i2c1_driver_restart *****************
 Defined at:
		line 151 in file "mcc_generated_files/i2c1_driver.c"
 Parameters:    Size  Location     Type
		None
 Auto vars:     Size  Location     Type
		None
 Return value:  Size  Location     Type
                  1    wreg      void 
 Registers used:
		None
 Tracked objects:
		On entry : 
		On exit  : 
		Unchanged: 
 Data sizes:     COMMON   BANK0   BANK1   BANK2   BANK3   BANK4   BANK5   BANK6   BANK7   BANK8   BANK9  BANK10  BANK11  BANK12
      Params:         0       0       0       0       0       0       0       0       0       0       0       0       0       0
      Locals:         0       0       0       0       0       0       0       0       0       0       0       0       0       0
      Temps:          0       0       0       0       0       0       0       0       0       0       0       0       0       0
      Totals:         0       0       0       0       0       0       0       0       0       0       0       0       0       0
Total ram usage:        0 bytes
 Hardware stack levels used:    1
 This function calls:
		Nothing
 This function is called by:
		_do_I2C_SEND_RESTART_READ
		_do_I2C_SEND_RESTART_WRITE
		_do_I2C_SEND_RESTART
 This function uses a non-reentrant model


 *************** function _i2c1_driver_sendACK *****************
 Defined at:
		line 196 in file "mcc_generated_files/i2c1_driver.c"
 Parameters:    Size  Location     Type
		None
 Auto vars:     Size  Location     Type
		None
 Return value:  Size  Location     Type
                  1    wreg      void 
 Registers used:
		None
 Tracked objects:
		On entry : 
		On exit  : 
		Unchanged: 
 Data sizes:     COMMON   BANK0   BANK1   BANK2   BANK3   BANK4   BANK5   BANK6   BANK7   BANK8   BANK9  BANK10  BANK11  BANK12
      Params:         0       0       0       0       0       0       0       0       0       0       0       0       0       0
      Locals:         0       0       0       0       0       0       0       0       0       0       0       0       0       0
      Temps:          0       0       0       0       0       0       0       0       0       0       0       0       0       0
      Totals:         0       0       0       0       0       0       0       0       0       0       0       0       0       0
Total ram usage:        0 bytes
 Hardware stack levels used:    1
 This function calls:
		Nothing
 This function is called by:
		_do_I2C_DO_ACK
		_do_I2C_RX
		_I2C_Send_ACK
 This function uses a non-reentrant model


 *************** function _PIN_MANAGER_IOC *****************
 Defined at:
		line 118 in file "mcc_generated_files/pin_manager.c"
 Parameters:    Size  Location     Type
		None
 Auto vars:     Size  Location     Type
		None
 Return value:  Size  Location     Type
                  1    wreg      void 
 Registers used:
		None
 Tracked objects:
		On entry : 
		On exit  : 
		Unchanged: 
 Data sizes:     COMMON   BANK0   BANK1   BANK2   BANK3   BANK4   BANK5   BANK6   BANK7   BANK8   BANK9  BANK10  BANK11  BANK12
      Params:         0       0       0       0       0       0       0       0       0       0       0       0       0       0
      Locals:         0       0       0       0       0       0       0       0       0       0       0       0       0       0
      Temps:          0       0       0       0       0       0       0       0       0       0       0       0       0       0
      Totals:         0       0       0       0       0       0       0       0       0       0       0       0       0       0
Total ram usage:        0 bytes
 Hardware stack levels used:    1
 This function calls:
		Nothing
 This function is called by:
		_INTERRUPT_InterruptManager
 This function uses a non-reentrant model



MODULE INFORMATION

Module		Function		Class		Link	Load	Size
mcc_generated_files/interrupt_manager.c
		_INTERRUPT_InterruptManager		CODE           	0004	0000	40

mcc_generated_files/interrupt_manager.c estimated size: 40

i2c.c
		_I2C_Stop      		CODE           	0A2D	0000	4
		_I2C_Write_Byte		CODE           	0BC7	0000	29
		_I2C_Read_Byte 		CODE           	0AC3	0000	12
		_I2C_Send_NACK 		CODE           	0A21	0000	4
		_I2C_Start     		CODE           	0A27	0000	4
		_I2C_ReStart   		CODE           	0A18	0000	4

i2c.c estimated size: 57

mcc_generated_files/pin_manager.c
		_PIN_MANAGER_Initialize		CODE           	0E9B	0000	56
		_PIN_MANAGER_IOC		CODE           	09F8	0000	2

mcc_generated_files/pin_manager.c estimated size: 58

C:\Program Files (x86)\Microchip\xc8\v2.05\pic\sources\c99\common\strlen.c
		_strlen        		CODE           	0B94	0000	25

C:\Program Files (x86)\Microchip\xc8\v2.05\pic\sources\c99\common\strlen.c estimated size: 25

C:\Program Files (x86)\Microchip\xc8\v2.05\pic\sources\c99\common\awdiv.c
		___awdiv       		CODE           	077F	0000	83

C:\Program Files (x86)\Microchip\xc8\v2.05\pic\sources\c99\common\awdiv.c estimated size: 83

shared
		i1_i2c1_driver_sendNACK		CODE           	0A34	0000	5
		__initialization		CODE           	002D	0000	34
		i1_i2c1_driver_restart		CODE           	09FD	0000	4
		i1_i2c1_driver_stop		CODE           	0A00	0000	4
		i1_i2c1_driver_startRX		CODE           	0A03	0000	4
		_fsmStateTable 		STRCODE        	1000	0000	33
		i1_i2c1_driver_getRXData		CODE           	0A06	0000	4
		i1_i2c1_driver_TXData		CODE           	0A58	0000	6

shared estimated size: 94

mcc_generated_files/mcc.c
		_WDT_Initialize		CODE           	0A54	0000	5
		_PMD_Initialize		CODE           	0AA8	0000	9
		_OSCILLATOR_Initialize		CODE           	0AA0	0000	9
		_SYSTEM_Initialize		CODE           	0ADC	0000	16

mcc_generated_files/mcc.c estimated size: 39

C:\Program Files (x86)\Microchip\xc8\v2.05\pic\sources\c99\common\Umul16.c
		___wmul        		CODE           	0BE3	0000	29

C:\Program Files (x86)\Microchip\xc8\v2.05\pic\sources\c99\common\Umul16.c estimated size: 29

mcc_generated_files/drivers/i2c_master.c
		_returnStop    		CODE           	09FB	0000	3
		_i2c_busCollisionISR		CODE           	0A12	0000	4
		_i2c_ISR       		CODE           	0C62	0000	39
		_do_I2C_TX_EMPTY		CODE           	0DA1	0000	50
		_returnReset   		CODE           	0002	0000	3
		_do_I2C_SEND_RESTART_WRITE		CODE           	0A3C	0000	5
		_do_I2C_DO_NACK_RESTART		CODE           	0A50	0000	5
		_do_I2C_SEND_RESTART_READ		CODE           	0A38	0000	5
		_do_I2C_SEND_ADR_WRITE		CODE           	0A7B	0000	8
		_do_I2C_SEND_STOP		CODE           	0A44	0000	5
		_do_I2C_SEND_ADR_READ		CODE           	0A98	0000	9
		_do_I2C_DO_NACK_STOP		CODE           	0A4C	0000	5
		_do_I2C_SEND_RESTART		CODE           	0A40	0000	5
		_do_I2C_RX     		CODE           	0ED2	0000	71
		_do_I2C_TX     		CODE           	0F62	0000	80
		_do_I2C_IDLE   		CODE           	0A5D	0000	6
		_do_I2C_RCEN   		CODE           	0A62	0000	7
		_do_I2C_DO_ADDRESS_NACK		CODE           	0D76	0000	44
		_do_I2C_RESET  		CODE           	0A74	0000	8
		_do_I2C_DO_ACK 		CODE           	0A48	0000	5

mcc_generated_files/drivers/i2c_master.c estimated size: 367

mcc_generated_files/i2c1_driver.c
		_i2c1_driver_isBufferFull		CODE           	0A89	0000	8
		_i2c1_driver_open		CODE           	0AB9	0000	11
		_i2c1_driver_isNACK		CODE           	0A90	0000	9
		_i2c1_driver_stop		CODE           	0A2A	0000	4
		_i2c1_driver_getRXData		CODE           	0A1B	0000	4
		_i2c1_driver_TXData		CODE           	0A68	0000	7
		_i2c1_driver_start		CODE           	0A24	0000	4
		_i2c1_driver_sendACK		CODE           	0A30	0000	5
		_mssp1_setIRQ  		CODE           	0A09	0000	4
		_i2c1_driver_sendNACK		CODE           	07FC	0000	5
		_i2c1_driver_restart		CODE           	0A15	0000	4
		_i2c1_driver_resetBus		CODE           	09F9	0000	2
		_i2c1_driver_clearBusCollision		CODE           	0A0F	0000	4
		_mssp1_clearIRQ		CODE           	0A0C	0000	4
		_i2c1_driver_startRX		CODE           	0A1E	0000	4

mcc_generated_files/i2c1_driver.c estimated size: 79

mcc_generated_files/spi2.c
		_SPI2_Exchange8bit		CODE           	0AEB	0000	16
		_SPI2_Initialize		CODE           	0A82	0000	8

mcc_generated_files/spi2.c estimated size: 24

APDS9960.c
		_wireReadDataBlock		CODE           	0F18	0000	75
		_setGestureEnterThresh		CODE           	0B1E	0000	20
		_setProxIntHighThresh		CODE           	0B44	0000	20
		_decodeGesture 		CODE           	031D	0000	399
		_setMode       		CODE           	0FB1	0000	80
		_setLEDDrive   		CODE           	0D24	0000	42
		_setGestureIntEnable		CODE           	07D1	0000	44
		_setLightIntHighThreshold		CODE           	0CD6	0000	40
		_resetGestureParameters		CODE           	0B6A	0000	22
		_readGesture   		CODE           	05C1	0000	239
		_processGestureData		CODE           	0052	0000	716
		_setLightIntLowThreshold		CODE           	0CFD	0000	40
		_enablePower   		CODE           	0ACE	0000	15
		_setGestureMode		CODE           	0C88	0000	40
		_setGestureGain		CODE           	0E04	0000	51
		_setGestureExitThresh		CODE           	0B31	0000	20
		_setLEDBoost   		CODE           	0DD2	0000	51
		_setGestureWaitTime		CODE           	0CAF	0000	40
		_setAmbientLightGain		CODE           	0BFF	0000	31
		_initialize    		CODE           	04AB	0000	279
		_setGestureLEDDrive		CODE           	0E36	0000	51
		_setProximityGain		CODE           	0D4D	0000	42
		_wireWriteDataByte		CODE           	0BAC	0000	28
		_setProxIntLowThresh		CODE           	0B57	0000	20
		_wireReadDataByte		CODE           	0C3E	0000	37
		_enableGestureSensor		CODE           	071B	0000	101
		_getMode       		CODE           	0AB0	0000	10
		_isGestureAvailable		CODE           	0B0B	0000	20

APDS9960.c estimated size: 2573

main.c
		_main          		CODE           	0C1D	0000	34
		_SPI_Write     		CODE           	0B7F	0000	22
		_Display_Name  		CODE           	0E68	0000	52
		_handleGesture 		CODE           	06AF	0000	109
		_Display_Clear 		CODE           	0AFA	0000	18

main.c estimated size: 235

